14:25:50 info: Microsoft.Hosting.Lifetime[14] Now listening on: http://localhost:18771
14:25:50 info: Microsoft.Hosting.Lifetime[0] Application started. Press Ctrl+C to shut down.
14:25:50 info: Microsoft.Hosting.Lifetime[0] Hosting environment: Production
14:25:50 info: Microsoft.Hosting.Lifetime[0] Content root path: D:\wenjian\minecraft\7-M
14:25:50 info: BridgeServer[0] Coordinate mapping loaded: scale=1, offsets=(0, 0, 0); config D:\wenjian\minecraft\7-M\config\coordinate.json
14:25:50 info: BridgeServer[0] Bridge connected ¡ª listening ws://localhost:18771/ws; config D:\wenjian\minecraft\7-M\config\network.json
14:25:51 info: Microsoft.AspNetCore.Hosting.Diagnostics[1] Request starting HTTP/1.1 GET http://localhost:18771/ws - - -
14:25:51 info: Microsoft.AspNetCore.Routing.EndpointMiddleware[0] Executing endpoint '/ws'
14:25:51 info: Microsoft.AspNetCore.Hosting.Diagnostics[1] Request starting HTTP/1.1 GET http://localhost:18771/ws - - -
14:25:51 info: Microsoft.AspNetCore.Routing.EndpointMiddleware[0] Executing endpoint '/ws'
14:25:51 info: BridgeServer[0] Minecraft connected
14:25:51 info: BridgeServer[0] 7DTD connected
14:25:51 info: BridgeServer[0] Test forwarded: minecraft -> 7dtd
14:25:51 info: BridgeServer[0] Test forwarded: 7dtd -> minecraft
14:28:04 info: Microsoft.AspNetCore.Hosting.Diagnostics[1] Request starting HTTP/1.1 GET http://localhost:18771/health - - -
14:28:04 info: Microsoft.AspNetCore.Routing.EndpointMiddleware[0] Executing endpoint 'HTTP: GET /health'
14:28:04 info: Microsoft.AspNetCore.Http.Result.JsonResult[3] Writing value of type '<>f__AnonymousType0`3' as Json.
14:28:04 info: Microsoft.AspNetCore.Routing.EndpointMiddleware[1] Executed endpoint 'HTTP: GET /health'
14:28:04 info: Microsoft.AspNetCore.Hosting.Diagnostics[2] Request finished HTTP/1.1 GET http://localhost:18771/health - 200 - application/json;+charset=utf-8 9.3527ms
14:30:44 info: BridgeServer[0] Player position forwarded: minecraft -> 7dtd (-19.031462534993487, 64, 26.53326177638475)
14:30:44 info: BridgeServer[0] Player position forwarded: minecraft -> 7dtd (-19.031462534993487, 64, 26.53326177638475)
14:30:45 info: BridgeServer[0] Player position forwarded: minecraft -> 7dtd (-19.031462534993487, 64, 26.53326177638475)
14:30:45 info: BridgeServer[0] Player position forwarded: minecraft -> 7dtd (-19.031462534993487, 64, 26.53326177638475)
14:30:46 info: BridgeServer[0] Player position forwarded: minecraft -> 7dtd (-19.031462534993487, 64, 26.53326177638475)
14:30:46 info: BridgeServer[0] Player position forwarded: minecraft -> 7dtd (-19.031462534993487, 64, 26.53326177638475)
14:30:47 info: BridgeServer[0] Player position forwarded: minecraft -> 7dtd (-19.031462534993487, 64, 26.53326177638475)
14:30:47 info: BridgeServer[0] Player position forwarded: minecraft -> 7dtd (-19.031462534993487, 64, 26.53326177638475)
14:30:48 info: BridgeServer[0] Player position forwarded: minecraft -> 7dtd (-19.031462534993487, 64, 26.53326177638475)
14:30:48 info: BridgeServer[0] Player position forwarded: minecraft -> 7dtd (-19.031462534993487, 64, 26.53326177638475)
14:30:49 info: BridgeServer[0] Player position forwarded: minecraft -> 7dtd (-19.031462534993487, 64, 26.53326177638475)
14:30:49 info: BridgeServer[0] Player position forwarded: minecraft -> 7dtd (-19.031462534993487, 64, 26.53326177638475)
14:30:50 info: BridgeServer[0] Player position forwarded: minecraft -> 7dtd (-19.031462534993487, 64, 26.53326177638475)
14:30:50 info: BridgeServer[0] Player position forwarded: minecraft -> 7dtd (-19.031462534993487, 64, 26.53326177638475)
14:30:51 info: BridgeServer[0] Player position forwarded: minecraft -> 7dtd (-19.031462534993487, 64, 26.53326177638475)
14:30:51 info: BridgeServer[0] Player position forwarded: minecraft -> 7dtd (-19.031462534993487, 64, 26.53326177638475)
14:30:52 info: BridgeServer[0] Player position forwarded: minecraft -> 7dtd (-19.031462534993487, 64, 26.53326177638475)
14:30:52 info: BridgeServer[0] Player position forwarded: minecraft -> 7dtd (-19.031462534993487, 64, 26.53326177638475)
14:30:53 info: BridgeServer[0] Player position forwarded: minecraft -> 7dtd (-19.031462534993487, 64, 26.53326177638475)
14:30:54 info: BridgeServer[0] Player position forwarded: minecraft -> 7dtd (-19.031462534993487, 64, 26.53326177638475)
14:30:54 info: BridgeServer[0] Player position forwarded: minecraft -> 7dtd (-19.031462534993487, 64, 26.53326177638475)
14:30:55 info: BridgeServer[0] Player position forwarded: minecraft -> 7dtd (-19.031462534993487, 64, 26.53326177638475)
14:30:55 info: BridgeServer[0] Player position forwarded: minecraft -> 7dtd (-19.031462534993487, 64, 26.53326177638475)
14:30:56 info: BridgeServer[0] Player position forwarded: minecraft -> 7dtd (-19.031462534993487, 64, 26.53326177638475)
14:30:56 info: BridgeServer[0] Player position forwarded: minecraft -> 7dtd (-19.031462534993487, 64, 26.53326177638475)
14:30:57 info: BridgeServer[0] Player position forwarded: minecraft -> 7dtd (-19.031462534993487, 64, 26.53326177638475)
14:30:57 info: BridgeServer[0] Player position forwarded: minecraft -> 7dtd (-19.031462534993487, 64, 26.53326177638475)
14:30:58 info: BridgeServer[0] Player position forwarded: minecraft -> 7dtd (-19.031462534993487, 64, 26.53326177638475)
14:30:58 info: BridgeServer[0] Player position forwarded: minecraft -> 7dtd (-19.031462534993487, 64, 26.53326177638475)
14:30:59 info: BridgeServer[0] Player position forwarded: minecraft -> 7dtd (-19.031462534993487, 64, 26.53326177638475)
14:30:59 info: BridgeServer[0] Player position forwarded: minecraft -> 7dtd (-19.031462534993487, 64, 26.53326177638475)
14:31:00 info: BridgeServer[0] Player position forwarded: minecraft -> 7dtd (-19.031462534993487, 64, 26.53326177638475)
14:31:00 info: BridgeServer[0] Entity registry: spawned, id=00000000-0000-0000-0000-000000000001, count=1
14:31:00 info: BridgeServer[0] Entity state forwarded: minecraft -> 7dtd (spawn, 00000000-0000-0000-0000-000000000001)
14:31:00 info: BridgeServer[0] Player position forwarded: minecraft -> 7dtd (-19.031462534993487, 64, 26.53326177638475)
14:31:01 info: BridgeServer[0] Player position forwarded: minecraft -> 7dtd (-19.031462534993487, 64, 26.53326177638475)
14:31:01 info: BridgeServer[0] Player position forwarded: minecraft -> 7dtd (-19.031462534993487, 64, 26.53326177638475)
14:31:02 info: BridgeServer[0] Player position forwarded: minecraft -> 7dtd (-19.031462534993487, 64, 26.53326177638475)
14:31:02 info: BridgeServer[0] Player position forwarded: minecraft -> 7dtd (-19.031462534993487, 64, 26.53326177638475)
14:31:03 info: BridgeServer[0] Player position forwarded: minecraft -> 7dtd (-19.031462534993487, 64, 26.53326177638475)
14:31:03 info: BridgeServer[0] Player position forwarded: minecraft -> 7dtd (-19.031462534993487, 64, 26.53326177638475)
14:31:04 info: BridgeServer[0] Player position forwarded: minecraft -> 7dtd (-19.031462534993487, 64, 26.53326177638475)
14:31:05 info: BridgeServer[0] Player position forwarded: minecraft -> 7dtd (-19.031462534993487, 64, 26.53326177638475)
14:31:05 info: BridgeServer[0] Player position forwarded: minecraft -> 7dtd (-19.031462534993487, 64, 26.53326177638475)
14:31:06 info: BridgeServer[0] Player position forwarded: minecraft -> 7dtd (-19.031462534993487, 64, 26.53326177638475)
14:31:06 info: BridgeServer[0] Player position forwarded: minecraft -> 7dtd (-19.031462534993487, 64, 26.53326177638475)
14:31:07 info: BridgeServer[0] Player position forwarded: minecraft -> 7dtd (-19.031462534993487, 64, 26.53326177638475)
14:31:07 info: BridgeServer[0] Player position forwarded: minecraft -> 7dtd (-19.031462534993487, 64, 26.53326177638475)
14:31:08 info: BridgeServer[0] Player position forwarded: minecraft -> 7dtd (-19.031462534993487, 64, 26.53326177638475)
14:31:08 info: BridgeServer[0] Player position forwarded: minecraft -> 7dtd (-19.031462534993487, 64, 26.53326177638475)
14:31:09 info: BridgeServer[0] Player position forwarded: minecraft -> 7dtd (-19.031462534993487, 64, 26.53326177638475)
14:31:09 info: BridgeServer[0] Player position forwarded: minecraft -> 7dtd (-19.031462534993487, 64, 26.53326177638475)
14:31:10 info: BridgeServer[0] Player position forwarded: minecraft -> 7dtd (-19.031462534993487, 64, 26.53326177638475)
14:31:10 info: BridgeServer[0] Player position forwarded: minecraft -> 7dtd (-19.031462534993487, 64, 26.53326177638475)
14:31:11 info: BridgeServer[0] Player position forwarded: minecraft -> 7dtd (-19.031462534993487, 64, 26.53326177638475)
14:31:11 info: BridgeServer[0] Player position forwarded: minecraft -> 7dtd (-18.99420274400782, 64, 26.62389874882732)
14:31:12 info: BridgeServer[0] Player position forwarded: minecraft -> 7dtd (-17.749636024557127, 64, 28.407303109001692)
14:31:12 info: BridgeServer[0] Player position forwarded: minecraft -> 7dtd (-15.624950798157835, 64, 28.68495864907783)
14:31:13 info: BridgeServer[0] Player position forwarded: minecraft -> 7dtd (-14.336849755704336, 63.53584062504456, 27.201363735840452)
14:31:14 info: BridgeServer[0] Player position forwarded: minecraft -> 7dtd (-13.878742670612738, 63, 25.31430319641248)
14:31:14 info: BridgeServer[0] Player position forwarded: minecraft -> 7dtd (-13.696342695160062, 63, 23.522021698230017)
14:31:15 info: BridgeServer[0] Player position forwarded: minecraft -> 7dtd (-13.327660539377135, 63, 24.557020968601805)
14:31:15 info: BridgeServer[0] Player position forwarded: minecraft -> 7dtd (-14.190571988138604, 63, 26.06001096657363)
14:31:16 info: BridgeServer[0] Player position forwarded: minecraft -> 7dtd (-14.6552962883352, 63, 24.00022164650494)
14:31:16 info: BridgeServer[0] Player position forwarded: minecraft -> 7dtd (-14.348198791730757, 63, 22.33340532048486)
14:31:17 info: BridgeServer[0] Player position forwarded: minecraft -> 7dtd (-12.843980083011092, 63, 23.02885226455758)
14:31:17 info: BridgeServer[0] Player position forwarded: minecraft -> 7dtd (-12.99498045864784, 63, 23.568691228353913)
14:31:18 info: BridgeServer[0] Player position forwarded: minecraft -> 7dtd (-12.841693585665329, 63, 22.259969878744826)
14:31:18 info: BridgeServer[0] Player position forwarded: minecraft -> 7dtd (-14.086121749900622, 63, 22.55776110727193)
14:31:19 info: BridgeServer[0] Player position forwarded: minecraft -> 7dtd (-12.806589903516725, 63, 21.42327951378161)
14:31:19 info: BridgeServer[0] Player position forwarded: minecraft -> 7dtd (-13.286351072839423, 63, 22.62298730148208)
14:31:20 info: BridgeServer[0] Player position forwarded: minecraft -> 7dtd (-15.17215749071304, 63, 23.603061803973745)
14:31:20 info: BridgeServer[0] Player position forwarded: minecraft -> 7dtd (-15.60381609127439, 63, 23.793002428296116)
14:31:21 info: BridgeServer[0] Player position forwarded: minecraft -> 7dtd (-15.466429485628785, 63, 23.586250288365306)
14:31:21 info: BridgeServer[0] Player position forwarded: minecraft -> 7dtd (-14.04685602398116, 63, 22.931801495999085)
14:31:22 info: BridgeServer[0] Player position forwarded: minecraft -> 7dtd (-14.254162772759722, 63, 22.54884753893355)
14:31:23 info: BridgeServer[0] Player position forwarded: minecraft -> 7dtd (-14.941492787923456, 63, 23.00341758111106)
14:31:23 info: BridgeServer[0] Player position forwarded: minecraft -> 7dtd (-14.941492787923456, 63, 23.00341758111106)
14:31:24 info: BridgeServer[0] Player position forwarded: minecraft -> 7dtd (-14.941492787923456, 63, 23.00341758111106)
14:31:24 info: BridgeServer[0] Player position forwarded: minecraft -> 7dtd (-14.941492787923456, 63, 23.00341758111106)
14:31:25 info: BridgeServer[0] Player position forwarded: minecraft -> 7dtd (-14.941492787923456, 63, 23.00341758111106)
14:31:25 info: BridgeServer[0] Player position forwarded: minecraft -> 7dtd (-14.941492787923456, 63, 23.00341758111106)
14:31:26 info: BridgeServer[0] Player position forwarded: minecraft -> 7dtd (-14.941492787923456, 63, 23.00341758111106)
14:31:26 info: BridgeServer[0] Player position forwarded: minecraft -> 7dtd (-14.941492787923456, 63, 23.00341758111106)
14:31:27 info: BridgeServer[0] Player position forwarded: minecraft -> 7dtd (-14.941492787923456, 63, 23.00341758111106)
14:31:27 info: BridgeServer[0] Player position forwarded: minecraft -> 7dtd (-14.941492787923456, 63, 23.00341758111106)
14:31:28 info: BridgeServer[0] Player position forwarded: minecraft -> 7dtd (-14.941492787923456, 63, 23.00341758111106)
14:31:28 info: BridgeServer[0] Player position forwarded: minecraft -> 7dtd (-14.941492787923456, 63, 23.00341758111106)
14:31:29 info: BridgeServer[0] Player position forwarded: minecraft -> 7dtd (-14.941492787923456, 63, 23.00341758111106)
14:31:29 info: Microsoft.AspNetCore.Hosting.Diagnostics[1] Request starting HTTP/1.1 GET http://localhost:18771/health - - -
14:31:29 info: Microsoft.AspNetCore.Routing.EndpointMiddleware[0] Executing endpoint 'HTTP: GET /health'
14:31:29 info: Microsoft.AspNetCore.Http.Result.JsonResult[3] Writing value of type '<>f__AnonymousType0`3' as Json.
14:31:29 info: Microsoft.AspNetCore.Routing.EndpointMiddleware[1] Executed endpoint 'HTTP: GET /health'
14:31:29 info: Microsoft.AspNetCore.Hosting.Diagnostics[2] Request finished HTTP/1.1 GET http://localhost:18771/health - 200 - application/json;+charset=utf-8 1.0435ms
14:31:29 info: BridgeServer[0] Player position forwarded: minecraft -> 7dtd (-14.941492787923456, 63, 23.00341758111106)
14:31:30 info: BridgeServer[0] Player position forwarded: minecraft -> 7dtd (-14.941492787923456, 63, 23.00341758111106)
14:31:31 info: BridgeServer[0] Player position forwarded: minecraft -> 7dtd (-14.941492787923456, 63, 23.00341758111106)
14:31:31 info: BridgeServer[0] Player position forwarded: minecraft -> 7dtd (-14.941492787923456, 63, 23.00341758111106)
14:31:32 info: BridgeServer[0] Player position forwarded: minecraft -> 7dtd (-14.941492787923456, 63, 23.00341758111106)
14:31:32 info: BridgeServer[0] Player position forwarded: minecraft -> 7dtd (-14.941492787923456, 63, 23.00341758111106)
14:31:33 info: BridgeServer[0] Player position forwarded: minecraft -> 7dtd (-14.941492787923456, 63, 23.00341758111106)
14:31:33 info: BridgeServer[0] Player position forwarded: minecraft -> 7dtd (-14.941492787923456, 63, 23.00341758111106)
14:31:33 info: BridgeServer[0] Entity registry: duplicate_spawn, id=00000000-0000-0000-0000-000000000001, count=1
14:31:34 info: BridgeServer[0] Player position forwarded: minecraft -> 7dtd (-14.941492787923456, 63, 23.00341758111106)
14:31:34 info: BridgeServer[0] Player position forwarded: minecraft -> 7dtd (-14.941492787923456, 63, 23.00341758111106)
14:31:35 info: BridgeServer[0] Player position forwarded: minecraft -> 7dtd (-14.941492787923456, 63, 23.00341758111106)
14:31:35 info: BridgeServer[0] Player position forwarded: minecraft -> 7dtd (-14.941492787923456, 63, 23.00341758111106)
14:31:36 info: BridgeServer[0] Player position forwarded: minecraft -> 7dtd (-14.941492787923456, 63, 23.00341758111106)
14:31:36 info: BridgeServer[0] Player position forwarded: minecraft -> 7dtd (-14.941492787923456, 63, 23.00341758111106)
14:31:37 info: BridgeServer[0] Player position forwarded: minecraft -> 7dtd (-14.941492787923456, 63, 23.00341758111106)
14:31:37 info: BridgeServer[0] Player position forwarded: minecraft -> 7dtd (-14.941492787923456, 63, 23.00341758111106)
14:31:38 info: BridgeServer[0] Player position forwarded: minecraft -> 7dtd (-14.941492787923456, 63, 23.00341758111106)
14:31:38 info: BridgeServer[0] Player position forwarded: minecraft -> 7dtd (-14.941492787923456, 63, 23.00341758111106)
14:31:39 info: BridgeServer[0] Player position forwarded: minecraft -> 7dtd (-14.941492787923456, 63, 23.00341758111106)
14:31:39 info: BridgeServer[0] Player position forwarded: minecraft -> 7dtd (-14.941492787923456, 63, 23.00341758111106)
14:31:40 info: BridgeServer[0] Player position forwarded: minecraft -> 7dtd (-14.941492787923456, 63, 23.00341758111106)
14:31:41 info: BridgeServer[0] Player position forwarded: minecraft -> 7dtd (-14.941492787923456, 63, 23.00341758111106)
14:31:41 info: BridgeServer[0] Player position forwarded: minecraft -> 7dtd (-14.941492787923456, 63, 23.00341758111106)
14:31:42 info: BridgeServer[0] Player position forwarded: minecraft -> 7dtd (-14.941492787923456, 63, 23.00341758111106)
14:31:42 info: BridgeServer[0] Player position forwarded: minecraft -> 7dtd (-14.941492787923456, 63, 23.00341758111106)
14:31:43 info: BridgeServer[0] Player position forwarded: minecraft -> 7dtd (-14.941492787923456, 63, 23.00341758111106)
14:31:43 info: BridgeServer[0] Player position forwarded: minecraft -> 7dtd (-14.941492787923456, 63, 23.00341758111106)
14:31:43 info: BridgeServer[0] Entity registry: updated, id=00000000-0000-0000-0000-000000000001, count=1
14:31:43 info: BridgeServer[0] Entity state forwarded: minecraft -> 7dtd (update, 00000000-0000-0000-0000-000000000001)
14:31:44 info: BridgeServer[0] Player position forwarded: minecraft -> 7dtd (-14.941492787923456, 63, 23.00341758111106)
14:31:44 info: BridgeServer[0] Player position forwarded: minecraft -> 7dtd (-14.941492787923456, 63, 23.00341758111106)
14:31:45 info: BridgeServer[0] Player position forwarded: minecraft -> 7dtd (-15.329426007322212, 63, 22.666961388142365)
14:31:45 info: BridgeServer[0] Player position forwarded: minecraft -> 7dtd (-14.247784830722386, 63, 23.13825782834533)
14:31:46 info: BridgeServer[0] Player position forwarded: minecraft -> 7dtd (-13.955434341906036, 63, 23.390180963655457)
14:31:46 info: BridgeServer[0] Player position forwarded: minecraft -> 7dtd (-12.498575607840522, 63, 22.246650509322656)
14:31:47 info: BridgeServer[0] Player position forwarded: minecraft -> 7dtd (-13.162614655174512, 63, 21.095203446069146)
14:31:47 info: BridgeServer[0] Player position forwarded: minecraft -> 7dtd (-12.431807838054226, 63, 22.65187496033265)
14:31:48 info: BridgeServer[0] Player position forwarded: minecraft -> 7dtd (-12.910791237459065, 63, 23.906054484350307)
14:31:49 info: BridgeServer[0] Player position forwarded: minecraft -> 7dtd (-12.78023199054515, 63, 22.20663814613514)
14:31:49 info: BridgeServer[0] Player position forwarded: minecraft -> 7dtd (-12.125401495628656, 63, 20.613932658653283)
14:31:50 info: BridgeServer[0] Player position forwarded: minecraft -> 7dtd (-13.709910696561899, 63, 21.478910676540693)
14:31:50 info: BridgeServer[0] Player position forwarded: minecraft -> 7dtd (-12.694995640073458, 63, 23.378435444049245)
14:31:51 info: BridgeServer[0] Player position forwarded: minecraft -> 7dtd (-12.875056223980142, 63, 24.494779543806267)
14:31:51 info: BridgeServer[0] Player position forwarded: minecraft -> 7dtd (-13.299417108444556, 63, 23.02770136627958)
14:31:52 info: BridgeServer[0] Player position forwarded: minecraft -> 7dtd (-11.924862127579322, 63, 23.71023259960603)
14:31:52 info: BridgeServer[0] Player position forwarded: minecraft -> 7dtd (-12.46541536814148, 63, 23.026484882202897)
14:31:53 info: BridgeServer[0] Player position forwarded: minecraft -> 7dtd (-13.546377962528533, 63, 23.359509106307815)
14:31:53 info: BridgeServer[0] Player position forwarded: minecraft -> 7dtd (-12.156464883372024, 63, 23.156974131233845)
14:31:54 info: BridgeServer[0] Player position forwarded: minecraft -> 7dtd (-13.27733059735006, 63, 23.895045027396975)
14:31:54 info: BridgeServer[0] Player position forwarded: minecraft -> 7dtd (-13.49454216087046, 63, 21.988655335693267)
14:31:55 info: BridgeServer[0] Player position forwarded: minecraft -> 7dtd (-13.633935082955544, 63, 22.96477740615194)
14:31:55 info: BridgeServer[0] Player position forwarded: minecraft -> 7dtd (-12.611062721054205, 63, 22.023507674534276)
14:31:56 info: BridgeServer[0] Player position forwarded: minecraft -> 7dtd (-13.487075311700462, 63, 23.048596384724526)
14:31:56 info: BridgeServer[0] Player position forwarded: minecraft -> 7dtd (-12.811586817858418, 63, 23.391419418248603)
14:31:57 info: BridgeServer[0] Player position forwarded: minecraft -> 7dtd (-12.811586817858418, 63, 23.391419418248603)
14:31:58 info: BridgeServer[0] Player position forwarded: minecraft -> 7dtd (-12.811586817858418, 63, 23.391419418248603)
14:31:58 info: BridgeServer[0] Player position forwarded: minecraft -> 7dtd (-12.811586817858418, 63, 23.391419418248603)
14:31:59 info: BridgeServer[0] Player position forwarded: minecraft -> 7dtd (-12.811586817858418, 63, 23.391419418248603)
14:31:59 info: BridgeServer[0] Player position forwarded: minecraft -> 7dtd (-12.811586817858418, 63, 23.391419418248603)
14:32:00 info: BridgeServer[0] Player position forwarded: minecraft -> 7dtd (-12.811586817858418, 63, 23.391419418248603)
14:32:00 info: BridgeServer[0] Player position forwarded: minecraft -> 7dtd (-12.811586817858418, 63, 23.391419418248603)
14:32:01 info: BridgeServer[0] Player position forwarded: minecraft -> 7dtd (-12.811586817858418, 63, 23.391419418248603)
14:32:01 info: BridgeServer[0] Player position forwarded: minecraft -> 7dtd (-12.811586817858418, 63, 23.391419418248603)
14:32:02 info: BridgeServer[0] Player position forwarded: minecraft -> 7dtd (-12.811586817858418, 63, 23.391419418248603)
14:32:02 info: BridgeServer[0] Player position forwarded: minecraft -> 7dtd (-12.811586817858418, 63, 23.391419418248603)
14:32:02 info: BridgeServer[0] Entity registry: despawned, id=00000000-0000-0000-0000-000000000001, count=0
14:32:02 info: BridgeServer[0] Entity state forwarded: minecraft -> 7dtd (despawn, 00000000-0000-0000-0000-000000000001)
14:32:03 info: BridgeServer[0] Player position forwarded: minecraft -> 7dtd (-12.811586817858418, 63, 23.391419418248603)
14:32:03 info: BridgeServer[0] Player position forwarded: minecraft -> 7dtd (-12.811586817858418, 63, 23.391419418248603)
14:32:04 info: BridgeServer[0] Player position forwarded: minecraft -> 7dtd (-12.811586817858418, 63, 23.391419418248603)
14:32:04 info: BridgeServer[0] Player position forwarded: minecraft -> 7dtd (-12.811586817858418, 63, 23.391419418248603)
14:32:05 info: BridgeServer[0] Player position forwarded: minecraft -> 7dtd (-12.811586817858418, 63, 23.391419418248603)
14:32:06 info: BridgeServer[0] Player position forwarded: minecraft -> 7dtd (-12.811586817858418, 63, 23.391419418248603)
14:32:06 info: BridgeServer[0] Player position forwarded: minecraft -> 7dtd (-12.811586817858418, 63, 23.391419418248603)
14:32:07 info: BridgeServer[0] Player position forwarded: minecraft -> 7dtd (-12.811586817858418, 63, 23.391419418248603)
14:32:07 info: BridgeServer[0] Player position forwarded: minecraft -> 7dtd (-12.811586817858418, 63, 23.391419418248603)
14:32:08 info: BridgeServer[0] Player position forwarded: minecraft -> 7dtd (-12.811586817858418, 63, 23.391419418248603)
14:32:08 info: BridgeServer[0] Player position forwarded: minecraft -> 7dtd (-12.811586817858418, 63, 23.391419418248603)
14:32:09 info: BridgeServer[0] Player position forwarded: minecraft -> 7dtd (-12.811586817858418, 63, 23.391419418248603)
14:32:09 info: BridgeServer[0] Player position forwarded: minecraft -> 7dtd (-12.811586817858418, 63, 23.391419418248603)
14:32:10 info: BridgeServer[0] Player position forwarded: minecraft -> 7dtd (-12.811586817858418, 63, 23.391419418248603)
14:32:10 info: BridgeServer[0] Player position forwarded: minecraft -> 7dtd (-12.811586817858418, 63, 23.391419418248603)
14:32:11 info: BridgeServer[0] Player position forwarded: minecraft -> 7dtd (-12.811586817858418, 63, 23.391419418248603)
14:32:11 info: BridgeServer[0] Entity registry: spawned, id=00000000-0000-0000-0000-000000000001, count=1
14:32:11 info: BridgeServer[0] Entity state forwarded: minecraft -> 7dtd (spawn, 00000000-0000-0000-0000-000000000001)
14:32:11 info: BridgeServer[0] Player position forwarded: minecraft -> 7dtd (-12.811586817858418, 63, 23.391419418248603)
14:32:12 info: BridgeServer[0] Player position forwarded: minecraft -> 7dtd (-12.811586817858418, 63, 23.391419418248603)
14:32:12 info: BridgeServer[0] Player position forwarded: minecraft -> 7dtd (-12.811586817858418, 63, 23.391419418248603)
14:32:13 info: BridgeServer[0] Player position forwarded: minecraft -> 7dtd (-12.811586817858418, 63, 23.391419418248603)
14:32:13 info: BridgeServer[0] Player position forwarded: minecraft -> 7dtd (-12.811586817858418, 63, 23.391419418248603)
14:32:14 info: BridgeServer[0] Player position forwarded: minecraft -> 7dtd (-12.811586817858418, 63, 23.391419418248603)
14:32:15 info: BridgeServer[0] Player position forwarded: minecraft -> 7dtd (-12.811586817858418, 63, 23.391419418248603)
14:32:15 info: BridgeServer[0] Player position forwarded: minecraft -> 7dtd (-12.811586817858418, 63, 23.391419418248603)
14:32:16 info: BridgeServer[0] Player position forwarded: minecraft -> 7dtd (-12.811586817858418, 63, 23.391419418248603)
14:32:16 info: BridgeServer[0] Player position forwarded: minecraft -> 7dtd (-12.811586817858418, 63, 23.391419418248603)
14:32:17 info: BridgeServer[0] Player position forwarded: minecraft -> 7dtd (-12.811586817858418, 63, 23.391419418248603)
14:32:17 info: BridgeServer[0] Player position forwarded: minecraft -> 7dtd (-12.811586817858418, 63, 23.391419418248603)
14:32:18 info: BridgeServer[0] Player position forwarded: minecraft -> 7dtd (-12.811586817858418, 63, 23.391419418248603)
14:32:18 info: BridgeServer[0] Player position forwarded: minecraft -> 7dtd (-12.811586817858418, 63, 23.391419418248603)
14:32:36 info: BridgeServer[0] Player position forwarded: minecraft -> 7dtd (-12.811586817858418, 63, 23.391419418248603)
14:32:37 info: BridgeServer[0] Player position forwarded: minecraft -> 7dtd (-12.811586817858418, 63, 23.391419418248603)
14:32:37 info: BridgeServer[0] Player position forwarded: minecraft -> 7dtd (-12.811586817858418, 63, 23.391419418248603)
14:32:38 info: BridgeServer[0] Player position forwarded: minecraft -> 7dtd (-12.811586817858418, 63, 23.391419418248603)
14:32:38 info: BridgeServer[0] Player position forwarded: minecraft -> 7dtd (-12.811586817858418, 63, 23.391419418248603)
14:32:39 info: BridgeServer[0] Player position forwarded: minecraft -> 7dtd (-12.811586817858418, 63, 23.391419418248603)
14:32:39 info: BridgeServer[0] Player position forwarded: minecraft -> 7dtd (-12.811586817858418, 63, 23.391419418248603)
14:32:40 info: BridgeServer[0] Player position forwarded: minecraft -> 7dtd (-12.811586817858418, 63, 23.391419418248603)
14:32:41 info: BridgeServer[0] Player position forwarded: minecraft -> 7dtd (-12.811586817858418, 63, 23.391419418248603)
14:32:41 info: BridgeServer[0] Player position forwarded: minecraft -> 7dtd (-12.811586817858418, 63, 23.391419418248603)
14:32:42 info: BridgeServer[0] Player position forwarded: minecraft -> 7dtd (-12.811586817858418, 63, 23.391419418248603)
14:32:42 info: BridgeServer[0] Player position forwarded: minecraft -> 7dtd (-12.811586817858418, 63, 23.391419418248603)
14:32:43 info: BridgeServer[0] Player position forwarded: minecraft -> 7dtd (-12.811586817858418, 63, 23.391419418248603)
14:32:43 info: BridgeServer[0] Player position forwarded: minecraft -> 7dtd (-12.811586817858418, 63, 23.391419418248603)
14:32:44 info: BridgeServer[0] Player position forwarded: minecraft -> 7dtd (-12.811586817858418, 63, 23.391419418248603)
14:32:44 info: BridgeServer[0] Player position forwarded: minecraft -> 7dtd (-12.811586817858418, 63, 23.391419418248603)
14:32:45 info: BridgeServer[0] Player position forwarded: minecraft -> 7dtd (-12.811586817858418, 63, 23.391419418248603)
14:32:45 info: BridgeServer[0] Player position forwarded: minecraft -> 7dtd (-12.811586817858418, 63, 23.391419418248603)
14:32:46 info: BridgeServer[0] Player position forwarded: minecraft -> 7dtd (-12.811586817858418, 63, 23.391419418248603)
14:32:46 info: BridgeServer[0] Player position forwarded: minecraft -> 7dtd (-12.811586817858418, 63, 23.391419418248603)
14:32:47 info: BridgeServer[0] Player position forwarded: minecraft -> 7dtd (-12.811586817858418, 63, 23.391419418248603)
14:32:47 info: BridgeServer[0] Player position forwarded: minecraft -> 7dtd (-12.811586817858418, 63, 23.391419418248603)
14:32:48 info: BridgeServer[0] Player position forwarded: minecraft -> 7dtd (-12.811586817858418, 63, 23.391419418248603)
14:32:48 info: BridgeServer[0] Player position forwarded: minecraft -> 7dtd (-12.811586817858418, 63, 23.391419418248603)
