14:32:49 info: Microsoft.Hosting.Lifetime[14] Now listening on: http://localhost:18771
14:32:49 info: Microsoft.Hosting.Lifetime[0] Application started. Press Ctrl+C to shut down.
14:32:49 info: Microsoft.Hosting.Lifetime[0] Hosting environment: Production
14:32:49 info: Microsoft.Hosting.Lifetime[0] Content root path: D:\wenjian\minecraft\7-M
14:32:49 info: BridgeServer[0] Coordinate mapping loaded: scale=1, offsets=(0, 0, 0); config D:\wenjian\minecraft\7-M\config\coordinate.json
14:32:49 info: BridgeServer[0] Bridge connected ¡ª listening ws://localhost:18771/ws; config D:\wenjian\minecraft\7-M\config\network.json
14:32:52 info: Microsoft.AspNetCore.Hosting.Diagnostics[1] Request starting HTTP/1.1 GET http://localhost:18771/ws - - -
14:32:52 info: Microsoft.AspNetCore.Hosting.Diagnostics[1] Request starting HTTP/1.1 GET http://localhost:18771/ws - - -
14:32:52 info: Microsoft.AspNetCore.Routing.EndpointMiddleware[0] Executing endpoint '/ws'
14:32:52 info: Microsoft.AspNetCore.Routing.EndpointMiddleware[0] Executing endpoint '/ws'
14:32:52 info: BridgeServer[0] Minecraft connected
14:32:52 info: BridgeServer[0] 7DTD connected
14:32:52 info: BridgeServer[0] Test forwarded: minecraft -> 7dtd
14:32:52 info: BridgeServer[0] Test forwarded: 7dtd -> minecraft
14:32:52 info: BridgeServer[0] Player position forwarded: minecraft -> 7dtd (-12.811586817858418, 63, 23.391419418248603)
14:32:53 info: BridgeServer[0] Player position forwarded: minecraft -> 7dtd (-12.811586817858418, 63, 23.391419418248603)
14:32:53 info: BridgeServer[0] Player position forwarded: minecraft -> 7dtd (-12.811586817858418, 63, 23.391419418248603)
14:32:54 info: BridgeServer[0] Player position forwarded: minecraft -> 7dtd (-12.811586817858418, 63, 23.391419418248603)
14:32:54 info: BridgeServer[0] Player position forwarded: minecraft -> 7dtd (-12.811586817858418, 63, 23.391419418248603)
14:32:55 info: BridgeServer[0] Player position forwarded: minecraft -> 7dtd (-12.811586817858418, 63, 23.391419418248603)
14:32:55 info: BridgeServer[0] Player position forwarded: minecraft -> 7dtd (-12.811586817858418, 63, 23.391419418248603)
14:32:56 info: BridgeServer[0] Player position forwarded: minecraft -> 7dtd (-12.811586817858418, 63, 23.391419418248603)
14:32:56 info: BridgeServer[0] Player position forwarded: minecraft -> 7dtd (-12.811586817858418, 63, 23.391419418248603)
14:32:57 info: BridgeServer[0] Player position forwarded: minecraft -> 7dtd (-12.811586817858418, 63, 23.391419418248603)
14:32:57 info: BridgeServer[0] Player position forwarded: minecraft -> 7dtd (-12.811586817858418, 63, 23.391419418248603)
14:32:58 info: BridgeServer[0] Player position forwarded: minecraft -> 7dtd (-12.811586817858418, 63, 23.391419418248603)
14:32:58 info: BridgeServer[0] Player position forwarded: minecraft -> 7dtd (-12.811586817858418, 63, 23.391419418248603)
14:32:59 info: BridgeServer[0] Player position forwarded: minecraft -> 7dtd (-12.811586817858418, 63, 23.391419418248603)
14:33:00 info: BridgeServer[0] Player position forwarded: minecraft -> 7dtd (-12.811586817858418, 63, 23.391419418248603)
14:33:00 info: BridgeServer[0] Player position forwarded: minecraft -> 7dtd (-12.811586817858418, 63, 23.391419418248603)
14:33:01 info: BridgeServer[0] Player position forwarded: minecraft -> 7dtd (-12.811586817858418, 63, 23.391419418248603)
14:33:01 info: BridgeServer[0] Player position forwarded: minecraft -> 7dtd (-12.811586817858418, 63, 23.391419418248603)
14:33:02 info: BridgeServer[0] Player position forwarded: minecraft -> 7dtd (-12.811586817858418, 63, 23.391419418248603)
14:33:02 info: BridgeServer[0] Player position forwarded: minecraft -> 7dtd (-12.811586817858418, 63, 23.391419418248603)
14:33:03 info: BridgeServer[0] Player position forwarded: minecraft -> 7dtd (-12.811586817858418, 63, 23.391419418248603)
14:33:03 info: BridgeServer[0] Player position forwarded: minecraft -> 7dtd (-12.811586817858418, 63, 23.391419418248603)
14:33:04 info: BridgeServer[0] Player position forwarded: minecraft -> 7dtd (-12.811586817858418, 63, 23.391419418248603)
14:33:04 info: BridgeServer[0] Player position forwarded: minecraft -> 7dtd (-12.811586817858418, 63, 23.391419418248603)
14:33:05 info: BridgeServer[0] Player position forwarded: minecraft -> 7dtd (-12.811586817858418, 63, 23.391419418248603)
14:33:05 info: BridgeServer[0] Player position forwarded: minecraft -> 7dtd (-12.811586817858418, 63, 23.391419418248603)
14:33:06 info: BridgeServer[0] Player position forwarded: minecraft -> 7dtd (-12.811586817858418, 63, 23.391419418248603)
14:33:06 info: Microsoft.AspNetCore.Hosting.Diagnostics[1] Request starting HTTP/1.1 GET http://localhost:18771/health - - -
14:33:06 info: Microsoft.AspNetCore.Routing.EndpointMiddleware[0] Executing endpoint 'HTTP: GET /health'
14:33:06 info: Microsoft.AspNetCore.Http.Result.JsonResult[3] Writing value of type '<>f__AnonymousType0`3' as Json.
14:33:06 info: Microsoft.AspNetCore.Routing.EndpointMiddleware[1] Executed endpoint 'HTTP: GET /health'
14:33:06 info: Microsoft.AspNetCore.Hosting.Diagnostics[2] Request finished HTTP/1.1 GET http://localhost:18771/health - 200 - application/json;+charset=utf-8 8.0268ms
14:33:06 info: BridgeServer[0] Player position forwarded: minecraft -> 7dtd (-12.811586817858418, 63, 23.391419418248603)
14:33:07 info: BridgeServer[0] Player position forwarded: minecraft -> 7dtd (-12.811586817858418, 63, 23.391419418248603)
14:33:08 info: BridgeServer[0] Player position forwarded: minecraft -> 7dtd (-12.811586817858418, 63, 23.391419418248603)
14:33:08 info: BridgeServer[0] Player position forwarded: minecraft -> 7dtd (-12.811586817858418, 63, 23.391419418248603)
14:33:09 info: BridgeServer[0] Player position forwarded: minecraft -> 7dtd (-12.811586817858418, 63, 23.391419418248603)
14:33:09 info: BridgeServer[0] Player position forwarded: minecraft -> 7dtd (-12.811586817858418, 63, 23.391419418248603)
14:33:10 info: BridgeServer[0] Player position forwarded: minecraft -> 7dtd (-12.811586817858418, 63, 23.391419418248603)
14:33:10 info: BridgeServer[0] Player position forwarded: minecraft -> 7dtd (-12.811586817858418, 63, 23.391419418248603)
14:33:11 info: BridgeServer[0] Player position forwarded: minecraft -> 7dtd (-12.811586817858418, 63, 23.391419418248603)
14:33:11 info: BridgeServer[0] Player position forwarded: minecraft -> 7dtd (-12.811586817858418, 63, 23.391419418248603)
14:33:12 info: BridgeServer[0] Player position forwarded: minecraft -> 7dtd (-12.811586817858418, 63, 23.391419418248603)
14:33:12 info: BridgeServer[0] Player position forwarded: minecraft -> 7dtd (-12.811586817858418, 63, 23.391419418248603)
14:33:13 info: BridgeServer[0] Player position forwarded: minecraft -> 7dtd (-12.811586817858418, 63, 23.391419418248603)
14:33:13 info: BridgeServer[0] Player position forwarded: minecraft -> 7dtd (-12.811586817858418, 63, 23.391419418248603)
14:33:14 info: BridgeServer[0] Player position forwarded: minecraft -> 7dtd (-12.811586817858418, 63, 23.391419418248603)
14:33:14 info: BridgeServer[0] Player position forwarded: minecraft -> 7dtd (-12.811586817858418, 63, 23.391419418248603)
14:33:15 info: BridgeServer[0] Player position forwarded: minecraft -> 7dtd (-12.811586817858418, 63, 23.391419418248603)
14:33:15 info: BridgeServer[0] Player position forwarded: minecraft -> 7dtd (-12.811586817858418, 63, 23.391419418248603)
14:33:16 info: BridgeServer[0] Player position forwarded: minecraft -> 7dtd (-12.811586817858418, 63, 23.391419418248603)
14:33:17 info: BridgeServer[0] Player position forwarded: minecraft -> 7dtd (-12.811586817858418, 63, 23.391419418248603)
14:33:17 info: BridgeServer[0] Player position forwarded: minecraft -> 7dtd (-12.811586817858418, 63, 23.391419418248603)
14:33:18 info: BridgeServer[0] Player position forwarded: minecraft -> 7dtd (-12.811586817858418, 63, 23.391419418248603)
14:33:18 info: BridgeServer[0] Player position forwarded: minecraft -> 7dtd (-12.811586817858418, 63, 23.391419418248603)
14:33:19 info: BridgeServer[0] Player position forwarded: minecraft -> 7dtd (-12.811586817858418, 63, 23.391419418248603)
14:33:19 info: BridgeServer[0] Player position forwarded: minecraft -> 7dtd (-12.811586817858418, 63, 23.391419418248603)
14:33:20 info: BridgeServer[0] Player position forwarded: minecraft -> 7dtd (-12.811586817858418, 63, 23.391419418248603)
14:33:20 info: BridgeServer[0] Player position forwarded: minecraft -> 7dtd (-12.811586817858418, 63, 23.391419418248603)
14:33:21 info: BridgeServer[0] Player position forwarded: minecraft -> 7dtd (-12.811586817858418, 63, 23.391419418248603)
14:33:21 info: BridgeServer[0] Player position forwarded: minecraft -> 7dtd (-12.811586817858418, 63, 23.391419418248603)
14:33:22 info: BridgeServer[0] Player position forwarded: minecraft -> 7dtd (-12.811586817858418, 63, 23.391419418248603)
14:33:22 info: BridgeServer[0] Player position forwarded: minecraft -> 7dtd (-12.811586817858418, 63, 23.391419418248603)
14:33:23 info: BridgeServer[0] Player position forwarded: minecraft -> 7dtd (-12.811586817858418, 63, 23.391419418248603)
14:33:23 info: BridgeServer[0] Player position forwarded: minecraft -> 7dtd (-12.811586817858418, 63, 23.391419418248603)
14:33:24 info: BridgeServer[0] Player position forwarded: minecraft -> 7dtd (-12.811586817858418, 63, 23.391419418248603)
14:33:24 info: BridgeServer[0] Player position forwarded: minecraft -> 7dtd (-12.811586817858418, 63, 23.391419418248603)
14:33:25 info: BridgeServer[0] Player position forwarded: minecraft -> 7dtd (-12.811586817858418, 63, 23.391419418248603)
14:33:26 info: BridgeServer[0] Player position forwarded: minecraft -> 7dtd (-12.811586817858418, 63, 23.391419418248603)
14:33:26 info: BridgeServer[0] Player position forwarded: minecraft -> 7dtd (-12.811586817858418, 63, 23.391419418248603)
14:33:27 info: BridgeServer[0] Player position forwarded: minecraft -> 7dtd (-12.811586817858418, 63, 23.391419418248603)
14:33:27 info: BridgeServer[0] Player position forwarded: minecraft -> 7dtd (-12.811586817858418, 63, 23.391419418248603)
14:33:28 info: BridgeServer[0] Player position forwarded: minecraft -> 7dtd (-12.811586817858418, 63, 23.391419418248603)
14:33:28 info: BridgeServer[0] Player position forwarded: minecraft -> 7dtd (-12.811586817858418, 63, 23.391419418248603)
14:33:29 info: BridgeServer[0] Player position forwarded: minecraft -> 7dtd (-12.811586817858418, 63, 23.391419418248603)
14:33:29 info: BridgeServer[0] Player position forwarded: minecraft -> 7dtd (-12.811586817858418, 63, 23.391419418248603)
14:33:30 info: BridgeServer[0] Player position forwarded: minecraft -> 7dtd (-12.811586817858418, 63, 23.391419418248603)
14:33:30 info: BridgeServer[0] Player position forwarded: minecraft -> 7dtd (-12.811586817858418, 63, 23.391419418248603)
14:33:31 info: BridgeServer[0] Player position forwarded: minecraft -> 7dtd (-12.811586817858418, 63, 23.391419418248603)
14:33:31 info: BridgeServer[0] Player position forwarded: minecraft -> 7dtd (-12.811586817858418, 63, 23.391419418248603)
14:33:32 info: BridgeServer[0] Player position forwarded: minecraft -> 7dtd (-12.811586817858418, 63, 23.391419418248603)
14:33:32 info: BridgeServer[0] Player position forwarded: minecraft -> 7dtd (-12.811586817858418, 63, 23.391419418248603)
14:33:33 info: BridgeServer[0] Player position forwarded: minecraft -> 7dtd (-12.811586817858418, 63, 23.391419418248603)
14:33:33 info: BridgeServer[0] Player position forwarded: minecraft -> 7dtd (-12.811586817858418, 63, 23.391419418248603)
14:33:34 info: BridgeServer[0] Player position forwarded: minecraft -> 7dtd (-12.811586817858418, 63, 23.391419418248603)
14:33:34 info: BridgeServer[0] Player position forwarded: minecraft -> 7dtd (-12.811586817858418, 63, 23.391419418248603)
14:33:35 info: BridgeServer[0] Player position forwarded: minecraft -> 7dtd (-12.811586817858418, 63, 23.391419418248603)
14:33:35 info: BridgeServer[0] Player position forwarded: minecraft -> 7dtd (-12.811586817858418, 63, 23.391419418248603)
14:33:36 info: BridgeServer[0] Player position forwarded: minecraft -> 7dtd (-12.811586817858418, 63, 23.391419418248603)
14:33:36 info: BridgeServer[0] Player position forwarded: minecraft -> 7dtd (-12.811586817858418, 63, 23.391419418248603)
14:33:37 info: BridgeServer[0] Player position forwarded: minecraft -> 7dtd (-12.811586817858418, 63, 23.391419418248603)
14:33:38 info: BridgeServer[0] Player position forwarded: minecraft -> 7dtd (-12.811586817858418, 63, 23.391419418248603)
14:33:38 info: BridgeServer[0] Entity registry: entity_not_found, id=00000000-0000-0000-0000-000000000001, count=0
14:33:38 info: BridgeServer[0] Player position forwarded: minecraft -> 7dtd (-12.811586817858418, 63, 23.391419418248603)
14:33:39 info: BridgeServer[0] Player position forwarded: minecraft -> 7dtd (-12.811586817858418, 63, 23.391419418248603)
14:33:39 info: BridgeServer[0] Player position forwarded: minecraft -> 7dtd (-12.811586817858418, 63, 23.391419418248603)
14:33:40 info: BridgeServer[0] Player position forwarded: minecraft -> 7dtd (-12.811586817858418, 63, 23.391419418248603)
14:33:40 info: BridgeServer[0] Player position forwarded: minecraft -> 7dtd (-12.811586817858418, 63, 23.391419418248603)
14:33:41 info: BridgeServer[0] Player position forwarded: minecraft -> 7dtd (-12.811586817858418, 63, 23.391419418248603)
14:33:41 info: BridgeServer[0] Player position forwarded: minecraft -> 7dtd (-12.811586817858418, 63, 23.391419418248603)
14:33:42 info: BridgeServer[0] Player position forwarded: minecraft -> 7dtd (-12.811586817858418, 63, 23.391419418248603)
14:33:42 info: BridgeServer[0] Player position forwarded: minecraft -> 7dtd (-12.811586817858418, 63, 23.391419418248603)
14:33:43 info: BridgeServer[0] Player position forwarded: minecraft -> 7dtd (-12.811586817858418, 63, 23.391419418248603)
14:33:43 info: BridgeServer[0] Player position forwarded: minecraft -> 7dtd (-12.811586817858418, 63, 23.391419418248603)
14:33:43 info: BridgeServer[0] Entity registry: spawned, id=00000000-0000-0000-0000-000000000001, count=1
14:33:43 info: BridgeServer[0] Entity state forwarded: minecraft -> 7dtd (spawn, 00000000-0000-0000-0000-000000000001)
14:33:44 info: BridgeServer[0] Player position forwarded: minecraft -> 7dtd (-12.811586817858418, 63, 23.391419418248603)
14:33:44 info: BridgeServer[0] Player position forwarded: minecraft -> 7dtd (-12.811586817858418, 63, 23.391419418248603)
14:33:45 info: BridgeServer[0] Player position forwarded: minecraft -> 7dtd (-12.811586817858418, 63, 23.391419418248603)
14:33:45 info: BridgeServer[0] Player position forwarded: minecraft -> 7dtd (-12.811586817858418, 63, 23.391419418248603)
14:33:46 info: BridgeServer[0] Player position forwarded: minecraft -> 7dtd (-12.811586817858418, 63, 23.391419418248603)
14:33:46 info: BridgeServer[0] Player position forwarded: minecraft -> 7dtd (-12.811586817858418, 63, 23.391419418248603)
14:33:47 info: BridgeServer[0] Player position forwarded: minecraft -> 7dtd (-12.811586817858418, 63, 23.391419418248603)
14:33:47 info: BridgeServer[0] Player position forwarded: minecraft -> 7dtd (-12.811586817858418, 63, 23.391419418248603)
14:33:48 info: BridgeServer[0] Player position forwarded: minecraft -> 7dtd (-12.811586817858418, 63, 23.391419418248603)
14:33:49 info: BridgeServer[0] Player position forwarded: minecraft -> 7dtd (-12.811586817858418, 63, 23.391419418248603)
14:33:49 info: BridgeServer[0] Player position forwarded: minecraft -> 7dtd (-12.811586817858418, 63, 23.391419418248603)
14:33:50 info: BridgeServer[0] Player position forwarded: minecraft -> 7dtd (-12.811586817858418, 63, 23.391419418248603)
14:33:50 info: BridgeServer[0] Entity registry: despawned, id=00000000-0000-0000-0000-000000000001, count=0
14:33:50 info: BridgeServer[0] Entity state forwarded: minecraft -> 7dtd (despawn, 00000000-0000-0000-0000-000000000001)
14:33:50 info: BridgeServer[0] Player position forwarded: minecraft -> 7dtd (-12.811586817858418, 63, 23.391419418248603)
14:33:51 info: BridgeServer[0] Player position forwarded: minecraft -> 7dtd (-12.811586817858418, 63, 23.391419418248603)
14:33:51 info: BridgeServer[0] Player position forwarded: minecraft -> 7dtd (-12.811586817858418, 63, 23.391419418248603)
14:33:52 info: BridgeServer[0] Player position forwarded: minecraft -> 7dtd (-12.811586817858418, 63, 23.391419418248603)
14:33:52 info: BridgeServer[0] Player position forwarded: minecraft -> 7dtd (-12.811586817858418, 63, 23.391419418248603)
14:33:53 info: BridgeServer[0] Player position forwarded: minecraft -> 7dtd (-12.811586817858418, 63, 23.391419418248603)
14:33:53 info: BridgeServer[0] Player position forwarded: minecraft -> 7dtd (-12.811586817858418, 63, 23.391419418248603)
14:33:54 info: BridgeServer[0] Player position forwarded: minecraft -> 7dtd (-12.811586817858418, 63, 23.391419418248603)
14:33:54 info: BridgeServer[0] Player position forwarded: minecraft -> 7dtd (-12.811586817858418, 63, 23.391419418248603)
14:33:55 info: BridgeServer[0] Player position forwarded: minecraft -> 7dtd (-12.811586817858418, 63, 23.391419418248603)
14:33:55 info: BridgeServer[0] Player position forwarded: minecraft -> 7dtd (-12.811586817858418, 63, 23.391419418248603)
14:33:56 info: BridgeServer[0] Player position forwarded: minecraft -> 7dtd (-12.811586817858418, 63, 23.391419418248603)
14:33:57 info: BridgeServer[0] Player position forwarded: minecraft -> 7dtd (-12.811586817858418, 63, 23.391419418248603)
14:33:57 info: BridgeServer[0] Player position forwarded: minecraft -> 7dtd (-12.811586817858418, 63, 23.391419418248603)
14:33:58 info: BridgeServer[0] Player position forwarded: minecraft -> 7dtd (-12.811586817858418, 63, 23.391419418248603)
14:33:58 info: BridgeServer[0] Player position forwarded: minecraft -> 7dtd (-12.811586817858418, 63, 23.391419418248603)
14:33:59 info: BridgeServer[0] Player position forwarded: minecraft -> 7dtd (-12.811586817858418, 63, 23.391419418248603)
14:33:59 info: BridgeServer[0] Player position forwarded: minecraft -> 7dtd (-12.811586817858418, 63, 23.391419418248603)
14:34:00 info: BridgeServer[0] Player position forwarded: minecraft -> 7dtd (-12.811586817858418, 63, 23.391419418248603)
14:34:00 info: BridgeServer[0] Player position forwarded: minecraft -> 7dtd (-12.811586817858418, 63, 23.391419418248603)
14:34:01 info: BridgeServer[0] Player position forwarded: minecraft -> 7dtd (-12.811586817858418, 63, 23.391419418248603)
14:34:01 info: BridgeServer[0] Player position forwarded: minecraft -> 7dtd (-12.811586817858418, 63, 23.391419418248603)
14:34:02 info: BridgeServer[0] Player position forwarded: minecraft -> 7dtd (-12.811586817858418, 63, 23.391419418248603)
14:34:02 info: BridgeServer[0] Player position forwarded: minecraft -> 7dtd (-12.811586817858418, 63, 23.391419418248603)
14:34:03 info: BridgeServer[0] Player position forwarded: minecraft -> 7dtd (-12.811586817858418, 63, 23.391419418248603)
14:34:03 info: BridgeServer[0] Player position forwarded: minecraft -> 7dtd (-12.811586817858418, 63, 23.391419418248603)
14:34:04 info: BridgeServer[0] Player position forwarded: minecraft -> 7dtd (-12.811586817858418, 63, 23.391419418248603)
14:34:04 info: BridgeServer[0] Player position forwarded: minecraft -> 7dtd (-12.811586817858418, 63, 23.391419418248603)
14:34:05 info: BridgeServer[0] Player position forwarded: minecraft -> 7dtd (-12.811586817858418, 63, 23.391419418248603)
14:34:05 info: BridgeServer[0] Player position forwarded: minecraft -> 7dtd (-12.811586817858418, 63, 23.391419418248603)
14:34:06 info: BridgeServer[0] Player position forwarded: minecraft -> 7dtd (-12.811586817858418, 63, 23.391419418248603)
14:34:06 info: BridgeServer[0] Player position forwarded: minecraft -> 7dtd (-12.811586817858418, 63, 23.391419418248603)
14:34:07 info: BridgeServer[0] Player position forwarded: minecraft -> 7dtd (-12.811586817858418, 63, 23.391419418248603)
14:34:08 info: BridgeServer[0] Player position forwarded: minecraft -> 7dtd (-12.811586817858418, 63, 23.391419418248603)
