14:00:56 info: Microsoft.Hosting.Lifetime[14] Now listening on: http://localhost:18771
14:00:56 info: Microsoft.Hosting.Lifetime[0] Application started. Press Ctrl+C to shut down.
14:00:56 info: Microsoft.Hosting.Lifetime[0] Hosting environment: Production
14:00:56 info: Microsoft.Hosting.Lifetime[0] Content root path: D:\wenjian\minecraft\7-M
14:00:56 info: BridgeServer[0] Coordinate mapping loaded: scale=1, offsets=(0, 0, 0); config D:\wenjian\minecraft\7-M\config\coordinate.json
14:00:56 info: BridgeServer[0] Bridge connected ¡ª listening ws://localhost:18771/ws; config D:\wenjian\minecraft\7-M\config\network.json
14:00:57 info: Microsoft.AspNetCore.Hosting.Diagnostics[1] Request starting HTTP/1.1 GET http://localhost:18771/ws - - -
14:00:57 info: Microsoft.AspNetCore.Routing.EndpointMiddleware[0] Executing endpoint '/ws'
14:00:57 info: BridgeServer[0] 7DTD connected
14:00:59 info: Microsoft.AspNetCore.Hosting.Diagnostics[1] Request starting HTTP/1.1 GET http://localhost:18771/ws - - -
14:00:59 info: Microsoft.AspNetCore.Routing.EndpointMiddleware[0] Executing endpoint '/ws'
14:00:59 info: BridgeServer[0] Minecraft connected
14:00:59 info: BridgeServer[0] Test forwarded: minecraft -> 7dtd
14:00:59 info: BridgeServer[0] Test forwarded: 7dtd -> minecraft
14:03:01 info: Microsoft.AspNetCore.Hosting.Diagnostics[1] Request starting HTTP/1.1 GET http://localhost:18771/health - - -
14:03:01 info: Microsoft.AspNetCore.Routing.EndpointMiddleware[0] Executing endpoint 'HTTP: GET /health'
14:03:01 info: Microsoft.AspNetCore.Http.Result.JsonResult[3] Writing value of type '<>f__AnonymousType0`3' as Json.
14:03:01 info: Microsoft.AspNetCore.Routing.EndpointMiddleware[1] Executed endpoint 'HTTP: GET /health'
14:03:01 info: Microsoft.AspNetCore.Hosting.Diagnostics[2] Request finished HTTP/1.1 GET http://localhost:18771/health - 200 - application/json;+charset=utf-8 8.7342ms
14:07:11 info: Microsoft.AspNetCore.Hosting.Diagnostics[1] Request starting HTTP/1.1 GET http://localhost:18771/health - - -
14:07:11 info: Microsoft.AspNetCore.Routing.EndpointMiddleware[0] Executing endpoint 'HTTP: GET /health'
14:07:11 info: Microsoft.AspNetCore.Http.Result.JsonResult[3] Writing value of type '<>f__AnonymousType0`3' as Json.
14:07:11 info: Microsoft.AspNetCore.Routing.EndpointMiddleware[1] Executed endpoint 'HTTP: GET /health'
14:07:11 info: Microsoft.AspNetCore.Hosting.Diagnostics[2] Request finished HTTP/1.1 GET http://localhost:18771/health - 200 - application/json;+charset=utf-8 1.5944ms
14:10:05 info: Microsoft.AspNetCore.Server.Kestrel.Connections[34] Connection id "0HNP12EOJGEI3", Request id "0HNP12EOJGEI3:00000001": the application aborted the connection.
14:10:05 info: BridgeServer[0] Connection ended (minecraft): OperationCanceledException
14:10:05 info: BridgeServer[0] Disconnected: minecraft
14:10:05 info: Microsoft.AspNetCore.Routing.EndpointMiddleware[1] Executed endpoint '/ws'
14:10:05 info: Microsoft.AspNetCore.Hosting.Diagnostics[2] Request finished HTTP/1.1 GET http://localhost:18771/ws - 101 - - 545749.8165ms
14:10:19 info: BridgeServer[0] Connection ended (7dtd): WebSocketException
14:10:19 info: BridgeServer[0] Disconnected: 7dtd
14:10:19 info: Microsoft.AspNetCore.Server.Kestrel.Connections[34] Connection id "0HNP12EOJGEI2", Request id "0HNP12EOJGEI2:00000001": the application aborted the connection.
14:10:19 info: Microsoft.AspNetCore.Routing.EndpointMiddleware[1] Executed endpoint '/ws'
14:10:19 info: Microsoft.AspNetCore.Hosting.Diagnostics[2] Request finished HTTP/1.1 GET http://localhost:18771/ws - 101 - - 562220.3733ms
