18:33:48 info: Microsoft.Hosting.Lifetime[14] Now listening on: http://localhost:18771
18:33:48 info: Microsoft.Hosting.Lifetime[0] Application started. Press Ctrl+C to shut down.
18:33:48 info: Microsoft.Hosting.Lifetime[0] Hosting environment: Production
18:33:48 info: Microsoft.Hosting.Lifetime[0] Content root path: D:\wenjian\minecraft\7-M
18:33:48 info: BridgeServer[0] Coordinate mapping loaded: scale=1, offsets=(0, 0, 0); config D:\wenjian\minecraft\7-M\config\coordinate.json
18:33:48 info: BridgeServer[0] Bridge connected ¡ª listening ws://localhost:18771/ws; config D:\wenjian\minecraft\7-M\config\network.json
18:33:49 info: Microsoft.AspNetCore.Hosting.Diagnostics[1] Request starting HTTP/1.1 GET http://localhost:18771/ws - - -
18:33:49 info: Microsoft.AspNetCore.Routing.EndpointMiddleware[0] Executing endpoint '/ws'
18:33:49 info: BridgeServer[0] 7DTD connected
18:33:59 info: Microsoft.AspNetCore.Hosting.Diagnostics[1] Request starting HTTP/1.1 GET http://localhost:18771/ws - - -
18:33:59 info: Microsoft.AspNetCore.Routing.EndpointMiddleware[0] Executing endpoint '/ws'
18:33:59 info: BridgeServer[0] Minecraft connected
18:33:59 info: BridgeServer[0] Test forwarded: 7dtd -> minecraft
18:33:59 info: BridgeServer[0] Test forwarded: minecraft -> 7dtd
18:34:25 info: BridgeServer[0] Player position forwarded: minecraft -> 7dtd (-47.30000001192093, 71, 72.77925174075624)
18:34:25 info: BridgeServer[0] Entity registry: spawned, id=03515d65-b74b-4691-8710-070d53b1135f, count=1
18:34:25 info: BridgeServer[0] Entity state forwarded: minecraft -> 7dtd (spawn, 03515d65-b74b-4691-8710-070d53b1135f)
18:34:26 info: BridgeServer[0] Player position forwarded: minecraft -> 7dtd (-47.30000001192093, 71, 72.77925174075624)
18:34:26 info: BridgeServer[0] Entity registry: updated, id=03515d65-b74b-4691-8710-070d53b1135f, count=1
18:34:26 info: BridgeServer[0] Entity state forwarded: minecraft -> 7dtd (update, 03515d65-b74b-4691-8710-070d53b1135f)
18:34:54 info: BridgeServer[0] Player position forwarded: minecraft -> 7dtd (-47.30000001192093, 71, 72.77925174075624)
18:34:54 info: BridgeServer[0] Entity registry: updated, id=03515d65-b74b-4691-8710-070d53b1135f, count=1
18:34:54 info: BridgeServer[0] Entity state forwarded: minecraft -> 7dtd (update, 03515d65-b74b-4691-8710-070d53b1135f)
18:34:54 info: BridgeServer[0] Player position forwarded: minecraft -> 7dtd (-47.30000001192093, 71, 72.77925174075624)
18:34:54 info: BridgeServer[0] Entity registry: updated, id=03515d65-b74b-4691-8710-070d53b1135f, count=1
18:34:54 info: BridgeServer[0] Entity state forwarded: minecraft -> 7dtd (update, 03515d65-b74b-4691-8710-070d53b1135f)
18:34:55 info: BridgeServer[0] Player position forwarded: minecraft -> 7dtd (-47.30000001192093, 71, 72.77925174075624)
18:34:55 info: BridgeServer[0] Entity registry: updated, id=03515d65-b74b-4691-8710-070d53b1135f, count=1
18:34:55 info: BridgeServer[0] Entity state forwarded: minecraft -> 7dtd (update, 03515d65-b74b-4691-8710-070d53b1135f)
18:34:55 info: BridgeServer[0] Player position forwarded: minecraft -> 7dtd (-47.30000001192093, 71, 72.77925174075624)
18:34:55 info: BridgeServer[0] Entity registry: updated, id=03515d65-b74b-4691-8710-070d53b1135f, count=1
18:34:55 info: BridgeServer[0] Entity state forwarded: minecraft -> 7dtd (update, 03515d65-b74b-4691-8710-070d53b1135f)
18:34:56 info: BridgeServer[0] Player position forwarded: minecraft -> 7dtd (-47.30000001192093, 71, 72.77925174075624)
18:34:56 info: BridgeServer[0] Entity registry: updated, id=03515d65-b74b-4691-8710-070d53b1135f, count=1
18:34:56 info: BridgeServer[0] Entity state forwarded: minecraft -> 7dtd (update, 03515d65-b74b-4691-8710-070d53b1135f)
18:34:56 info: BridgeServer[0] Player position forwarded: minecraft -> 7dtd (-47.30000001192093, 71, 72.77925174075624)
18:34:56 info: BridgeServer[0] Entity registry: updated, id=03515d65-b74b-4691-8710-070d53b1135f, count=1
18:34:56 info: BridgeServer[0] Entity state forwarded: minecraft -> 7dtd (update, 03515d65-b74b-4691-8710-070d53b1135f)
18:34:57 info: BridgeServer[0] Player position forwarded: minecraft -> 7dtd (-47.30000001192093, 71, 72.77925174075624)
18:34:57 info: BridgeServer[0] Entity registry: updated, id=03515d65-b74b-4691-8710-070d53b1135f, count=1
18:34:57 info: BridgeServer[0] Entity state forwarded: minecraft -> 7dtd (update, 03515d65-b74b-4691-8710-070d53b1135f)
18:34:57 info: BridgeServer[0] Player position forwarded: minecraft -> 7dtd (-47.30000001192093, 71, 72.77925174075624)
18:34:57 info: BridgeServer[0] Entity registry: updated, id=03515d65-b74b-4691-8710-070d53b1135f, count=1
18:34:57 info: BridgeServer[0] Entity state forwarded: minecraft -> 7dtd (update, 03515d65-b74b-4691-8710-070d53b1135f)
18:34:58 info: BridgeServer[0] Player position forwarded: minecraft -> 7dtd (-47.30000001192093, 71, 72.77925174075624)
18:34:58 info: BridgeServer[0] Entity registry: updated, id=03515d65-b74b-4691-8710-070d53b1135f, count=1
18:34:58 info: BridgeServer[0] Entity state forwarded: minecraft -> 7dtd (update, 03515d65-b74b-4691-8710-070d53b1135f)
18:34:58 info: BridgeServer[0] Player position forwarded: minecraft -> 7dtd (-47.30000001192093, 71, 72.77925174075624)
18:34:58 info: BridgeServer[0] Entity registry: updated, id=03515d65-b74b-4691-8710-070d53b1135f, count=1
18:34:58 info: BridgeServer[0] Entity state forwarded: minecraft -> 7dtd (update, 03515d65-b74b-4691-8710-070d53b1135f)
18:34:59 info: BridgeServer[0] Player position forwarded: minecraft -> 7dtd (-47.30000001192093, 71, 72.77925174075624)
18:34:59 info: BridgeServer[0] Entity registry: updated, id=03515d65-b74b-4691-8710-070d53b1135f, count=1
18:34:59 info: BridgeServer[0] Entity state forwarded: minecraft -> 7dtd (update, 03515d65-b74b-4691-8710-070d53b1135f)
18:34:59 info: BridgeServer[0] Player position forwarded: minecraft -> 7dtd (-47.30000001192093, 71, 72.77925174075624)
18:34:59 info: BridgeServer[0] Entity registry: updated, id=03515d65-b74b-4691-8710-070d53b1135f, count=1
18:34:59 info: BridgeServer[0] Entity state forwarded: minecraft -> 7dtd (update, 03515d65-b74b-4691-8710-070d53b1135f)
18:35:00 info: BridgeServer[0] Player position forwarded: minecraft -> 7dtd (-47.30000001192093, 71, 72.77925174075624)
18:35:00 info: BridgeServer[0] Entity registry: updated, id=03515d65-b74b-4691-8710-070d53b1135f, count=1
18:35:00 info: BridgeServer[0] Entity state forwarded: minecraft -> 7dtd (update, 03515d65-b74b-4691-8710-070d53b1135f)
18:35:01 info: BridgeServer[0] Player position forwarded: minecraft -> 7dtd (-47.30000001192093, 71, 72.77925174075624)
18:35:01 info: BridgeServer[0] Entity registry: updated, id=03515d65-b74b-4691-8710-070d53b1135f, count=1
18:35:01 info: BridgeServer[0] Entity state forwarded: minecraft -> 7dtd (update, 03515d65-b74b-4691-8710-070d53b1135f)
18:35:01 info: BridgeServer[0] Player position forwarded: minecraft -> 7dtd (-47.30000001192093, 71, 72.77925174075624)
18:35:01 info: BridgeServer[0] Entity registry: updated, id=03515d65-b74b-4691-8710-070d53b1135f, count=1
18:35:01 info: BridgeServer[0] Entity state forwarded: minecraft -> 7dtd (update, 03515d65-b74b-4691-8710-070d53b1135f)
18:35:02 info: BridgeServer[0] Player position forwarded: minecraft -> 7dtd (-47.30000001192093, 71, 72.77925174075624)
18:35:02 info: BridgeServer[0] Entity registry: updated, id=03515d65-b74b-4691-8710-070d53b1135f, count=1
18:35:02 info: BridgeServer[0] Entity state forwarded: minecraft -> 7dtd (update, 03515d65-b74b-4691-8710-070d53b1135f)
18:35:02 info: BridgeServer[0] Player position forwarded: minecraft -> 7dtd (-47.30000001192093, 71, 72.77925174075624)
18:35:02 info: BridgeServer[0] Entity registry: updated, id=03515d65-b74b-4691-8710-070d53b1135f, count=1
18:35:02 info: BridgeServer[0] Entity state forwarded: minecraft -> 7dtd (update, 03515d65-b74b-4691-8710-070d53b1135f)
18:35:03 info: BridgeServer[0] Player position forwarded: minecraft -> 7dtd (-47.30000001192093, 71, 72.77925174075624)
18:35:03 info: BridgeServer[0] Entity registry: updated, id=03515d65-b74b-4691-8710-070d53b1135f, count=1
18:35:03 info: BridgeServer[0] Entity state forwarded: minecraft -> 7dtd (update, 03515d65-b74b-4691-8710-070d53b1135f)
18:35:03 info: BridgeServer[0] Player position forwarded: minecraft -> 7dtd (-47.30000001192093, 71, 72.77925174075624)
18:35:03 info: BridgeServer[0] Entity registry: updated, id=03515d65-b74b-4691-8710-070d53b1135f, count=1
18:35:03 info: BridgeServer[0] Entity state forwarded: minecraft -> 7dtd (update, 03515d65-b74b-4691-8710-070d53b1135f)
18:35:04 info: BridgeServer[0] Player position forwarded: minecraft -> 7dtd (-47.30000001192093, 71, 72.77925174075624)
18:35:04 info: BridgeServer[0] Entity registry: updated, id=03515d65-b74b-4691-8710-070d53b1135f, count=1
18:35:04 info: BridgeServer[0] Entity state forwarded: minecraft -> 7dtd (update, 03515d65-b74b-4691-8710-070d53b1135f)
18:35:04 info: BridgeServer[0] Player position forwarded: minecraft -> 7dtd (-47.30000001192093, 71, 72.77925174075624)
18:35:04 info: BridgeServer[0] Entity registry: updated, id=03515d65-b74b-4691-8710-070d53b1135f, count=1
18:35:04 info: BridgeServer[0] Entity state forwarded: minecraft -> 7dtd (update, 03515d65-b74b-4691-8710-070d53b1135f)
18:35:05 info: BridgeServer[0] Player position forwarded: minecraft -> 7dtd (-47.30000001192093, 71, 72.77925174075624)
18:35:05 info: BridgeServer[0] Entity registry: updated, id=03515d65-b74b-4691-8710-070d53b1135f, count=1
18:35:05 info: BridgeServer[0] Entity state forwarded: minecraft -> 7dtd (update, 03515d65-b74b-4691-8710-070d53b1135f)
18:35:05 info: BridgeServer[0] Player position forwarded: minecraft -> 7dtd (-47.30000001192093, 71, 72.77925174075624)
18:35:05 info: BridgeServer[0] Entity registry: updated, id=03515d65-b74b-4691-8710-070d53b1135f, count=1
18:35:05 info: BridgeServer[0] Entity state forwarded: minecraft -> 7dtd (update, 03515d65-b74b-4691-8710-070d53b1135f)
18:35:06 info: BridgeServer[0] Player position forwarded: minecraft -> 7dtd (-47.30000001192093, 71, 72.77925174075624)
18:35:06 info: BridgeServer[0] Entity registry: updated, id=03515d65-b74b-4691-8710-070d53b1135f, count=1
18:35:06 info: BridgeServer[0] Entity state forwarded: minecraft -> 7dtd (update, 03515d65-b74b-4691-8710-070d53b1135f)
18:35:06 info: BridgeServer[0] Player position forwarded: minecraft -> 7dtd (-47.30000001192093, 71, 72.77925174075624)
18:35:06 info: BridgeServer[0] Entity registry: updated, id=03515d65-b74b-4691-8710-070d53b1135f, count=1
18:35:06 info: BridgeServer[0] Entity state forwarded: minecraft -> 7dtd (update, 03515d65-b74b-4691-8710-070d53b1135f)
18:35:07 info: BridgeServer[0] Player position forwarded: minecraft -> 7dtd (-47.30000001192093, 71, 72.77925174075624)
18:35:07 info: BridgeServer[0] Entity registry: updated, id=03515d65-b74b-4691-8710-070d53b1135f, count=1
18:35:07 info: BridgeServer[0] Entity state forwarded: minecraft -> 7dtd (update, 03515d65-b74b-4691-8710-070d53b1135f)
18:35:07 info: BridgeServer[0] Player position forwarded: minecraft -> 7dtd (-47.30000001192093, 71, 72.77925174075624)
18:35:07 info: BridgeServer[0] Entity registry: updated, id=03515d65-b74b-4691-8710-070d53b1135f, count=1
18:35:07 info: BridgeServer[0] Entity state forwarded: minecraft -> 7dtd (update, 03515d65-b74b-4691-8710-070d53b1135f)
18:35:08 info: BridgeServer[0] Player position forwarded: minecraft -> 7dtd (-47.30000001192093, 71, 72.77925174075624)
18:35:08 info: BridgeServer[0] Entity registry: updated, id=03515d65-b74b-4691-8710-070d53b1135f, count=1
18:35:08 info: BridgeServer[0] Entity state forwarded: minecraft -> 7dtd (update, 03515d65-b74b-4691-8710-070d53b1135f)
18:35:09 info: BridgeServer[0] Player position forwarded: minecraft -> 7dtd (-47.30000001192093, 71, 72.77925174075624)
18:35:09 info: BridgeServer[0] Entity registry: updated, id=03515d65-b74b-4691-8710-070d53b1135f, count=1
18:35:09 info: BridgeServer[0] Entity state forwarded: minecraft -> 7dtd (update, 03515d65-b74b-4691-8710-070d53b1135f)
18:35:09 info: BridgeServer[0] Player position forwarded: minecraft -> 7dtd (-47.30000001192093, 71, 72.77925174075624)
18:35:09 info: BridgeServer[0] Entity registry: updated, id=03515d65-b74b-4691-8710-070d53b1135f, count=1
18:35:09 info: BridgeServer[0] Entity state forwarded: minecraft -> 7dtd (update, 03515d65-b74b-4691-8710-070d53b1135f)
18:35:10 info: BridgeServer[0] Player position forwarded: minecraft -> 7dtd (-47.30000001192093, 71, 72.77925174075624)
18:35:10 info: BridgeServer[0] Entity registry: updated, id=03515d65-b74b-4691-8710-070d53b1135f, count=1
18:35:10 info: BridgeServer[0] Entity state forwarded: minecraft -> 7dtd (update, 03515d65-b74b-4691-8710-070d53b1135f)
18:35:10 info: BridgeServer[0] Player position forwarded: minecraft -> 7dtd (-47.30000001192093, 71, 72.77925174075624)
18:35:10 info: BridgeServer[0] Entity registry: updated, id=03515d65-b74b-4691-8710-070d53b1135f, count=1
18:35:10 info: BridgeServer[0] Entity state forwarded: minecraft -> 7dtd (update, 03515d65-b74b-4691-8710-070d53b1135f)
18:35:11 info: BridgeServer[0] Player position forwarded: minecraft -> 7dtd (-47.30000001192093, 71, 72.77925174075624)
18:35:11 info: BridgeServer[0] Entity registry: updated, id=03515d65-b74b-4691-8710-070d53b1135f, count=1
18:35:11 info: BridgeServer[0] Entity state forwarded: minecraft -> 7dtd (update, 03515d65-b74b-4691-8710-070d53b1135f)
18:35:11 info: BridgeServer[0] Player position forwarded: minecraft -> 7dtd (-47.30000001192093, 71, 72.77925174075624)
18:35:11 info: BridgeServer[0] Entity registry: updated, id=03515d65-b74b-4691-8710-070d53b1135f, count=1
18:35:11 info: BridgeServer[0] Entity state forwarded: minecraft -> 7dtd (update, 03515d65-b74b-4691-8710-070d53b1135f)
18:35:12 info: BridgeServer[0] Player position forwarded: minecraft -> 7dtd (-47.30000001192093, 71, 72.77925174075624)
18:35:12 info: BridgeServer[0] Entity registry: updated, id=03515d65-b74b-4691-8710-070d53b1135f, count=1
18:35:12 info: BridgeServer[0] Entity state forwarded: minecraft -> 7dtd (update, 03515d65-b74b-4691-8710-070d53b1135f)
18:35:12 info: BridgeServer[0] Player position forwarded: minecraft -> 7dtd (-47.30000001192093, 71, 72.77925174075624)
18:35:12 info: BridgeServer[0] Entity registry: updated, id=03515d65-b74b-4691-8710-070d53b1135f, count=1
18:35:12 info: BridgeServer[0] Entity state forwarded: minecraft -> 7dtd (update, 03515d65-b74b-4691-8710-070d53b1135f)
18:35:13 info: BridgeServer[0] Player position forwarded: minecraft -> 7dtd (-47.30000001192093, 71, 72.77925174075624)
18:35:13 info: BridgeServer[0] Entity registry: updated, id=03515d65-b74b-4691-8710-070d53b1135f, count=1
18:35:13 info: BridgeServer[0] Entity state forwarded: minecraft -> 7dtd (update, 03515d65-b74b-4691-8710-070d53b1135f)
18:35:13 info: BridgeServer[0] Player position forwarded: minecraft -> 7dtd (-47.30000001192093, 71, 72.77925174075624)
18:35:13 info: BridgeServer[0] Entity registry: updated, id=03515d65-b74b-4691-8710-070d53b1135f, count=1
18:35:13 info: BridgeServer[0] Entity state forwarded: minecraft -> 7dtd (update, 03515d65-b74b-4691-8710-070d53b1135f)
18:35:14 info: BridgeServer[0] Player position forwarded: minecraft -> 7dtd (-47.30000001192093, 71, 72.77925174075624)
18:35:14 info: BridgeServer[0] Entity registry: updated, id=03515d65-b74b-4691-8710-070d53b1135f, count=1
18:35:14 info: BridgeServer[0] Entity state forwarded: minecraft -> 7dtd (update, 03515d65-b74b-4691-8710-070d53b1135f)
18:35:14 info: BridgeServer[0] Player position forwarded: minecraft -> 7dtd (-47.30000001192093, 71, 72.77925174075624)
18:35:14 info: BridgeServer[0] Entity registry: updated, id=03515d65-b74b-4691-8710-070d53b1135f, count=1
18:35:14 info: BridgeServer[0] Entity state forwarded: minecraft -> 7dtd (update, 03515d65-b74b-4691-8710-070d53b1135f)
18:35:15 info: BridgeServer[0] Player position forwarded: minecraft -> 7dtd (-47.30000001192093, 71, 72.77925174075624)
18:35:15 info: BridgeServer[0] Entity registry: updated, id=03515d65-b74b-4691-8710-070d53b1135f, count=1
18:35:15 info: BridgeServer[0] Entity state forwarded: minecraft -> 7dtd (update, 03515d65-b74b-4691-8710-070d53b1135f)
18:35:15 info: BridgeServer[0] Player position forwarded: minecraft -> 7dtd (-47.30000001192093, 71, 72.77925174075624)
18:35:15 info: BridgeServer[0] Entity registry: updated, id=03515d65-b74b-4691-8710-070d53b1135f, count=1
18:35:15 info: BridgeServer[0] Entity state forwarded: minecraft -> 7dtd (update, 03515d65-b74b-4691-8710-070d53b1135f)
18:35:16 info: BridgeServer[0] Player position forwarded: minecraft -> 7dtd (-47.30000001192093, 71, 72.77925174075624)
18:35:16 info: BridgeServer[0] Entity registry: updated, id=03515d65-b74b-4691-8710-070d53b1135f, count=1
18:35:16 info: BridgeServer[0] Entity state forwarded: minecraft -> 7dtd (update, 03515d65-b74b-4691-8710-070d53b1135f)
18:35:16 info: BridgeServer[0] Player position forwarded: minecraft -> 7dtd (-47.30000001192093, 71, 72.77925174075624)
18:35:16 info: BridgeServer[0] Entity registry: updated, id=03515d65-b74b-4691-8710-070d53b1135f, count=1
18:35:16 info: BridgeServer[0] Entity state forwarded: minecraft -> 7dtd (update, 03515d65-b74b-4691-8710-070d53b1135f)
18:35:17 info: BridgeServer[0] Player position forwarded: minecraft -> 7dtd (-47.30000001192093, 71, 72.77925174075624)
18:35:17 info: BridgeServer[0] Entity registry: updated, id=03515d65-b74b-4691-8710-070d53b1135f, count=1
18:35:17 info: BridgeServer[0] Entity state forwarded: minecraft -> 7dtd (update, 03515d65-b74b-4691-8710-070d53b1135f)
18:35:18 info: BridgeServer[0] Player position forwarded: minecraft -> 7dtd (-47.30000001192093, 71, 72.77925174075624)
18:35:18 info: BridgeServer[0] Entity registry: updated, id=03515d65-b74b-4691-8710-070d53b1135f, count=1
18:35:18 info: BridgeServer[0] Entity state forwarded: minecraft -> 7dtd (update, 03515d65-b74b-4691-8710-070d53b1135f)
18:35:18 info: BridgeServer[0] Player position forwarded: minecraft -> 7dtd (-47.30000001192093, 71, 72.77925174075624)
18:35:18 info: BridgeServer[0] Entity registry: updated, id=03515d65-b74b-4691-8710-070d53b1135f, count=1
18:35:18 info: BridgeServer[0] Entity state forwarded: minecraft -> 7dtd (update, 03515d65-b74b-4691-8710-070d53b1135f)
18:35:19 info: BridgeServer[0] Player position forwarded: minecraft -> 7dtd (-47.30000001192093, 71, 72.77925174075624)
18:35:19 info: BridgeServer[0] Entity registry: updated, id=03515d65-b74b-4691-8710-070d53b1135f, count=1
18:35:19 info: BridgeServer[0] Entity state forwarded: minecraft -> 7dtd (update, 03515d65-b74b-4691-8710-070d53b1135f)
18:35:19 info: BridgeServer[0] Player position forwarded: minecraft -> 7dtd (-47.30000001192093, 71, 72.77925174075624)
18:35:19 info: BridgeServer[0] Entity registry: updated, id=03515d65-b74b-4691-8710-070d53b1135f, count=1
18:35:19 info: BridgeServer[0] Entity state forwarded: minecraft -> 7dtd (update, 03515d65-b74b-4691-8710-070d53b1135f)
18:35:20 info: BridgeServer[0] Player position forwarded: minecraft -> 7dtd (-47.30000001192093, 71, 72.77925174075624)
18:35:20 info: BridgeServer[0] Entity registry: updated, id=03515d65-b74b-4691-8710-070d53b1135f, count=1
18:35:20 info: BridgeServer[0] Entity state forwarded: minecraft -> 7dtd (update, 03515d65-b74b-4691-8710-070d53b1135f)
18:35:20 info: BridgeServer[0] Player position forwarded: minecraft -> 7dtd (-47.30000001192093, 71, 72.77925174075624)
18:35:20 info: BridgeServer[0] Entity registry: updated, id=03515d65-b74b-4691-8710-070d53b1135f, count=1
18:35:20 info: BridgeServer[0] Entity state forwarded: minecraft -> 7dtd (update, 03515d65-b74b-4691-8710-070d53b1135f)
18:35:21 info: BridgeServer[0] Player position forwarded: minecraft -> 7dtd (-47.30000001192093, 71, 72.77925174075624)
18:35:21 info: BridgeServer[0] Entity registry: updated, id=03515d65-b74b-4691-8710-070d53b1135f, count=1
18:35:21 info: BridgeServer[0] Entity state forwarded: minecraft -> 7dtd (update, 03515d65-b74b-4691-8710-070d53b1135f)
18:35:21 info: BridgeServer[0] Player position forwarded: minecraft -> 7dtd (-47.30000001192093, 71, 72.77925174075624)
18:35:21 info: BridgeServer[0] Entity registry: updated, id=03515d65-b74b-4691-8710-070d53b1135f, count=1
18:35:21 info: BridgeServer[0] Entity state forwarded: minecraft -> 7dtd (update, 03515d65-b74b-4691-8710-070d53b1135f)
18:35:22 info: BridgeServer[0] Player position forwarded: minecraft -> 7dtd (-47.30000001192093, 71, 72.77925174075624)
18:35:22 info: BridgeServer[0] Entity registry: updated, id=03515d65-b74b-4691-8710-070d53b1135f, count=1
18:35:22 info: BridgeServer[0] Entity state forwarded: minecraft -> 7dtd (update, 03515d65-b74b-4691-8710-070d53b1135f)
18:35:22 info: BridgeServer[0] Player position forwarded: minecraft -> 7dtd (-47.30000001192093, 71, 72.77925174075624)
18:35:22 info: BridgeServer[0] Entity registry: updated, id=03515d65-b74b-4691-8710-070d53b1135f, count=1
18:35:22 info: BridgeServer[0] Entity state forwarded: minecraft -> 7dtd (update, 03515d65-b74b-4691-8710-070d53b1135f)
18:35:23 info: BridgeServer[0] Player position forwarded: minecraft -> 7dtd (-47.30000001192093, 71, 72.77925174075624)
18:35:23 info: BridgeServer[0] Entity registry: updated, id=03515d65-b74b-4691-8710-070d53b1135f, count=1
18:35:23 info: BridgeServer[0] Entity state forwarded: minecraft -> 7dtd (update, 03515d65-b74b-4691-8710-070d53b1135f)
18:35:23 info: BridgeServer[0] Player position forwarded: minecraft -> 7dtd (-47.30000001192093, 71, 72.77925174075624)
18:35:23 info: BridgeServer[0] Entity registry: updated, id=03515d65-b74b-4691-8710-070d53b1135f, count=1
18:35:23 info: BridgeServer[0] Entity state forwarded: minecraft -> 7dtd (update, 03515d65-b74b-4691-8710-070d53b1135f)
18:35:24 info: BridgeServer[0] Player position forwarded: minecraft -> 7dtd (-47.30000001192093, 71, 72.77925174075624)
18:35:24 info: BridgeServer[0] Entity registry: updated, id=03515d65-b74b-4691-8710-070d53b1135f, count=1
18:35:24 info: BridgeServer[0] Entity state forwarded: minecraft -> 7dtd (update, 03515d65-b74b-4691-8710-070d53b1135f)
18:35:24 info: BridgeServer[0] Player position forwarded: minecraft -> 7dtd (-47.30000001192093, 71, 72.77925174075624)
18:35:24 info: BridgeServer[0] Entity registry: updated, id=03515d65-b74b-4691-8710-070d53b1135f, count=1
18:35:24 info: BridgeServer[0] Entity state forwarded: minecraft -> 7dtd (update, 03515d65-b74b-4691-8710-070d53b1135f)
18:35:25 info: BridgeServer[0] Player position forwarded: minecraft -> 7dtd (-47.30000001192093, 71, 72.77925174075624)
18:35:25 info: BridgeServer[0] Entity registry: updated, id=03515d65-b74b-4691-8710-070d53b1135f, count=1
18:35:25 info: BridgeServer[0] Entity state forwarded: minecraft -> 7dtd (update, 03515d65-b74b-4691-8710-070d53b1135f)
18:35:33 info: BridgeServer[0] Entity registry: despawned, id=03515d65-b74b-4691-8710-070d53b1135f, count=0
18:35:33 info: BridgeServer[0] Entity state forwarded: minecraft -> 7dtd (despawn, 03515d65-b74b-4691-8710-070d53b1135f)
18:36:36 info: Microsoft.AspNetCore.Hosting.Diagnostics[1] Request starting HTTP/1.1 GET http://localhost:18771/health - - -
18:36:36 info: Microsoft.AspNetCore.Routing.EndpointMiddleware[0] Executing endpoint 'HTTP: GET /health'
18:36:36 info: Microsoft.AspNetCore.Http.Result.JsonResult[3] Writing value of type '<>f__AnonymousType0`3' as Json.
18:36:36 info: Microsoft.AspNetCore.Routing.EndpointMiddleware[1] Executed endpoint 'HTTP: GET /health'
18:36:36 info: Microsoft.AspNetCore.Hosting.Diagnostics[2] Request finished HTTP/1.1 GET http://localhost:18771/health - 200 - application/json;+charset=utf-8 5.9497ms
19:15:22 info: Microsoft.AspNetCore.Server.Kestrel.Connections[34] Connection id "0HNP1778006CR", Request id "0HNP1778006CR:00000001": the application aborted the connection.
19:15:22 info: BridgeServer[0] Connection ended (7dtd): OperationCanceledException
19:15:22 info: BridgeServer[0] Entity registry reset: disconnected 7dtd, removed=0; fresh spawn required
19:15:22 info: BridgeServer[0] Disconnected: 7dtd
19:15:22 info: Microsoft.AspNetCore.Routing.EndpointMiddleware[1] Executed endpoint '/ws'
19:15:22 info: Microsoft.AspNetCore.Hosting.Diagnostics[2] Request finished HTTP/1.1 GET http://localhost:18771/ws - 101 - - 2493077.6471ms
19:15:41 info: BridgeServer[0] Connection ended (minecraft): WebSocketException
19:15:41 info: BridgeServer[0] Entity registry reset: disconnected minecraft, removed=0; fresh spawn required
19:15:41 info: BridgeServer[0] Disconnected: minecraft
19:15:41 info: Microsoft.AspNetCore.Server.Kestrel.Connections[34] Connection id "0HNP1778006CS", Request id "0HNP1778006CS:00000001": the application aborted the connection.
19:15:41 info: Microsoft.AspNetCore.Routing.EndpointMiddleware[1] Executed endpoint '/ws'
19:15:41 info: Microsoft.AspNetCore.Hosting.Diagnostics[2] Request finished HTTP/1.1 GET http://localhost:18771/ws - 101 - - 2501723.6478ms
