Mono path[0] = 'D:/Steam/steamapps/common/7 Days To Die/7DaysToDie_Data/Managed'
Mono config path = 'D:/Steam/steamapps/common/7 Days To Die/MonoBleedingEdge/etc'
Input System module state changed to: Initialized.
[PhysX] Initialized MultithreadedTaskDispatcher with 24 workers.
Loading player data from D:/Steam/steamapps/common/7 Days To Die/7DaysToDie_Data/data.unity3d
Initialize engine version: 2022.3.62f2 (7670c08855a9)
[Subsystems] Discovering subsystems at path D:/Steam/steamapps/common/7 Days To Die/7DaysToDie_Data/UnitySubsystems
GfxDevice: creating device client; threaded=1; jobified=1
Direct3D:
    Version:  Direct3D 11.0 [level 11.1]
    Renderer: NVIDIA GeForce RTX 5060 Laptop GPU (ID=0x2d59)
    Vendor:   NVIDIA
    VRAM:     7899 MB
    Driver:   32.0.16.1074
Begin MonoManager ReloadAssembly
- Loaded All Assemblies, in  0.213 seconds
- Finished resetting the current domain, in  0.002 seconds
<RI> Initializing input.
<RI> Input initialized.
<RI> Initialized touch support.
[PhysX] Initialized MultithreadedTaskDispatcher with 24 workers.
UnloadTime: 0.706900 ms
2026-10-03T08:22:04 0.003 INF [BACKTRACE] Initialize
2026-10-03T08:22:04 0.010 INF [BACKTRACE] Root log path: C:\Users\qin_roupl\AppData\Roaming\7DaysToDie\BacktraceLogs
2026-10-03T08:22:04 0.033 INF [BACKTRACE] Deleted old log: C:\Users\qin_roupl\AppData\Roaming\7DaysToDie\BacktraceLogs\Player-2026-09-11_09-40-58.419.log
2026-10-03T08:22:04 0.033 INF [BACKTRACE] Using log: C:\Users\qin_roupl\AppData\Roaming\7DaysToDie\BacktraceLogs\Player-2026-10-03_00-18-02.991.log
2026-10-03T08:22:04 0.033 INF [BACKTRACE] Using log: C:\Users\qin_roupl\AppData\Roaming\7DaysToDie\BacktraceLogs\Player-2026-10-03_00-20-33.344.log
2026-10-03T08:22:04 0.033 INF [BACKTRACE] Using log: C:\Users\qin_roupl\AppData\Roaming\7DaysToDie\BacktraceLogs\Player-2026-10-03_00-21-23.540.log
2026-10-03T08:22:04 0.033 INF [BACKTRACE] Player log path: C:\Users\qin_roupl\AppData\Roaming\7DaysToDie\BacktraceLogs\Player-2026-10-03_00-22-04.576.log
2026-10-03T08:22:04 0.047 INF [BACKTRACE] Initialized
2026-10-03T08:22:04 0.073 INF Version: V 3.2.0 (b10) Compatibility Version: V 3.2.0, Build: WindowsPlayer 64 Bit
2026-10-03T08:22:04 0.074 INF System information:
2026-10-03T08:22:04 0.075 INF    OS: Windows 11  (10.0.26200) 64bit
2026-10-03T08:22:04 0.077 INF    CPU: Intel(R) Core(TM) i7-14650HX (cores: 24)
2026-10-03T08:22:04 0.078 INF    RAM: 16107 MB
2026-10-03T08:22:04 0.080 INF    GPU: NVIDIA GeForce RTX 5060 Laptop GPU (7899 MB)
2026-10-03T08:22:04 0.083 INF    Graphics API: Direct3D 11.0 [level 11.1] (shader level 5.0)
2026-10-03T08:22:04 0.098 INF Local UTC offset: 8 hours
2026-10-03T08:22:04 0.114 INF Command line arguments: "D:\Steam\steamapps\common\7 Days To Die\7DaysToDie.exe" -offline -UserDataFolder=D:\wenjian\minecraft\7-M\runtime\7dtd -logfile D:\wenjian\minecraft\7-M\docs\runtime-evidence\7dtd-game.log -screen-fullscreen 0 -screen-width 960 -screen-height 600
2026-10-03T08:22:04 0.117 INF Overriding default user data path to D:\wenjian\minecraft\7-M\runtime\7dtd
2026-10-03T08:22:04 0.125 INF [Platform] Init
2026-10-03T08:22:04 0.174 INF [Platform] Using native platform: Steam
2026-10-03T08:22:04 0.176 INF [Platform] Using cross platform: EOS
2026-10-03T08:22:04 0.177 INF [Platform] Using server platform: Steam
2026-10-03T08:22:04 0.178 INF [Platform] Using server platform: XBL
2026-10-03T08:22:04 0.179 INF [Platform] Using server platform: PSN
2026-10-03T08:22:04 0.180 INF [Platform] Using server platform: LAN
2026-10-03T08:22:04 0.191 INF Starting PlayerInputManager...
2026-10-03T08:22:04 0.194 INF InControl (version 1.8.9 build 9376, native module = True, XInput = True)
2026-10-03T08:22:04 0.198 INF InControl (version 1.8.9 build 9376)
2026-10-03T08:22:04 0.205 INF InControl Native (version 1.0.6)
2026-10-03T08:22:04 0.291 INF [InControl] NativeInputDeviceManager enabled.
2026-10-03T08:22:04 0.311 INF [Platform] Initializing Steam
Setting breakpad minidump AppID = 251570
SteamInternal_SetMinidumpSteamID:  Caching Steam ID:  76561199256208852 [API loaded no]
2026-10-03T08:22:05 0.444 INF [Steamworks.NET] SteamAPI_Init() ok
2026-10-03T08:22:05 0.446 INF [Steamworks.NET] Registering auth callbacks
2026-10-03T08:22:05 0.448 INF Not running in Big Picture Mode, no on-screen keyboard available
2026-10-03T08:22:05 0.449 INF [Platform] Initializing EOS
2026-10-03T08:22:05 0.475 INF [EOS] Initialize: Success
2026-10-03T08:22:05 0.504 INF [EOS-Voice] Successfully initialized.
2026-10-03T08:22:05 0.505 INF [EOS-ACC] Not started with EAC, anticheat disabled
2026-10-03T08:22:05 0.506 INF [EAC] AntiCheatServerP2P initialized with null interface
2026-10-03T08:22:05 0.508 INF [Platform] Initializing XBL
2026-10-03T08:22:05 0.510 INF [Platform] Initializing PSN
2026-10-03T08:22:05 0.510 INF [Platform] Initializing LAN
2026-10-03T08:22:05 0.577 INF [SaveDataUtils] InitStatic Begin
2026-10-03T08:22:05 0.579 INF [SaveDataUtils] UserGameDataDir: D:\wenjian\minecraft\7-M\runtime\7dtd
2026-10-03T08:22:05 0.580 INF [SaveDataUtils] SdPlayerPrefs -> Unity
2026-10-03T08:22:05 0.581 INF [SaveDataUtils] InitStatic Complete
2026-10-03T08:22:05 0.639 INF Last played version: V 3.2.0
2026-10-03T08:22:05 0.861 INF Localization language from platform: schinese
Unloading 6 Unused Serialized files (Serialized files now loaded: 0)
[PhysX] Initialized MultithreadedTaskDispatcher with 24 workers.
UnloadTime: 1.439600 ms
2026-10-03T08:22:05 0.886 INF Texture quality is set to 0
Unloading 11 unused Assets to reduce memory usage. Loaded Objects now: 6637.
Total: 8.010400 ms (FindLiveObjects: 0.187200 ms CreateObjectMapping: 0.082200 ms MarkObjects: 7.693700 ms  DeleteObjects: 0.046900 ms)

The referenced script on this Behaviour (Game Object 'BlockProcessor') is missing!
Unloading 5 Unused Serialized files (Serialized files now loaded: 0)
[PhysX] Initialized MultithreadedTaskDispatcher with 24 workers.
UnloadTime: 1.866100 ms
2026-10-03T08:22:13 8.435 INF Awake IsFocused: True
2026-10-03T08:22:13 8.436 INF Awake
2026-10-03T08:22:13 8.656 INF Occlusion: Awake
Unloading 5 unused Assets to reduce memory usage. Loaded Objects now: 6970.
Total: 9.412500 ms (FindLiveObjects: 0.668700 ms CreateObjectMapping: 0.333900 ms MarkObjects: 8.382000 ms  DeleteObjects: 0.027500 ms)

2026-10-03T08:22:13 8.698 INF ApplyAllOptions streaming budget 7109.1 MB
2026-10-03T08:22:13 8.700 INF ApplyAllOptions current screen 2560 x 1600, 240hz, window 960 x 600, mode Windowed
2026-10-03T08:22:13 8.702 INF Texture quality is set to 0
2026-10-03T08:22:13 8.704 INF ApplyTextureFilter 2, AF Enable
2026-10-03T08:22:13 8.705 INF ApplyTerrainOptions 2
2026-10-03T08:22:13 8.848 INF [MODS] Start loading from: 'D:\wenjian\minecraft\7-M\runtime\7dtd/Mods'
2026-10-03T08:22:13 8.851 INF [MODS]   Trying to load from folder: 'MC7DTD-Bridge'
2026-10-03T08:22:13 8.861 INF [MODS]     Loaded assembly MC7DTD.Bridge (in D:\wenjian\minecraft\7-M\runtime\7dtd\Mods\MC7DTD-Bridge\MC7DTD.Bridge.dll)
2026-10-03T08:22:13 8.862 INF [MODS]     Loaded Mod: MC7DTD-Bridge (0.1.0)
2026-10-03T08:22:13 8.863 INF [MODS] Start loading from: 'D:/Steam/steamapps/common/7 Days To Die/7DaysToDie_Data/../Mods'
2026-10-03T08:22:13 8.865 INF [MODS]   Trying to load from folder: '【单补丁】V3.0.0+b252+120格大背包无负重'
2026-10-03T08:22:13 8.867 INF [MODS]     Loaded Mod: ANAN-120BigBackpackNoWB (3.0.0.252)
2026-10-03T08:22:13 8.868 INF [MODS]   Trying to load from folder: '【单补丁】V3.0.0+b252+僵尸动物雷达'
2026-10-03T08:22:13 8.871 INF [MODS]     Loaded Mod: ANAN-ananZombieAnimalRadar (3.0.0.252)
2026-10-03T08:22:13 8.873 INF [MODS]   Trying to load from folder: '【单补丁】V3.0.0+b252+僵尸尸体秒消失'
2026-10-03T08:22:13 8.875 INF [MODS]     Loaded Mod: ANAN-ZombieCorDisIns (3.0.0.252)
2026-10-03T08:22:13 8.876 INF [MODS]   Trying to load from folder: '【单补丁】V3.0.0+b252+显示怪物血量（美化版）（常显已包含此MOD）'
2026-10-03T08:22:13 8.881 INF [MODS]     Loaded assembly ananBloodDisplay (in D:\Steam\steamapps\common\7 Days To Die\Mods\【单补丁】V3.0.0+b252+显示怪物血量（美化版）（常显已包含此MOD）\ANANBloodDisplay.dll)
2026-10-03T08:22:13 8.882 INF [MODS]     Loaded Mod: ANAN-BloodDisplay (3.0.0.252)
2026-10-03T08:22:13 8.883 INF [MODS]   Trying to load from folder: '【单补丁】V3.0.0+b252+树和草数量减2倍'
2026-10-03T08:22:13 8.884 INF [MODS]     Loaded Mod: ANAN-NumberOfReduced (3.0.0.252)
2026-10-03T08:22:13 8.885 INF [MODS]   Trying to load from folder: '【单补丁】V3.0.0+b252+熔炉冶炼格子+1'
2026-10-03T08:22:13 8.886 INF [MODS]     Loaded Mod: ANAN-FurnaceMeltingLattice (3.0.0.252)
2026-10-03T08:22:13 8.887 INF [MODS]   Trying to load from folder: '【单补丁】V3.0.0+b252+物品叠加'
2026-10-03T08:22:13 8.888 INF [MODS]     Loaded Mod: ANAN-StackNumber (3.0.0.252)
2026-10-03T08:22:13 8.889 INF [MODS]   Trying to load from folder: '【单补丁】V3.0.0+b252+载具储物箱扩容'
2026-10-03T08:22:13 8.892 INF [MODS]     Loaded Mod: ANAN-VehicleStorageExpansion (1.1.0.4 )
2026-10-03T08:22:13 8.893 INF [MODS]   Trying to load from folder: '0_TFP_Harmony'
2026-10-03T08:22:13 8.896 INF [MODS]     Loaded assembly 0Harmony (in D:\Steam\steamapps\common\7 Days To Die\Mods\0_TFP_Harmony\0Harmony.dll)
2026-10-03T08:22:13 8.899 INF [MODS]     Loaded assembly Mono.Cecil (in D:\Steam\steamapps\common\7 Days To Die\Mods\0_TFP_Harmony\Mono.Cecil.dll)
2026-10-03T08:22:13 8.901 INF [MODS]     Loaded assembly Mono.Cecil.Mdb (in D:\Steam\steamapps\common\7 Days To Die\Mods\0_TFP_Harmony\Mono.Cecil.Mdb.dll)
2026-10-03T08:22:13 8.904 INF [MODS]     Loaded assembly Mono.Cecil.Pdb (in D:\Steam\steamapps\common\7 Days To Die\Mods\0_TFP_Harmony\Mono.Cecil.Pdb.dll)
2026-10-03T08:22:13 8.907 INF [MODS]     Loaded assembly Mono.Cecil.Rocks (in D:\Steam\steamapps\common\7 Days To Die\Mods\0_TFP_Harmony\Mono.Cecil.Rocks.dll)
2026-10-03T08:22:13 8.910 INF [MODS]     Loaded assembly MonoMod.Backports (in D:\Steam\steamapps\common\7 Days To Die\Mods\0_TFP_Harmony\MonoMod.Backports.dll)
2026-10-03T08:22:13 8.913 INF [MODS]     Loaded assembly MonoMod.Core (in D:\Steam\steamapps\common\7 Days To Die\Mods\0_TFP_Harmony\MonoMod.Core.dll)
2026-10-03T08:22:13 8.915 INF [MODS]     Loaded assembly MonoMod.Iced (in D:\Steam\steamapps\common\7 Days To Die\Mods\0_TFP_Harmony\MonoMod.Iced.dll)
2026-10-03T08:22:13 8.917 INF [MODS]     Loaded assembly MonoMod.ILHelpers (in D:\Steam\steamapps\common\7 Days To Die\Mods\0_TFP_Harmony\MonoMod.ILHelpers.dll)
2026-10-03T08:22:13 8.921 INF [MODS]     Loaded assembly MonoMod.RuntimeDetour (in D:\Steam\steamapps\common\7 Days To Die\Mods\0_TFP_Harmony\MonoMod.RuntimeDetour.dll)
2026-10-03T08:22:13 8.923 INF [MODS]     Loaded assembly MonoMod.Utils (in D:\Steam\steamapps\common\7 Days To Die\Mods\0_TFP_Harmony\MonoMod.Utils.dll)
2026-10-03T08:22:13 8.927 INF [MODS]     Loaded assembly System.ValueTuple (in D:\Steam\steamapps\common\7 Days To Die\Mods\0_TFP_Harmony\System.ValueTuple.dll)
2026-10-03T08:22:13 8.930 INF [MODS]     Loaded assembly TfpHarmony (in D:\Steam\steamapps\common\7 Days To Die\Mods\0_TFP_Harmony\TfpHarmony.dll)
2026-10-03T08:22:13 8.931 INF [MODS]     Loaded Mod: TFP_Harmony (1.1.0.4)
2026-10-03T08:22:13 8.932 INF [MODS]   Trying to load from folder: '新建文件夹'
2026-10-03T08:22:13 8.933 WRN [MODS]     Folder 新建文件夹 does not contain a ModInfo.xml, ignoring
2026-10-03T08:22:13 8.934 INF [MODS] Initializing mod code
2026-10-03T08:22:13 8.935 INF [MODS]   Initializing mod TFP_Harmony
2026-10-03T08:22:13 8.957 INF [MODS]     Found ModAPI in assembly TfpHarmony (in D:\Steam\steamapps\common\7 Days To Die\Mods\0_TFP_Harmony\TfpHarmony.dll), creating instance
2026-10-03T08:22:13 8.959 INF [MODS]       [Harmony] Init done
Fallback handler could not load library D:/Steam/steamapps/common/7 Days To Die/7DaysToDie_Data/MonoBleedingEdge/data-000002548EA13120.dll
2026-10-03T08:22:13 9.221 INF [MODS]     Initialized code in mod 'TFP_Harmony' in assembly TfpHarmony (in D:\Steam\steamapps\common\7 Days To Die\Mods\0_TFP_Harmony\TfpHarmony.dll)
2026-10-03T08:22:13 9.222 INF [MODS]   Initializing mod MC7DTD-Bridge
2026-10-03T08:22:13 9.223 INF [MODS]     Found ModAPI in assembly MC7DTD.Bridge (in D:\wenjian\minecraft\7-M\runtime\7dtd\Mods\MC7DTD-Bridge\MC7DTD.Bridge.dll), creating instance
2026-10-03T08:22:13 9.287 INF [MODS]     Initialized code in mod 'MC7DTD-Bridge' in assembly MC7DTD.Bridge (in D:\wenjian\minecraft\7-M\runtime\7dtd\Mods\MC7DTD-Bridge\MC7DTD.Bridge.dll)
2026-10-03T08:22:13 9.288 INF [MODS]   Initializing mod ANAN-BloodDisplay
2026-10-03T08:22:13 9.288 INF [MODS]     Found ModAPI in assembly ananBloodDisplay (in D:\Steam\steamapps\common\7 Days To Die\Mods\【单补丁】V3.0.0+b252+显示怪物血量（美化版）（常显已包含此MOD）\ANANBloodDisplay.dll), creating instance
[ANAN-BloodDisplay] 强制开启 实体生命值条 / 显示实体伤害 已加载
2026-10-03T08:22:13 9.300 INF [MODS]     Initialized code in mod 'ANAN-BloodDisplay' in assembly ananBloodDisplay (in D:\Steam\steamapps\common\7 Days To Die\Mods\【单补丁】V3.0.0+b252+显示怪物血量（美化版）（常显已包含此MOD）\ANANBloodDisplay.dll)
2026-10-03T08:22:13 9.301 INF [MODS] Loading done
2026-10-03T08:22:13 9.344 INF Loading permissions file at 'D:\wenjian\minecraft\7-M\runtime\7dtd\Saves/serveradmin.xml'
2026-10-03T08:22:13 9.351 INF [MC7DTD] Bridge connected
2026-10-03T08:22:13 9.352 INF [MC7DTD] 7DTD connected
2026-10-03T08:22:13 9.354 INF [MC7DTD] Test received from minecraft: Hello from Minecraft
2026-10-03T08:22:13 9.358 INF Loading permissions file done.
2026-10-03T08:22:13 9.379 INF Creating TransformDebug GameObject
2026-10-03T08:22:13 9.407 INF GameSense server not found (no props file), disabling
2026-10-03T08:22:13 9.414 INF [PartyQuests] Initialized
2026-10-03T08:22:13 9.422 INF Awake done in 986 ms
2026-10-03T08:22:14 9.553 INF [XUi] Instantiating XUi from default prefab.
2026-10-03T08:22:14 9.647 INF [XUi] Loading XUi asynchronously
2026-10-03T08:22:14 10.093 INF Reloading serveradmin.xml
2026-10-03T08:22:14 10.094 INF Loading permissions file at 'D:\wenjian\minecraft\7-M\runtime\7dtd\Saves/serveradmin.xml'
2026-10-03T08:22:14 10.096 INF Permissions file unchanged, skipping reloading
2026-10-03T08:22:14 10.163 WRN Retrieving remote news file 'NewsFeatured.xml' failed: FileNotFound (File not found)
2026-10-03T08:22:14 10.174 WRN Retrieving remote news file 'News.xml' failed: FileNotFound (File not found)
2026-10-03T08:22:17 13.298 INF [XUi] Parsing all window groups completed in 3528 ms total.
2026-10-03T08:22:17 13.345 INF Updated culture for display texts
2026-10-03T08:22:17 13.361 WRN UIUtils: No device binding source could be found for PlayerAction GUI Apply
Cannot Prepare a disabled VideoPlayer
2026-10-03T08:22:19 14.605 INF Loaded default EULA
2026-10-03T08:22:19 15.204 INF [XUi] Initialized all window groups completed in 1731 ms total.
Direct3D: detected that using refresh rate causes time drift. Will stop trusting refresh rate until the game window is moved.
Direct3D: detected that vsync is broken (it does not limit frame rate properly). Delta time will now be calculated using cpu-side time stampling until the game window is moved.
2026-10-03T08:22:20 15.464 INF LoadTextureArraysForQuality quality -1 to 0, reload False
2026-10-03T08:22:20 16.059 INF LoadTextureArraysForQuality took 0.5930001
2026-10-03T08:22:20 16.077 INF Loaded (local): events in 0.01
2026-10-03T08:22:20 16.090 INF Loaded (local): rwgmixer in 0.01
2026-10-03T08:22:20 16.099 INF Loaded (local): archetypes in 0.00
2026-10-03T08:22:20 16.106 INF Loaded (local): loadingscreen in 0.00
2026-10-03T08:22:20 16.119 INF Added 1336 subtitle data entries and 3 speaker colors
2026-10-03T08:22:20 16.122 INF Loaded (local): subtitles in 0.01
2026-10-03T08:22:20 16.128 INF Loaded (local): videos in 0.00
2026-10-03T08:22:20 16.135 INF Loaded (local): sandbox_overrides in 0.00
2026-10-03T08:22:20 16.136 INF WorldStaticData.Init() needed 6.268 s
2026-10-03T08:22:20 16.140 INF [Steamworks.NET] User not logged in.
2026-10-03T08:22:35 31.388 WRN [Steam] Tick took exceptionally long: 32 ms
2026-10-03T08:22:50 46.216 INF Preparing quit
2026-10-03T08:22:50 46.233 INF Persistent GamePrefs saved
2026-10-03T08:22:50 46.234 INF Cleanup
2026-10-03T08:22:50 46.238 INF [Discord] Saving settings with DiscordDisabled=True
2026-10-03T08:22:50 46.246 INF Persistent GamePrefs saved
2026-10-03T08:22:50 46.264 ERR [HResult] FAILED (0x89235208 = E_XBL_NOT_INITIALIZED) Uninitialize Xbox Live.
2026-10-03T08:22:50 46.266 INF [HResult] SUCCEEDED (0x00000000 = S_OK) Uninitialize Gaming Runtime.
2026-10-03T08:22:50 46.267 INF [XBL] API Destroyed.
2026-10-03T08:22:51 47.342 INF AchievementManager.Cleanup
2026-10-03T08:22:52 47.502 INF Terminating threads
2026-10-03T08:22:52 47.503 INF OnApplicationQuit
2026-10-03T08:22:52 47.507 INF Terminating threads
2026-10-03T08:22:52 47.508 INF OnApplicationQuit
Input System module state changed to: ShutdownInProgress.
Input System polling thread exited.
Input System module state changed to: Shutdown.
Memory Statistics:
[ALLOC_TEMP_TLS] TLS Allocator
  StackAllocators : 
    [ALLOC_TEMP_MAIN]
      Peak usage frame count: [0-1.0 KB]: 44610 frames, [1.0 KB-2.0 KB]: 36 frames, [2.0 KB-4.0 KB]: 12 frames, [4.0 KB-8.0 KB]: 90 frames, [8.0 KB-16.0 KB]: 1875 frames, [16.0 KB-32.0 KB]: 4 frames, [32.0 KB-64.0 KB]: 5 frames, [64.0 KB-128.0 KB]: 2 frames, [128.0 KB-256.0 KB]: 1 frames, [256.0 KB-0.5 MB]: 15 frames, [0.5 MB-1.0 MB]: 5 frames, [1.0 MB-2.0 MB]: 3 frames, [2.0 MB-4.0 MB]: 2 frames, [4.0 MB-8.0 MB]: 1 frames
      Initial Block Size 4.0 MB
      Current Block Size 8.0 MB
      Peak Allocated Bytes 8.0 MB
      Overflow Count 25632
    [ALLOC_TEMP_Job.Worker 18]
      Initial Block Size 256.0 KB
      Current Block Size 256.0 KB
      Peak Allocated Bytes 2.6 KB
      Overflow Count 0
    [ALLOC_TEMP_Loading.PreloadManager]
      Initial Block Size 256.0 KB
      Current Block Size 0.5 MB
      Peak Allocated Bytes 511.4 KB
      Overflow Count 4128
    [ALLOC_TEMP_Background Job.Worker 8]
      Initial Block Size 32.0 KB
      Current Block Size 32.0 KB
      Peak Allocated Bytes 399 B
      Overflow Count 0
    [ALLOC_TEMP_Background Job.Worker 10]
      Initial Block Size 32.0 KB
      Current Block Size 32.0 KB
      Peak Allocated Bytes 24.7 KB
      Overflow Count 1
    [ALLOC_TEMP_Job.Worker 16]
      Initial Block Size 256.0 KB
      Current Block Size 256.0 KB
      Peak Allocated Bytes 2.6 KB
      Overflow Count 0
    [ALLOC_TEMP_Background Job.Worker 6]
      Initial Block Size 32.0 KB
      Current Block Size 32.0 KB
      Peak Allocated Bytes 27.1 KB
      Overflow Count 1
    [ALLOC_TEMP_Job.Worker 4]
      Initial Block Size 256.0 KB
      Current Block Size 256.0 KB
      Peak Allocated Bytes 11.3 KB
      Overflow Count 0
    [ALLOC_TEMP_Job.Worker 14]
      Initial Block Size 256.0 KB
      Current Block Size 256.0 KB
      Peak Allocated Bytes 2.6 KB
      Overflow Count 0
    [ALLOC_TEMP_Job.Worker 17]
      Initial Block Size 256.0 KB
      Current Block Size 256.0 KB
      Peak Allocated Bytes 2.6 KB
      Overflow Count 0
    [ALLOC_TEMP_Job.Worker 3]
      Initial Block Size 256.0 KB
      Current Block Size 256.0 KB
      Peak Allocated Bytes 45.9 KB
      Overflow Count 0
    [ALLOC_TEMP_Background Job.Worker 12]
      Initial Block Size 32.0 KB
      Current Block Size 32.0 KB
      Peak Allocated Bytes 23.5 KB
      Overflow Count 0
    [ALLOC_TEMP_Background Job.Worker 1]
      Initial Block Size 32.0 KB
      Current Block Size 64.0 KB
      Peak Allocated Bytes 63.0 KB
      Overflow Count 0
    [ALLOC_TEMP_AssetGarbageCollectorHelper] x 23
      Initial Block Size 64.0 KB
      Current Block Size 64.0 KB
      Peak Allocated Bytes 138 B
      Overflow Count 0
    [ALLOC_TEMP_Background Job.Worker 5]
      Initial Block Size 32.0 KB
      Current Block Size 32.0 KB
      Peak Allocated Bytes 2.2 KB
      Overflow Count 0
    [ALLOC_TEMP_Background Job.Worker 13]
      Initial Block Size 32.0 KB
      Current Block Size 52.0 KB
      Peak Allocated Bytes 49.8 KB
      Overflow Count 0
    [ALLOC_TEMP_Background Job.Worker 11]
      Initial Block Size 32.0 KB
      Current Block Size 32.0 KB
      Peak Allocated Bytes 23.7 KB
      Overflow Count 0
    [ALLOC_TEMP_Job.Worker 2]
      Initial Block Size 256.0 KB
      Current Block Size 256.0 KB
      Peak Allocated Bytes 49.8 KB
      Overflow Count 0
    [ALLOC_TEMP_Background Job.Worker 3]
      Initial Block Size 32.0 KB
      Current Block Size 48.0 KB
      Peak Allocated Bytes 44.0 KB
      Overflow Count 1
    [ALLOC_TEMP_Background Job.Worker 0]
      Initial Block Size 32.0 KB
      Current Block Size 40.0 KB
      Peak Allocated Bytes 38.2 KB
      Overflow Count 0
    [ALLOC_TEMP_Job.Worker 20]
      Initial Block Size 256.0 KB
      Current Block Size 256.0 KB
      Peak Allocated Bytes 2.6 KB
      Overflow Count 0
    [ALLOC_TEMP_Job.Worker 11]
      Initial Block Size 256.0 KB
      Current Block Size 256.0 KB
      Peak Allocated Bytes 2.6 KB
      Overflow Count 0
    [ALLOC_TEMP_Background Job.Worker 4]
      Initial Block Size 32.0 KB
      Current Block Size 32.0 KB
      Peak Allocated Bytes 20.7 KB
      Overflow Count 0
    [ALLOC_TEMP_BatchDeleteObjects]
      Initial Block Size 64.0 KB
      Current Block Size 64.0 KB
      Peak Allocated Bytes 54 B
      Overflow Count 0
    [ALLOC_TEMP_Background Job.Worker 9]
      Initial Block Size 32.0 KB
      Current Block Size 56.0 KB
      Peak Allocated Bytes 53.7 KB
      Overflow Count 0
    [ALLOC_TEMP_Job.Worker 0]
      Initial Block Size 256.0 KB
      Current Block Size 256.0 KB
      Peak Allocated Bytes 2.6 KB
      Overflow Count 0
    [ALLOC_TEMP_Job.Worker 21]
      Initial Block Size 256.0 KB
      Current Block Size 256.0 KB
      Peak Allocated Bytes 2.6 KB
      Overflow Count 0
    [ALLOC_TEMP_Job.Worker 5]
      Initial Block Size 256.0 KB
      Current Block Size 256.0 KB
      Peak Allocated Bytes 7.8 KB
      Overflow Count 0
    [ALLOC_TEMP_Background Job.Worker 14]
      Initial Block Size 32.0 KB
      Current Block Size 32.0 KB
      Peak Allocated Bytes 8.0 KB
      Overflow Count 0
    [ALLOC_TEMP_Job.Worker 6]
      Initial Block Size 256.0 KB
      Current Block Size 256.0 KB
      Peak Allocated Bytes 4.1 KB
      Overflow Count 0
    [ALLOC_TEMP_Job.Worker 13]
      Initial Block Size 256.0 KB
      Current Block Size 256.0 KB
      Peak Allocated Bytes 2.6 KB
      Overflow Count 0
    [ALLOC_TEMP_EnlightenWorker] x 12
      Initial Block Size 64.0 KB
      Current Block Size 64.0 KB
      Peak Allocated Bytes 54 B
      Overflow Count 0
    [ALLOC_TEMP_Background Job.Worker 15]
      Initial Block Size 32.0 KB
      Current Block Size 32.0 KB
      Peak Allocated Bytes 2.2 KB
      Overflow Count 0
    [ALLOC_TEMP_Background Job.Worker 2]
      Initial Block Size 32.0 KB
      Current Block Size 48.0 KB
      Peak Allocated Bytes 45.9 KB
      Overflow Count 1
    [ALLOC_TEMP_Background Job.Worker 7]
      Initial Block Size 32.0 KB
      Current Block Size 32.0 KB
      Peak Allocated Bytes 31.3 KB
      Overflow Count 1
    [ALLOC_TEMP_Job.Worker 22]
      Initial Block Size 256.0 KB
      Current Block Size 256.0 KB
      Peak Allocated Bytes 2.6 KB
      Overflow Count 0
    [ALLOC_TEMP_UnityGfxDeviceWorker]
      Initial Block Size 256.0 KB
      Current Block Size 256.0 KB
      Peak Allocated Bytes 63.6 KB
      Overflow Count 0
    [ALLOC_TEMP_Job.Worker 9]
      Initial Block Size 256.0 KB
      Current Block Size 256.0 KB
      Peak Allocated Bytes 2.6 KB
      Overflow Count 0
    [ALLOC_TEMP_Job.Worker 8]
      Initial Block Size 256.0 KB
      Current Block Size 256.0 KB
      Peak Allocated Bytes 2.6 KB
      Overflow Count 0
    [ALLOC_TEMP_Job.Worker 7]
      Initial Block Size 256.0 KB
      Current Block Size 256.0 KB
      Peak Allocated Bytes 2.6 KB
      Overflow Count 0
    [ALLOC_TEMP_Job.Worker 1]
      Initial Block Size 256.0 KB
      Current Block Size 256.0 KB
      Peak Allocated Bytes 3.1 KB
      Overflow Count 0
    [ALLOC_TEMP_Job.Worker 10]
      Initial Block Size 256.0 KB
      Current Block Size 256.0 KB
      Peak Allocated Bytes 2.6 KB
      Overflow Count 0
    [ALLOC_TEMP_Job.Worker 15]
      Initial Block Size 256.0 KB
      Current Block Size 256.0 KB
      Peak Allocated Bytes 2.6 KB
      Overflow Count 0
    [ALLOC_TEMP_Job.Worker 19]
      Initial Block Size 256.0 KB
      Current Block Size 256.0 KB
      Peak Allocated Bytes 2.6 KB
      Overflow Count 0
    [ALLOC_TEMP_Job.Worker 12]
      Initial Block Size 256.0 KB
      Current Block Size 256.0 KB
      Peak Allocated Bytes 2.6 KB
      Overflow Count 0
    [ALLOC_TEMP_Loading.AsyncRead]
      Initial Block Size 64.0 KB
      Current Block Size 128.0 KB
      Peak Allocated Bytes 128.0 KB
      Overflow Count 0
[ALLOC_DEFAULT] Dual Thread Allocator
  Peak main deferred allocation count 120981
    [ALLOC_BUCKET]
      Large Block size 4.0 MB
      Used Block count 1
      Peak Allocated bytes 4.0 MB
      Failed Allocations. Bucket layout:
        16B: 4 Subsections = 4096 buckets. Failed count: 319675
        32B: 37 Subsections = 18944 buckets. Failed count: 212970
        48B: 30 Subsections = 10240 buckets. Failed count: 107953
        64B: 26 Subsections = 6656 buckets. Failed count: 111353
        80B: 66 Subsections = 13516 buckets. Failed count: 81877
        96B: 72 Subsections = 12288 buckets. Failed count: 75058
        112B: 12 Subsections = 1755 buckets. Failed count: 12647
        128B: 9 Subsections = 1152 buckets. Failed count: 41318
    [ALLOC_DEFAULT_MAIN]
      Peak usage frame count: [16.0 MB-32.0 MB]: 1797 frames, [32.0 MB-64.0 MB]: 19 frames, [64.0 MB-128.0 MB]: 44845 frames
      Requested Block Size 16.0 MB
      Peak Block count 7
      Peak Allocated memory 97.7 MB
      Peak Large allocation bytes 39.2 MB
    [ALLOC_DEFAULT_THREAD]
      Peak usage frame count: [8.0 MB-16.0 MB]: 11 frames, [16.0 MB-32.0 MB]: 44406 frames, [64.0 MB-128.0 MB]: 47 frames, [128.0 MB-256.0 MB]: 2197 frames
      Requested Block Size 16.0 MB
      Peak Block count 17
      Peak Allocated memory 230.5 MB
      Peak Large allocation bytes 135.7 MB
[ALLOC_TEMP_JOB_1_FRAME]
  Initial Block Size 2.0 MB
  Used Block Count 0
  Overflow Count (too large) 0
  Overflow Count (full) 0
[ALLOC_TEMP_JOB_2_FRAMES]
  Initial Block Size 2.0 MB
  Used Block Count 0
  Overflow Count (too large) 0
  Overflow Count (full) 0
[ALLOC_TEMP_JOB_4_FRAMES (JobTemp)]
  Initial Block Size 2.0 MB
  Used Block Count 1
  Overflow Count (too large) 1
  Overflow Count (full) 0
[ALLOC_TEMP_JOB_ASYNC (Background)]
  Initial Block Size 1.0 MB
  Used Block Count 1
  Overflow Count (too large) 1
  Overflow Count (full) 0
[ALLOC_GFX] Dual Thread Allocator
  Peak main deferred allocation count 3
    [ALLOC_BUCKET]
      Large Block size 4.0 MB
      Used Block count 1
      Peak Allocated bytes 4.0 MB
      Failed Allocations. Bucket layout:
        16B: 4 Subsections = 4096 buckets. Failed count: 319675
        32B: 37 Subsections = 18944 buckets. Failed count: 212970
        48B: 30 Subsections = 10240 buckets. Failed count: 107953
        64B: 26 Subsections = 6656 buckets. Failed count: 111353
        80B: 66 Subsections = 13516 buckets. Failed count: 81877
        96B: 72 Subsections = 12288 buckets. Failed count: 75058
        112B: 12 Subsections = 1755 buckets. Failed count: 12647
        128B: 9 Subsections = 1152 buckets. Failed count: 41318
    [ALLOC_GFX_MAIN]
      Peak usage frame count: [32.0 KB-64.0 KB]: 21 frames, [64.0 KB-128.0 KB]: 1771 frames, [128.0 KB-256.0 KB]: 5 frames, [256.0 KB-0.5 MB]: 108 frames, [0.5 MB-1.0 MB]: 52 frames, [1.0 MB-2.0 MB]: 44704 frames
      Requested Block Size 16.0 MB
      Peak Block count 1
      Peak Allocated memory 1.4 MB
      Peak Large allocation bytes 0 B
    [ALLOC_GFX_THREAD]
      Peak usage frame count: [0-1.0 KB]: 4 frames, [128.0 KB-256.0 KB]: 86 frames, [256.0 KB-0.5 MB]: 1689 frames, [0.5 MB-1.0 MB]: 1 frames, [4.0 MB-8.0 MB]: 91 frames, [8.0 MB-16.0 MB]: 87 frames, [16.0 MB-32.0 MB]: 44703 frames
      Requested Block Size 16.0 MB
      Peak Block count 2
      Peak Allocated memory 22.1 MB
      Peak Large allocation bytes 0 B
[ALLOC_CACHEOBJECTS] Dual Thread Allocator
  Peak main deferred allocation count 432
    [ALLOC_BUCKET]
      Large Block size 4.0 MB
      Used Block count 1
      Peak Allocated bytes 4.0 MB
      Failed Allocations. Bucket layout:
        16B: 4 Subsections = 4096 buckets. Failed count: 319675
        32B: 37 Subsections = 18944 buckets. Failed count: 212970
        48B: 30 Subsections = 10240 buckets. Failed count: 107953
        64B: 26 Subsections = 6656 buckets. Failed count: 111353
        80B: 66 Subsections = 13516 buckets. Failed count: 81877
        96B: 72 Subsections = 12288 buckets. Failed count: 75058
        112B: 12 Subsections = 1755 buckets. Failed count: 12647
        128B: 9 Subsections = 1152 buckets. Failed count: 41318
    [ALLOC_CACHEOBJECTS_MAIN]
      Peak usage frame count: [4.0 MB-8.0 MB]: 1778 frames, [8.0 MB-16.0 MB]: 44883 frames
      Requested Block Size 4.0 MB
      Peak Block count 5
      Peak Allocated memory 13.8 MB
      Peak Large allocation bytes 3.6 MB
    [ALLOC_CACHEOBJECTS_THREAD]
      Peak usage frame count: [64.0 KB-128.0 KB]: 3 frames, [128.0 KB-256.0 KB]: 1 frames, [8.0 MB-16.0 MB]: 1764 frames, [16.0 MB-32.0 MB]: 7 frames, [32.0 MB-64.0 MB]: 1 frames, [64.0 MB-128.0 MB]: 3 frames, [128.0 MB-256.0 MB]: 44873 frames, [256.0 MB-0.50 GB]: 9 frames
      Requested Block Size 4.0 MB
      Peak Block count 51
      Peak Allocated memory 321.0 MB
      Peak Large allocation bytes 131.2 MB
[ALLOC_TYPETREE] Dual Thread Allocator
  Peak main deferred allocation count 1
    [ALLOC_BUCKET]
      Large Block size 4.0 MB
      Used Block count 1
      Peak Allocated bytes 4.0 MB
      Failed Allocations. Bucket layout:
        16B: 4 Subsections = 4096 buckets. Failed count: 319675
        32B: 37 Subsections = 18944 buckets. Failed count: 212970
        48B: 30 Subsections = 10240 buckets. Failed count: 107953
        64B: 26 Subsections = 6656 buckets. Failed count: 111353
        80B: 66 Subsections = 13516 buckets. Failed count: 81877
        96B: 72 Subsections = 12288 buckets. Failed count: 75058
        112B: 12 Subsections = 1755 buckets. Failed count: 12647
        128B: 9 Subsections = 1152 buckets. Failed count: 41318
    [ALLOC_TYPETREE_MAIN]
      Peak usage frame count: [4.0 KB-8.0 KB]: 1769 frames, [8.0 KB-16.0 KB]: 44892 frames
      Requested Block Size 2.0 MB
      Peak Block count 1
      Peak Allocated memory 12.8 KB
      Peak Large allocation bytes 0 B
    [ALLOC_TYPETREE_THREAD]
      Peak usage frame count: [0-1.0 KB]: 4 frames, [2.0 KB-4.0 KB]: 1765 frames, [256.0 KB-0.5 MB]: 2 frames, [0.5 MB-1.0 MB]: 4 frames, [2.0 MB-4.0 MB]: 3 frames, [4.0 MB-8.0 MB]: 44883 frames
      Requested Block Size 2.0 MB
      Peak Block count 4
      Peak Allocated memory 7.3 MB
      Peak Large allocation bytes 0 B
