[18:20:28] [main/INFO]: Loading Minecraft 1.21.11 with Fabric Loader 0.18.4
[18:20:28] [main/INFO]: Loading 49 mods:
	- fabric-api 0.140.2+1.21.11
	   |-- fabric-api-base 1.0.5+4ebb5c083e
	   |-- fabric-api-lookup-api-v1 1.6.113+1fb1cde93e
	   |-- fabric-biome-api-v1 17.1.1+4fc5413f3e
	   |-- fabric-block-api-v1 1.1.10+4ebb5c083e
	   |-- fabric-block-view-api-v2 1.0.39+4ebb5c083e
	   |-- fabric-command-api-v2 2.4.7+6b42a6003e
	   |-- fabric-content-registries-v0 10.2.14+4fc5413f3e
	   |-- fabric-convention-tags-v1 2.1.55+7f945d5b3e
	   |-- fabric-convention-tags-v2 2.17.3+8ef948ba3e
	   |-- fabric-crash-report-info-v1 0.3.23+4ebb5c083e
	   |-- fabric-data-attachment-api-v1 1.8.44+1fb1cde93e
	   |-- fabric-data-generation-api-v1 23.4.0+69974c4e3e
	   |-- fabric-dimensions-v1 4.0.28+4fc5413f3e
	   |-- fabric-entity-events-v1 3.0.5+4ebb5c083e
	   |-- fabric-events-interaction-v0 4.0.44+1fb1cde93e
	   |-- fabric-game-rule-api-v1 2.0.3+4fc5413f3e
	   |-- fabric-item-api-v1 11.5.20+d0c46b9e3e
	   |-- fabric-item-group-api-v1 4.2.36+4fc5413f3e
	   |-- fabric-key-binding-api-v1 1.1.7+4fc5413f3e
	   |-- fabric-lifecycle-events-v1 2.6.15+4ebb5c083e
	   |-- fabric-loot-api-v2 3.0.73+3f89f5a53e
	   |-- fabric-loot-api-v3 2.0.20+78c8b4663e
	   |-- fabric-message-api-v1 6.1.12+4ebb5c083e
	   |-- fabric-model-loading-api-v1 6.0.13+4fc5413f3e
	   |-- fabric-networking-api-v1 5.1.5+ae1e07683e
	   |-- fabric-object-builder-api-v1 21.1.39+4fc5413f3e
	   |-- fabric-particles-v1 4.2.11+4fc5413f3e
	   |-- fabric-recipe-api-v1 8.2.3+4ebb5c083e
	   |-- fabric-registry-sync-v0 6.2.5+1718722b3e
	   |-- fabric-renderer-api-v1 8.0.1+f4ffd2e53e
	   |-- fabric-renderer-indigo 5.0.1+f4ffd2e53e
	   |-- fabric-rendering-fluids-v1 3.1.43+4ebb5c083e
	   |-- fabric-rendering-v1 16.2.8+f4ffd2e53e
	   |-- fabric-resource-conditions-api-v1 5.0.35+4fc5413f3e
	   |-- fabric-resource-loader-v0 3.3.4+4fc5413f3e
	   |-- fabric-resource-loader-v1 1.0.10+78c8b4663e
	   |-- fabric-screen-api-v1 3.1.7+4ebb5c083e
	   |-- fabric-screen-handler-api-v1 1.3.161+4fc5413f3e
	   |-- fabric-serialization-api-v1 1.0.5+4ebb5c083e
	   |-- fabric-sound-api-v1 1.0.51+4fc5413f3e
	   |-- fabric-tag-api-v1 1.2.20+4fc5413f3e
	   |-- fabric-transfer-api-v1 6.0.24+4fc5413f3e
	   \-- fabric-transitive-access-wideners-v1 7.1.0+014c8cec3e
	- fabricloader 0.18.4
	   \-- mixinextras 0.5.0
	- java 21
	- mc7dtd_bridge 0.1.0
	- minecraft 1.21.11
[18:20:28] [main/INFO]: SpongePowered MIXIN Subsystem Version=0.8.7 Source=file:/D:/wenjian/minecraft/.minecraft/libraries/net/fabricmc/sponge-mixin/0.17.0+mixin.0.8.7/sponge-mixin-0.17.0+mixin.0.8.7.jar Service=Knot/Fabric Env=CLIENT
[18:20:28] [main/INFO]: Compatibility level set to JAVA_21
[18:20:29] [main/INFO]: Initializing MixinExtras via com.llamalad7.mixinextras.service.MixinExtrasServiceImpl(version=0.5.0).
[18:20:30] [Datafixer Bootstrap/INFO]: 287 Datafixer optimizations took 534 milliseconds
[18:20:36] [main/INFO]: Completely ignored arguments: []
[18:20:36] [Render thread/INFO]: Environment: Environment[sessionHost=https://sessionserver.mojang.com, servicesHost=https://api.minecraftservices.com, profilesHost=https://api.mojang.com, name=PROD]
[18:20:36] [Render thread/INFO]: Setting user: MC7DTD-Test
[18:20:36] [Render thread/INFO]: [Indigo] Registering Indigo renderer!
[18:20:36] [MC7DTD-websocket/INFO]: Bridge connected
[18:20:36] [MC7DTD-websocket/INFO]: Minecraft connected
[18:20:36] [MC7DTD-websocket/INFO]: Test received from 7dtd: Hello from 7DTD
[18:20:37] [Render thread/INFO]: Backend library: LWJGL version 3.3.3-snapshot
[18:20:37] [Download-2/ERROR]: Failed to fetch user properties
com.mojang.authlib.exceptions.InvalidCredentialsException: Status: 401
	at knot//com.mojang.authlib.exceptions.MinecraftClientHttpException.toAuthenticationException(MinecraftClientHttpException.java:59)
	at knot//com.mojang.authlib.yggdrasil.YggdrasilUserApiService.fetchProperties(YggdrasilUserApiService.java:150)
	at knot//net.minecraft.class_310.method_55608(class_310.java:457)
	at java.base/java.util.concurrent.CompletableFuture$AsyncSupply.run(CompletableFuture.java:1768)
	at java.base/java.util.concurrent.ThreadPoolExecutor.runWorker(ThreadPoolExecutor.java:1144)
	at java.base/java.util.concurrent.ThreadPoolExecutor$Worker.run(ThreadPoolExecutor.java:642)
	at java.base/java.lang.Thread.run(Thread.java:1583)
Caused by: com.mojang.authlib.exceptions.MinecraftClientHttpException: Status: 401
	at knot//com.mojang.authlib.minecraft.client.MinecraftClient.readInputStream(MinecraftClient.java:103)
	at knot//com.mojang.authlib.minecraft.client.MinecraftClient.get(MinecraftClient.java:56)
	at knot//com.mojang.authlib.yggdrasil.YggdrasilUserApiService.fetchProperties(YggdrasilUserApiService.java:121)
	... 5 more
[18:20:37] [Render thread/INFO]: Using optional rendering extensions: GL_ARB_buffer_storage, GL_KHR_debug, GL_ARB_vertex_attrib_binding, GL_ARB_direct_state_access, GL_EXT_texture_filter_anisotropic
[18:20:38] [Render thread/INFO]: Reloading ResourceManager: vanilla, fabric-api, fabric-api-base, fabric-api-lookup-api-v1, fabric-biome-api-v1, fabric-block-api-v1, fabric-block-view-api-v2, fabric-command-api-v2, fabric-content-registries-v0, fabric-convention-tags-v1, fabric-convention-tags-v2, fabric-crash-report-info-v1, fabric-data-attachment-api-v1, fabric-data-generation-api-v1, fabric-dimensions-v1, fabric-entity-events-v1, fabric-events-interaction-v0, fabric-game-rule-api-v1, fabric-item-api-v1, fabric-item-group-api-v1, fabric-key-binding-api-v1, fabric-lifecycle-events-v1, fabric-loot-api-v2, fabric-loot-api-v3, fabric-message-api-v1, fabric-model-loading-api-v1, fabric-networking-api-v1, fabric-object-builder-api-v1, fabric-particles-v1, fabric-recipe-api-v1, fabric-registry-sync-v0, fabric-renderer-api-v1, fabric-renderer-indigo, fabric-rendering-fluids-v1, fabric-rendering-v1, fabric-resource-conditions-api-v1, fabric-resource-loader-v0, fabric-resource-loader-v1, fabric-screen-api-v1, fabric-screen-handler-api-v1, fabric-serialization-api-v1, fabric-sound-api-v1, fabric-tag-api-v1, fabric-transfer-api-v1, fabric-transitive-access-wideners-v1, fabricloader
[18:20:38] [Worker-Main-16/INFO]: Found unifont_all_no_pua-17.0.01.hex, loading
[18:20:38] [Worker-Main-4/INFO]: Found unifont_pua-17.0.01.hex, loading
[18:20:38] [Worker-Main-22/INFO]: Found unifont_jp_patch-17.0.01.hex, loading
[18:20:39] [Download-1/INFO]: Could not authorize you against Realms server: java.lang.RuntimeException: Failed to parse into SignedJWT: 0
[18:20:39] [Download-1/ERROR]: Failed to fetch Realms feature flags
net.minecraft.class_4355: Realms authentication error with message 'java.lang.RuntimeException: Failed to parse into SignedJWT: 0'
	at knot//net.minecraft.class_4341.method_20998(class_4341.java:526)
	at knot//net.minecraft.class_4341.method_68466(class_4341.java:186)
	at java.base/java.util.concurrent.CompletableFuture$AsyncSupply.run(CompletableFuture.java:1768)
	at java.base/java.util.concurrent.ThreadPoolExecutor.runWorker(ThreadPoolExecutor.java:1144)
	at java.base/java.util.concurrent.ThreadPoolExecutor$Worker.run(ThreadPoolExecutor.java:642)
	at java.base/java.lang.Thread.run(Thread.java:1583)
[18:20:40] [Render thread/INFO]: OpenAL initialized on device OpenAL Soft on 扬声器 (Realtek(R) Audio)
[18:20:40] [Render thread/INFO]: Sound engine started
[18:20:40] [Render thread/INFO]: Created: 512x256x0 minecraft:textures/atlas/particles.png-atlas
[18:20:40] [Render thread/INFO]: Created: 128x128x0 minecraft:textures/atlas/decorated_pot.png-atlas
[18:20:40] [Render thread/INFO]: Created: 2048x1024x0 minecraft:textures/atlas/armor_trims.png-atlas
[18:20:40] [Render thread/INFO]: Created: 512x256x0 minecraft:textures/atlas/paintings.png-atlas
[18:20:40] [Render thread/INFO]: Created: 1024x512x0 minecraft:textures/atlas/shield_patterns.png-atlas
[18:20:40] [Render thread/INFO]: Created: 2048x2048x4 minecraft:textures/atlas/blocks.png-atlas
[18:20:40] [Render thread/INFO]: Created: 512x512x0 minecraft:textures/atlas/chest.png-atlas
[18:20:40] [Render thread/INFO]: Created: 256x128x0 minecraft:textures/atlas/celestials.png-atlas
[18:20:40] [Render thread/INFO]: Created: 1024x512x0 minecraft:textures/atlas/banner_patterns.png-atlas
[18:20:40] [Render thread/INFO]: Created: 512x512x0 minecraft:textures/atlas/beds.png-atlas
[18:20:40] [Render thread/INFO]: Created: 1024x512x0 minecraft:textures/atlas/items.png-atlas
[18:20:40] [Render thread/INFO]: Created: 1024x1024x0 minecraft:textures/atlas/gui.png-atlas
[18:20:40] [Render thread/INFO]: Created: 128x64x0 minecraft:textures/atlas/map_decorations.png-atlas
[18:20:40] [Render thread/INFO]: Created: 512x256x0 minecraft:textures/atlas/signs.png-atlas
[18:20:40] [Render thread/INFO]: Created: 512x512x0 minecraft:textures/atlas/shulker_boxes.png-atlas
[18:20:41] [IO-Worker-1/INFO]: Could not authorize you against Realms server: java.lang.RuntimeException: Failed to parse into SignedJWT: 0
[18:20:41] [IO-Worker-1/ERROR]: Couldn't connect to realms
net.minecraft.class_4355: Realms authentication error with message 'java.lang.RuntimeException: Failed to parse into SignedJWT: 0'
	at knot//net.minecraft.class_4341.method_20998(class_4341.java:526)
	at knot//net.minecraft.class_4341.method_21027(class_4341.java:307)
	at knot//net.minecraft.class_8647.method_52627(class_8647.java:48)
	at java.base/java.util.concurrent.CompletableFuture$AsyncSupply.run(CompletableFuture.java:1768)
	at java.base/java.util.concurrent.ThreadPoolExecutor.runWorker(ThreadPoolExecutor.java:1144)
	at java.base/java.util.concurrent.ThreadPoolExecutor$Worker.run(ThreadPoolExecutor.java:642)
	at java.base/java.lang.Thread.run(Thread.java:1583)
[18:21:09] [MC7DTD-websocket/INFO]: Bridge disconnected; retry in 3 seconds
[18:21:12] [MC7DTD-websocket/INFO]: Bridge connected
[18:21:12] [MC7DTD-websocket/INFO]: Minecraft connected
[18:21:35] [MC7DTD-websocket/INFO]: Test received from 7dtd: Hello from 7DTD
[18:22:28] [Render thread/INFO]: Loaded 1470 recipes
[18:22:28] [Render thread/INFO]: Loaded 1584 advancements
[18:22:28] [Render thread/INFO]: Applied 0 biome modifications to 0 of 65 new biomes in 963.9 μs
[18:22:28] [Server thread/INFO]: Starting integrated minecraft server version 1.21.11
[18:22:28] [Server thread/INFO]: Generating keypair
[18:22:29] [Server thread/INFO]: Loading 0 persistent chunks...
[18:22:29] [Server thread/INFO]: 准备生成区域中：16%
[18:22:29] [Server thread/INFO]: Loading 49 chunks for player spawn...
[18:22:29] [Server thread/INFO]: 准备生成区域中：16%
[18:22:30] [Server thread/INFO]: Time elapsed: 901 ms
[18:22:30] [Server thread/INFO]: MC7DTD-Test[local:E:f304f161] logged in with entity id 68 at (-45.51388970501728, 68.0, 71.32531693427028)
[18:22:30] [Server thread/INFO]: MC7DTD-Test加入了游戏
[18:22:30] [Server thread/INFO]: Changing view distance to 16, from 10
[18:22:30] [Server thread/INFO]: Changing simulation distance to 12, from 0
[18:22:30] [Render thread/INFO]: Resizing Dynamic Transforms UBO, capacity limit of 2 reached during a single frame. New capacity will be 4.
[18:22:30] [Render thread/INFO]: Loaded 69 advancements
[18:22:30] [MC7DTD-entity-test-send/INFO]: Player proxy sent: {"type":"entity_state","version":1,"source":"minecraft","entity_type":"minecraft:player","entity_id":"0b9400a1-627c-470f-8d18-e4da51e2ca6d","stream_id":"a6c67531-c503-42ed-84fa-565dccefcfab","world_id":"mc-cf4dce40-2be1-372b-b914-917f5dcc644c","dimension":"minecraft:overworld","sequence":1,"lifecycle":{"event":"spawn"},"metadata":{},"position":{"x":-45.51388970501728,"y":68.0,"z":71.32531693427028,"space":"minecraft"},"rotation":{"yaw":85.19818115234375,"pitch":13.499781608581543,"roll":0}}
[18:22:30] [Render thread/INFO]: Resizing Dynamic Transforms UBO, capacity limit of 4 reached during a single frame. New capacity will be 8.
[18:22:31] [Render thread/INFO]: Resizing Chunk Sections UBO, capacity limit of 2 reached during a single frame. New capacity will be 4.
[18:22:31] [Render thread/INFO]: Resizing Chunk Sections UBO, capacity limit of 4 reached during a single frame. New capacity will be 8.
[18:22:31] [Render thread/INFO]: Resizing Chunk Sections UBO, capacity limit of 8 reached during a single frame. New capacity will be 16.
[18:22:31] [Render thread/INFO]: Resizing Dynamic Transforms UBO, capacity limit of 8 reached during a single frame. New capacity will be 16.
[18:22:31] [MC7DTD-entity-test-send/INFO]: Player proxy sent: {"type":"entity_state","version":1,"source":"minecraft","entity_type":"minecraft:player","entity_id":"0b9400a1-627c-470f-8d18-e4da51e2ca6d","stream_id":"a6c67531-c503-42ed-84fa-565dccefcfab","world_id":"mc-cf4dce40-2be1-372b-b914-917f5dcc644c","dimension":"minecraft:overworld","sequence":2,"lifecycle":{"event":"update"},"metadata":{},"position":{"x":-45.51388970501728,"y":68.0,"z":71.32531693427028,"space":"minecraft"},"rotation":{"yaw":85.19818115234375,"pitch":13.499781608581543,"roll":0}}
[18:22:31] [Render thread/INFO]: Resizing Chunk Sections UBO, capacity limit of 16 reached during a single frame. New capacity will be 32.
[18:22:31] [Render thread/INFO]: Resizing Chunk Sections UBO, capacity limit of 32 reached during a single frame. New capacity will be 64.
[18:22:31] [Server thread/INFO]: Saving and pausing game...
[18:22:31] [Server thread/INFO]: Saving chunks for level 'ServerLevel[Demo World]'/minecraft:overworld
[18:22:31] [Render thread/INFO]: Resizing Chunk Sections UBO, capacity limit of 64 reached during a single frame. New capacity will be 128.
[18:22:31] [Server thread/INFO]: Saving chunks for level 'ServerLevel[Demo World]'/minecraft:the_nether
[18:22:31] [Server thread/INFO]: Saving chunks for level 'ServerLevel[Demo World]'/minecraft:the_end
[18:22:34] [MC7DTD-entity-test-send/INFO]: Player proxy sent: {"type":"entity_state","version":1,"source":"minecraft","entity_type":"minecraft:player","entity_id":"0b9400a1-627c-470f-8d18-e4da51e2ca6d","stream_id":"a6c67531-c503-42ed-84fa-565dccefcfab","world_id":"mc-cf4dce40-2be1-372b-b914-917f5dcc644c","dimension":"minecraft:overworld","sequence":3,"lifecycle":{"event":"update"},"metadata":{},"position":{"x":-45.51388970501728,"y":68.0,"z":71.32531693427028,"space":"minecraft"},"rotation":{"yaw":85.19818115234375,"pitch":13.499781608581543,"roll":0}}
[18:22:34] [Render thread/INFO]: Resizing Chunk Sections UBO, capacity limit of 128 reached during a single frame. New capacity will be 256.
[18:22:34] [MC7DTD-entity-test-send/INFO]: Player proxy sent: {"type":"entity_state","version":1,"source":"minecraft","entity_type":"minecraft:player","entity_id":"0b9400a1-627c-470f-8d18-e4da51e2ca6d","stream_id":"a6c67531-c503-42ed-84fa-565dccefcfab","world_id":"mc-cf4dce40-2be1-372b-b914-917f5dcc644c","dimension":"minecraft:overworld","sequence":4,"lifecycle":{"event":"update"},"metadata":{},"position":{"x":-45.51388970501728,"y":68.0,"z":71.32531693427028,"space":"minecraft"},"rotation":{"yaw":80.54817962646484,"pitch":3.599780797958374,"roll":0}}
[18:22:34] [Render thread/INFO]: Resizing Chunk Sections UBO, capacity limit of 256 reached during a single frame. New capacity will be 512.
[18:22:35] [MC7DTD-entity-test-send/INFO]: Player proxy sent: {"type":"entity_state","version":1,"source":"minecraft","entity_type":"minecraft:player","entity_id":"0b9400a1-627c-470f-8d18-e4da51e2ca6d","stream_id":"a6c67531-c503-42ed-84fa-565dccefcfab","world_id":"mc-cf4dce40-2be1-372b-b914-917f5dcc644c","dimension":"minecraft:overworld","sequence":5,"lifecycle":{"event":"update"},"metadata":{},"position":{"x":-45.51388970501728,"y":68.0,"z":71.32531693427028,"space":"minecraft"},"rotation":{"yaw":80.54817962646484,"pitch":3.149780750274658,"roll":0}}
[18:22:35] [Render thread/INFO]: Resizing Chunk Sections UBO, capacity limit of 512 reached during a single frame. New capacity will be 1024.
[18:22:35] [MC7DTD-entity-test-send/INFO]: Player proxy sent: {"type":"entity_state","version":1,"source":"minecraft","entity_type":"minecraft:player","entity_id":"0b9400a1-627c-470f-8d18-e4da51e2ca6d","stream_id":"a6c67531-c503-42ed-84fa-565dccefcfab","world_id":"mc-cf4dce40-2be1-372b-b914-917f5dcc644c","dimension":"minecraft:overworld","sequence":6,"lifecycle":{"event":"update"},"metadata":{},"position":{"x":-45.51388970501728,"y":68.0,"z":71.32531693427028,"space":"minecraft"},"rotation":{"yaw":80.54817962646484,"pitch":3.149780750274658,"roll":0}}
[18:22:36] [MC7DTD-entity-test-send/INFO]: Player proxy sent: {"type":"entity_state","version":1,"source":"minecraft","entity_type":"minecraft:player","entity_id":"0b9400a1-627c-470f-8d18-e4da51e2ca6d","stream_id":"a6c67531-c503-42ed-84fa-565dccefcfab","world_id":"mc-cf4dce40-2be1-372b-b914-917f5dcc644c","dimension":"minecraft:overworld","sequence":7,"lifecycle":{"event":"update"},"metadata":{},"position":{"x":-45.51388970501728,"y":68.0,"z":71.32531693427028,"space":"minecraft"},"rotation":{"yaw":80.54817962646484,"pitch":3.149780750274658,"roll":0}}
[18:22:36] [MC7DTD-entity-test-send/INFO]: Player proxy sent: {"type":"entity_state","version":1,"source":"minecraft","entity_type":"minecraft:player","entity_id":"0b9400a1-627c-470f-8d18-e4da51e2ca6d","stream_id":"a6c67531-c503-42ed-84fa-565dccefcfab","world_id":"mc-cf4dce40-2be1-372b-b914-917f5dcc644c","dimension":"minecraft:overworld","sequence":8,"lifecycle":{"event":"update"},"metadata":{},"position":{"x":-45.51388970501728,"y":68.0,"z":71.32531693427028,"space":"minecraft"},"rotation":{"yaw":80.54817962646484,"pitch":3.149780750274658,"roll":0}}
[18:22:37] [MC7DTD-entity-test-send/INFO]: Player proxy sent: {"type":"entity_state","version":1,"source":"minecraft","entity_type":"minecraft:player","entity_id":"0b9400a1-627c-470f-8d18-e4da51e2ca6d","stream_id":"a6c67531-c503-42ed-84fa-565dccefcfab","world_id":"mc-cf4dce40-2be1-372b-b914-917f5dcc644c","dimension":"minecraft:overworld","sequence":9,"lifecycle":{"event":"update"},"metadata":{},"position":{"x":-45.51388970501728,"y":68.0,"z":71.32531693427028,"space":"minecraft"},"rotation":{"yaw":80.54817962646484,"pitch":3.149780750274658,"roll":0}}
[18:22:37] [MC7DTD-entity-test-send/INFO]: Player proxy sent: {"type":"entity_state","version":1,"source":"minecraft","entity_type":"minecraft:player","entity_id":"0b9400a1-627c-470f-8d18-e4da51e2ca6d","stream_id":"a6c67531-c503-42ed-84fa-565dccefcfab","world_id":"mc-cf4dce40-2be1-372b-b914-917f5dcc644c","dimension":"minecraft:overworld","sequence":10,"lifecycle":{"event":"update"},"metadata":{},"position":{"x":-45.51388970501728,"y":68.0,"z":71.32531693427028,"space":"minecraft"},"rotation":{"yaw":80.54817962646484,"pitch":3.149780750274658,"roll":0}}
[18:22:38] [MC7DTD-entity-test-send/INFO]: Player proxy sent: {"type":"entity_state","version":1,"source":"minecraft","entity_type":"minecraft:player","entity_id":"0b9400a1-627c-470f-8d18-e4da51e2ca6d","stream_id":"a6c67531-c503-42ed-84fa-565dccefcfab","world_id":"mc-cf4dce40-2be1-372b-b914-917f5dcc644c","dimension":"minecraft:overworld","sequence":11,"lifecycle":{"event":"update"},"metadata":{},"position":{"x":-45.51388970501728,"y":68.0,"z":71.32531693427028,"space":"minecraft"},"rotation":{"yaw":80.54817962646484,"pitch":3.149780750274658,"roll":0}}
[18:22:38] [MC7DTD-entity-test-send/INFO]: Player proxy sent: {"type":"entity_state","version":1,"source":"minecraft","entity_type":"minecraft:player","entity_id":"0b9400a1-627c-470f-8d18-e4da51e2ca6d","stream_id":"a6c67531-c503-42ed-84fa-565dccefcfab","world_id":"mc-cf4dce40-2be1-372b-b914-917f5dcc644c","dimension":"minecraft:overworld","sequence":12,"lifecycle":{"event":"update"},"metadata":{},"position":{"x":-45.51388970501728,"y":68.0,"z":71.32531693427028,"space":"minecraft"},"rotation":{"yaw":80.54817962646484,"pitch":3.149780750274658,"roll":0}}
[18:22:39] [MC7DTD-entity-test-send/INFO]: Player proxy sent: {"type":"entity_state","version":1,"source":"minecraft","entity_type":"minecraft:player","entity_id":"0b9400a1-627c-470f-8d18-e4da51e2ca6d","stream_id":"a6c67531-c503-42ed-84fa-565dccefcfab","world_id":"mc-cf4dce40-2be1-372b-b914-917f5dcc644c","dimension":"minecraft:overworld","sequence":13,"lifecycle":{"event":"update"},"metadata":{},"position":{"x":-45.51388970501728,"y":68.0,"z":71.32531693427028,"space":"minecraft"},"rotation":{"yaw":80.54817962646484,"pitch":3.149780750274658,"roll":0}}
[18:22:40] [MC7DTD-entity-test-send/INFO]: Player proxy sent: {"type":"entity_state","version":1,"source":"minecraft","entity_type":"minecraft:player","entity_id":"0b9400a1-627c-470f-8d18-e4da51e2ca6d","stream_id":"a6c67531-c503-42ed-84fa-565dccefcfab","world_id":"mc-cf4dce40-2be1-372b-b914-917f5dcc644c","dimension":"minecraft:overworld","sequence":14,"lifecycle":{"event":"update"},"metadata":{},"position":{"x":-45.51388970501728,"y":68.0,"z":71.32531693427028,"space":"minecraft"},"rotation":{"yaw":80.54817962646484,"pitch":3.149780750274658,"roll":0}}
[18:22:40] [MC7DTD-entity-test-send/INFO]: Player proxy sent: {"type":"entity_state","version":1,"source":"minecraft","entity_type":"minecraft:player","entity_id":"0b9400a1-627c-470f-8d18-e4da51e2ca6d","stream_id":"a6c67531-c503-42ed-84fa-565dccefcfab","world_id":"mc-cf4dce40-2be1-372b-b914-917f5dcc644c","dimension":"minecraft:overworld","sequence":15,"lifecycle":{"event":"update"},"metadata":{},"position":{"x":-45.51388970501728,"y":68.0,"z":71.32531693427028,"space":"minecraft"},"rotation":{"yaw":80.54817962646484,"pitch":3.149780750274658,"roll":0}}
[18:22:41] [MC7DTD-entity-test-send/INFO]: Player proxy sent: {"type":"entity_state","version":1,"source":"minecraft","entity_type":"minecraft:player","entity_id":"0b9400a1-627c-470f-8d18-e4da51e2ca6d","stream_id":"a6c67531-c503-42ed-84fa-565dccefcfab","world_id":"mc-cf4dce40-2be1-372b-b914-917f5dcc644c","dimension":"minecraft:overworld","sequence":16,"lifecycle":{"event":"update"},"metadata":{},"position":{"x":-45.51388970501728,"y":68.0,"z":71.32531693427028,"space":"minecraft"},"rotation":{"yaw":80.54817962646484,"pitch":3.149780750274658,"roll":0}}
[18:22:41] [MC7DTD-entity-test-send/INFO]: Player proxy sent: {"type":"entity_state","version":1,"source":"minecraft","entity_type":"minecraft:player","entity_id":"0b9400a1-627c-470f-8d18-e4da51e2ca6d","stream_id":"a6c67531-c503-42ed-84fa-565dccefcfab","world_id":"mc-cf4dce40-2be1-372b-b914-917f5dcc644c","dimension":"minecraft:overworld","sequence":17,"lifecycle":{"event":"update"},"metadata":{},"position":{"x":-45.51388970501728,"y":68.0,"z":71.32531693427028,"space":"minecraft"},"rotation":{"yaw":80.54817962646484,"pitch":3.149780750274658,"roll":0}}
[18:22:42] [MC7DTD-entity-test-send/INFO]: Player proxy sent: {"type":"entity_state","version":1,"source":"minecraft","entity_type":"minecraft:player","entity_id":"0b9400a1-627c-470f-8d18-e4da51e2ca6d","stream_id":"a6c67531-c503-42ed-84fa-565dccefcfab","world_id":"mc-cf4dce40-2be1-372b-b914-917f5dcc644c","dimension":"minecraft:overworld","sequence":18,"lifecycle":{"event":"update"},"metadata":{},"position":{"x":-45.51388970501728,"y":68.0,"z":71.32531693427028,"space":"minecraft"},"rotation":{"yaw":80.54817962646484,"pitch":3.149780750274658,"roll":0}}
[18:22:42] [MC7DTD-entity-test-send/INFO]: Player proxy sent: {"type":"entity_state","version":1,"source":"minecraft","entity_type":"minecraft:player","entity_id":"0b9400a1-627c-470f-8d18-e4da51e2ca6d","stream_id":"a6c67531-c503-42ed-84fa-565dccefcfab","world_id":"mc-cf4dce40-2be1-372b-b914-917f5dcc644c","dimension":"minecraft:overworld","sequence":19,"lifecycle":{"event":"update"},"metadata":{},"position":{"x":-45.51388970501728,"y":68.0,"z":71.32531693427028,"space":"minecraft"},"rotation":{"yaw":80.54817962646484,"pitch":3.149780750274658,"roll":0}}
[18:22:43] [MC7DTD-entity-test-send/INFO]: Player proxy sent: {"type":"entity_state","version":1,"source":"minecraft","entity_type":"minecraft:player","entity_id":"0b9400a1-627c-470f-8d18-e4da51e2ca6d","stream_id":"a6c67531-c503-42ed-84fa-565dccefcfab","world_id":"mc-cf4dce40-2be1-372b-b914-917f5dcc644c","dimension":"minecraft:overworld","sequence":20,"lifecycle":{"event":"update"},"metadata":{},"position":{"x":-45.51388970501728,"y":68.0,"z":71.32531693427028,"space":"minecraft"},"rotation":{"yaw":80.54817962646484,"pitch":3.149780750274658,"roll":0}}
[18:22:43] [MC7DTD-entity-test-send/INFO]: Player proxy sent: {"type":"entity_state","version":1,"source":"minecraft","entity_type":"minecraft:player","entity_id":"0b9400a1-627c-470f-8d18-e4da51e2ca6d","stream_id":"a6c67531-c503-42ed-84fa-565dccefcfab","world_id":"mc-cf4dce40-2be1-372b-b914-917f5dcc644c","dimension":"minecraft:overworld","sequence":21,"lifecycle":{"event":"update"},"metadata":{},"position":{"x":-45.51388970501728,"y":68.0,"z":71.32531693427028,"space":"minecraft"},"rotation":{"yaw":80.54817962646484,"pitch":3.149780750274658,"roll":0}}
[18:22:44] [MC7DTD-entity-test-send/INFO]: Player proxy sent: {"type":"entity_state","version":1,"source":"minecraft","entity_type":"minecraft:player","entity_id":"0b9400a1-627c-470f-8d18-e4da51e2ca6d","stream_id":"a6c67531-c503-42ed-84fa-565dccefcfab","world_id":"mc-cf4dce40-2be1-372b-b914-917f5dcc644c","dimension":"minecraft:overworld","sequence":22,"lifecycle":{"event":"update"},"metadata":{},"position":{"x":-45.51388970501728,"y":68.0,"z":71.32531693427028,"space":"minecraft"},"rotation":{"yaw":80.54817962646484,"pitch":3.149780750274658,"roll":0}}
[18:22:44] [MC7DTD-entity-test-send/INFO]: Player proxy sent: {"type":"entity_state","version":1,"source":"minecraft","entity_type":"minecraft:player","entity_id":"0b9400a1-627c-470f-8d18-e4da51e2ca6d","stream_id":"a6c67531-c503-42ed-84fa-565dccefcfab","world_id":"mc-cf4dce40-2be1-372b-b914-917f5dcc644c","dimension":"minecraft:overworld","sequence":23,"lifecycle":{"event":"update"},"metadata":{},"position":{"x":-45.51388970501728,"y":68.0,"z":71.32531693427028,"space":"minecraft"},"rotation":{"yaw":80.54817962646484,"pitch":3.149780750274658,"roll":0}}
[18:22:45] [MC7DTD-entity-test-send/INFO]: Player proxy sent: {"type":"entity_state","version":1,"source":"minecraft","entity_type":"minecraft:player","entity_id":"0b9400a1-627c-470f-8d18-e4da51e2ca6d","stream_id":"a6c67531-c503-42ed-84fa-565dccefcfab","world_id":"mc-cf4dce40-2be1-372b-b914-917f5dcc644c","dimension":"minecraft:overworld","sequence":24,"lifecycle":{"event":"update"},"metadata":{},"position":{"x":-45.51388970501728,"y":68.0,"z":71.32531693427028,"space":"minecraft"},"rotation":{"yaw":80.54817962646484,"pitch":3.149780750274658,"roll":0}}
[18:22:45] [MC7DTD-entity-test-send/INFO]: Player proxy sent: {"type":"entity_state","version":1,"source":"minecraft","entity_type":"minecraft:player","entity_id":"0b9400a1-627c-470f-8d18-e4da51e2ca6d","stream_id":"a6c67531-c503-42ed-84fa-565dccefcfab","world_id":"mc-cf4dce40-2be1-372b-b914-917f5dcc644c","dimension":"minecraft:overworld","sequence":25,"lifecycle":{"event":"update"},"metadata":{},"position":{"x":-45.51388970501728,"y":68.0,"z":71.32531693427028,"space":"minecraft"},"rotation":{"yaw":80.54817962646484,"pitch":3.149780750274658,"roll":0}}
[18:22:46] [MC7DTD-entity-test-send/INFO]: Player proxy sent: {"type":"entity_state","version":1,"source":"minecraft","entity_type":"minecraft:player","entity_id":"0b9400a1-627c-470f-8d18-e4da51e2ca6d","stream_id":"a6c67531-c503-42ed-84fa-565dccefcfab","world_id":"mc-cf4dce40-2be1-372b-b914-917f5dcc644c","dimension":"minecraft:overworld","sequence":26,"lifecycle":{"event":"update"},"metadata":{},"position":{"x":-45.51388970501728,"y":68.0,"z":71.32531693427028,"space":"minecraft"},"rotation":{"yaw":80.54817962646484,"pitch":3.149780750274658,"roll":0}}
[18:22:46] [MC7DTD-entity-test-send/INFO]: Player proxy sent: {"type":"entity_state","version":1,"source":"minecraft","entity_type":"minecraft:player","entity_id":"0b9400a1-627c-470f-8d18-e4da51e2ca6d","stream_id":"a6c67531-c503-42ed-84fa-565dccefcfab","world_id":"mc-cf4dce40-2be1-372b-b914-917f5dcc644c","dimension":"minecraft:overworld","sequence":27,"lifecycle":{"event":"update"},"metadata":{},"position":{"x":-45.51388970501728,"y":68.0,"z":71.32531693427028,"space":"minecraft"},"rotation":{"yaw":80.54817962646484,"pitch":3.149780750274658,"roll":0}}
[18:22:47] [MC7DTD-entity-test-send/INFO]: Player proxy sent: {"type":"entity_state","version":1,"source":"minecraft","entity_type":"minecraft:player","entity_id":"0b9400a1-627c-470f-8d18-e4da51e2ca6d","stream_id":"a6c67531-c503-42ed-84fa-565dccefcfab","world_id":"mc-cf4dce40-2be1-372b-b914-917f5dcc644c","dimension":"minecraft:overworld","sequence":28,"lifecycle":{"event":"update"},"metadata":{},"position":{"x":-45.51388970501728,"y":68.0,"z":71.32531693427028,"space":"minecraft"},"rotation":{"yaw":80.54817962646484,"pitch":3.149780750274658,"roll":0}}
[18:22:47] [MC7DTD-entity-test-send/INFO]: Player proxy sent: {"type":"entity_state","version":1,"source":"minecraft","entity_type":"minecraft:player","entity_id":"0b9400a1-627c-470f-8d18-e4da51e2ca6d","stream_id":"a6c67531-c503-42ed-84fa-565dccefcfab","world_id":"mc-cf4dce40-2be1-372b-b914-917f5dcc644c","dimension":"minecraft:overworld","sequence":29,"lifecycle":{"event":"update"},"metadata":{},"position":{"x":-45.51388970501728,"y":68.0,"z":71.32531693427028,"space":"minecraft"},"rotation":{"yaw":80.54817962646484,"pitch":3.149780750274658,"roll":0}}
[18:22:48] [MC7DTD-entity-test-send/INFO]: Player proxy sent: {"type":"entity_state","version":1,"source":"minecraft","entity_type":"minecraft:player","entity_id":"0b9400a1-627c-470f-8d18-e4da51e2ca6d","stream_id":"a6c67531-c503-42ed-84fa-565dccefcfab","world_id":"mc-cf4dce40-2be1-372b-b914-917f5dcc644c","dimension":"minecraft:overworld","sequence":30,"lifecycle":{"event":"update"},"metadata":{},"position":{"x":-45.51388970501728,"y":68.0,"z":71.32531693427028,"space":"minecraft"},"rotation":{"yaw":80.54817962646484,"pitch":3.149780750274658,"roll":0}}
[18:22:48] [MC7DTD-entity-test-send/INFO]: Player proxy sent: {"type":"entity_state","version":1,"source":"minecraft","entity_type":"minecraft:player","entity_id":"0b9400a1-627c-470f-8d18-e4da51e2ca6d","stream_id":"a6c67531-c503-42ed-84fa-565dccefcfab","world_id":"mc-cf4dce40-2be1-372b-b914-917f5dcc644c","dimension":"minecraft:overworld","sequence":31,"lifecycle":{"event":"update"},"metadata":{},"position":{"x":-45.51388970501728,"y":68.0,"z":71.32531693427028,"space":"minecraft"},"rotation":{"yaw":80.54817962646484,"pitch":3.149780750274658,"roll":0}}
[18:22:49] [MC7DTD-entity-test-send/INFO]: Player proxy sent: {"type":"entity_state","version":1,"source":"minecraft","entity_type":"minecraft:player","entity_id":"0b9400a1-627c-470f-8d18-e4da51e2ca6d","stream_id":"a6c67531-c503-42ed-84fa-565dccefcfab","world_id":"mc-cf4dce40-2be1-372b-b914-917f5dcc644c","dimension":"minecraft:overworld","sequence":32,"lifecycle":{"event":"update"},"metadata":{},"position":{"x":-45.51388970501728,"y":68.0,"z":71.32531693427028,"space":"minecraft"},"rotation":{"yaw":80.54817962646484,"pitch":3.149780750274658,"roll":0}}
[18:22:49] [MC7DTD-entity-test-send/INFO]: Player proxy sent: {"type":"entity_state","version":1,"source":"minecraft","entity_type":"minecraft:player","entity_id":"0b9400a1-627c-470f-8d18-e4da51e2ca6d","stream_id":"a6c67531-c503-42ed-84fa-565dccefcfab","world_id":"mc-cf4dce40-2be1-372b-b914-917f5dcc644c","dimension":"minecraft:overworld","sequence":33,"lifecycle":{"event":"update"},"metadata":{},"position":{"x":-45.51388970501728,"y":68.0,"z":71.32531693427028,"space":"minecraft"},"rotation":{"yaw":80.54817962646484,"pitch":3.149780750274658,"roll":0}}
[18:22:50] [MC7DTD-entity-test-send/INFO]: Player proxy sent: {"type":"entity_state","version":1,"source":"minecraft","entity_type":"minecraft:player","entity_id":"0b9400a1-627c-470f-8d18-e4da51e2ca6d","stream_id":"a6c67531-c503-42ed-84fa-565dccefcfab","world_id":"mc-cf4dce40-2be1-372b-b914-917f5dcc644c","dimension":"minecraft:overworld","sequence":34,"lifecycle":{"event":"update"},"metadata":{},"position":{"x":-45.51388970501728,"y":68.0,"z":71.32531693427028,"space":"minecraft"},"rotation":{"yaw":80.54817962646484,"pitch":3.149780750274658,"roll":0}}
[18:22:51] [MC7DTD-entity-test-send/INFO]: Player proxy sent: {"type":"entity_state","version":1,"source":"minecraft","entity_type":"minecraft:player","entity_id":"0b9400a1-627c-470f-8d18-e4da51e2ca6d","stream_id":"a6c67531-c503-42ed-84fa-565dccefcfab","world_id":"mc-cf4dce40-2be1-372b-b914-917f5dcc644c","dimension":"minecraft:overworld","sequence":35,"lifecycle":{"event":"update"},"metadata":{},"position":{"x":-45.51388970501728,"y":68.0,"z":71.32531693427028,"space":"minecraft"},"rotation":{"yaw":80.54817962646484,"pitch":3.149780750274658,"roll":0}}
[18:22:51] [MC7DTD-entity-test-send/INFO]: Player proxy sent: {"type":"entity_state","version":1,"source":"minecraft","entity_type":"minecraft:player","entity_id":"0b9400a1-627c-470f-8d18-e4da51e2ca6d","stream_id":"a6c67531-c503-42ed-84fa-565dccefcfab","world_id":"mc-cf4dce40-2be1-372b-b914-917f5dcc644c","dimension":"minecraft:overworld","sequence":36,"lifecycle":{"event":"update"},"metadata":{},"position":{"x":-45.51388970501728,"y":68.0,"z":71.32531693427028,"space":"minecraft"},"rotation":{"yaw":80.54817962646484,"pitch":3.149780750274658,"roll":0}}
[18:22:52] [MC7DTD-entity-test-send/INFO]: Player proxy sent: {"type":"entity_state","version":1,"source":"minecraft","entity_type":"minecraft:player","entity_id":"0b9400a1-627c-470f-8d18-e4da51e2ca6d","stream_id":"a6c67531-c503-42ed-84fa-565dccefcfab","world_id":"mc-cf4dce40-2be1-372b-b914-917f5dcc644c","dimension":"minecraft:overworld","sequence":37,"lifecycle":{"event":"update"},"metadata":{},"position":{"x":-45.51388970501728,"y":68.0,"z":71.32531693427028,"space":"minecraft"},"rotation":{"yaw":80.54817962646484,"pitch":3.149780750274658,"roll":0}}
[18:22:52] [MC7DTD-entity-test-send/INFO]: Player proxy sent: {"type":"entity_state","version":1,"source":"minecraft","entity_type":"minecraft:player","entity_id":"0b9400a1-627c-470f-8d18-e4da51e2ca6d","stream_id":"a6c67531-c503-42ed-84fa-565dccefcfab","world_id":"mc-cf4dce40-2be1-372b-b914-917f5dcc644c","dimension":"minecraft:overworld","sequence":38,"lifecycle":{"event":"update"},"metadata":{},"position":{"x":-45.51388970501728,"y":68.0,"z":71.32531693427028,"space":"minecraft"},"rotation":{"yaw":80.54817962646484,"pitch":3.149780750274658,"roll":0}}
[18:22:53] [MC7DTD-entity-test-send/INFO]: Player proxy sent: {"type":"entity_state","version":1,"source":"minecraft","entity_type":"minecraft:player","entity_id":"0b9400a1-627c-470f-8d18-e4da51e2ca6d","stream_id":"a6c67531-c503-42ed-84fa-565dccefcfab","world_id":"mc-cf4dce40-2be1-372b-b914-917f5dcc644c","dimension":"minecraft:overworld","sequence":39,"lifecycle":{"event":"update"},"metadata":{},"position":{"x":-45.51388970501728,"y":68.0,"z":71.32531693427028,"space":"minecraft"},"rotation":{"yaw":80.54817962646484,"pitch":3.149780750274658,"roll":0}}
[18:22:53] [MC7DTD-entity-test-send/INFO]: Player proxy sent: {"type":"entity_state","version":1,"source":"minecraft","entity_type":"minecraft:player","entity_id":"0b9400a1-627c-470f-8d18-e4da51e2ca6d","stream_id":"a6c67531-c503-42ed-84fa-565dccefcfab","world_id":"mc-cf4dce40-2be1-372b-b914-917f5dcc644c","dimension":"minecraft:overworld","sequence":40,"lifecycle":{"event":"update"},"metadata":{},"position":{"x":-45.51388970501728,"y":68.0,"z":71.32531693427028,"space":"minecraft"},"rotation":{"yaw":80.54817962646484,"pitch":3.149780750274658,"roll":0}}
[18:22:54] [MC7DTD-entity-test-send/INFO]: Player proxy sent: {"type":"entity_state","version":1,"source":"minecraft","entity_type":"minecraft:player","entity_id":"0b9400a1-627c-470f-8d18-e4da51e2ca6d","stream_id":"a6c67531-c503-42ed-84fa-565dccefcfab","world_id":"mc-cf4dce40-2be1-372b-b914-917f5dcc644c","dimension":"minecraft:overworld","sequence":41,"lifecycle":{"event":"update"},"metadata":{},"position":{"x":-45.51388970501728,"y":68.0,"z":71.32531693427028,"space":"minecraft"},"rotation":{"yaw":80.54817962646484,"pitch":3.149780750274658,"roll":0}}
[18:22:54] [MC7DTD-entity-test-send/INFO]: Player proxy sent: {"type":"entity_state","version":1,"source":"minecraft","entity_type":"minecraft:player","entity_id":"0b9400a1-627c-470f-8d18-e4da51e2ca6d","stream_id":"a6c67531-c503-42ed-84fa-565dccefcfab","world_id":"mc-cf4dce40-2be1-372b-b914-917f5dcc644c","dimension":"minecraft:overworld","sequence":42,"lifecycle":{"event":"update"},"metadata":{},"position":{"x":-45.51388970501728,"y":68.0,"z":71.32531693427028,"space":"minecraft"},"rotation":{"yaw":80.54817962646484,"pitch":3.149780750274658,"roll":0}}
[18:22:55] [MC7DTD-entity-test-send/INFO]: Player proxy sent: {"type":"entity_state","version":1,"source":"minecraft","entity_type":"minecraft:player","entity_id":"0b9400a1-627c-470f-8d18-e4da51e2ca6d","stream_id":"a6c67531-c503-42ed-84fa-565dccefcfab","world_id":"mc-cf4dce40-2be1-372b-b914-917f5dcc644c","dimension":"minecraft:overworld","sequence":43,"lifecycle":{"event":"update"},"metadata":{},"position":{"x":-45.51388970501728,"y":68.0,"z":71.32531693427028,"space":"minecraft"},"rotation":{"yaw":80.54817962646484,"pitch":3.149780750274658,"roll":0}}
[18:22:55] [MC7DTD-entity-test-send/INFO]: Player proxy sent: {"type":"entity_state","version":1,"source":"minecraft","entity_type":"minecraft:player","entity_id":"0b9400a1-627c-470f-8d18-e4da51e2ca6d","stream_id":"a6c67531-c503-42ed-84fa-565dccefcfab","world_id":"mc-cf4dce40-2be1-372b-b914-917f5dcc644c","dimension":"minecraft:overworld","sequence":44,"lifecycle":{"event":"update"},"metadata":{},"position":{"x":-45.51388970501728,"y":68.0,"z":71.32531693427028,"space":"minecraft"},"rotation":{"yaw":80.54817962646484,"pitch":3.149780750274658,"roll":0}}
[18:22:56] [MC7DTD-entity-test-send/INFO]: Player proxy sent: {"type":"entity_state","version":1,"source":"minecraft","entity_type":"minecraft:player","entity_id":"0b9400a1-627c-470f-8d18-e4da51e2ca6d","stream_id":"a6c67531-c503-42ed-84fa-565dccefcfab","world_id":"mc-cf4dce40-2be1-372b-b914-917f5dcc644c","dimension":"minecraft:overworld","sequence":45,"lifecycle":{"event":"update"},"metadata":{},"position":{"x":-45.51388970501728,"y":68.0,"z":71.32531693427028,"space":"minecraft"},"rotation":{"yaw":80.54817962646484,"pitch":3.149780750274658,"roll":0}}
[18:22:56] [MC7DTD-entity-test-send/INFO]: Player proxy sent: {"type":"entity_state","version":1,"source":"minecraft","entity_type":"minecraft:player","entity_id":"0b9400a1-627c-470f-8d18-e4da51e2ca6d","stream_id":"a6c67531-c503-42ed-84fa-565dccefcfab","world_id":"mc-cf4dce40-2be1-372b-b914-917f5dcc644c","dimension":"minecraft:overworld","sequence":46,"lifecycle":{"event":"update"},"metadata":{},"position":{"x":-45.51388970501728,"y":68.0,"z":71.32531693427028,"space":"minecraft"},"rotation":{"yaw":80.54817962646484,"pitch":3.149780750274658,"roll":0}}
[18:22:57] [Server thread/INFO]: Saving and pausing game...
[18:22:57] [Server thread/INFO]: Saving chunks for level 'ServerLevel[Demo World]'/minecraft:overworld
[18:22:57] [Server thread/INFO]: Saving chunks for level 'ServerLevel[Demo World]'/minecraft:the_nether
[18:22:57] [Server thread/INFO]: Saving chunks for level 'ServerLevel[Demo World]'/minecraft:the_end
[18:26:09] [MC7DTD-websocket/INFO]: Bridge disconnected; retry in 3 seconds
[18:26:12] [MC7DTD-websocket/INFO]: Bridge connected
[18:26:12] [MC7DTD-websocket/INFO]: Minecraft connected
[18:26:12] [MC7DTD-websocket/INFO]: Test received from 7dtd: MC7DTD player proxy resync
[18:26:12] [MC7DTD-websocket/INFO]: Test received from 7dtd: Hello from 7DTD
[18:26:12] [MC7DTD-entity-test-send/INFO]: Player proxy sent: {"type":"entity_state","version":1,"source":"minecraft","entity_type":"minecraft:player","entity_id":"0822a4cf-94a6-4b2f-aaa8-b1d2989aaa69","stream_id":"83ce0df2-1fb2-4035-8afd-7a361a681e91","world_id":"mc-cf4dce40-2be1-372b-b914-917f5dcc644c","dimension":"minecraft:overworld","sequence":1,"lifecycle":{"event":"spawn"},"metadata":{},"position":{"x":-45.51388970501728,"y":68.0,"z":71.32531693427028,"space":"minecraft"},"rotation":{"yaw":80.54817962646484,"pitch":3.149780750274658,"roll":0}}
[18:26:53] [MC7DTD-entity-test-send/INFO]: Player proxy sent: {"type":"entity_state","version":1,"source":"minecraft","entity_type":"minecraft:player","entity_id":"0822a4cf-94a6-4b2f-aaa8-b1d2989aaa69","stream_id":"83ce0df2-1fb2-4035-8afd-7a361a681e91","world_id":"mc-cf4dce40-2be1-372b-b914-917f5dcc644c","dimension":"minecraft:overworld","sequence":2,"lifecycle":{"event":"update"},"metadata":{},"position":{"x":-45.51388970501728,"y":68.0,"z":71.32531693427028,"space":"minecraft"},"rotation":{"yaw":80.54817962646484,"pitch":3.149780750274658,"roll":0}}
[18:26:54] [MC7DTD-entity-test-send/INFO]: Player proxy sent: {"type":"entity_state","version":1,"source":"minecraft","entity_type":"minecraft:player","entity_id":"0822a4cf-94a6-4b2f-aaa8-b1d2989aaa69","stream_id":"83ce0df2-1fb2-4035-8afd-7a361a681e91","world_id":"mc-cf4dce40-2be1-372b-b914-917f5dcc644c","dimension":"minecraft:overworld","sequence":3,"lifecycle":{"event":"update"},"metadata":{},"position":{"x":-45.51388970501728,"y":68.0,"z":71.32531693427028,"space":"minecraft"},"rotation":{"yaw":80.54817962646484,"pitch":3.149780750274658,"roll":0}}
[18:26:54] [MC7DTD-entity-test-send/INFO]: Player proxy sent: {"type":"entity_state","version":1,"source":"minecraft","entity_type":"minecraft:player","entity_id":"0822a4cf-94a6-4b2f-aaa8-b1d2989aaa69","stream_id":"83ce0df2-1fb2-4035-8afd-7a361a681e91","world_id":"mc-cf4dce40-2be1-372b-b914-917f5dcc644c","dimension":"minecraft:overworld","sequence":4,"lifecycle":{"event":"update"},"metadata":{},"position":{"x":-45.51388970501728,"y":68.0,"z":71.32531693427028,"space":"minecraft"},"rotation":{"yaw":46.498199462890625,"pitch":4.799781322479248,"roll":0}}
[18:26:55] [MC7DTD-entity-test-send/INFO]: Player proxy sent: {"type":"entity_state","version":1,"source":"minecraft","entity_type":"minecraft:player","entity_id":"0822a4cf-94a6-4b2f-aaa8-b1d2989aaa69","stream_id":"83ce0df2-1fb2-4035-8afd-7a361a681e91","world_id":"mc-cf4dce40-2be1-372b-b914-917f5dcc644c","dimension":"minecraft:overworld","sequence":5,"lifecycle":{"event":"update"},"metadata":{},"position":{"x":-45.51388970501728,"y":68.0,"z":71.32531693427028,"space":"minecraft"},"rotation":{"yaw":12.148195266723633,"pitch":5.999782085418701,"roll":0}}
[18:26:55] [MC7DTD-entity-test-send/INFO]: Player proxy sent: {"type":"entity_state","version":1,"source":"minecraft","entity_type":"minecraft:player","entity_id":"0822a4cf-94a6-4b2f-aaa8-b1d2989aaa69","stream_id":"83ce0df2-1fb2-4035-8afd-7a361a681e91","world_id":"mc-cf4dce40-2be1-372b-b914-917f5dcc644c","dimension":"minecraft:overworld","sequence":6,"lifecycle":{"event":"update"},"metadata":{},"position":{"x":-45.51388970501728,"y":68.0,"z":71.32531693427028,"space":"minecraft"},"rotation":{"yaw":8.398200035095215,"pitch":6.749782562255859,"roll":0}}
[18:26:56] [MC7DTD-entity-test-send/INFO]: Player proxy sent: {"type":"entity_state","version":1,"source":"minecraft","entity_type":"minecraft:player","entity_id":"0822a4cf-94a6-4b2f-aaa8-b1d2989aaa69","stream_id":"83ce0df2-1fb2-4035-8afd-7a361a681e91","world_id":"mc-cf4dce40-2be1-372b-b914-917f5dcc644c","dimension":"minecraft:overworld","sequence":7,"lifecycle":{"event":"update"},"metadata":{},"position":{"x":-45.51388970501728,"y":68.0,"z":71.32531693427028,"space":"minecraft"},"rotation":{"yaw":357.148197889328,"pitch":8.84978199005127,"roll":0}}
[18:26:56] [MC7DTD-entity-test-send/INFO]: Player proxy sent: {"type":"entity_state","version":1,"source":"minecraft","entity_type":"minecraft:player","entity_id":"0822a4cf-94a6-4b2f-aaa8-b1d2989aaa69","stream_id":"83ce0df2-1fb2-4035-8afd-7a361a681e91","world_id":"mc-cf4dce40-2be1-372b-b914-917f5dcc644c","dimension":"minecraft:overworld","sequence":8,"lifecycle":{"event":"update"},"metadata":{},"position":{"x":-45.51388970501728,"y":68.0,"z":71.32531693427028,"space":"minecraft"},"rotation":{"yaw":357.148197889328,"pitch":8.84978199005127,"roll":0}}
[18:26:57] [MC7DTD-entity-test-send/INFO]: Player proxy sent: {"type":"entity_state","version":1,"source":"minecraft","entity_type":"minecraft:player","entity_id":"0822a4cf-94a6-4b2f-aaa8-b1d2989aaa69","stream_id":"83ce0df2-1fb2-4035-8afd-7a361a681e91","world_id":"mc-cf4dce40-2be1-372b-b914-917f5dcc644c","dimension":"minecraft:overworld","sequence":9,"lifecycle":{"event":"update"},"metadata":{},"position":{"x":-45.51388970501728,"y":68.0,"z":71.32531693427028,"space":"minecraft"},"rotation":{"yaw":357.148197889328,"pitch":8.84978199005127,"roll":0}}
[18:26:57] [MC7DTD-entity-test-send/INFO]: Player proxy sent: {"type":"entity_state","version":1,"source":"minecraft","entity_type":"minecraft:player","entity_id":"0822a4cf-94a6-4b2f-aaa8-b1d2989aaa69","stream_id":"83ce0df2-1fb2-4035-8afd-7a361a681e91","world_id":"mc-cf4dce40-2be1-372b-b914-917f5dcc644c","dimension":"minecraft:overworld","sequence":10,"lifecycle":{"event":"update"},"metadata":{},"position":{"x":-45.478417211813074,"y":68.0,"z":72.36714075377535,"space":"minecraft"},"rotation":{"yaw":358.0481983423233,"pitch":8.549782752990723,"roll":0}}
[18:26:58] [MC7DTD-entity-test-send/INFO]: Player proxy sent: {"type":"entity_state","version":1,"source":"minecraft","entity_type":"minecraft:player","entity_id":"0822a4cf-94a6-4b2f-aaa8-b1d2989aaa69","stream_id":"83ce0df2-1fb2-4035-8afd-7a361a681e91","world_id":"mc-cf4dce40-2be1-372b-b914-917f5dcc644c","dimension":"minecraft:overworld","sequence":11,"lifecycle":{"event":"update"},"metadata":{},"position":{"x":-45.46506741678717,"y":68.0,"z":72.69999998807907,"space":"minecraft"},"rotation":{"yaw":105.898193359375,"pitch":15.749778747558594,"roll":0}}
[18:26:59] [MC7DTD-entity-test-send/INFO]: Player proxy sent: {"type":"entity_state","version":1,"source":"minecraft","entity_type":"minecraft:player","entity_id":"0822a4cf-94a6-4b2f-aaa8-b1d2989aaa69","stream_id":"83ce0df2-1fb2-4035-8afd-7a361a681e91","world_id":"mc-cf4dce40-2be1-372b-b914-917f5dcc644c","dimension":"minecraft:overworld","sequence":12,"lifecycle":{"event":"update"},"metadata":{},"position":{"x":-45.46506741678717,"y":68.0,"z":72.69999998807907,"space":"minecraft"},"rotation":{"yaw":125.69820404052734,"pitch":16.94977569580078,"roll":0}}
[18:26:59] [MC7DTD-entity-test-send/INFO]: Player proxy sent: {"type":"entity_state","version":1,"source":"minecraft","entity_type":"minecraft:player","entity_id":"0822a4cf-94a6-4b2f-aaa8-b1d2989aaa69","stream_id":"83ce0df2-1fb2-4035-8afd-7a361a681e91","world_id":"mc-cf4dce40-2be1-372b-b914-917f5dcc644c","dimension":"minecraft:overworld","sequence":13,"lifecycle":{"event":"update"},"metadata":{},"position":{"x":-45.46506741678717,"y":68.0,"z":72.69999998807907,"space":"minecraft"},"rotation":{"yaw":147.29818725585938,"pitch":18.59977149963379,"roll":0}}
[18:27:00] [MC7DTD-entity-test-send/INFO]: Player proxy sent: {"type":"entity_state","version":1,"source":"minecraft","entity_type":"minecraft:player","entity_id":"0822a4cf-94a6-4b2f-aaa8-b1d2989aaa69","stream_id":"83ce0df2-1fb2-4035-8afd-7a361a681e91","world_id":"mc-cf4dce40-2be1-372b-b914-917f5dcc644c","dimension":"minecraft:overworld","sequence":14,"lifecycle":{"event":"update"},"metadata":{},"position":{"x":-45.46506741678717,"y":68.0,"z":72.69999998807907,"space":"minecraft"},"rotation":{"yaw":147.29818725585938,"pitch":18.59977149963379,"roll":0}}
[18:27:00] [MC7DTD-entity-test-send/INFO]: Player proxy sent: {"type":"entity_state","version":1,"source":"minecraft","entity_type":"minecraft:player","entity_id":"0822a4cf-94a6-4b2f-aaa8-b1d2989aaa69","stream_id":"83ce0df2-1fb2-4035-8afd-7a361a681e91","world_id":"mc-cf4dce40-2be1-372b-b914-917f5dcc644c","dimension":"minecraft:overworld","sequence":15,"lifecycle":{"event":"update"},"metadata":{},"position":{"x":-45.46506741678717,"y":68.0,"z":72.69999998807907,"space":"minecraft"},"rotation":{"yaw":147.29818725585938,"pitch":18.59977149963379,"roll":0}}
[18:27:01] [MC7DTD-entity-test-send/INFO]: Player proxy sent: {"type":"entity_state","version":1,"source":"minecraft","entity_type":"minecraft:player","entity_id":"0822a4cf-94a6-4b2f-aaa8-b1d2989aaa69","stream_id":"83ce0df2-1fb2-4035-8afd-7a361a681e91","world_id":"mc-cf4dce40-2be1-372b-b914-917f5dcc644c","dimension":"minecraft:overworld","sequence":16,"lifecycle":{"event":"update"},"metadata":{},"position":{"x":-45.46506741678717,"y":68.0,"z":72.69999998807907,"space":"minecraft"},"rotation":{"yaw":169.648193359375,"pitch":15.749778747558594,"roll":0}}
[18:27:01] [MC7DTD-entity-test-send/INFO]: Player proxy sent: {"type":"entity_state","version":1,"source":"minecraft","entity_type":"minecraft:player","entity_id":"0822a4cf-94a6-4b2f-aaa8-b1d2989aaa69","stream_id":"83ce0df2-1fb2-4035-8afd-7a361a681e91","world_id":"mc-cf4dce40-2be1-372b-b914-917f5dcc644c","dimension":"minecraft:overworld","sequence":17,"lifecycle":{"event":"update"},"metadata":{},"position":{"x":-45.46506741678717,"y":68.0,"z":72.69999998807907,"space":"minecraft"},"rotation":{"yaw":164.84817504882812,"pitch":15.749778747558594,"roll":0}}
[18:27:02] [MC7DTD-entity-test-send/INFO]: Player proxy sent: {"type":"entity_state","version":1,"source":"minecraft","entity_type":"minecraft:player","entity_id":"0822a4cf-94a6-4b2f-aaa8-b1d2989aaa69","stream_id":"83ce0df2-1fb2-4035-8afd-7a361a681e91","world_id":"mc-cf4dce40-2be1-372b-b914-917f5dcc644c","dimension":"minecraft:overworld","sequence":18,"lifecycle":{"event":"update"},"metadata":{},"position":{"x":-45.46506741678717,"y":68.0,"z":72.69999998807907,"space":"minecraft"},"rotation":{"yaw":67.04818725585938,"pitch":12.149785995483398,"roll":0}}
[18:27:02] [MC7DTD-entity-test-send/INFO]: Player proxy sent: {"type":"entity_state","version":1,"source":"minecraft","entity_type":"minecraft:player","entity_id":"0822a4cf-94a6-4b2f-aaa8-b1d2989aaa69","stream_id":"83ce0df2-1fb2-4035-8afd-7a361a681e91","world_id":"mc-cf4dce40-2be1-372b-b914-917f5dcc644c","dimension":"minecraft:overworld","sequence":19,"lifecycle":{"event":"update"},"metadata":{},"position":{"x":-45.46506741678717,"y":68.0,"z":72.69999998807907,"space":"minecraft"},"rotation":{"yaw":67.04818725585938,"pitch":12.149785995483398,"roll":0}}
[18:27:03] [MC7DTD-entity-test-send/INFO]: Player proxy sent: {"type":"entity_state","version":1,"source":"minecraft","entity_type":"minecraft:player","entity_id":"0822a4cf-94a6-4b2f-aaa8-b1d2989aaa69","stream_id":"83ce0df2-1fb2-4035-8afd-7a361a681e91","world_id":"mc-cf4dce40-2be1-372b-b914-917f5dcc644c","dimension":"minecraft:overworld","sequence":20,"lifecycle":{"event":"update"},"metadata":{},"position":{"x":-45.46506741678717,"y":68.0,"z":72.69999998807907,"space":"minecraft"},"rotation":{"yaw":29.09819221496582,"pitch":10.349790573120117,"roll":0}}
[18:27:03] [MC7DTD-entity-test-send/INFO]: Player proxy sent: {"type":"entity_state","version":1,"source":"minecraft","entity_type":"minecraft:player","entity_id":"0822a4cf-94a6-4b2f-aaa8-b1d2989aaa69","stream_id":"83ce0df2-1fb2-4035-8afd-7a361a681e91","world_id":"mc-cf4dce40-2be1-372b-b914-917f5dcc644c","dimension":"minecraft:overworld","sequence":21,"lifecycle":{"event":"update"},"metadata":{},"position":{"x":-45.46506741678717,"y":68.0,"z":72.69999998807907,"space":"minecraft"},"rotation":{"yaw":29.09819221496582,"pitch":10.349790573120117,"roll":0}}
[18:27:04] [MC7DTD-entity-test-send/INFO]: Player proxy sent: {"type":"entity_state","version":1,"source":"minecraft","entity_type":"minecraft:player","entity_id":"0822a4cf-94a6-4b2f-aaa8-b1d2989aaa69","stream_id":"83ce0df2-1fb2-4035-8afd-7a361a681e91","world_id":"mc-cf4dce40-2be1-372b-b914-917f5dcc644c","dimension":"minecraft:overworld","sequence":22,"lifecycle":{"event":"update"},"metadata":{},"position":{"x":-45.46506741678717,"y":68.0,"z":72.69999998807907,"space":"minecraft"},"rotation":{"yaw":29.09819221496582,"pitch":10.349790573120117,"roll":0}}
[18:27:04] [MC7DTD-entity-test-send/INFO]: Player proxy sent: {"type":"entity_state","version":1,"source":"minecraft","entity_type":"minecraft:player","entity_id":"0822a4cf-94a6-4b2f-aaa8-b1d2989aaa69","stream_id":"83ce0df2-1fb2-4035-8afd-7a361a681e91","world_id":"mc-cf4dce40-2be1-372b-b914-917f5dcc644c","dimension":"minecraft:overworld","sequence":23,"lifecycle":{"event":"update"},"metadata":{},"position":{"x":-45.46506741678717,"y":68.0,"z":72.69999998807907,"space":"minecraft"},"rotation":{"yaw":51.44818115234375,"pitch":13.199786186218262,"roll":0}}
[18:27:05] [MC7DTD-entity-test-send/INFO]: Player proxy sent: {"type":"entity_state","version":1,"source":"minecraft","entity_type":"minecraft:player","entity_id":"0822a4cf-94a6-4b2f-aaa8-b1d2989aaa69","stream_id":"83ce0df2-1fb2-4035-8afd-7a361a681e91","world_id":"mc-cf4dce40-2be1-372b-b914-917f5dcc644c","dimension":"minecraft:overworld","sequence":24,"lifecycle":{"event":"update"},"metadata":{},"position":{"x":-45.46506741678717,"y":68.0,"z":72.69999998807907,"space":"minecraft"},"rotation":{"yaw":156.59823608398438,"pitch":11.699792861938477,"roll":0}}
[18:27:05] [MC7DTD-entity-test-send/INFO]: Player proxy sent: {"type":"entity_state","version":1,"source":"minecraft","entity_type":"minecraft:player","entity_id":"0822a4cf-94a6-4b2f-aaa8-b1d2989aaa69","stream_id":"83ce0df2-1fb2-4035-8afd-7a361a681e91","world_id":"mc-cf4dce40-2be1-372b-b914-917f5dcc644c","dimension":"minecraft:overworld","sequence":25,"lifecycle":{"event":"update"},"metadata":{},"position":{"x":-45.486951668418484,"y":68.0,"z":72.6044747026519,"space":"minecraft"},"rotation":{"yaw":167.0982208251953,"pitch":8.249800682067871,"roll":0}}
[18:27:06] [MC7DTD-entity-test-send/INFO]: Player proxy sent: {"type":"entity_state","version":1,"source":"minecraft","entity_type":"minecraft:player","entity_id":"0822a4cf-94a6-4b2f-aaa8-b1d2989aaa69","stream_id":"83ce0df2-1fb2-4035-8afd-7a361a681e91","world_id":"mc-cf4dce40-2be1-372b-b914-917f5dcc644c","dimension":"minecraft:overworld","sequence":26,"lifecycle":{"event":"update"},"metadata":{},"position":{"x":-45.60839111200165,"y":68.0,"z":72.07438860668513,"space":"minecraft"},"rotation":{"yaw":167.0982208251953,"pitch":7.649800777435303,"roll":0}}
[18:27:06] [MC7DTD-entity-test-send/INFO]: Player proxy sent: {"type":"entity_state","version":1,"source":"minecraft","entity_type":"minecraft:player","entity_id":"0822a4cf-94a6-4b2f-aaa8-b1d2989aaa69","stream_id":"83ce0df2-1fb2-4035-8afd-7a361a681e91","world_id":"mc-cf4dce40-2be1-372b-b914-917f5dcc644c","dimension":"minecraft:overworld","sequence":27,"lifecycle":{"event":"update"},"metadata":{},"position":{"x":-45.60839111200165,"y":68.0,"z":72.07438860668513,"space":"minecraft"},"rotation":{"yaw":167.0982208251953,"pitch":7.649800777435303,"roll":0}}
[18:27:07] [MC7DTD-entity-test-send/INFO]: Player proxy sent: {"type":"entity_state","version":1,"source":"minecraft","entity_type":"minecraft:player","entity_id":"0822a4cf-94a6-4b2f-aaa8-b1d2989aaa69","stream_id":"83ce0df2-1fb2-4035-8afd-7a361a681e91","world_id":"mc-cf4dce40-2be1-372b-b914-917f5dcc644c","dimension":"minecraft:overworld","sequence":28,"lifecycle":{"event":"update"},"metadata":{},"position":{"x":-45.38952031479561,"y":68.0,"z":71.4654595350783,"space":"minecraft"},"rotation":{"yaw":168.2981719970703,"pitch":7.3498005867004395,"roll":0}}
[18:27:08] [MC7DTD-entity-test-send/INFO]: Player proxy sent: {"type":"entity_state","version":1,"source":"minecraft","entity_type":"minecraft:player","entity_id":"0822a4cf-94a6-4b2f-aaa8-b1d2989aaa69","stream_id":"83ce0df2-1fb2-4035-8afd-7a361a681e91","world_id":"mc-cf4dce40-2be1-372b-b914-917f5dcc644c","dimension":"minecraft:overworld","sequence":29,"lifecycle":{"event":"update"},"metadata":{},"position":{"x":-45.43017408062359,"y":68.0,"z":71.30000001192093,"space":"minecraft"},"rotation":{"yaw":170.2481231689453,"pitch":6.8998003005981445,"roll":0}}
[18:27:08] [MC7DTD-entity-test-send/INFO]: Player proxy sent: {"type":"entity_state","version":1,"source":"minecraft","entity_type":"minecraft:player","entity_id":"0822a4cf-94a6-4b2f-aaa8-b1d2989aaa69","stream_id":"83ce0df2-1fb2-4035-8afd-7a361a681e91","world_id":"mc-cf4dce40-2be1-372b-b914-917f5dcc644c","dimension":"minecraft:overworld","sequence":30,"lifecycle":{"event":"update"},"metadata":{},"position":{"x":-45.30000001192093,"y":68.0,"z":72.56270044809374,"space":"minecraft"},"rotation":{"yaw":177.14788818359375,"pitch":2.6997976303100586,"roll":0}}
[18:27:09] [MC7DTD-entity-test-send/INFO]: Player proxy sent: {"type":"entity_state","version":1,"source":"minecraft","entity_type":"minecraft:player","entity_id":"0822a4cf-94a6-4b2f-aaa8-b1d2989aaa69","stream_id":"83ce0df2-1fb2-4035-8afd-7a361a681e91","world_id":"mc-cf4dce40-2be1-372b-b914-917f5dcc644c","dimension":"minecraft:overworld","sequence":31,"lifecycle":{"event":"update"},"metadata":{},"position":{"x":-45.30000001192093,"y":68.0,"z":72.58139897001644,"space":"minecraft"},"rotation":{"yaw":177.59786987304688,"pitch":2.3997974395751953,"roll":0}}
[18:27:09] [MC7DTD-entity-test-send/INFO]: Player proxy sent: {"type":"entity_state","version":1,"source":"minecraft","entity_type":"minecraft:player","entity_id":"0822a4cf-94a6-4b2f-aaa8-b1d2989aaa69","stream_id":"83ce0df2-1fb2-4035-8afd-7a361a681e91","world_id":"mc-cf4dce40-2be1-372b-b914-917f5dcc644c","dimension":"minecraft:overworld","sequence":32,"lifecycle":{"event":"update"},"metadata":{},"position":{"x":-45.30000001192093,"y":68.0,"z":72.58139897001644,"space":"minecraft"},"rotation":{"yaw":177.59786987304688,"pitch":2.3997974395751953,"roll":0}}
[18:27:10] [MC7DTD-entity-test-send/INFO]: Player proxy sent: {"type":"entity_state","version":1,"source":"minecraft","entity_type":"minecraft:player","entity_id":"0822a4cf-94a6-4b2f-aaa8-b1d2989aaa69","stream_id":"83ce0df2-1fb2-4035-8afd-7a361a681e91","world_id":"mc-cf4dce40-2be1-372b-b914-917f5dcc644c","dimension":"minecraft:overworld","sequence":33,"lifecycle":{"event":"update"},"metadata":{},"position":{"x":-45.350460008650224,"y":68.0,"z":71.32724730637335,"space":"minecraft"},"rotation":{"yaw":177.74786376953125,"pitch":5.399798393249512,"roll":0}}
[18:27:10] [MC7DTD-entity-test-send/INFO]: Player proxy sent: {"type":"entity_state","version":1,"source":"minecraft","entity_type":"minecraft:player","entity_id":"0822a4cf-94a6-4b2f-aaa8-b1d2989aaa69","stream_id":"83ce0df2-1fb2-4035-8afd-7a361a681e91","world_id":"mc-cf4dce40-2be1-372b-b914-917f5dcc644c","dimension":"minecraft:overworld","sequence":34,"lifecycle":{"event":"update"},"metadata":{},"position":{"x":-45.368874256301,"y":68.0,"z":70.85963033222286,"space":"minecraft"},"rotation":{"yaw":187.49783325195312,"pitch":10.349799156188965,"roll":0}}
[18:27:11] [MC7DTD-entity-test-send/INFO]: Player proxy sent: {"type":"entity_state","version":1,"source":"minecraft","entity_type":"minecraft:player","entity_id":"0822a4cf-94a6-4b2f-aaa8-b1d2989aaa69","stream_id":"83ce0df2-1fb2-4035-8afd-7a361a681e91","world_id":"mc-cf4dce40-2be1-372b-b914-917f5dcc644c","dimension":"minecraft:overworld","sequence":35,"lifecycle":{"event":"update"},"metadata":{},"position":{"x":-45.69999998807907,"y":68.0,"z":72.2726065073668,"space":"minecraft"},"rotation":{"yaw":194.3979034423828,"pitch":11.999795913696289,"roll":0}}
[18:27:11] [MC7DTD-entity-test-send/INFO]: Player proxy sent: {"type":"entity_state","version":1,"source":"minecraft","entity_type":"minecraft:player","entity_id":"0822a4cf-94a6-4b2f-aaa8-b1d2989aaa69","stream_id":"83ce0df2-1fb2-4035-8afd-7a361a681e91","world_id":"mc-cf4dce40-2be1-372b-b914-917f5dcc644c","dimension":"minecraft:overworld","sequence":36,"lifecycle":{"event":"update"},"metadata":{},"position":{"x":-45.30000001192093,"y":68.0,"z":72.69999998807907,"space":"minecraft"},"rotation":{"yaw":193.19793701171875,"pitch":11.999795913696289,"roll":0}}
[18:27:12] [MC7DTD-entity-test-send/INFO]: Player proxy sent: {"type":"entity_state","version":1,"source":"minecraft","entity_type":"minecraft:player","entity_id":"0822a4cf-94a6-4b2f-aaa8-b1d2989aaa69","stream_id":"83ce0df2-1fb2-4035-8afd-7a361a681e91","world_id":"mc-cf4dce40-2be1-372b-b914-917f5dcc644c","dimension":"minecraft:overworld","sequence":37,"lifecycle":{"event":"update"},"metadata":{},"position":{"x":-45.976573549325856,"y":68.0,"z":71.30000001192093,"space":"minecraft"},"rotation":{"yaw":269.9978942871094,"pitch":16.499788284301758,"roll":0}}
[18:27:12] [MC7DTD-entity-test-send/INFO]: Player proxy sent: {"type":"entity_state","version":1,"source":"minecraft","entity_type":"minecraft:player","entity_id":"0822a4cf-94a6-4b2f-aaa8-b1d2989aaa69","stream_id":"83ce0df2-1fb2-4035-8afd-7a361a681e91","world_id":"mc-cf4dce40-2be1-372b-b914-917f5dcc644c","dimension":"minecraft:overworld","sequence":38,"lifecycle":{"event":"update"},"metadata":{},"position":{"x":-46.69999998807907,"y":68.0,"z":71.30000001192093,"space":"minecraft"},"rotation":{"yaw":274.9479675292969,"pitch":14.849790573120117,"roll":0}}
[18:27:13] [MC7DTD-entity-test-send/INFO]: Player proxy sent: {"type":"entity_state","version":1,"source":"minecraft","entity_type":"minecraft:player","entity_id":"0822a4cf-94a6-4b2f-aaa8-b1d2989aaa69","stream_id":"83ce0df2-1fb2-4035-8afd-7a361a681e91","world_id":"mc-cf4dce40-2be1-372b-b914-917f5dcc644c","dimension":"minecraft:overworld","sequence":39,"lifecycle":{"event":"update"},"metadata":{},"position":{"x":-45.63689397526241,"y":68.0,"z":71.69999998807907,"space":"minecraft"},"rotation":{"yaw":267.1480407714844,"pitch":16.6497859954834,"roll":0}}
[18:27:13] [MC7DTD-entity-test-send/INFO]: Player proxy sent: {"type":"entity_state","version":1,"source":"minecraft","entity_type":"minecraft:player","entity_id":"0822a4cf-94a6-4b2f-aaa8-b1d2989aaa69","stream_id":"83ce0df2-1fb2-4035-8afd-7a361a681e91","world_id":"mc-cf4dce40-2be1-372b-b914-917f5dcc644c","dimension":"minecraft:overworld","sequence":40,"lifecycle":{"event":"update"},"metadata":{},"position":{"x":-45.49882628267117,"y":68.0,"z":71.91132539703976,"space":"minecraft"},"rotation":{"yaw":216.2980194091797,"pitch":10.799785614013672,"roll":0}}
[18:27:14] [MC7DTD-entity-test-send/INFO]: Player proxy sent: {"type":"entity_state","version":1,"source":"minecraft","entity_type":"minecraft:player","entity_id":"0822a4cf-94a6-4b2f-aaa8-b1d2989aaa69","stream_id":"83ce0df2-1fb2-4035-8afd-7a361a681e91","world_id":"mc-cf4dce40-2be1-372b-b914-917f5dcc644c","dimension":"minecraft:overworld","sequence":41,"lifecycle":{"event":"update"},"metadata":{},"position":{"x":-45.49882628267117,"y":68.0,"z":71.91132539703976,"space":"minecraft"},"rotation":{"yaw":212.54800415039062,"pitch":11.549783706665039,"roll":0}}
[18:27:14] [MC7DTD-entity-test-send/INFO]: Player proxy sent: {"type":"entity_state","version":1,"source":"minecraft","entity_type":"minecraft:player","entity_id":"0822a4cf-94a6-4b2f-aaa8-b1d2989aaa69","stream_id":"83ce0df2-1fb2-4035-8afd-7a361a681e91","world_id":"mc-cf4dce40-2be1-372b-b914-917f5dcc644c","dimension":"minecraft:overworld","sequence":42,"lifecycle":{"event":"update"},"metadata":{},"position":{"x":-44.71542953115815,"y":68.0,"z":70.91140642557983,"space":"minecraft"},"rotation":{"yaw":222.14796447753906,"pitch":20.24977684020996,"roll":0}}
[18:27:15] [MC7DTD-entity-test-send/INFO]: Player proxy sent: {"type":"entity_state","version":1,"source":"minecraft","entity_type":"minecraft:player","entity_id":"0822a4cf-94a6-4b2f-aaa8-b1d2989aaa69","stream_id":"83ce0df2-1fb2-4035-8afd-7a361a681e91","world_id":"mc-cf4dce40-2be1-372b-b914-917f5dcc644c","dimension":"minecraft:overworld","sequence":43,"lifecycle":{"event":"update"},"metadata":{},"position":{"x":-45.09366909895707,"y":68.0,"z":71.40067774842143,"space":"minecraft"},"rotation":{"yaw":214.0479278564453,"pitch":9.1497802734375,"roll":0}}
[18:27:15] [MC7DTD-entity-test-send/INFO]: Player proxy sent: {"type":"entity_state","version":1,"source":"minecraft","entity_type":"minecraft:player","entity_id":"0822a4cf-94a6-4b2f-aaa8-b1d2989aaa69","stream_id":"83ce0df2-1fb2-4035-8afd-7a361a681e91","world_id":"mc-cf4dce40-2be1-372b-b914-917f5dcc644c","dimension":"minecraft:overworld","sequence":44,"lifecycle":{"event":"update"},"metadata":{},"position":{"x":-44.51105478761126,"y":68.0,"z":70.54029002958117,"space":"minecraft"},"rotation":{"yaw":211.3479461669922,"pitch":9.59977912902832,"roll":0}}
[18:27:16] [MC7DTD-entity-test-send/INFO]: Player proxy sent: {"type":"entity_state","version":1,"source":"minecraft","entity_type":"minecraft:player","entity_id":"0822a4cf-94a6-4b2f-aaa8-b1d2989aaa69","stream_id":"83ce0df2-1fb2-4035-8afd-7a361a681e91","world_id":"mc-cf4dce40-2be1-372b-b914-917f5dcc644c","dimension":"minecraft:overworld","sequence":45,"lifecycle":{"event":"update"},"metadata":{},"position":{"x":-44.43408170415014,"y":68.0,"z":68.82801714614624,"space":"minecraft"},"rotation":{"yaw":175.94805908203125,"pitch":13.349774360656738,"roll":0}}
[18:27:16] [MC7DTD-entity-test-send/INFO]: Player proxy sent: {"type":"entity_state","version":1,"source":"minecraft","entity_type":"minecraft:player","entity_id":"0822a4cf-94a6-4b2f-aaa8-b1d2989aaa69","stream_id":"83ce0df2-1fb2-4035-8afd-7a361a681e91","world_id":"mc-cf4dce40-2be1-372b-b914-917f5dcc644c","dimension":"minecraft:overworld","sequence":46,"lifecycle":{"event":"update"},"metadata":{},"position":{"x":-44.60474588467636,"y":67.92159999847412,"z":66.36387123101247,"space":"minecraft"},"rotation":{"yaw":175.79806518554688,"pitch":14.099772453308105,"roll":0}}
[18:27:17] [MC7DTD-entity-test-send/INFO]: Player proxy sent: {"type":"entity_state","version":1,"source":"minecraft","entity_type":"minecraft:player","entity_id":"0822a4cf-94a6-4b2f-aaa8-b1d2989aaa69","stream_id":"83ce0df2-1fb2-4035-8afd-7a361a681e91","world_id":"mc-cf4dce40-2be1-372b-b914-917f5dcc644c","dimension":"minecraft:overworld","sequence":47,"lifecycle":{"event":"update"},"metadata":{},"position":{"x":-44.71661051585049,"y":66.53584062504456,"z":63.76195690637869,"space":"minecraft"},"rotation":{"yaw":178.79798889160156,"pitch":16.049781799316406,"roll":0}}
[18:27:18] [MC7DTD-entity-test-send/INFO]: Player proxy sent: {"type":"entity_state","version":1,"source":"minecraft","entity_type":"minecraft:player","entity_id":"0822a4cf-94a6-4b2f-aaa8-b1d2989aaa69","stream_id":"83ce0df2-1fb2-4035-8afd-7a361a681e91","world_id":"mc-cf4dce40-2be1-372b-b914-917f5dcc644c","dimension":"minecraft:overworld","sequence":48,"lifecycle":{"event":"update"},"metadata":{},"position":{"x":-44.744319594611724,"y":64.53584062504456,"z":62.66236555275418,"space":"minecraft"},"rotation":{"yaw":178.79798889160156,"pitch":15.299783706665039,"roll":0}}
[18:27:18] [MC7DTD-entity-test-send/INFO]: Player proxy sent: {"type":"entity_state","version":1,"source":"minecraft","entity_type":"minecraft:player","entity_id":"0822a4cf-94a6-4b2f-aaa8-b1d2989aaa69","stream_id":"83ce0df2-1fb2-4035-8afd-7a361a681e91","world_id":"mc-cf4dce40-2be1-372b-b914-917f5dcc644c","dimension":"minecraft:overworld","sequence":49,"lifecycle":{"event":"update"},"metadata":{},"position":{"x":-44.744747247713455,"y":64.0,"z":62.645324296436975,"space":"minecraft"},"rotation":{"yaw":111.89796447753906,"pitch":15.899781227111816,"roll":0}}
[18:27:19] [MC7DTD-entity-test-send/INFO]: Player proxy sent: {"type":"entity_state","version":1,"source":"minecraft","entity_type":"minecraft:player","entity_id":"0822a4cf-94a6-4b2f-aaa8-b1d2989aaa69","stream_id":"83ce0df2-1fb2-4035-8afd-7a361a681e91","world_id":"mc-cf4dce40-2be1-372b-b914-917f5dcc644c","dimension":"minecraft:overworld","sequence":50,"lifecycle":{"event":"update"},"metadata":{},"position":{"x":-44.7562260262515,"y":64.0,"z":62.69999998807907,"space":"minecraft"},"rotation":{"yaw":359.99795992672443,"pitch":3.7497801780700684,"roll":0}}
[18:27:19] [MC7DTD-entity-test-send/INFO]: Player proxy sent: {"type":"entity_state","version":1,"source":"minecraft","entity_type":"minecraft:player","entity_id":"0822a4cf-94a6-4b2f-aaa8-b1d2989aaa69","stream_id":"83ce0df2-1fb2-4035-8afd-7a361a681e91","world_id":"mc-cf4dce40-2be1-372b-b914-917f5dcc644c","dimension":"minecraft:overworld","sequence":51,"lifecycle":{"event":"update"},"metadata":{},"position":{"x":-44.61932482429483,"y":65.7531999805212,"z":63.46529837404431,"space":"minecraft"},"rotation":{"yaw":346.197958946228,"pitch":2.99977970123291,"roll":0}}
[18:27:20] [MC7DTD-entity-test-send/INFO]: Player proxy sent: {"type":"entity_state","version":1,"source":"minecraft","entity_type":"minecraft:player","entity_id":"0822a4cf-94a6-4b2f-aaa8-b1d2989aaa69","stream_id":"83ce0df2-1fb2-4035-8afd-7a361a681e91","world_id":"mc-cf4dce40-2be1-372b-b914-917f5dcc644c","dimension":"minecraft:overworld","sequence":52,"lifecycle":{"event":"update"},"metadata":{},"position":{"x":-44.53334616906795,"y":66.7531999805212,"z":64.69999998807907,"space":"minecraft"},"rotation":{"yaw":11.847959518432617,"pitch":4.6497802734375,"roll":0}}
[18:27:20] [MC7DTD-entity-test-send/INFO]: Player proxy sent: {"type":"entity_state","version":1,"source":"minecraft","entity_type":"minecraft:player","entity_id":"0822a4cf-94a6-4b2f-aaa8-b1d2989aaa69","stream_id":"83ce0df2-1fb2-4035-8afd-7a361a681e91","world_id":"mc-cf4dce40-2be1-372b-b914-917f5dcc644c","dimension":"minecraft:overworld","sequence":53,"lifecycle":{"event":"update"},"metadata":{},"position":{"x":-44.817704455930695,"y":67.0,"z":65.96669464534003,"space":"minecraft"},"rotation":{"yaw":5.547962188720703,"pitch":8.249781608581543,"roll":0}}
[18:27:21] [MC7DTD-entity-test-send/INFO]: Player proxy sent: {"type":"entity_state","version":1,"source":"minecraft","entity_type":"minecraft:player","entity_id":"0822a4cf-94a6-4b2f-aaa8-b1d2989aaa69","stream_id":"83ce0df2-1fb2-4035-8afd-7a361a681e91","world_id":"mc-cf4dce40-2be1-372b-b914-917f5dcc644c","dimension":"minecraft:overworld","sequence":54,"lifecycle":{"event":"update"},"metadata":{},"position":{"x":-44.93778731286903,"y":68.0,"z":67.6882371482151,"space":"minecraft"},"rotation":{"yaw":28.497966766357422,"pitch":18.59977912902832,"roll":0}}
[18:27:21] [MC7DTD-entity-test-send/INFO]: Player proxy sent: {"type":"entity_state","version":1,"source":"minecraft","entity_type":"minecraft:player","entity_id":"0822a4cf-94a6-4b2f-aaa8-b1d2989aaa69","stream_id":"83ce0df2-1fb2-4035-8afd-7a361a681e91","world_id":"mc-cf4dce40-2be1-372b-b914-917f5dcc644c","dimension":"minecraft:overworld","sequence":55,"lifecycle":{"event":"update"},"metadata":{},"position":{"x":-44.33782055673327,"y":68.0,"z":69.68780906957318,"space":"minecraft"},"rotation":{"yaw":108.7479476928711,"pitch":18.599777221679688,"roll":0}}
[18:27:22] [MC7DTD-entity-test-send/INFO]: Player proxy sent: {"type":"entity_state","version":1,"source":"minecraft","entity_type":"minecraft:player","entity_id":"0822a4cf-94a6-4b2f-aaa8-b1d2989aaa69","stream_id":"83ce0df2-1fb2-4035-8afd-7a361a681e91","world_id":"mc-cf4dce40-2be1-372b-b914-917f5dcc644c","dimension":"minecraft:overworld","sequence":56,"lifecycle":{"event":"update"},"metadata":{},"position":{"x":-44.30000001192093,"y":68.0,"z":71.2977272076382,"space":"minecraft"},"rotation":{"yaw":160.94790649414062,"pitch":22.79977035522461,"roll":0}}
[18:27:22] [MC7DTD-entity-test-send/INFO]: Player proxy sent: {"type":"entity_state","version":1,"source":"minecraft","entity_type":"minecraft:player","entity_id":"0822a4cf-94a6-4b2f-aaa8-b1d2989aaa69","stream_id":"83ce0df2-1fb2-4035-8afd-7a361a681e91","world_id":"mc-cf4dce40-2be1-372b-b914-917f5dcc644c","dimension":"minecraft:overworld","sequence":57,"lifecycle":{"event":"update"},"metadata":{},"position":{"x":-44.30000001192093,"y":68.0,"z":71.3128898168259,"space":"minecraft"},"rotation":{"yaw":160.0478515625,"pitch":13.199787139892578,"roll":0}}
[18:27:23] [MC7DTD-entity-test-send/INFO]: Player proxy sent: {"type":"entity_state","version":1,"source":"minecraft","entity_type":"minecraft:player","entity_id":"0822a4cf-94a6-4b2f-aaa8-b1d2989aaa69","stream_id":"83ce0df2-1fb2-4035-8afd-7a361a681e91","world_id":"mc-cf4dce40-2be1-372b-b914-917f5dcc644c","dimension":"minecraft:overworld","sequence":58,"lifecycle":{"event":"update"},"metadata":{},"position":{"x":-44.30000001192093,"y":68.0,"z":71.69999998807907,"space":"minecraft"},"rotation":{"yaw":153.5979766845703,"pitch":8.8497953414917,"roll":0}}
[18:27:23] [MC7DTD-entity-test-send/INFO]: Player proxy sent: {"type":"entity_state","version":1,"source":"minecraft","entity_type":"minecraft:player","entity_id":"0822a4cf-94a6-4b2f-aaa8-b1d2989aaa69","stream_id":"83ce0df2-1fb2-4035-8afd-7a361a681e91","world_id":"mc-cf4dce40-2be1-372b-b914-917f5dcc644c","dimension":"minecraft:overworld","sequence":59,"lifecycle":{"event":"update"},"metadata":{},"position":{"x":-44.30000001192093,"y":68.0,"z":71.69999998807907,"space":"minecraft"},"rotation":{"yaw":112.19805145263672,"pitch":15.5997953414917,"roll":0}}
[18:27:24] [MC7DTD-entity-test-send/INFO]: Player proxy sent: {"type":"entity_state","version":1,"source":"minecraft","entity_type":"minecraft:player","entity_id":"0822a4cf-94a6-4b2f-aaa8-b1d2989aaa69","stream_id":"83ce0df2-1fb2-4035-8afd-7a361a681e91","world_id":"mc-cf4dce40-2be1-372b-b914-917f5dcc644c","dimension":"minecraft:overworld","sequence":60,"lifecycle":{"event":"update"},"metadata":{},"position":{"x":-44.30000001192093,"y":68.0,"z":71.69999998807907,"space":"minecraft"},"rotation":{"yaw":76.64802551269531,"pitch":12.899800300598145,"roll":0}}
[18:27:24] [MC7DTD-entity-test-send/INFO]: Player proxy sent: {"type":"entity_state","version":1,"source":"minecraft","entity_type":"minecraft:player","entity_id":"0822a4cf-94a6-4b2f-aaa8-b1d2989aaa69","stream_id":"83ce0df2-1fb2-4035-8afd-7a361a681e91","world_id":"mc-cf4dce40-2be1-372b-b914-917f5dcc644c","dimension":"minecraft:overworld","sequence":61,"lifecycle":{"event":"update"},"metadata":{},"position":{"x":-44.30000001192093,"y":68.0,"z":71.46944192995022,"space":"minecraft"},"rotation":{"yaw":142.94801330566406,"pitch":14.69980525970459,"roll":0}}
[18:27:25] [MC7DTD-entity-test-send/INFO]: Player proxy sent: {"type":"entity_state","version":1,"source":"minecraft","entity_type":"minecraft:player","entity_id":"0822a4cf-94a6-4b2f-aaa8-b1d2989aaa69","stream_id":"83ce0df2-1fb2-4035-8afd-7a361a681e91","world_id":"mc-cf4dce40-2be1-372b-b914-917f5dcc644c","dimension":"minecraft:overworld","sequence":62,"lifecycle":{"event":"update"},"metadata":{},"position":{"x":-44.30000001192093,"y":68.0,"z":71.441658732302,"space":"minecraft"},"rotation":{"yaw":160.49803161621094,"pitch":5.999809741973877,"roll":0}}
[18:27:26] [MC7DTD-entity-test-send/INFO]: Player proxy sent: {"type":"entity_state","version":1,"source":"minecraft","entity_type":"minecraft:player","entity_id":"0822a4cf-94a6-4b2f-aaa8-b1d2989aaa69","stream_id":"83ce0df2-1fb2-4035-8afd-7a361a681e91","world_id":"mc-cf4dce40-2be1-372b-b914-917f5dcc644c","dimension":"minecraft:overworld","sequence":63,"lifecycle":{"event":"update"},"metadata":{},"position":{"x":-44.30000001192093,"y":68.0,"z":71.441658732302,"space":"minecraft"},"rotation":{"yaw":92.54805755615234,"pitch":18.899808883666992,"roll":0}}
[18:27:26] [MC7DTD-entity-test-send/INFO]: Player proxy sent: {"type":"entity_state","version":1,"source":"minecraft","entity_type":"minecraft:player","entity_id":"0822a4cf-94a6-4b2f-aaa8-b1d2989aaa69","stream_id":"83ce0df2-1fb2-4035-8afd-7a361a681e91","world_id":"mc-cf4dce40-2be1-372b-b914-917f5dcc644c","dimension":"minecraft:overworld","sequence":64,"lifecycle":{"event":"update"},"metadata":{},"position":{"x":-44.30000001192093,"y":68.0,"z":70.35045220013099,"space":"minecraft"},"rotation":{"yaw":48.29804611206055,"pitch":19.94980812072754,"roll":0}}
[18:27:27] [MC7DTD-entity-test-send/INFO]: Player proxy sent: {"type":"entity_state","version":1,"source":"minecraft","entity_type":"minecraft:player","entity_id":"0822a4cf-94a6-4b2f-aaa8-b1d2989aaa69","stream_id":"83ce0df2-1fb2-4035-8afd-7a361a681e91","world_id":"mc-cf4dce40-2be1-372b-b914-917f5dcc644c","dimension":"minecraft:overworld","sequence":65,"lifecycle":{"event":"update"},"metadata":{},"position":{"x":-44.30000001192093,"y":68.0,"z":70.30000001192093,"space":"minecraft"},"rotation":{"yaw":19.94805145263672,"pitch":22.19980812072754,"roll":0}}
[18:27:27] [MC7DTD-entity-test-send/INFO]: Player proxy sent: {"type":"entity_state","version":1,"source":"minecraft","entity_type":"minecraft:player","entity_id":"0822a4cf-94a6-4b2f-aaa8-b1d2989aaa69","stream_id":"83ce0df2-1fb2-4035-8afd-7a361a681e91","world_id":"mc-cf4dce40-2be1-372b-b914-917f5dcc644c","dimension":"minecraft:overworld","sequence":66,"lifecycle":{"event":"update"},"metadata":{},"position":{"x":-44.30000001192093,"y":68.0,"z":70.30000001192093,"space":"minecraft"},"rotation":{"yaw":25.198049545288086,"pitch":22.049808502197266,"roll":0}}
[18:27:28] [MC7DTD-entity-test-send/INFO]: Player proxy sent: {"type":"entity_state","version":1,"source":"minecraft","entity_type":"minecraft:player","entity_id":"0822a4cf-94a6-4b2f-aaa8-b1d2989aaa69","stream_id":"83ce0df2-1fb2-4035-8afd-7a361a681e91","world_id":"mc-cf4dce40-2be1-372b-b914-917f5dcc644c","dimension":"minecraft:overworld","sequence":67,"lifecycle":{"event":"update"},"metadata":{},"position":{"x":-44.30000001192093,"y":68.0,"z":70.30000001192093,"space":"minecraft"},"rotation":{"yaw":23.9980525970459,"pitch":8.999814987182617,"roll":0}}
[18:27:28] [MC7DTD-entity-test-send/INFO]: Player proxy sent: {"type":"entity_state","version":1,"source":"minecraft","entity_type":"minecraft:player","entity_id":"0822a4cf-94a6-4b2f-aaa8-b1d2989aaa69","stream_id":"83ce0df2-1fb2-4035-8afd-7a361a681e91","world_id":"mc-cf4dce40-2be1-372b-b914-917f5dcc644c","dimension":"minecraft:overworld","sequence":68,"lifecycle":{"event":"update"},"metadata":{},"position":{"x":-44.30000001192093,"y":68.0,"z":70.30000001192093,"space":"minecraft"},"rotation":{"yaw":20.99806022644043,"pitch":4.049814224243164,"roll":0}}
[18:27:29] [MC7DTD-entity-test-send/INFO]: Player proxy sent: {"type":"entity_state","version":1,"source":"minecraft","entity_type":"minecraft:player","entity_id":"0822a4cf-94a6-4b2f-aaa8-b1d2989aaa69","stream_id":"83ce0df2-1fb2-4035-8afd-7a361a681e91","world_id":"mc-cf4dce40-2be1-372b-b914-917f5dcc644c","dimension":"minecraft:overworld","sequence":69,"lifecycle":{"event":"update"},"metadata":{},"position":{"x":-44.30000001192093,"y":68.0,"z":70.30000001192093,"space":"minecraft"},"rotation":{"yaw":20.99806022644043,"pitch":4.049814224243164,"roll":0}}
[18:27:29] [MC7DTD-entity-test-send/INFO]: Player proxy sent: {"type":"entity_state","version":1,"source":"minecraft","entity_type":"minecraft:player","entity_id":"0822a4cf-94a6-4b2f-aaa8-b1d2989aaa69","stream_id":"83ce0df2-1fb2-4035-8afd-7a361a681e91","world_id":"mc-cf4dce40-2be1-372b-b914-917f5dcc644c","dimension":"minecraft:overworld","sequence":70,"lifecycle":{"event":"update"},"metadata":{},"position":{"x":-44.30000001192093,"y":68.0,"z":70.30000001192093,"space":"minecraft"},"rotation":{"yaw":20.99806022644043,"pitch":4.049814224243164,"roll":0}}
[18:27:30] [MC7DTD-entity-test-send/INFO]: Player proxy sent: {"type":"entity_state","version":1,"source":"minecraft","entity_type":"minecraft:player","entity_id":"0822a4cf-94a6-4b2f-aaa8-b1d2989aaa69","stream_id":"83ce0df2-1fb2-4035-8afd-7a361a681e91","world_id":"mc-cf4dce40-2be1-372b-b914-917f5dcc644c","dimension":"minecraft:overworld","sequence":71,"lifecycle":{"event":"update"},"metadata":{},"position":{"x":-44.30000001192093,"y":68.0,"z":70.30000001192093,"space":"minecraft"},"rotation":{"yaw":20.99806022644043,"pitch":4.049814224243164,"roll":0}}
[18:27:30] [MC7DTD-entity-test-send/INFO]: Player proxy sent: {"type":"entity_state","version":1,"source":"minecraft","entity_type":"minecraft:player","entity_id":"0822a4cf-94a6-4b2f-aaa8-b1d2989aaa69","stream_id":"83ce0df2-1fb2-4035-8afd-7a361a681e91","world_id":"mc-cf4dce40-2be1-372b-b914-917f5dcc644c","dimension":"minecraft:overworld","sequence":72,"lifecycle":{"event":"update"},"metadata":{},"position":{"x":-44.30000001192093,"y":68.0,"z":70.30000001192093,"space":"minecraft"},"rotation":{"yaw":20.99806022644043,"pitch":4.049814224243164,"roll":0}}
[18:27:31] [MC7DTD-entity-test-send/INFO]: Player proxy sent: {"type":"entity_state","version":1,"source":"minecraft","entity_type":"minecraft:player","entity_id":"0822a4cf-94a6-4b2f-aaa8-b1d2989aaa69","stream_id":"83ce0df2-1fb2-4035-8afd-7a361a681e91","world_id":"mc-cf4dce40-2be1-372b-b914-917f5dcc644c","dimension":"minecraft:overworld","sequence":73,"lifecycle":{"event":"update"},"metadata":{},"position":{"x":-44.30000001192093,"y":68.0,"z":70.30000001192093,"space":"minecraft"},"rotation":{"yaw":20.99806022644043,"pitch":4.049814224243164,"roll":0}}
[18:27:31] [MC7DTD-entity-test-send/INFO]: Player proxy sent: {"type":"entity_state","version":1,"source":"minecraft","entity_type":"minecraft:player","entity_id":"0822a4cf-94a6-4b2f-aaa8-b1d2989aaa69","stream_id":"83ce0df2-1fb2-4035-8afd-7a361a681e91","world_id":"mc-cf4dce40-2be1-372b-b914-917f5dcc644c","dimension":"minecraft:overworld","sequence":74,"lifecycle":{"event":"update"},"metadata":{},"position":{"x":-44.30000001192093,"y":68.0,"z":70.30000001192093,"space":"minecraft"},"rotation":{"yaw":20.99806022644043,"pitch":4.049814224243164,"roll":0}}
[18:27:32] [MC7DTD-entity-test-send/INFO]: Player proxy sent: {"type":"entity_state","version":1,"source":"minecraft","entity_type":"minecraft:player","entity_id":"0822a4cf-94a6-4b2f-aaa8-b1d2989aaa69","stream_id":"83ce0df2-1fb2-4035-8afd-7a361a681e91","world_id":"mc-cf4dce40-2be1-372b-b914-917f5dcc644c","dimension":"minecraft:overworld","sequence":75,"lifecycle":{"event":"update"},"metadata":{},"position":{"x":-44.30000001192093,"y":68.0,"z":70.30000001192093,"space":"minecraft"},"rotation":{"yaw":20.99806022644043,"pitch":4.049814224243164,"roll":0}}
[18:27:32] [MC7DTD-entity-test-send/INFO]: Player proxy sent: {"type":"entity_state","version":1,"source":"minecraft","entity_type":"minecraft:player","entity_id":"0822a4cf-94a6-4b2f-aaa8-b1d2989aaa69","stream_id":"83ce0df2-1fb2-4035-8afd-7a361a681e91","world_id":"mc-cf4dce40-2be1-372b-b914-917f5dcc644c","dimension":"minecraft:overworld","sequence":76,"lifecycle":{"event":"update"},"metadata":{},"position":{"x":-44.30000001192093,"y":68.0,"z":70.30000001192093,"space":"minecraft"},"rotation":{"yaw":23.998050689697266,"pitch":1.7998130321502686,"roll":0}}
[18:27:33] [MC7DTD-entity-test-send/INFO]: Player proxy sent: {"type":"entity_state","version":1,"source":"minecraft","entity_type":"minecraft:player","entity_id":"0822a4cf-94a6-4b2f-aaa8-b1d2989aaa69","stream_id":"83ce0df2-1fb2-4035-8afd-7a361a681e91","world_id":"mc-cf4dce40-2be1-372b-b914-917f5dcc644c","dimension":"minecraft:overworld","sequence":77,"lifecycle":{"event":"update"},"metadata":{},"position":{"x":-44.30000001192093,"y":68.0,"z":70.30000001192093,"space":"minecraft"},"rotation":{"yaw":23.998050689697266,"pitch":1.7998130321502686,"roll":0}}
[18:27:33] [MC7DTD-entity-test-send/INFO]: Player proxy sent: {"type":"entity_state","version":1,"source":"minecraft","entity_type":"minecraft:player","entity_id":"0822a4cf-94a6-4b2f-aaa8-b1d2989aaa69","stream_id":"83ce0df2-1fb2-4035-8afd-7a361a681e91","world_id":"mc-cf4dce40-2be1-372b-b914-917f5dcc644c","dimension":"minecraft:overworld","sequence":78,"lifecycle":{"event":"update"},"metadata":{},"position":{"x":-44.30000001192093,"y":68.0,"z":70.30000001192093,"space":"minecraft"},"rotation":{"yaw":18.89806365966797,"pitch":3.2998127937316895,"roll":0}}
[18:27:34] [MC7DTD-entity-test-send/INFO]: Player proxy sent: {"type":"entity_state","version":1,"source":"minecraft","entity_type":"minecraft:player","entity_id":"0822a4cf-94a6-4b2f-aaa8-b1d2989aaa69","stream_id":"83ce0df2-1fb2-4035-8afd-7a361a681e91","world_id":"mc-cf4dce40-2be1-372b-b914-917f5dcc644c","dimension":"minecraft:overworld","sequence":79,"lifecycle":{"event":"update"},"metadata":{},"position":{"x":-44.30000001192093,"y":68.0,"z":70.30000001192093,"space":"minecraft"},"rotation":{"yaw":18.89806365966797,"pitch":3.2998127937316895,"roll":0}}
[18:27:34] [MC7DTD-entity-test-send/INFO]: Player proxy sent: {"type":"entity_state","version":1,"source":"minecraft","entity_type":"minecraft:player","entity_id":"0822a4cf-94a6-4b2f-aaa8-b1d2989aaa69","stream_id":"83ce0df2-1fb2-4035-8afd-7a361a681e91","world_id":"mc-cf4dce40-2be1-372b-b914-917f5dcc644c","dimension":"minecraft:overworld","sequence":80,"lifecycle":{"event":"update"},"metadata":{},"position":{"x":-44.30000001192093,"y":68.0,"z":70.30000001192093,"space":"minecraft"},"rotation":{"yaw":18.89806365966797,"pitch":3.2998127937316895,"roll":0}}
[18:27:35] [Server thread/INFO]: Saving and pausing game...
[18:27:35] [Server thread/INFO]: Saving chunks for level 'ServerLevel[Demo World]'/minecraft:overworld
[18:27:35] [Server thread/INFO]: Saving chunks for level 'ServerLevel[Demo World]'/minecraft:the_nether
[18:27:35] [Server thread/INFO]: Saving chunks for level 'ServerLevel[Demo World]'/minecraft:the_end
