Mono path[0] = 'D:/Steam/steamapps/common/7 Days To Die/7DaysToDie_Data/Managed'
Mono config path = 'D:/Steam/steamapps/common/7 Days To Die/MonoBleedingEdge/etc'
Input System module state changed to: Initialized.
[PhysX] Initialized MultithreadedTaskDispatcher with 24 workers.
Loading player data from D:/Steam/steamapps/common/7 Days To Die/7DaysToDie_Data/data.unity3d
Initialize engine version: 2022.3.62f2 (7670c08855a9)
[Subsystems] Discovering subsystems at path D:/Steam/steamapps/common/7 Days To Die/7DaysToDie_Data/UnitySubsystems
GfxDevice: creating device client; threaded=1; jobified=1
Direct3D:
    Version:  Direct3D 11.0 [level 11.1]
    Renderer: NVIDIA GeForce RTX 5060 Laptop GPU (ID=0x2d59)
    Vendor:   NVIDIA
    VRAM:     7899 MB
    Driver:   32.0.16.1074
Begin MonoManager ReloadAssembly
- Loaded All Assemblies, in  0.195 seconds
- Finished resetting the current domain, in  0.001 seconds
<RI> Initializing input.
<RI> Input initialized.
<RI> Initialized touch support.
[PhysX] Initialized MultithreadedTaskDispatcher with 24 workers.
UnloadTime: 0.751200 ms
2026-10-03T14:10:34 0.003 INF [BACKTRACE] Initialize
2026-10-03T14:10:34 0.008 INF [BACKTRACE] Root log path: C:\Users\qin_roupl\AppData\Roaming\7DaysToDie\BacktraceLogs
2026-10-03T14:10:34 0.029 INF [BACKTRACE] Deleted old log: C:\Users\qin_roupl\AppData\Roaming\7DaysToDie\BacktraceLogs\Player-2026-10-03_02-15-29.387.log
2026-10-03T14:10:34 0.029 INF [BACKTRACE] Using log: C:\Users\qin_roupl\AppData\Roaming\7DaysToDie\BacktraceLogs\Player-2026-10-03_02-26-02.844.log
2026-10-03T14:10:34 0.029 INF [BACKTRACE] Using log: C:\Users\qin_roupl\AppData\Roaming\7DaysToDie\BacktraceLogs\Player-2026-10-03_04-56-14.986.log
2026-10-03T14:10:34 0.029 INF [BACKTRACE] Using log: C:\Users\qin_roupl\AppData\Roaming\7DaysToDie\BacktraceLogs\Player-2026-10-03_05-19-04.595.log
2026-10-03T14:10:34 0.030 INF [BACKTRACE] Player log path: C:\Users\qin_roupl\AppData\Roaming\7DaysToDie\BacktraceLogs\Player-2026-10-03_06-10-34.562.log
2026-10-03T14:10:34 0.042 INF [BACKTRACE] Initialized
2026-10-03T14:10:34 0.067 INF Version: V 3.2.0 (b10) Compatibility Version: V 3.2.0, Build: WindowsPlayer 64 Bit
2026-10-03T14:10:34 0.068 INF System information:
2026-10-03T14:10:34 0.069 INF    OS: Windows 11  (10.0.26200) 64bit
2026-10-03T14:10:34 0.070 INF    CPU: Intel(R) Core(TM) i7-14650HX (cores: 24)
2026-10-03T14:10:34 0.071 INF    RAM: 16107 MB
2026-10-03T14:10:34 0.072 INF    GPU: NVIDIA GeForce RTX 5060 Laptop GPU (7899 MB)
2026-10-03T14:10:34 0.076 INF    Graphics API: Direct3D 11.0 [level 11.1] (shader level 5.0)
2026-10-03T14:10:34 0.090 INF Local UTC offset: 8 hours
2026-10-03T14:10:34 0.105 INF Command line arguments: "D:\Steam\steamapps\common\7 Days To Die\7DaysToDie.exe" -UserDataFolder=D:\wenjian\minecraft\7-M\runtime\7dtd -logfile D:\wenjian\minecraft\7-M\docs\runtime-evidence\7dtd-game.log -screen-fullscreen 0 -screen-width 960 -screen-height 600
2026-10-03T14:10:34 0.108 INF Overriding default user data path to D:\wenjian\minecraft\7-M\runtime\7dtd
2026-10-03T14:10:34 0.114 INF [Platform] Init
2026-10-03T14:10:34 0.159 INF [Platform] Using native platform: Steam
2026-10-03T14:10:34 0.161 INF [Platform] Using cross platform: EOS
2026-10-03T14:10:34 0.162 INF [Platform] Using server platform: Steam
2026-10-03T14:10:34 0.163 INF [Platform] Using server platform: XBL
2026-10-03T14:10:34 0.164 INF [Platform] Using server platform: PSN
2026-10-03T14:10:34 0.165 INF [Platform] Using server platform: LAN
2026-10-03T14:10:34 0.176 INF Starting PlayerInputManager...
2026-10-03T14:10:34 0.179 INF InControl (version 1.8.9 build 9376, native module = True, XInput = True)
2026-10-03T14:10:34 0.184 INF InControl (version 1.8.9 build 9376)
2026-10-03T14:10:34 0.192 INF InControl Native (version 1.0.6)
2026-10-03T14:10:34 0.276 INF [InControl] NativeInputDeviceManager enabled.
2026-10-03T14:10:34 0.293 INF [Platform] Initializing Steam
Setting breakpad minidump AppID = 251570
SteamInternal_SetMinidumpSteamID:  Caching Steam ID:  76561199256208852 [API loaded no]
2026-10-03T14:10:35 0.452 INF [Steamworks.NET] SteamAPI_Init() ok
2026-10-03T14:10:35 0.455 INF [Steamworks.NET] Registering auth callbacks
2026-10-03T14:10:35 0.459 INF Not running in Big Picture Mode, no on-screen keyboard available
2026-10-03T14:10:35 0.460 INF [Platform] Initializing EOS
2026-10-03T14:10:35 0.500 INF [EOS] Initialize: Success
2026-10-03T14:10:35 0.533 INF [EOS-Voice] Successfully initialized.
2026-10-03T14:10:35 0.535 INF [EOS-ACC] Not started with EAC, anticheat disabled
2026-10-03T14:10:35 0.536 INF [EAC] AntiCheatServerP2P initialized with null interface
2026-10-03T14:10:35 0.538 INF [Platform] Initializing XBL
2026-10-03T14:10:35 0.541 INF [Platform] Initializing PSN
2026-10-03T14:10:35 0.543 INF [Platform] Initializing LAN
2026-10-03T14:10:35 0.621 INF [SaveDataUtils] InitStatic Begin
2026-10-03T14:10:35 0.625 INF [SaveDataUtils] UserGameDataDir: D:\wenjian\minecraft\7-M\runtime\7dtd
2026-10-03T14:10:35 0.626 INF [SaveDataUtils] SdPlayerPrefs -> Unity
2026-10-03T14:10:35 0.628 INF [SaveDataUtils] InitStatic Complete
2026-10-03T14:10:35 0.708 INF Last played version: V 3.2.0
2026-10-03T14:10:35 0.985 INF Localization language from platform: schinese
Unloading 6 Unused Serialized files (Serialized files now loaded: 0)
[PhysX] Initialized MultithreadedTaskDispatcher with 24 workers.
UnloadTime: 1.848800 ms
2026-10-03T14:10:35 1.013 INF Texture quality is set to 0
Unloading 11 unused Assets to reduce memory usage. Loaded Objects now: 6637.
Total: 10.204400 ms (FindLiveObjects: 0.306600 ms CreateObjectMapping: 0.175800 ms MarkObjects: 9.647900 ms  DeleteObjects: 0.073700 ms)

The referenced script on this Behaviour (Game Object 'BlockProcessor') is missing!
Unloading 5 Unused Serialized files (Serialized files now loaded: 0)
[PhysX] Initialized MultithreadedTaskDispatcher with 24 workers.
UnloadTime: 1.669700 ms
2026-10-03T14:10:43 8.618 INF Awake IsFocused: False
2026-10-03T14:10:43 8.619 INF Awake
2026-10-03T14:10:43 8.829 INF Occlusion: Awake
Unloading 5 unused Assets to reduce memory usage. Loaded Objects now: 6970.
Total: 8.466100 ms (FindLiveObjects: 0.390300 ms CreateObjectMapping: 0.317800 ms MarkObjects: 7.714300 ms  DeleteObjects: 0.043100 ms)

2026-10-03T14:10:43 8.874 INF ApplyAllOptions streaming budget 7109.1 MB
2026-10-03T14:10:43 8.876 INF ApplyAllOptions current screen 2560 x 1600, 240hz, window 960 x 600, mode Windowed
2026-10-03T14:10:43 8.877 INF Texture quality is set to 0
2026-10-03T14:10:43 8.878 INF ApplyTextureFilter 2, AF Enable
2026-10-03T14:10:43 8.880 INF ApplyTerrainOptions 2
2026-10-03T14:10:43 9.035 INF [MODS] Start loading from: 'D:\wenjian\minecraft\7-M\runtime\7dtd/Mods'
2026-10-03T14:10:43 9.039 INF [MODS]   Trying to load from folder: 'MC7DTD-Bridge'
2026-10-03T14:10:43 9.072 INF [MODS]     Loaded assembly MC7DTD.Bridge (in D:\wenjian\minecraft\7-M\runtime\7dtd\Mods\MC7DTD-Bridge\MC7DTD.Bridge.dll)
2026-10-03T14:10:43 9.076 INF [MODS]     Loaded Mod: MC7DTD-Bridge (0.1.0)
2026-10-03T14:10:43 9.079 INF [MODS] Start loading from: 'D:/Steam/steamapps/common/7 Days To Die/7DaysToDie_Data/../Mods'
2026-10-03T14:10:43 9.083 INF [MODS]   Trying to load from folder: '0_TFP_Harmony'
2026-10-03T14:10:43 9.087 INF [MODS]     Loaded assembly 0Harmony (in D:\Steam\steamapps\common\7 Days To Die\Mods\0_TFP_Harmony\0Harmony.dll)
2026-10-03T14:10:43 9.090 INF [MODS]     Loaded assembly Mono.Cecil (in D:\Steam\steamapps\common\7 Days To Die\Mods\0_TFP_Harmony\Mono.Cecil.dll)
2026-10-03T14:10:43 9.095 INF [MODS]     Loaded assembly Mono.Cecil.Mdb (in D:\Steam\steamapps\common\7 Days To Die\Mods\0_TFP_Harmony\Mono.Cecil.Mdb.dll)
2026-10-03T14:10:43 9.108 INF [MODS]     Loaded assembly Mono.Cecil.Pdb (in D:\Steam\steamapps\common\7 Days To Die\Mods\0_TFP_Harmony\Mono.Cecil.Pdb.dll)
2026-10-03T14:10:43 9.116 INF [MODS]     Loaded assembly Mono.Cecil.Rocks (in D:\Steam\steamapps\common\7 Days To Die\Mods\0_TFP_Harmony\Mono.Cecil.Rocks.dll)
2026-10-03T14:10:43 9.125 INF [MODS]     Loaded assembly MonoMod.Backports (in D:\Steam\steamapps\common\7 Days To Die\Mods\0_TFP_Harmony\MonoMod.Backports.dll)
2026-10-03T14:10:43 9.131 INF [MODS]     Loaded assembly MonoMod.Core (in D:\Steam\steamapps\common\7 Days To Die\Mods\0_TFP_Harmony\MonoMod.Core.dll)
2026-10-03T14:10:43 9.137 INF [MODS]     Loaded assembly MonoMod.Iced (in D:\Steam\steamapps\common\7 Days To Die\Mods\0_TFP_Harmony\MonoMod.Iced.dll)
2026-10-03T14:10:43 9.141 INF [MODS]     Loaded assembly MonoMod.ILHelpers (in D:\Steam\steamapps\common\7 Days To Die\Mods\0_TFP_Harmony\MonoMod.ILHelpers.dll)
2026-10-03T14:10:43 9.145 INF [MODS]     Loaded assembly MonoMod.RuntimeDetour (in D:\Steam\steamapps\common\7 Days To Die\Mods\0_TFP_Harmony\MonoMod.RuntimeDetour.dll)
2026-10-03T14:10:43 9.148 INF [MODS]     Loaded assembly MonoMod.Utils (in D:\Steam\steamapps\common\7 Days To Die\Mods\0_TFP_Harmony\MonoMod.Utils.dll)
2026-10-03T14:10:43 9.152 INF [MODS]     Loaded assembly System.ValueTuple (in D:\Steam\steamapps\common\7 Days To Die\Mods\0_TFP_Harmony\System.ValueTuple.dll)
2026-10-03T14:10:43 9.156 INF [MODS]     Loaded assembly TfpHarmony (in D:\Steam\steamapps\common\7 Days To Die\Mods\0_TFP_Harmony\TfpHarmony.dll)
2026-10-03T14:10:43 9.156 INF [MODS]     Loaded Mod: TFP_Harmony (1.1.0.4)
2026-10-03T14:10:43 9.157 INF [MODS]   Trying to load from folder: 'MC7DTD.Bridge'
2026-10-03T14:10:43 9.160 WRN [MODS]     Mod with same name (MC7DTD-Bridge) already loaded, ignoring
2026-10-03T14:10:43 9.169 INF [MODS]   Trying to load from folder: '原始mod'
2026-10-03T14:10:43 9.170 WRN [MODS]     Folder 原始mod does not contain a ModInfo.xml, ignoring
2026-10-03T14:10:43 9.173 INF [MODS] Initializing mod code
2026-10-03T14:10:43 9.176 INF [MODS]   Initializing mod TFP_Harmony
2026-10-03T14:10:43 9.239 INF [MODS]     Found ModAPI in assembly TfpHarmony (in D:\Steam\steamapps\common\7 Days To Die\Mods\0_TFP_Harmony\TfpHarmony.dll), creating instance
2026-10-03T14:10:43 9.243 INF [MODS]       [Harmony] Init done
Fallback handler could not load library D:/Steam/steamapps/common/7 Days To Die/7DaysToDie_Data/MonoBleedingEdge/data-000001CE6C385B30.dll
2026-10-03T14:10:44 9.586 INF [MODS]     Initialized code in mod 'TFP_Harmony' in assembly TfpHarmony (in D:\Steam\steamapps\common\7 Days To Die\Mods\0_TFP_Harmony\TfpHarmony.dll)
2026-10-03T14:10:44 9.588 INF [MODS]   Initializing mod MC7DTD-Bridge
2026-10-03T14:10:44 9.588 INF [MODS]     Found ModAPI in assembly MC7DTD.Bridge (in D:\wenjian\minecraft\7-M\runtime\7dtd\Mods\MC7DTD-Bridge\MC7DTD.Bridge.dll), creating instance
2026-10-03T14:10:44 9.648 INF [MODS]     Initialized code in mod 'MC7DTD-Bridge' in assembly MC7DTD.Bridge (in D:\wenjian\minecraft\7-M\runtime\7dtd\Mods\MC7DTD-Bridge\MC7DTD.Bridge.dll)
2026-10-03T14:10:44 9.648 INF [MODS] Loading done
2026-10-03T14:10:44 9.660 INF Loading permissions file at 'D:\wenjian\minecraft\7-M\runtime\7dtd\Saves/serveradmin.xml'
2026-10-03T14:10:44 9.674 INF Loading permissions file done.
2026-10-03T14:10:44 9.697 INF Creating TransformDebug GameObject
2026-10-03T14:10:44 9.780 INF [MC7DTD] Bridge connected
2026-10-03T14:10:44 9.790 INF [MC7DTD] 7DTD connected
2026-10-03T14:10:44 9.792 INF [MC7DTD] Test received from minecraft: Hello from Minecraft
2026-10-03T14:10:44 9.799 INF GameSense server not found (no props file), disabling
2026-10-03T14:10:44 9.831 INF [PartyQuests] Initialized
2026-10-03T14:10:44 9.894 INF Awake done in 1276 ms
2026-10-03T14:10:44 10.001 INF [XUi] Instantiating XUi from default prefab.
2026-10-03T14:10:44 10.083 INF [XUi] Loading XUi asynchronously
2026-10-03T14:10:44 10.408 INF Reloading serveradmin.xml
2026-10-03T14:10:44 10.410 INF Loading permissions file at 'D:\wenjian\minecraft\7-M\runtime\7dtd\Saves/serveradmin.xml'
2026-10-03T14:10:44 10.411 INF Permissions file unchanged, skipping reloading
2026-10-03T14:10:45 10.546 INF [EOS] Read cached (NewsFeatured.xml) completed: 1821 bytes
2026-10-03T14:10:45 10.562 INF [EOS] Read cached (News.xml) completed: 4600 bytes
2026-10-03T14:10:47 13.357 INF [XUi] Parsing all window groups completed in 3149 ms total.
2026-10-03T14:10:47 13.399 INF Updated culture for display texts
2026-10-03T14:10:47 13.413 WRN UIUtils: No device binding source could be found for PlayerAction GUI Apply
2026-10-03T14:10:48 13.656 INF [EOS] Read cached (news_featured_2026_dlc_08.jpg) completed: 774214 bytes
2026-10-03T14:10:48 13.692 INF [EOS] Read cached (news_featured_2026_dlc_07.jpg) completed: 925495 bytes
2026-10-03T14:10:48 13.727 INF [EOS] Read cached (news_featured_2026_dlc_06.jpg) completed: 149863 bytes
2026-10-03T14:10:48 13.750 INF [EOS] Read cached (news_featured_2026_merger.jpg) completed: 154308 bytes
2026-10-03T14:10:48 13.763 INF [EOS] Read cached (news_featured_ytz2.1.jpg) completed: 123752 bytes
2026-10-03T14:10:48 13.785 INF [EOS] Read cached (news_featured_tfpmerch.jpg) completed: 78916 bytes
2026-10-03T14:10:48 13.803 INF [EOS] Read cached (news_featured_soundtrack.jpg) completed: 235045 bytes
2026-10-03T14:10:48 13.835 INF [EOS] Read cached (news_game_3.3_exp.jpg) completed: 106006 bytes
2026-10-03T14:10:48 13.849 INF [EOS] Read cached (news_game_3.2.0_stable.jpg) completed: 101488 bytes
2026-10-03T14:10:48 13.863 INF [EOS] Read cached (news_game_2026_7_blank.jpg) completed: 70434 bytes
2026-10-03T14:10:48 13.869 INF [EOS] Read cached (news_game_3.1.0_stable.jpg) completed: 585941 bytes
2026-10-03T14:10:48 13.890 INF [EOS] Read cached (news_game_3.0.1_stable.jpg) completed: 154912 bytes
2026-10-03T14:10:48 13.905 INF [EOS] Read cached (news_game_3.0_stable.jpg) completed: 275348 bytes
2026-10-03T14:10:48 13.923 INF [EOS] Read cached (news_game_2026_2.6_stable.jpg) completed: 97562 bytes
Cannot Prepare a disabled VideoPlayer
2026-10-03T14:10:49 14.766 INF Loaded default EULA
2026-10-03T14:10:49 15.279 INF [XUi] Initialized all window groups completed in 1750 ms total.
Direct3D: detected that using refresh rate causes time drift. Will stop trusting refresh rate until the game window is moved.
Direct3D: detected that vsync is broken (it does not limit frame rate properly). Delta time will now be calculated using cpu-side time stampling until the game window is moved.
2026-10-03T14:10:50 15.524 INF LoadTextureArraysForQuality quality -1 to 0, reload False
2026-10-03T14:10:50 16.050 INF LoadTextureArraysForQuality took 0.524
2026-10-03T14:10:50 16.061 INF Loaded (local): events in 0.00
2026-10-03T14:10:50 16.073 INF Loaded (local): rwgmixer in 0.01
2026-10-03T14:10:50 16.079 INF Loaded (local): archetypes in 0.00
2026-10-03T14:10:50 16.085 INF Loaded (local): loadingscreen in 0.00
2026-10-03T14:10:50 16.096 INF Added 1336 subtitle data entries and 3 speaker colors
2026-10-03T14:10:50 16.097 INF Loaded (local): subtitles in 0.00
2026-10-03T14:10:50 16.102 INF Loaded (local): videos in 0.00
2026-10-03T14:10:50 16.107 INF Loaded (local): sandbox_overrides in 0.00
2026-10-03T14:10:50 16.107 INF WorldStaticData.Init() needed 5.826 s
2026-10-03T14:10:50 16.111 INF [Steamworks.NET] Login ok.
2026-10-03T14:10:50 16.112 INF [EOS] Login
2026-10-03T14:10:50 16.403 INF AchievementManager: Received stats and achievements from Steam
2026-10-03T14:10:53 19.291 INF [EOS] Login succeeded, PUID: 0002a27c262e4f8d9c40beda1e4fa220
2026-10-03T14:10:53 19.293 INF [EOS] Getting native user for 0002a27c262e4f8d9c40beda1e4fa220
2026-10-03T14:10:53 19.295 INF [EOS] CopyIdToken result: Success
2026-10-03T14:10:54 20.134 INF [BACKTRACE] Attempting to get User ID from platform: EOS
2026-10-03T14:10:54 20.141 INF [EOS] Created RFS Request: NewsFeatured.xml
2026-10-03T14:10:54 20.142 INF [EOS] Created RFS Request: News.xml
2026-10-03T14:10:54 20.147 INF [EOS] Created RFS Request: DLCConfiguration
2026-10-03T14:10:54 20.148 INF [EOS] Created RFS Request: eula_schinese
2026-10-03T14:10:54 20.151 INF [PermissionsManager] ResolvePermissions(_perms: [Multiplayer, Communication, Crossplay], _canPrompt: False)
2026-10-03T14:10:54 20.154 INF [PermissionsManager] ResolvePermissions(_perms: [Multiplayer, Communication, Crossplay], _canPrompt: False) Fetching Title Storage Overrides...
2026-10-03T14:10:54 20.156 INF [EOS] Created RFS Request: PlatformOverrides
2026-10-03T14:10:54 20.158 INF [EOS] ResolvePermissions(_perms: [Multiplayer, Communication, Crossplay], _canPrompt: False)
2026-10-03T14:10:55 20.553 WRN [EOS] [LogEOSTitleStorage - Warning] Deleting local invalid cache file. CacheFilename=[D:/wenjian/minecraft/7-M/runtime/7dtd/titlestorage/8a44365d5ccb43328b4df2f8ca199e43/__cache_registry_lock]
2026-10-03T14:10:55 20.558 INF [EOS] Read (NewsFeatured.xml) completed: Success, received 1821 bytes
2026-10-03T14:10:55 20.560 INF [EOS] Created RFS Request: news_featured_2026_dlc_08.jpg
2026-10-03T14:10:55 20.561 INF [EOS] Created RFS Request: news_featured_2026_dlc_07.jpg
2026-10-03T14:10:55 20.561 INF [EOS] Created RFS Request: news_featured_2026_dlc_06.jpg
2026-10-03T14:10:55 20.785 INF [EOS] Read (News.xml) completed: Success, received 4600 bytes
2026-10-03T14:10:55 20.786 INF [EOS] Created RFS Request: news_game_3.3_exp.jpg
2026-10-03T14:10:55 20.787 INF [EOS] Created RFS Request: news_game_3.2.0_stable.jpg
2026-10-03T14:10:55 20.788 INF [EOS] Created RFS Request: news_game_2026_7_blank.jpg
2026-10-03T14:10:55 20.820 INF [EOS] Read (BlockedPlayerList) completed: Success, received 8 bytes
2026-10-03T14:10:55 20.918 INF [EOS] Read (PlatformOverrides) completed: Success, received 532 bytes
2026-10-03T14:10:55 20.920 INF [TitleStorageOverridesManager] Successfully retrieved overrides.
2026-10-03T14:10:55 20.921 INF [PermissionsManager] ResolvePermissions(_perms: [Multiplayer, Communication, Crossplay], _canPrompt: False) Fetched Title Storage Overrides!
2026-10-03T14:10:55 20.957 INF [EOS] Read (news_featured_2026_dlc_08.jpg) completed: Success, received 774214 bytes
2026-10-03T14:10:55 20.959 INF [EOS] Created RFS Request: news_featured_2026_merger.jpg
2026-10-03T14:10:55 21.180 INF [EOS] Read (news_game_3.3_exp.jpg) completed: Success, received 106006 bytes
2026-10-03T14:10:55 21.182 INF [EOS] Created RFS Request: news_game_3.1.0_stable.jpg
2026-10-03T14:10:55 21.357 INF [EOS] Read (DLCConfiguration) completed: Success, received 4729 bytes
2026-10-03T14:10:55 21.359 INF [DLCTitleStorageManager] Successfully retrieved DLC configuration.
2026-10-03T14:10:55 21.382 INF [EOS] Read (news_featured_2026_merger.jpg) completed: Success, received 154308 bytes
2026-10-03T14:10:55 21.384 INF [EOS] Created RFS Request: news_featured_ytz2.1.jpg
2026-10-03T14:10:55 21.415 INF [EOS] Read (eula_schinese) completed: Success, received 29413 bytes
2026-10-03T14:10:55 21.417 INF [EOS] Created RFS Request: backtraceconfig.xml
2026-10-03T14:10:56 21.563 INF [EOS] Read (news_game_3.1.0_stable.jpg) completed: Success, received 585941 bytes
2026-10-03T14:10:56 21.565 INF [EOS] Created RFS Request: news_game_3.0.1_stable.jpg
2026-10-03T14:10:56 22.318 INF [EOS] Read (news_game_2026_7_blank.jpg) completed: Success, received 70434 bytes
2026-10-03T14:10:56 22.319 INF [EOS] Created RFS Request: news_game_3.0_stable.jpg
2026-10-03T14:10:56 22.325 INF [EOS] Read (backtraceconfig.xml) completed: Success, received 2615 bytes
2026-10-03T14:10:56 22.328 INF [BACKTRACE] Bug reporting Enabled with save uploading: Disabled
2026-10-03T14:10:56 22.329 INF [BACKTRACE] Save Attaching Feature: Disabled
2026-10-03T14:10:56 22.330 INF [BACKTRACE] Entire World Attaching Feature: Disabled
2026-10-03T14:10:56 22.330 INF [BACKTRACE] Disabling Error Report Message Types: fellthroughworld
2026-10-03T14:10:56 22.331 INF [BACKTRACE] Bug reporting Disabled with save uploading: Disabled
2026-10-03T14:10:57 22.693 INF [BACKTRACE] Platform ID set to: "EOS-0002a27c262e4f8d9c40beda1e4fa220"
2026-10-03T14:10:57 22.694 INF [BACKTRACE] Configuration refreshed from XML: Enabled True
2026-10-03T14:10:57 22.695 INF [BACKTRACE] Bug reporting: Disabled
2026-10-03T14:10:57 22.695 INF [BACKTRACE] Bug reporting attach save feature: Disabled
2026-10-03T14:10:57 22.696 INF [BACKTRACE] Bug reporting attach entire world feature: Disabled
2026-10-03T14:10:57 22.697 WRN [EOS] [LogEOSMessaging - Warning] Connect Messaging: Lost connection to Stomp on 'wss://api.epicgames.dev/notifications/v1/c9ccbd00333f4dd6995beb7c75000942/connect' () - will attempt to reconnect after 4.5 seconds. LocalUserId=[000...220]
2026-10-03T14:10:57 22.723 INF [EOS] Read (news_game_3.0.1_stable.jpg) completed: Success, received 154912 bytes
2026-10-03T14:10:57 22.724 INF [EOS] Created RFS Request: news_game_2026_2.6_stable.jpg
2026-10-03T14:10:57 22.753 INF [EOS] Read (news_game_3.2.0_stable.jpg) completed: Success, received 101488 bytes
2026-10-03T14:10:57 22.770 INF [EOS] Read (news_featured_ytz2.1.jpg) completed: Success, received 123752 bytes
2026-10-03T14:10:57 22.771 INF [EOS] Created RFS Request: news_featured_tfpmerch.jpg
2026-10-03T14:10:57 22.814 INF [EOS] Read (news_featured_2026_dlc_07.jpg) completed: Success, received 925495 bytes
2026-10-03T14:10:57 22.815 INF [EOS] Created RFS Request: news_featured_soundtrack.jpg
2026-10-03T14:10:57 23.122 INF [EOS] Read (news_featured_2026_dlc_06.jpg) completed: Success, received 149863 bytes
2026-10-03T14:10:57 23.145 INF [EOS] Read (news_game_2026_2.6_stable.jpg) completed: Success, received 97562 bytes
2026-10-03T14:10:57 23.169 INF [EOS] Read (news_game_3.0_stable.jpg) completed: Success, received 275348 bytes
2026-10-03T14:10:57 23.189 INF [EOS] Read (news_featured_tfpmerch.jpg) completed: Success, received 78916 bytes
2026-10-03T14:10:57 23.221 INF [EOS] Read (news_featured_soundtrack.jpg) completed: Success, received 235045 bytes
2026-10-03T14:11:04 29.894 WRN [EOS] [LogEOSMessaging - Warning] Connect Messaging: Lost connection to Stomp on 'wss://api.epicgames.dev/notifications/v1/c9ccbd00333f4dd6995beb7c75000942/connect' () - will attempt to reconnect after 5.6 seconds. LocalUserId=[000...220]
2026-10-03T14:11:23 49.257 INF [MC7DTD] Minecraft player: x=-29.488429684396749 y=64 z=29.593251520771876
2026-10-03T14:11:24 49.806 INF [MC7DTD] Minecraft player: x=-29.488429684396749 y=64 z=29.593251520771876
2026-10-03T14:11:44 70.002 INF [MC7DTD] Minecraft player: x=-29.488429684396749 y=64 z=29.593251520771876
2026-10-03T14:11:45 70.507 INF [MC7DTD] Minecraft player: x=-29.488429684396749 y=64 z=29.593251520771876
2026-10-03T14:11:45 71.045 INF [MC7DTD] Minecraft player: x=-29.488429684396749 y=64 z=29.593251520771876
2026-10-03T14:11:46 71.546 INF [MC7DTD] Minecraft player: x=-29.488429684396749 y=64 z=29.593251520771876
2026-10-03T14:11:46 72.050 INF [MC7DTD] Minecraft player: x=-29.488429684396749 y=64 z=29.593251520771876
2026-10-03T14:11:47 72.600 INF [MC7DTD] Minecraft player: x=-29.488429684396749 y=64 z=29.593251520771876
2026-10-03T14:11:47 73.149 INF [MC7DTD] Minecraft player: x=-29.488429684396749 y=64 z=29.593251520771876
2026-10-03T14:11:48 73.695 INF [MC7DTD] Minecraft player: x=-29.488429684396749 y=64 z=29.593251520771876
2026-10-03T14:11:48 74.244 INF [MC7DTD] Minecraft player: x=-29.488429684396749 y=64 z=29.593251520771876
2026-10-03T14:11:49 74.751 INF [MC7DTD] Minecraft player: x=-29.488429684396749 y=64 z=29.593251520771876
2026-10-03T14:11:49 75.252 INF [MC7DTD] Minecraft player: x=-29.488429684396749 y=64 z=29.593251520771876
2026-10-03T14:11:50 75.803 INF [MC7DTD] Minecraft player: x=-29.488429684396749 y=64 z=29.593251520771876
2026-10-03T14:11:50 76.348 INF [MC7DTD] Minecraft player: x=-29.488429684396749 y=64 z=29.593251520771876
2026-10-03T14:11:51 76.848 INF [MC7DTD] Minecraft player: x=-29.488429684396749 y=64 z=29.593251520771876
2026-10-03T14:11:51 77.400 INF [MC7DTD] Minecraft player: x=-29.488429684396749 y=64 z=29.593251520771876
2026-10-03T14:11:52 77.948 INF [MC7DTD] Minecraft player: x=-29.488429684396749 y=64 z=29.593251520771876
2026-10-03T14:11:53 78.495 INF [MC7DTD] Minecraft player: x=-29.488429684396749 y=64 z=29.593251520771876
2026-10-03T14:11:53 79.046 INF [MC7DTD] Minecraft player: x=-29.488429684396749 y=64 z=29.593251520771876
2026-10-03T14:11:54 79.552 INF [MC7DTD] Minecraft player: x=-29.488429684396749 y=64 z=29.593251520771876
2026-10-03T14:11:54 80.101 INF [MC7DTD] Minecraft player: x=-29.488429684396749 y=64 z=29.593251520771876
2026-10-03T14:11:55 80.602 INF [MC7DTD] Minecraft player: x=-29.488429684396749 y=64 z=29.593251520771876
2026-10-03T14:11:55 81.146 INF [MC7DTD] Minecraft player: x=-29.488429684396749 y=64 z=29.593251520771876
2026-10-03T14:11:56 81.647 INF [MC7DTD] Minecraft player: x=-29.488429684396749 y=64 z=29.593251520771876
2026-10-03T14:11:56 82.152 INF [MC7DTD] Minecraft player: x=-29.488429684396749 y=64 z=29.593251520771876
2026-10-03T14:11:57 82.701 INF [MC7DTD] Minecraft player: x=-29.488429684396749 y=64 z=29.593251520771876
2026-10-03T14:11:57 83.244 INF [MC7DTD] Minecraft player: x=-29.488429684396749 y=64 z=29.593251520771876
2026-10-03T14:11:58 83.794 INF [MC7DTD] Minecraft player: x=-29.488429684396749 y=64 z=29.593251520771876
2026-10-03T14:11:58 84.296 INF [MC7DTD] Minecraft player: x=-29.488429684396749 y=64 z=29.593251520771876
2026-10-03T14:11:59 84.844 INF [MC7DTD] Minecraft player: x=-29.488429684396749 y=64 z=29.593251520771876
2026-10-03T14:11:59 85.352 INF [MC7DTD] Minecraft player: x=-29.488429684396749 y=64 z=29.593251520771876
2026-10-03T14:12:00 85.895 INF [MC7DTD] Minecraft player: x=-29.488429684396749 y=64 z=29.593251520771876
2026-10-03T14:12:00 86.401 INF [MC7DTD] Minecraft player: x=-29.488429684396749 y=64 z=29.593251520771876
2026-10-03T14:12:01 86.943 INF [MC7DTD] Minecraft player: x=-29.488429684396749 y=64 z=29.593251520771876
2026-10-03T14:12:01 87.444 INF [MC7DTD] Minecraft player: x=-29.488429684396749 y=64 z=29.593251520771876
2026-10-03T14:12:02 87.946 INF [MC7DTD] Minecraft player: x=-29.488429684396749 y=64 z=29.593251520771876
2026-10-03T14:12:03 88.446 INF [MC7DTD] Minecraft player: x=-29.488429684396749 y=64 z=29.593251520771876
2026-10-03T14:12:03 88.996 INF [MC7DTD] Minecraft player: x=-29.488429684396749 y=64 z=29.593251520771876
2026-10-03T14:12:04 89.545 INF [MC7DTD] Minecraft player: x=-29.488429684396749 y=64 z=29.593251520771876
2026-10-03T14:12:04 90.047 INF [MC7DTD] Minecraft player: x=-29.488429684396749 y=64 z=29.593251520771876
2026-10-03T14:12:05 90.547 INF [MC7DTD] Minecraft player: x=-29.488429684396749 y=64 z=29.593251520771876
2026-10-03T14:12:05 91.050 INF [MC7DTD] Minecraft player: x=-29.488429684396749 y=64 z=29.593251520771876
2026-10-03T14:12:06 91.599 INF [MC7DTD] Minecraft player: x=-29.488429684396749 y=64 z=29.593251520771876
2026-10-03T14:12:06 92.149 INF [MC7DTD] Minecraft player: x=-29.488429684396749 y=64 z=29.593251520771876
2026-10-03T14:12:07 92.698 INF [MC7DTD] Minecraft player: x=-29.488429684396749 y=64 z=29.593251520771876
2026-10-03T14:12:07 93.198 INF [MC7DTD] Minecraft player: x=-29.488429684396749 y=64 z=29.593251520771876
2026-10-03T14:12:08 93.699 INF [MC7DTD] Minecraft player: x=-29.488429684396749 y=64 z=29.593251520771876
2026-10-03T14:12:08 94.247 INF [MC7DTD] Minecraft player: x=-29.488429684396749 y=64 z=29.593251520771876
2026-10-03T14:12:09 94.797 INF [MC7DTD] Minecraft player: x=-29.488429684396749 y=64 z=29.593251520771876
2026-10-03T14:12:09 95.301 INF [MC7DTD] Minecraft player: x=-29.488429684396749 y=64 z=29.593251520771876
2026-10-03T14:12:10 95.852 INF [MC7DTD] Minecraft player: x=-29.488429684396749 y=64 z=29.593251520771876
2026-10-03T14:12:10 96.395 INF [MC7DTD] Minecraft player: x=-29.488429684396749 y=64 z=29.593251520771876
2026-10-03T14:12:11 96.899 INF [MC7DTD] Minecraft player: x=-29.488429684396749 y=64 z=29.593251520771876
2026-10-03T14:12:11 97.399 INF [MC7DTD] Minecraft player: x=-29.488429684396749 y=64 z=29.593251520771876
2026-10-03T14:12:12 97.948 INF [MC7DTD] Minecraft player: x=-29.488429684396749 y=64 z=29.593251520771876
2026-10-03T14:12:13 98.498 INF [MC7DTD] Minecraft player: x=-29.488429684396749 y=64 z=29.593251520771876
2026-10-03T14:12:13 99.000 INF [MC7DTD] Minecraft player: x=-29.488429684396749 y=64 z=29.593251520771876
2026-10-03T14:12:14 99.502 INF [MC7DTD] Minecraft player: x=-29.488429684396749 y=64 z=29.593251520771876
2026-10-03T14:12:14 100.047 INF [MC7DTD] Minecraft player: x=-29.488429684396749 y=64 z=29.593251520771876
2026-10-03T14:12:15 100.597 INF [MC7DTD] Minecraft player: x=-29.488429684396749 y=64 z=29.593251520771876
2026-10-03T14:12:15 101.098 INF [MC7DTD] Minecraft player: x=-29.488429684396749 y=64 z=29.593251520771876
2026-10-03T14:12:16 101.646 INF [MC7DTD] Minecraft player: x=-29.488429684396749 y=64 z=29.593251520771876
2026-10-03T14:12:16 102.147 INF [MC7DTD] Minecraft player: x=-29.488429684396749 y=64 z=29.593251520771876
2026-10-03T14:12:17 102.697 INF [MC7DTD] Minecraft player: x=-29.488429684396749 y=64 z=29.593251520771876
2026-10-03T14:12:17 103.198 INF [MC7DTD] Minecraft player: x=-29.488429684396749 y=64 z=29.593251520771876
2026-10-03T14:12:18 103.747 INF [MC7DTD] Minecraft player: x=-29.488429684396749 y=64 z=29.593251520771876
2026-10-03T14:12:18 104.295 INF [MC7DTD] Minecraft player: x=-29.488429684396749 y=64 z=29.593251520771876
2026-10-03T14:12:19 104.800 INF [MC7DTD] Minecraft player: x=-29.488429684396749 y=64 z=29.593251520771876
2026-10-03T14:12:19 105.344 INF [MC7DTD] Minecraft player: x=-29.488429684396749 y=64 z=29.593251520771876
2026-10-03T14:12:20 105.846 INF [MC7DTD] Minecraft player: x=-29.488429684396749 y=64 z=29.593251520771876
2026-10-03T14:12:20 106.395 INF [MC7DTD] Minecraft player: x=-29.488429684396749 y=64 z=29.593251520771876
2026-10-03T14:12:21 106.945 INF [MC7DTD] Minecraft player: x=-29.488429684396749 y=64 z=29.593251520771876
2026-10-03T14:12:22 107.449 INF [MC7DTD] Minecraft player: x=-29.488429684396749 y=64 z=29.593251520771876
2026-10-03T14:12:22 107.957 INF [MC7DTD] Minecraft player: x=-29.488429684396749 y=64 z=29.593251520771876
2026-10-03T14:12:23 108.494 INF [MC7DTD] Minecraft player: x=-29.488429684396749 y=64 z=29.593251520771876
2026-10-03T14:12:23 109.044 INF [MC7DTD] Minecraft player: x=-29.488429684396749 y=64 z=29.593251520771876
2026-10-03T14:12:24 109.551 INF [MC7DTD] Minecraft player: x=-29.488429684396749 y=64 z=29.593251520771876
2026-10-03T14:12:24 110.102 INF [MC7DTD] Minecraft player: x=-29.488429684396749 y=64 z=29.593251520771876
2026-10-03T14:12:25 110.651 INF [MC7DTD] Minecraft player: x=-29.488429684396749 y=64 z=29.593251520771876
2026-10-03T14:12:25 111.195 INF [MC7DTD] Minecraft player: x=-29.488429684396749 y=64 z=29.593251520771876
2026-10-03T14:12:26 111.702 INF [MC7DTD] Minecraft player: x=-29.488429684396749 y=64 z=29.593251520771876
2026-10-03T14:12:26 112.250 INF [MC7DTD] Minecraft player: x=-29.488429684396749 y=64 z=29.593251520771876
2026-10-03T14:12:27 112.797 INF [MC7DTD] Minecraft player: x=-29.488429684396749 y=64 z=29.593251520771876
2026-10-03T14:12:27 113.350 INF [MC7DTD] Minecraft player: x=-29.488429684396749 y=64 z=29.593251520771876
2026-10-03T14:12:28 113.851 INF [MC7DTD] Minecraft player: x=-29.488429684396749 y=64 z=29.593251520771876
2026-10-03T14:12:28 114.400 INF [MC7DTD] Minecraft player: x=-29.488429684396749 y=64 z=29.593251520771876
2026-10-03T14:12:29 114.902 INF [MC7DTD] Minecraft player: x=-29.488429684396749 y=64 z=29.593251520771876
2026-10-03T14:12:38 124.331 INF [MC7DTD] Minecraft player: x=-29.488429684396749 y=64 z=29.593251520771876
2026-10-03T14:12:39 124.834 INF [MC7DTD] Minecraft player: x=-29.488429684396749 y=64 z=29.593251520771876
2026-10-03T14:12:39 125.336 INF [MC7DTD] Minecraft player: x=-29.488429684396749 y=64 z=29.593251520771876
2026-10-03T14:12:40 125.882 INF [MC7DTD] Minecraft player: x=-29.488429684396749 y=64 z=29.593251520771876
2026-10-03T14:12:40 126.383 INF [MC7DTD] Minecraft player: x=-29.488429684396749 y=64 z=29.593251520771876
2026-10-03T14:12:41 126.887 INF [MC7DTD] Minecraft player: x=-29.488429684396749 y=64 z=29.593251520771876
2026-10-03T14:12:41 127.432 INF [MC7DTD] Minecraft player: x=-29.488429684396749 y=64 z=29.593251520771876
2026-10-03T14:12:48 134.328 INF [MC7DTD] Minecraft player: x=-29.488429684396749 y=64 z=29.593251520771876
2026-10-03T14:12:49 134.832 INF [MC7DTD] Minecraft player: x=-29.488429684396749 y=64 z=29.593251520771876
2026-10-03T14:12:49 135.379 INF [MC7DTD] Minecraft player: x=-29.488429684396749 y=64 z=29.593251520771876
2026-10-03T14:12:50 135.879 INF [MC7DTD] Minecraft player: x=-29.488429684396749 y=64 z=29.593251520771876
2026-10-03T14:12:50 136.426 INF [MC7DTD] Minecraft player: x=-29.488429684396749 y=64 z=29.593251520771876
2026-10-03T14:12:51 136.929 INF [MC7DTD] Minecraft player: x=-29.488429684396749 y=64 z=29.593251520771876
2026-10-03T14:12:52 137.477 INF [MC7DTD] Minecraft player: x=-29.488429684396749 y=64 z=29.593251520771876
2026-10-03T14:12:52 137.980 INF [MC7DTD] Minecraft player: x=-29.488429684396749 y=64 z=29.593251520771876
2026-10-03T14:12:53 138.480 INF [MC7DTD] Minecraft player: x=-29.488429684396749 y=64 z=29.593251520771876
2026-10-03T14:12:53 138.981 INF [MC7DTD] Minecraft player: x=-29.488429684396749 y=64 z=29.593251520771876
2026-10-03T14:12:53 139.240 INF [MC7DTD] Entity state: event=spawn id=00000000-0000-0000-0000-000000000001 type=minecraft:player source=minecraft world=runtime-acceptance dimension=minecraft:overworld stream=fd814250-684a-43bd-b1a5-1f4c25779574 sequence=1 x=-29.488429684396749 y=64 z=29.593251520771876 yaw=199.05028 pitch=18.750008 roll=0
2026-10-03T14:12:54 139.530 INF [MC7DTD] Minecraft player: x=-29.488429684396749 y=64 z=29.593251520771876
2026-10-03T14:12:54 140.032 INF [MC7DTD] Minecraft player: x=-29.488429684396749 y=64 z=29.593251520771876
2026-10-03T14:12:55 140.576 INF [MC7DTD] Minecraft player: x=-29.488429684396749 y=64 z=29.593251520771876
2026-10-03T14:12:55 141.082 INF [MC7DTD] Minecraft player: x=-29.488429684396749 y=64 z=29.593251520771876
2026-10-03T14:12:56 141.629 INF [MC7DTD] Minecraft player: x=-29.488429684396749 y=64 z=29.593251520771876
2026-10-03T14:12:56 142.179 INF [MC7DTD] Minecraft player: x=-29.488429684396749 y=64 z=29.593251520771876
2026-10-03T14:12:57 142.679 INF [MC7DTD] Minecraft player: x=-29.453545987595593 y=64 z=29.501670250983171
2026-10-03T14:12:57 143.184 INF [MC7DTD] Minecraft player: x=-29.068258392398885 y=64 z=27.618065967651614
2026-10-03T14:12:58 143.730 INF [MC7DTD] Minecraft player: x=-28.448674669985827 y=64 z=25.769545901357173
2026-10-03T14:12:58 144.235 INF [MC7DTD] Minecraft player: x=-30.006765478573428 y=64 z=25.397043165804519
2026-10-03T14:12:59 144.778 INF [MC7DTD] Minecraft player: x=-30.772903550163413 y=64 z=27.243887506716352
2026-10-03T14:12:59 145.280 INF [MC7DTD] Minecraft player: x=-29.433387465610473 y=64 z=28.726852449386197
2026-10-03T14:13:00 145.828 INF [MC7DTD] Minecraft player: x=-27.445054223711722 y=64 z=27.80544514683239
2026-10-03T14:13:00 146.377 INF [MC7DTD] Minecraft player: x=-28.16203936645244 y=64 z=26.092442479078869
2026-10-03T14:13:01 146.927 INF [MC7DTD] Minecraft player: x=-29.477924487953381 y=64 z=27.248345333406732
2026-10-03T14:13:01 147.428 INF [MC7DTD] Minecraft player: x=-27.646082960110114 y=64 z=26.889569509408368
2026-10-03T14:13:02 147.979 INF [MC7DTD] Minecraft player: x=-28.208591036291686 y=64 z=25.352859110925642
2026-10-03T14:13:03 148.528 INF [MC7DTD] Minecraft player: x=-28.657834641997194 y=64 z=26.518958536246476
2026-10-03T14:13:03 149.079 INF [MC7DTD] Minecraft player: x=-28.270701005049695 y=64 z=26.403712499538088
2026-10-03T14:13:04 149.582 INF [MC7DTD] Minecraft player: x=-28.270701005049695 y=64 z=26.403712499538088
2026-10-03T14:13:04 150.124 INF [MC7DTD] Minecraft player: x=-28.270701005049695 y=64 z=26.403712499538088
2026-10-03T14:13:05 150.627 INF [MC7DTD] Minecraft player: x=-28.270701005049695 y=64 z=26.403712499538088
2026-10-03T14:13:05 151.175 INF [MC7DTD] Minecraft player: x=-28.270701005049695 y=64 z=26.403712499538088
2026-10-03T14:13:06 151.677 INF [MC7DTD] Minecraft player: x=-28.270701005049695 y=64 z=26.403712499538088
2026-10-03T14:13:06 152.181 INF [MC7DTD] Minecraft player: x=-28.270701005049695 y=64 z=26.403712499538088
2026-10-03T14:13:07 152.729 INF [MC7DTD] Minecraft player: x=-28.270701005049695 y=64 z=26.403712499538088
2026-10-03T14:13:07 153.275 INF [MC7DTD] Minecraft player: x=-28.270701005049695 y=64 z=26.403712499538088
2026-10-03T14:13:08 153.780 INF [MC7DTD] Minecraft player: x=-28.270701005049695 y=64 z=26.403712499538088
2026-10-03T14:13:08 154.287 INF [MC7DTD] Minecraft player: x=-28.270701005049695 y=64 z=26.403712499538088
2026-10-03T14:13:09 154.828 INF [MC7DTD] Minecraft player: x=-28.270701005049695 y=64 z=26.403712499538088
2026-10-03T14:13:09 155.379 INF [MC7DTD] Minecraft player: x=-28.270701005049695 y=64 z=26.403712499538088
2026-10-03T14:13:10 155.930 INF [MC7DTD] Minecraft player: x=-28.270701005049695 y=64 z=26.403712499538088
2026-10-03T14:13:11 156.480 INF [MC7DTD] Minecraft player: x=-28.270701005049695 y=64 z=26.403712499538088
2026-10-03T14:13:11 157.027 INF [MC7DTD] Minecraft player: x=-28.270701005049695 y=64 z=26.403712499538088
2026-10-03T14:13:12 157.527 INF [MC7DTD] Minecraft player: x=-28.270701005049695 y=64 z=26.403712499538088
2026-10-03T14:13:12 158.031 INF [MC7DTD] Minecraft player: x=-28.270701005049695 y=64 z=26.403712499538088
2026-10-03T14:13:12 158.087 INF [MC7DTD] Entity state: event=update id=00000000-0000-0000-0000-000000000001 type=minecraft:player source=minecraft world=runtime-acceptance dimension=minecraft:overworld stream=fd814250-684a-43bd-b1a5-1f4c25779574 sequence=2 x=-28.270701005049695 y=64 z=26.403712499538088 yaw=150.9001 pitch=24.599995 roll=0
2026-10-03T14:13:13 158.582 INF [MC7DTD] Minecraft player: x=-28.270701005049695 y=64 z=26.403712499538088
2026-10-03T14:13:13 159.125 INF [MC7DTD] Minecraft player: x=-28.270701005049695 y=64 z=26.403712499538088
2026-10-03T14:13:14 159.631 INF [MC7DTD] Minecraft player: x=-28.270701005049695 y=64 z=26.403712499538088
2026-10-03T14:13:14 160.180 INF [MC7DTD] Minecraft player: x=-28.270701005049695 y=64 z=26.403712499538088
2026-10-03T14:13:15 160.682 INF [MC7DTD] Minecraft player: x=-28.270701005049695 y=64 z=26.403712499538088
2026-10-03T14:13:15 161.231 INF [MC7DTD] Minecraft player: x=-26.890342484541723 y=64 z=25.574928153014589
2026-10-03T14:13:16 161.776 INF [MC7DTD] Minecraft player: x=-25.99897268087631 y=64 z=26.651363487746455
2026-10-03T14:13:16 162.277 INF [MC7DTD] Minecraft player: x=-24.027842799406372 y=64 z=27.172518629119423
2026-10-03T14:13:17 162.828 INF [MC7DTD] Minecraft player: x=-22.284605203601146 y=64 z=26.801399890375315
2026-10-03T14:13:17 163.331 INF [MC7DTD] Minecraft player: x=-20.327844261504886 y=64 z=26.80574186114421
2026-10-03T14:13:18 163.881 INF [MC7DTD] Minecraft player: x=-19.034502044364181 y=64 z=26.533949782538347
2026-10-03T14:13:18 164.432 INF [MC7DTD] Minecraft player: x=-19.031462534993487 y=64 z=26.533261776384752
2026-10-03T14:13:19 164.980 INF [MC7DTD] Minecraft player: x=-19.031462534993487 y=64 z=26.533261776384752
2026-10-03T14:13:20 165.483 INF [MC7DTD] Minecraft player: x=-19.031462534993487 y=64 z=26.533261776384752
2026-10-03T14:13:20 166.027 INF [MC7DTD] Minecraft player: x=-19.031462534993487 y=64 z=26.533261776384752
2026-10-03T14:13:21 166.530 INF [MC7DTD] Minecraft player: x=-19.031462534993487 y=64 z=26.533261776384752
2026-10-03T14:13:21 167.030 INF [MC7DTD] Minecraft player: x=-19.031462534993487 y=64 z=26.533261776384752
2026-10-03T14:13:22 167.575 INF [MC7DTD] Minecraft player: x=-19.031462534993487 y=64 z=26.533261776384752
2026-10-03T14:13:22 168.076 INF [MC7DTD] Minecraft player: x=-19.031462534993487 y=64 z=26.533261776384752
2026-10-03T14:13:23 168.583 INF [MC7DTD] Minecraft player: x=-19.031462534993487 y=64 z=26.533261776384752
2026-10-03T14:13:23 169.126 INF [MC7DTD] Minecraft player: x=-19.031462534993487 y=64 z=26.533261776384752
2026-10-03T14:13:24 169.631 INF [MC7DTD] Minecraft player: x=-19.031462534993487 y=64 z=26.533261776384752
2026-10-03T14:13:24 170.131 INF [MC7DTD] Minecraft player: x=-19.031462534993487 y=64 z=26.533261776384752
2026-10-03T14:13:25 170.632 INF [MC7DTD] Minecraft player: x=-19.031462534993487 y=64 z=26.533261776384752
2026-10-03T14:13:25 171.179 INF [MC7DTD] Minecraft player: x=-19.031462534993487 y=64 z=26.533261776384752
2026-10-03T14:13:26 171.692 INF [MC7DTD] Entity state: event=despawn id=00000000-0000-0000-0000-000000000001 type=minecraft:player source=minecraft world=runtime-acceptance dimension=minecraft:overworld stream=fd814250-684a-43bd-b1a5-1f4c25779574 sequence=3 reason=out_of_scope
2026-10-03T14:13:26 171.729 INF [MC7DTD] Minecraft player: x=-19.031462534993487 y=64 z=26.533261776384752
2026-10-03T14:13:26 172.232 INF [MC7DTD] Minecraft player: x=-19.031462534993487 y=64 z=26.533261776384752
2026-10-03T14:13:27 172.781 INF [MC7DTD] Minecraft player: x=-19.031462534993487 y=64 z=26.533261776384752
2026-10-03T14:13:27 173.281 INF [MC7DTD] Minecraft player: x=-19.031462534993487 y=64 z=26.533261776384752
2026-10-03T14:13:28 173.830 INF [MC7DTD] Minecraft player: x=-19.031462534993487 y=64 z=26.533261776384752
2026-10-03T14:13:28 174.331 INF [MC7DTD] Minecraft player: x=-19.031462534993487 y=64 z=26.533261776384752
2026-10-03T14:13:29 174.832 INF [MC7DTD] Minecraft player: x=-19.031462534993487 y=64 z=26.533261776384752
2026-10-03T14:13:29 175.377 INF [MC7DTD] Minecraft player: x=-19.031462534993487 y=64 z=26.533261776384752
2026-10-03T14:13:30 175.881 INF [MC7DTD] Minecraft player: x=-19.031462534993487 y=64 z=26.533261776384752
2026-10-03T14:13:30 176.380 INF [MC7DTD] Minecraft player: x=-19.031462534993487 y=64 z=26.533261776384752
2026-10-03T14:13:31 176.882 INF [MC7DTD] Minecraft player: x=-19.031462534993487 y=64 z=26.533261776384752
2026-10-03T14:13:31 177.382 INF [MC7DTD] Minecraft player: x=-19.031462534993487 y=64 z=26.533261776384752
2026-10-03T14:13:32 177.932 INF [MC7DTD] Minecraft player: x=-19.031462534993487 y=64 z=26.533261776384752
2026-10-03T14:13:33 178.480 INF [MC7DTD] Minecraft player: x=-19.031462534993487 y=64 z=26.533261776384752
2026-10-03T14:13:33 178.981 INF [MC7DTD] Minecraft player: x=-19.031462534993487 y=64 z=26.533261776384752
2026-10-03T14:13:34 179.527 INF [MC7DTD] Minecraft player: x=-19.031462534993487 y=64 z=26.533261776384752
2026-10-03T14:13:34 180.077 INF [MC7DTD] Minecraft player: x=-19.031462534993487 y=64 z=26.533261776384752
2026-10-03T14:13:35 180.627 INF [MC7DTD] Minecraft player: x=-19.031462534993487 y=64 z=26.533261776384752
2026-10-03T14:13:35 181.176 INF [MC7DTD] Minecraft player: x=-19.031462534993487 y=64 z=26.533261776384752
2026-10-03T14:13:36 181.726 INF [MC7DTD] Minecraft player: x=-19.031462534993487 y=64 z=26.533261776384752
2026-10-03T14:13:36 182.227 INF [MC7DTD] Minecraft player: x=-19.031462534993487 y=64 z=26.533261776384752
2026-10-03T14:13:37 182.775 INF [MC7DTD] Minecraft player: x=-19.031462534993487 y=64 z=26.533261776384752
2026-10-03T14:13:37 183.325 INF [MC7DTD] Minecraft player: x=-19.031462534993487 y=64 z=26.533261776384752
2026-10-03T14:13:38 183.827 INF [MC7DTD] Minecraft player: x=-19.031462534993487 y=64 z=26.533261776384752
2026-10-03T14:13:38 184.327 INF [MC7DTD] Minecraft player: x=-19.031462534993487 y=64 z=26.533261776384752
2026-10-03T14:13:39 184.832 INF [MC7DTD] Minecraft player: x=-19.031462534993487 y=64 z=26.533261776384752
2026-10-03T14:13:39 185.376 INF [MC7DTD] Minecraft player: x=-19.031462534993487 y=64 z=26.533261776384752
2026-10-03T14:13:40 185.881 INF [MC7DTD] Minecraft player: x=-19.031462534993487 y=64 z=26.533261776384752
2026-10-03T14:13:40 186.425 INF [MC7DTD] Minecraft player: x=-19.031462534993487 y=64 z=26.533261776384752
2026-10-03T14:13:41 186.974 INF [MC7DTD] Minecraft player: x=-19.031462534993487 y=64 z=26.533261776384752
2026-10-03T14:13:42 187.475 INF [MC7DTD] Minecraft player: x=-19.031462534993487 y=64 z=26.533261776384752
2026-10-03T14:13:42 187.981 INF [MC7DTD] Minecraft player: x=-19.031462534993487 y=64 z=26.533261776384752
2026-10-03T14:13:43 188.531 INF [MC7DTD] Minecraft player: x=-19.031462534993487 y=64 z=26.533261776384752
2026-10-03T14:13:43 189.080 INF [MC7DTD] Minecraft player: x=-19.031462534993487 y=64 z=26.533261776384752
2026-10-03T14:13:44 189.626 INF [MC7DTD] Minecraft player: x=-19.031462534993487 y=64 z=26.533261776384752
2026-10-03T14:13:44 190.127 INF [MC7DTD] Minecraft player: x=-19.031462534993487 y=64 z=26.533261776384752
2026-10-03T14:13:45 190.632 INF [MC7DTD] Minecraft player: x=-19.031462534993487 y=64 z=26.533261776384752
2026-10-03T14:13:45 191.174 INF [MC7DTD] Minecraft player: x=-19.031462534993487 y=64 z=26.533261776384752
2026-10-03T14:13:46 191.676 INF [MC7DTD] Minecraft player: x=-19.031462534993487 y=64 z=26.533261776384752
2026-10-03T14:13:46 192.227 INF [MC7DTD] Minecraft player: x=-19.031462534993487 y=64 z=26.533261776384752
2026-10-03T14:13:47 192.729 INF [MC7DTD] Minecraft player: x=-19.031462534993487 y=64 z=26.533261776384752
2026-10-03T14:13:47 193.231 INF [MC7DTD] Minecraft player: x=-19.031462534993487 y=64 z=26.533261776384752
2026-10-03T14:13:48 193.775 INF [MC7DTD] Minecraft player: x=-19.031462534993487 y=64 z=26.533261776384752
2026-10-03T14:13:48 194.276 INF [MC7DTD] Minecraft player: x=-19.031462534993487 y=64 z=26.533261776384752
2026-10-03T14:13:49 194.776 INF [MC7DTD] Minecraft player: x=-19.031462534993487 y=64 z=26.533261776384752
2026-10-03T14:13:49 195.276 INF [MC7DTD] Minecraft player: x=-19.031462534993487 y=64 z=26.533261776384752
2026-10-03T14:13:50 195.779 INF [MC7DTD] Minecraft player: x=-19.031462534993487 y=64 z=26.533261776384752
2026-10-03T14:13:50 196.328 INF [MC7DTD] Minecraft player: x=-19.031462534993487 y=64 z=26.533261776384752
2026-10-03T14:13:51 196.829 INF [MC7DTD] Minecraft player: x=-19.031462534993487 y=64 z=26.533261776384752
2026-10-03T14:13:51 197.330 INF [MC7DTD] Minecraft player: x=-19.031462534993487 y=64 z=26.533261776384752
2026-10-03T14:13:52 197.879 INF [MC7DTD] Minecraft player: x=-19.031462534993487 y=64 z=26.533261776384752
2026-10-03T14:13:52 198.381 INF [MC7DTD] Minecraft player: x=-19.031462534993487 y=64 z=26.533261776384752
2026-10-03T14:13:53 198.932 INF [MC7DTD] Minecraft player: x=-19.031462534993487 y=64 z=26.533261776384752
2026-10-03T14:13:54 199.475 INF [MC7DTD] Minecraft player: x=-19.031462534993487 y=64 z=26.533261776384752
2026-10-03T14:13:54 200.026 INF [MC7DTD] Minecraft player: x=-19.031462534993487 y=64 z=26.533261776384752
2026-10-03T14:13:55 200.530 INF [MC7DTD] Minecraft player: x=-19.031462534993487 y=64 z=26.533261776384752
2026-10-03T14:13:55 201.030 INF [MC7DTD] Minecraft player: x=-19.031462534993487 y=64 z=26.533261776384752
2026-10-03T14:13:56 201.531 INF [MC7DTD] Minecraft player: x=-19.031462534993487 y=64 z=26.533261776384752
2026-10-03T14:13:56 202.081 INF [MC7DTD] Minecraft player: x=-19.031462534993487 y=64 z=26.533261776384752
2026-10-03T14:13:57 202.582 INF [MC7DTD] Minecraft player: x=-19.031462534993487 y=64 z=26.533261776384752
2026-10-03T14:13:57 203.129 INF [MC7DTD] Minecraft player: x=-19.031462534993487 y=64 z=26.533261776384752
2026-10-03T14:13:58 203.630 INF [MC7DTD] Minecraft player: x=-19.031462534993487 y=64 z=26.533261776384752
2026-10-03T14:13:58 204.182 INF [MC7DTD] Minecraft player: x=-19.031462534993487 y=64 z=26.533261776384752
2026-10-03T14:13:59 204.725 INF [MC7DTD] Minecraft player: x=-19.031462534993487 y=64 z=26.533261776384752
2026-10-03T14:13:59 205.225 INF [MC7DTD] Minecraft player: x=-19.031462534993487 y=64 z=26.533261776384752
2026-10-03T14:14:00 205.777 INF [MC7DTD] Minecraft player: x=-19.031462534993487 y=64 z=26.533261776384752
2026-10-03T14:14:00 206.282 INF [MC7DTD] Minecraft player: x=-19.031462534993487 y=64 z=26.533261776384752
2026-10-03T14:14:01 206.828 INF [MC7DTD] Minecraft player: x=-19.031462534993487 y=64 z=26.533261776384752
2026-10-03T14:14:01 207.330 INF [MC7DTD] Minecraft player: x=-19.031462534993487 y=64 z=26.533261776384752
2026-10-03T14:14:02 207.830 INF [MC7DTD] Minecraft player: x=-19.031462534993487 y=64 z=26.533261776384752
2026-10-03T14:14:02 208.381 INF [MC7DTD] Minecraft player: x=-19.031462534993487 y=64 z=26.533261776384752
2026-10-03T14:14:03 208.931 INF [MC7DTD] Minecraft player: x=-19.031462534993487 y=64 z=26.533261776384752
2026-10-03T14:14:04 209.476 INF [MC7DTD] Minecraft player: x=-19.031462534993487 y=64 z=26.533261776384752
2026-10-03T14:14:04 209.980 INF [MC7DTD] Minecraft player: x=-19.031462534993487 y=64 z=26.533261776384752
2026-10-03T14:14:05 210.525 INF [MC7DTD] Minecraft player: x=-19.031462534993487 y=64 z=26.533261776384752
2026-10-03T14:14:05 211.027 INF [MC7DTD] Minecraft player: x=-19.031462534993487 y=64 z=26.533261776384752
2026-10-03T14:14:06 211.528 INF [MC7DTD] Minecraft player: x=-19.031462534993487 y=64 z=26.533261776384752
2026-10-03T14:14:06 212.077 INF [MC7DTD] Minecraft player: x=-19.031462534993487 y=64 z=26.533261776384752
2026-10-03T14:14:07 212.580 INF [MC7DTD] Minecraft player: x=-19.031462534993487 y=64 z=26.533261776384752
2026-10-03T14:14:07 213.130 INF [MC7DTD] Minecraft player: x=-19.031462534993487 y=64 z=26.533261776384752
2026-10-03T14:14:08 213.682 INF [MC7DTD] Minecraft player: x=-19.031462534993487 y=64 z=26.533261776384752
2026-10-03T14:14:08 214.227 INF [MC7DTD] Minecraft player: x=-19.031462534993487 y=64 z=26.533261776384752
2026-10-03T14:14:09 214.777 INF [MC7DTD] Minecraft player: x=-19.031462534993487 y=64 z=26.533261776384752
2026-10-03T14:14:09 215.278 INF [MC7DTD] Minecraft player: x=-19.031462534993487 y=64 z=26.533261776384752
2026-10-03T14:14:10 215.827 INF [MC7DTD] Minecraft player: x=-19.031462534993487 y=64 z=26.533261776384752
2026-10-03T14:14:10 216.375 INF [MC7DTD] Minecraft player: x=-19.031462534993487 y=64 z=26.533261776384752
2026-10-03T14:14:11 216.882 INF [MC7DTD] Minecraft player: x=-19.031462534993487 y=64 z=26.533261776384752
2026-10-03T14:14:11 217.431 INF [MC7DTD] Minecraft player: x=-19.031462534993487 y=64 z=26.533261776384752
2026-10-03T14:14:12 217.979 INF [MC7DTD] Minecraft player: x=-19.031462534993487 y=64 z=26.533261776384752
2026-10-03T14:14:13 218.479 INF [MC7DTD] Minecraft player: x=-19.031462534993487 y=64 z=26.533261776384752
2026-10-03T14:14:13 219.028 INF [MC7DTD] Minecraft player: x=-19.031462534993487 y=64 z=26.533261776384752
2026-10-03T14:14:14 219.530 INF [MC7DTD] Minecraft player: x=-19.031462534993487 y=64 z=26.533261776384752
2026-10-03T14:14:14 220.031 INF [MC7DTD] Minecraft player: x=-19.031462534993487 y=64 z=26.533261776384752
2026-10-03T14:14:15 220.575 INF [MC7DTD] Minecraft player: x=-19.031462534993487 y=64 z=26.533261776384752
2026-10-03T14:14:15 221.075 INF [MC7DTD] Minecraft player: x=-19.031462534993487 y=64 z=26.533261776384752
2026-10-03T14:14:16 221.576 INF [MC7DTD] Minecraft player: x=-19.031462534993487 y=64 z=26.533261776384752
2026-10-03T14:14:16 222.082 INF [MC7DTD] Minecraft player: x=-19.031462534993487 y=64 z=26.533261776384752
2026-10-03T14:14:17 222.629 INF [MC7DTD] Minecraft player: x=-19.031462534993487 y=64 z=26.533261776384752
2026-10-03T14:14:17 223.129 INF [MC7DTD] Minecraft player: x=-19.031462534993487 y=64 z=26.533261776384752
2026-10-03T14:14:18 223.630 INF [MC7DTD] Minecraft player: x=-19.031462534993487 y=64 z=26.533261776384752
2026-10-03T14:14:18 224.180 INF [MC7DTD] Minecraft player: x=-19.031462534993487 y=64 z=26.533261776384752
2026-10-03T14:14:19 224.729 INF [MC7DTD] Minecraft player: x=-19.031462534993487 y=64 z=26.533261776384752
2026-10-03T14:14:19 225.231 INF [MC7DTD] Minecraft player: x=-19.031462534993487 y=64 z=26.533261776384752
2026-10-03T14:14:20 225.733 INF [MC7DTD] Minecraft player: x=-19.031462534993487 y=64 z=26.533261776384752
2026-10-03T14:14:20 226.280 INF [MC7DTD] Minecraft player: x=-19.031462534993487 y=64 z=26.533261776384752
2026-10-03T14:14:21 226.785 INF [MC7DTD] Minecraft player: x=-19.031462534993487 y=64 z=26.533261776384752
2026-10-03T14:14:21 227.331 INF [MC7DTD] Minecraft player: x=-19.031462534993487 y=64 z=26.533261776384752
2026-10-03T14:14:22 227.876 INF [MC7DTD] Minecraft player: x=-19.031462534993487 y=64 z=26.533261776384752
2026-10-03T14:14:22 228.380 INF [MC7DTD] Minecraft player: x=-19.031462534993487 y=64 z=26.533261776384752
2026-10-03T14:14:23 228.882 INF [MC7DTD] Minecraft player: x=-19.031462534993487 y=64 z=26.533261776384752
2026-10-03T14:14:23 229.431 INF [MC7DTD] Minecraft player: x=-19.031462534993487 y=64 z=26.533261776384752
2026-10-03T14:14:24 229.974 INF [MC7DTD] Minecraft player: x=-19.031462534993487 y=64 z=26.533261776384752
2026-10-03T14:14:25 230.480 INF [MC7DTD] Minecraft player: x=-19.031462534993487 y=64 z=26.533261776384752
2026-10-03T14:14:25 230.980 INF [MC7DTD] Minecraft player: x=-19.031462534993487 y=64 z=26.533261776384752
2026-10-03T14:14:26 231.482 INF [MC7DTD] Minecraft player: x=-19.031462534993487 y=64 z=26.533261776384752
2026-10-03T14:14:26 232.026 INF [MC7DTD] Minecraft player: x=-19.031462534993487 y=64 z=26.533261776384752
2026-10-03T14:14:27 232.529 INF [MC7DTD] Minecraft player: x=-19.031462534993487 y=64 z=26.533261776384752
2026-10-03T14:14:27 233.032 INF [MC7DTD] Minecraft player: x=-19.031462534993487 y=64 z=26.533261776384752
2026-10-03T14:14:28 233.576 INF [MC7DTD] Minecraft player: x=-19.031462534993487 y=64 z=26.533261776384752
