14:00:56 info: Microsoft.Hosting.Lifetime[14] Now listening on: http://localhost:18771
14:00:56 info: Microsoft.Hosting.Lifetime[0] Application started. Press Ctrl+C to shut down.
14:00:56 info: Microsoft.Hosting.Lifetime[0] Hosting environment: Production
14:00:56 info: Microsoft.Hosting.Lifetime[0] Content root path: D:\wenjian\minecraft\7-M
14:00:56 info: BridgeServer[0] Coordinate mapping loaded: scale=1, offsets=(0, 0, 0); config D:\wenjian\minecraft\7-M\config\coordinate.json
14:00:56 info: BridgeServer[0] Bridge connected ¡ª listening ws://localhost:18771/ws; config D:\wenjian\minecraft\7-M\config\network.json
14:00:57 info: Microsoft.AspNetCore.Hosting.Diagnostics[1] Request starting HTTP/1.1 GET http://localhost:18771/ws - - -
14:00:57 info: Microsoft.AspNetCore.Routing.EndpointMiddleware[0] Executing endpoint '/ws'
14:00:57 info: BridgeServer[0] 7DTD connected
14:00:59 info: Microsoft.AspNetCore.Hosting.Diagnostics[1] Request starting HTTP/1.1 GET http://localhost:18771/ws - - -
14:00:59 info: Microsoft.AspNetCore.Routing.EndpointMiddleware[0] Executing endpoint '/ws'
14:00:59 info: BridgeServer[0] Minecraft connected
14:00:59 info: BridgeServer[0] Test forwarded: minecraft -> 7dtd
14:00:59 info: BridgeServer[0] Test forwarded: 7dtd -> minecraft
14:03:01 info: Microsoft.AspNetCore.Hosting.Diagnostics[1] Request starting HTTP/1.1 GET http://localhost:18771/health - - -
14:03:01 info: Microsoft.AspNetCore.Routing.EndpointMiddleware[0] Executing endpoint 'HTTP: GET /health'
14:03:01 info: Microsoft.AspNetCore.Http.Result.JsonResult[3] Writing value of type '<>f__AnonymousType0`3' as Json.
14:03:01 info: Microsoft.AspNetCore.Routing.EndpointMiddleware[1] Executed endpoint 'HTTP: GET /health'
14:03:01 info: Microsoft.AspNetCore.Hosting.Diagnostics[2] Request finished HTTP/1.1 GET http://localhost:18771/health - 200 - application/json;+charset=utf-8 8.7342ms
14:07:11 info: Microsoft.AspNetCore.Hosting.Diagnostics[1] Request starting HTTP/1.1 GET http://localhost:18771/health - - -
14:07:11 info: Microsoft.AspNetCore.Routing.EndpointMiddleware[0] Executing endpoint 'HTTP: GET /health'
14:07:11 info: Microsoft.AspNetCore.Http.Result.JsonResult[3] Writing value of type '<>f__AnonymousType0`3' as Json.
14:07:11 info: Microsoft.AspNetCore.Routing.EndpointMiddleware[1] Executed endpoint 'HTTP: GET /health'
14:07:11 info: Microsoft.AspNetCore.Hosting.Diagnostics[2] Request finished HTTP/1.1 GET http://localhost:18771/health - 200 - application/json;+charset=utf-8 1.5944ms
14:10:05 info: Microsoft.AspNetCore.Server.Kestrel.Connections[34] Connection id "0HNP12EOJGEI3", Request id "0HNP12EOJGEI3:00000001": the application aborted the connection.
14:10:05 info: BridgeServer[0] Connection ended (minecraft): OperationCanceledException
14:10:05 info: BridgeServer[0] Disconnected: minecraft
14:10:05 info: Microsoft.AspNetCore.Routing.EndpointMiddleware[1] Executed endpoint '/ws'
14:10:05 info: Microsoft.AspNetCore.Hosting.Diagnostics[2] Request finished HTTP/1.1 GET http://localhost:18771/ws - 101 - - 545749.8165ms
14:10:19 info: BridgeServer[0] Connection ended (7dtd): WebSocketException
14:10:19 info: BridgeServer[0] Disconnected: 7dtd
14:10:19 info: Microsoft.AspNetCore.Server.Kestrel.Connections[34] Connection id "0HNP12EOJGEI2", Request id "0HNP12EOJGEI2:00000001": the application aborted the connection.
14:10:19 info: Microsoft.AspNetCore.Routing.EndpointMiddleware[1] Executed endpoint '/ws'
14:10:19 info: Microsoft.AspNetCore.Hosting.Diagnostics[2] Request finished HTTP/1.1 GET http://localhost:18771/ws - 101 - - 562220.3733ms
14:10:42 info: Microsoft.AspNetCore.Hosting.Diagnostics[1] Request starting HTTP/1.1 GET http://localhost:18771/ws - - -
14:10:42 info: Microsoft.AspNetCore.Routing.EndpointMiddleware[0] Executing endpoint '/ws'
14:10:42 info: BridgeServer[0] Minecraft connected
14:10:44 info: Microsoft.AspNetCore.Hosting.Diagnostics[1] Request starting HTTP/1.1 GET http://localhost:18771/ws - - -
14:10:44 info: Microsoft.AspNetCore.Routing.EndpointMiddleware[0] Executing endpoint '/ws'
14:10:44 info: BridgeServer[0] 7DTD connected
14:10:44 info: BridgeServer[0] Test forwarded: minecraft -> 7dtd
14:10:44 info: BridgeServer[0] Test forwarded: 7dtd -> minecraft
14:11:04 info: Microsoft.AspNetCore.Hosting.Diagnostics[1] Request starting HTTP/1.1 GET http://localhost:18771/health - - -
14:11:04 info: Microsoft.AspNetCore.Routing.EndpointMiddleware[0] Executing endpoint 'HTTP: GET /health'
14:11:04 info: Microsoft.AspNetCore.Http.Result.JsonResult[3] Writing value of type '<>f__AnonymousType0`3' as Json.
14:11:04 info: Microsoft.AspNetCore.Routing.EndpointMiddleware[1] Executed endpoint 'HTTP: GET /health'
14:11:04 info: Microsoft.AspNetCore.Hosting.Diagnostics[2] Request finished HTTP/1.1 GET http://localhost:18771/health - 200 - application/json;+charset=utf-8 0.3917ms
14:11:23 info: BridgeServer[0] Player position forwarded: minecraft -> 7dtd (-29.48842968439675, 64, 29.593251520771876)
14:11:24 info: BridgeServer[0] Player position forwarded: minecraft -> 7dtd (-29.48842968439675, 64, 29.593251520771876)
14:11:44 info: BridgeServer[0] Player position forwarded: minecraft -> 7dtd (-29.48842968439675, 64, 29.593251520771876)
14:11:45 info: BridgeServer[0] Player position forwarded: minecraft -> 7dtd (-29.48842968439675, 64, 29.593251520771876)
14:11:45 info: BridgeServer[0] Player position forwarded: minecraft -> 7dtd (-29.48842968439675, 64, 29.593251520771876)
14:11:46 info: BridgeServer[0] Player position forwarded: minecraft -> 7dtd (-29.48842968439675, 64, 29.593251520771876)
14:11:46 info: BridgeServer[0] Player position forwarded: minecraft -> 7dtd (-29.48842968439675, 64, 29.593251520771876)
14:11:47 info: BridgeServer[0] Player position forwarded: minecraft -> 7dtd (-29.48842968439675, 64, 29.593251520771876)
14:11:47 info: BridgeServer[0] Player position forwarded: minecraft -> 7dtd (-29.48842968439675, 64, 29.593251520771876)
14:11:48 info: BridgeServer[0] Player position forwarded: minecraft -> 7dtd (-29.48842968439675, 64, 29.593251520771876)
14:11:48 info: BridgeServer[0] Player position forwarded: minecraft -> 7dtd (-29.48842968439675, 64, 29.593251520771876)
14:11:49 info: BridgeServer[0] Player position forwarded: minecraft -> 7dtd (-29.48842968439675, 64, 29.593251520771876)
14:11:49 info: BridgeServer[0] Player position forwarded: minecraft -> 7dtd (-29.48842968439675, 64, 29.593251520771876)
14:11:50 info: BridgeServer[0] Player position forwarded: minecraft -> 7dtd (-29.48842968439675, 64, 29.593251520771876)
14:11:50 info: BridgeServer[0] Player position forwarded: minecraft -> 7dtd (-29.48842968439675, 64, 29.593251520771876)
14:11:51 info: BridgeServer[0] Player position forwarded: minecraft -> 7dtd (-29.48842968439675, 64, 29.593251520771876)
14:11:51 info: BridgeServer[0] Player position forwarded: minecraft -> 7dtd (-29.48842968439675, 64, 29.593251520771876)
14:11:52 info: BridgeServer[0] Player position forwarded: minecraft -> 7dtd (-29.48842968439675, 64, 29.593251520771876)
14:11:53 info: BridgeServer[0] Player position forwarded: minecraft -> 7dtd (-29.48842968439675, 64, 29.593251520771876)
14:11:53 info: BridgeServer[0] Player position forwarded: minecraft -> 7dtd (-29.48842968439675, 64, 29.593251520771876)
14:11:54 info: BridgeServer[0] Player position forwarded: minecraft -> 7dtd (-29.48842968439675, 64, 29.593251520771876)
14:11:54 info: BridgeServer[0] Player position forwarded: minecraft -> 7dtd (-29.48842968439675, 64, 29.593251520771876)
14:11:55 info: BridgeServer[0] Player position forwarded: minecraft -> 7dtd (-29.48842968439675, 64, 29.593251520771876)
14:11:55 info: BridgeServer[0] Player position forwarded: minecraft -> 7dtd (-29.48842968439675, 64, 29.593251520771876)
14:11:56 info: BridgeServer[0] Player position forwarded: minecraft -> 7dtd (-29.48842968439675, 64, 29.593251520771876)
14:11:56 info: BridgeServer[0] Player position forwarded: minecraft -> 7dtd (-29.48842968439675, 64, 29.593251520771876)
14:11:57 info: BridgeServer[0] Player position forwarded: minecraft -> 7dtd (-29.48842968439675, 64, 29.593251520771876)
14:11:57 info: BridgeServer[0] Player position forwarded: minecraft -> 7dtd (-29.48842968439675, 64, 29.593251520771876)
14:11:58 info: BridgeServer[0] Player position forwarded: minecraft -> 7dtd (-29.48842968439675, 64, 29.593251520771876)
14:11:58 info: BridgeServer[0] Player position forwarded: minecraft -> 7dtd (-29.48842968439675, 64, 29.593251520771876)
14:11:59 info: BridgeServer[0] Player position forwarded: minecraft -> 7dtd (-29.48842968439675, 64, 29.593251520771876)
14:11:59 info: BridgeServer[0] Player position forwarded: minecraft -> 7dtd (-29.48842968439675, 64, 29.593251520771876)
14:12:00 info: BridgeServer[0] Player position forwarded: minecraft -> 7dtd (-29.48842968439675, 64, 29.593251520771876)
14:12:00 info: BridgeServer[0] Player position forwarded: minecraft -> 7dtd (-29.48842968439675, 64, 29.593251520771876)
14:12:01 info: BridgeServer[0] Player position forwarded: minecraft -> 7dtd (-29.48842968439675, 64, 29.593251520771876)
14:12:01 info: BridgeServer[0] Player position forwarded: minecraft -> 7dtd (-29.48842968439675, 64, 29.593251520771876)
14:12:02 info: BridgeServer[0] Player position forwarded: minecraft -> 7dtd (-29.48842968439675, 64, 29.593251520771876)
14:12:03 info: BridgeServer[0] Player position forwarded: minecraft -> 7dtd (-29.48842968439675, 64, 29.593251520771876)
14:12:03 info: BridgeServer[0] Player position forwarded: minecraft -> 7dtd (-29.48842968439675, 64, 29.593251520771876)
14:12:04 info: BridgeServer[0] Player position forwarded: minecraft -> 7dtd (-29.48842968439675, 64, 29.593251520771876)
14:12:04 info: BridgeServer[0] Player position forwarded: minecraft -> 7dtd (-29.48842968439675, 64, 29.593251520771876)
14:12:05 info: BridgeServer[0] Player position forwarded: minecraft -> 7dtd (-29.48842968439675, 64, 29.593251520771876)
14:12:05 info: BridgeServer[0] Player position forwarded: minecraft -> 7dtd (-29.48842968439675, 64, 29.593251520771876)
14:12:06 info: BridgeServer[0] Player position forwarded: minecraft -> 7dtd (-29.48842968439675, 64, 29.593251520771876)
14:12:06 info: BridgeServer[0] Player position forwarded: minecraft -> 7dtd (-29.48842968439675, 64, 29.593251520771876)
14:12:07 info: BridgeServer[0] Player position forwarded: minecraft -> 7dtd (-29.48842968439675, 64, 29.593251520771876)
14:12:07 info: BridgeServer[0] Player position forwarded: minecraft -> 7dtd (-29.48842968439675, 64, 29.593251520771876)
14:12:08 info: BridgeServer[0] Player position forwarded: minecraft -> 7dtd (-29.48842968439675, 64, 29.593251520771876)
14:12:08 info: BridgeServer[0] Player position forwarded: minecraft -> 7dtd (-29.48842968439675, 64, 29.593251520771876)
14:12:09 info: BridgeServer[0] Player position forwarded: minecraft -> 7dtd (-29.48842968439675, 64, 29.593251520771876)
14:12:09 info: BridgeServer[0] Player position forwarded: minecraft -> 7dtd (-29.48842968439675, 64, 29.593251520771876)
14:12:10 info: BridgeServer[0] Player position forwarded: minecraft -> 7dtd (-29.48842968439675, 64, 29.593251520771876)
14:12:10 info: BridgeServer[0] Player position forwarded: minecraft -> 7dtd (-29.48842968439675, 64, 29.593251520771876)
14:12:11 info: BridgeServer[0] Player position forwarded: minecraft -> 7dtd (-29.48842968439675, 64, 29.593251520771876)
14:12:11 info: BridgeServer[0] Player position forwarded: minecraft -> 7dtd (-29.48842968439675, 64, 29.593251520771876)
14:12:12 info: BridgeServer[0] Player position forwarded: minecraft -> 7dtd (-29.48842968439675, 64, 29.593251520771876)
14:12:13 info: BridgeServer[0] Player position forwarded: minecraft -> 7dtd (-29.48842968439675, 64, 29.593251520771876)
14:12:13 info: BridgeServer[0] Player position forwarded: minecraft -> 7dtd (-29.48842968439675, 64, 29.593251520771876)
14:12:14 info: BridgeServer[0] Player position forwarded: minecraft -> 7dtd (-29.48842968439675, 64, 29.593251520771876)
14:12:14 info: BridgeServer[0] Player position forwarded: minecraft -> 7dtd (-29.48842968439675, 64, 29.593251520771876)
14:12:15 info: BridgeServer[0] Player position forwarded: minecraft -> 7dtd (-29.48842968439675, 64, 29.593251520771876)
14:12:15 info: BridgeServer[0] Player position forwarded: minecraft -> 7dtd (-29.48842968439675, 64, 29.593251520771876)
14:12:16 info: BridgeServer[0] Player position forwarded: minecraft -> 7dtd (-29.48842968439675, 64, 29.593251520771876)
14:12:16 info: BridgeServer[0] Player position forwarded: minecraft -> 7dtd (-29.48842968439675, 64, 29.593251520771876)
14:12:17 info: BridgeServer[0] Player position forwarded: minecraft -> 7dtd (-29.48842968439675, 64, 29.593251520771876)
14:12:17 info: BridgeServer[0] Player position forwarded: minecraft -> 7dtd (-29.48842968439675, 64, 29.593251520771876)
14:12:18 info: BridgeServer[0] Player position forwarded: minecraft -> 7dtd (-29.48842968439675, 64, 29.593251520771876)
14:12:18 info: BridgeServer[0] Player position forwarded: minecraft -> 7dtd (-29.48842968439675, 64, 29.593251520771876)
14:12:19 info: BridgeServer[0] Player position forwarded: minecraft -> 7dtd (-29.48842968439675, 64, 29.593251520771876)
14:12:19 info: BridgeServer[0] Player position forwarded: minecraft -> 7dtd (-29.48842968439675, 64, 29.593251520771876)
14:12:20 info: BridgeServer[0] Player position forwarded: minecraft -> 7dtd (-29.48842968439675, 64, 29.593251520771876)
14:12:20 info: BridgeServer[0] Player position forwarded: minecraft -> 7dtd (-29.48842968439675, 64, 29.593251520771876)
14:12:21 info: BridgeServer[0] Player position forwarded: minecraft -> 7dtd (-29.48842968439675, 64, 29.593251520771876)
14:12:22 info: BridgeServer[0] Player position forwarded: minecraft -> 7dtd (-29.48842968439675, 64, 29.593251520771876)
14:12:22 info: BridgeServer[0] Player position forwarded: minecraft -> 7dtd (-29.48842968439675, 64, 29.593251520771876)
14:12:23 info: BridgeServer[0] Player position forwarded: minecraft -> 7dtd (-29.48842968439675, 64, 29.593251520771876)
14:12:23 info: BridgeServer[0] Player position forwarded: minecraft -> 7dtd (-29.48842968439675, 64, 29.593251520771876)
14:12:24 info: BridgeServer[0] Player position forwarded: minecraft -> 7dtd (-29.48842968439675, 64, 29.593251520771876)
14:12:24 info: BridgeServer[0] Player position forwarded: minecraft -> 7dtd (-29.48842968439675, 64, 29.593251520771876)
14:12:25 info: BridgeServer[0] Player position forwarded: minecraft -> 7dtd (-29.48842968439675, 64, 29.593251520771876)
14:12:25 info: BridgeServer[0] Player position forwarded: minecraft -> 7dtd (-29.48842968439675, 64, 29.593251520771876)
14:12:26 info: BridgeServer[0] Player position forwarded: minecraft -> 7dtd (-29.48842968439675, 64, 29.593251520771876)
14:12:26 info: BridgeServer[0] Player position forwarded: minecraft -> 7dtd (-29.48842968439675, 64, 29.593251520771876)
14:12:27 info: BridgeServer[0] Player position forwarded: minecraft -> 7dtd (-29.48842968439675, 64, 29.593251520771876)
14:12:27 info: BridgeServer[0] Player position forwarded: minecraft -> 7dtd (-29.48842968439675, 64, 29.593251520771876)
14:12:28 info: BridgeServer[0] Player position forwarded: minecraft -> 7dtd (-29.48842968439675, 64, 29.593251520771876)
14:12:28 info: BridgeServer[0] Player position forwarded: minecraft -> 7dtd (-29.48842968439675, 64, 29.593251520771876)
14:12:29 info: BridgeServer[0] Player position forwarded: minecraft -> 7dtd (-29.48842968439675, 64, 29.593251520771876)
14:12:38 info: BridgeServer[0] Player position forwarded: minecraft -> 7dtd (-29.48842968439675, 64, 29.593251520771876)
14:12:39 info: BridgeServer[0] Player position forwarded: minecraft -> 7dtd (-29.48842968439675, 64, 29.593251520771876)
14:12:39 info: BridgeServer[0] Player position forwarded: minecraft -> 7dtd (-29.48842968439675, 64, 29.593251520771876)
14:12:40 info: BridgeServer[0] Player position forwarded: minecraft -> 7dtd (-29.48842968439675, 64, 29.593251520771876)
14:12:40 info: BridgeServer[0] Player position forwarded: minecraft -> 7dtd (-29.48842968439675, 64, 29.593251520771876)
14:12:41 info: BridgeServer[0] Player position forwarded: minecraft -> 7dtd (-29.48842968439675, 64, 29.593251520771876)
14:12:41 info: BridgeServer[0] Player position forwarded: minecraft -> 7dtd (-29.48842968439675, 64, 29.593251520771876)
14:12:48 info: BridgeServer[0] Player position forwarded: minecraft -> 7dtd (-29.48842968439675, 64, 29.593251520771876)
14:12:49 info: BridgeServer[0] Player position forwarded: minecraft -> 7dtd (-29.48842968439675, 64, 29.593251520771876)
14:12:49 info: BridgeServer[0] Player position forwarded: minecraft -> 7dtd (-29.48842968439675, 64, 29.593251520771876)
14:12:50 info: BridgeServer[0] Player position forwarded: minecraft -> 7dtd (-29.48842968439675, 64, 29.593251520771876)
14:12:50 info: BridgeServer[0] Player position forwarded: minecraft -> 7dtd (-29.48842968439675, 64, 29.593251520771876)
14:12:51 info: BridgeServer[0] Player position forwarded: minecraft -> 7dtd (-29.48842968439675, 64, 29.593251520771876)
14:12:52 info: BridgeServer[0] Player position forwarded: minecraft -> 7dtd (-29.48842968439675, 64, 29.593251520771876)
14:12:52 info: BridgeServer[0] Player position forwarded: minecraft -> 7dtd (-29.48842968439675, 64, 29.593251520771876)
14:12:53 info: BridgeServer[0] Player position forwarded: minecraft -> 7dtd (-29.48842968439675, 64, 29.593251520771876)
14:12:53 info: BridgeServer[0] Player position forwarded: minecraft -> 7dtd (-29.48842968439675, 64, 29.593251520771876)
14:12:53 info: BridgeServer[0] Entity state forwarded: minecraft -> 7dtd (spawn, 00000000-0000-0000-0000-000000000001)
14:12:54 info: BridgeServer[0] Player position forwarded: minecraft -> 7dtd (-29.48842968439675, 64, 29.593251520771876)
14:12:54 info: BridgeServer[0] Player position forwarded: minecraft -> 7dtd (-29.48842968439675, 64, 29.593251520771876)
14:12:55 info: BridgeServer[0] Player position forwarded: minecraft -> 7dtd (-29.48842968439675, 64, 29.593251520771876)
14:12:55 info: BridgeServer[0] Player position forwarded: minecraft -> 7dtd (-29.48842968439675, 64, 29.593251520771876)
14:12:56 info: BridgeServer[0] Player position forwarded: minecraft -> 7dtd (-29.48842968439675, 64, 29.593251520771876)
14:12:56 info: BridgeServer[0] Player position forwarded: minecraft -> 7dtd (-29.48842968439675, 64, 29.593251520771876)
14:12:57 info: BridgeServer[0] Player position forwarded: minecraft -> 7dtd (-29.453545987595593, 64, 29.50167025098317)
14:12:57 info: BridgeServer[0] Player position forwarded: minecraft -> 7dtd (-29.068258392398885, 64, 27.618065967651614)
14:12:58 info: BridgeServer[0] Player position forwarded: minecraft -> 7dtd (-28.448674669985827, 64, 25.769545901357173)
14:12:58 info: BridgeServer[0] Player position forwarded: minecraft -> 7dtd (-30.006765478573428, 64, 25.39704316580452)
14:12:59 info: BridgeServer[0] Player position forwarded: minecraft -> 7dtd (-30.772903550163413, 64, 27.24388750671635)
14:12:59 info: BridgeServer[0] Player position forwarded: minecraft -> 7dtd (-29.433387465610473, 64, 28.726852449386197)
14:13:00 info: BridgeServer[0] Player position forwarded: minecraft -> 7dtd (-27.445054223711722, 64, 27.80544514683239)
14:13:00 info: BridgeServer[0] Player position forwarded: minecraft -> 7dtd (-28.16203936645244, 64, 26.09244247907887)
14:13:01 info: BridgeServer[0] Player position forwarded: minecraft -> 7dtd (-29.47792448795338, 64, 27.248345333406732)
14:13:01 info: BridgeServer[0] Player position forwarded: minecraft -> 7dtd (-27.646082960110114, 64, 26.889569509408368)
14:13:02 info: BridgeServer[0] Player position forwarded: minecraft -> 7dtd (-28.208591036291686, 64, 25.352859110925642)
14:13:03 info: BridgeServer[0] Player position forwarded: minecraft -> 7dtd (-28.657834641997194, 64, 26.518958536246476)
14:13:03 info: BridgeServer[0] Player position forwarded: minecraft -> 7dtd (-28.270701005049695, 64, 26.403712499538088)
14:13:04 info: BridgeServer[0] Player position forwarded: minecraft -> 7dtd (-28.270701005049695, 64, 26.403712499538088)
14:13:04 info: BridgeServer[0] Player position forwarded: minecraft -> 7dtd (-28.270701005049695, 64, 26.403712499538088)
14:13:05 info: BridgeServer[0] Player position forwarded: minecraft -> 7dtd (-28.270701005049695, 64, 26.403712499538088)
14:13:05 info: BridgeServer[0] Player position forwarded: minecraft -> 7dtd (-28.270701005049695, 64, 26.403712499538088)
14:13:06 info: BridgeServer[0] Player position forwarded: minecraft -> 7dtd (-28.270701005049695, 64, 26.403712499538088)
14:13:06 info: BridgeServer[0] Player position forwarded: minecraft -> 7dtd (-28.270701005049695, 64, 26.403712499538088)
14:13:07 info: BridgeServer[0] Player position forwarded: minecraft -> 7dtd (-28.270701005049695, 64, 26.403712499538088)
14:13:07 info: BridgeServer[0] Player position forwarded: minecraft -> 7dtd (-28.270701005049695, 64, 26.403712499538088)
14:13:08 info: BridgeServer[0] Player position forwarded: minecraft -> 7dtd (-28.270701005049695, 64, 26.403712499538088)
14:13:08 info: BridgeServer[0] Player position forwarded: minecraft -> 7dtd (-28.270701005049695, 64, 26.403712499538088)
14:13:09 info: BridgeServer[0] Player position forwarded: minecraft -> 7dtd (-28.270701005049695, 64, 26.403712499538088)
14:13:09 info: BridgeServer[0] Player position forwarded: minecraft -> 7dtd (-28.270701005049695, 64, 26.403712499538088)
14:13:10 info: BridgeServer[0] Player position forwarded: minecraft -> 7dtd (-28.270701005049695, 64, 26.403712499538088)
14:13:11 info: BridgeServer[0] Player position forwarded: minecraft -> 7dtd (-28.270701005049695, 64, 26.403712499538088)
14:13:11 info: BridgeServer[0] Player position forwarded: minecraft -> 7dtd (-28.270701005049695, 64, 26.403712499538088)
14:13:12 info: BridgeServer[0] Player position forwarded: minecraft -> 7dtd (-28.270701005049695, 64, 26.403712499538088)
14:13:12 info: BridgeServer[0] Player position forwarded: minecraft -> 7dtd (-28.270701005049695, 64, 26.403712499538088)
14:13:12 info: BridgeServer[0] Entity state forwarded: minecraft -> 7dtd (update, 00000000-0000-0000-0000-000000000001)
14:13:13 info: BridgeServer[0] Player position forwarded: minecraft -> 7dtd (-28.270701005049695, 64, 26.403712499538088)
14:13:13 info: BridgeServer[0] Player position forwarded: minecraft -> 7dtd (-28.270701005049695, 64, 26.403712499538088)
14:13:14 info: BridgeServer[0] Player position forwarded: minecraft -> 7dtd (-28.270701005049695, 64, 26.403712499538088)
14:13:14 info: BridgeServer[0] Player position forwarded: minecraft -> 7dtd (-28.270701005049695, 64, 26.403712499538088)
14:13:15 info: BridgeServer[0] Player position forwarded: minecraft -> 7dtd (-28.270701005049695, 64, 26.403712499538088)
14:13:15 info: BridgeServer[0] Player position forwarded: minecraft -> 7dtd (-26.890342484541723, 64, 25.57492815301459)
14:13:16 info: BridgeServer[0] Player position forwarded: minecraft -> 7dtd (-25.99897268087631, 64, 26.651363487746455)
14:13:16 info: BridgeServer[0] Player position forwarded: minecraft -> 7dtd (-24.027842799406372, 64, 27.172518629119423)
14:13:17 info: BridgeServer[0] Player position forwarded: minecraft -> 7dtd (-22.284605203601146, 64, 26.801399890375315)
14:13:17 info: BridgeServer[0] Player position forwarded: minecraft -> 7dtd (-20.327844261504886, 64, 26.80574186114421)
14:13:18 info: BridgeServer[0] Player position forwarded: minecraft -> 7dtd (-19.03450204436418, 64, 26.533949782538347)
14:13:18 info: BridgeServer[0] Player position forwarded: minecraft -> 7dtd (-19.031462534993487, 64, 26.53326177638475)
14:13:19 info: BridgeServer[0] Player position forwarded: minecraft -> 7dtd (-19.031462534993487, 64, 26.53326177638475)
14:13:20 info: BridgeServer[0] Player position forwarded: minecraft -> 7dtd (-19.031462534993487, 64, 26.53326177638475)
14:13:20 info: BridgeServer[0] Player position forwarded: minecraft -> 7dtd (-19.031462534993487, 64, 26.53326177638475)
14:13:21 info: BridgeServer[0] Player position forwarded: minecraft -> 7dtd (-19.031462534993487, 64, 26.53326177638475)
14:13:21 info: BridgeServer[0] Player position forwarded: minecraft -> 7dtd (-19.031462534993487, 64, 26.53326177638475)
14:13:22 info: BridgeServer[0] Player position forwarded: minecraft -> 7dtd (-19.031462534993487, 64, 26.53326177638475)
14:13:22 info: BridgeServer[0] Player position forwarded: minecraft -> 7dtd (-19.031462534993487, 64, 26.53326177638475)
14:13:23 info: BridgeServer[0] Player position forwarded: minecraft -> 7dtd (-19.031462534993487, 64, 26.53326177638475)
14:13:23 info: BridgeServer[0] Player position forwarded: minecraft -> 7dtd (-19.031462534993487, 64, 26.53326177638475)
14:13:24 info: BridgeServer[0] Player position forwarded: minecraft -> 7dtd (-19.031462534993487, 64, 26.53326177638475)
14:13:24 info: BridgeServer[0] Player position forwarded: minecraft -> 7dtd (-19.031462534993487, 64, 26.53326177638475)
14:13:25 info: BridgeServer[0] Player position forwarded: minecraft -> 7dtd (-19.031462534993487, 64, 26.53326177638475)
14:13:25 info: BridgeServer[0] Player position forwarded: minecraft -> 7dtd (-19.031462534993487, 64, 26.53326177638475)
14:13:26 info: BridgeServer[0] Entity state forwarded: minecraft -> 7dtd (despawn, 00000000-0000-0000-0000-000000000001)
14:13:26 info: BridgeServer[0] Player position forwarded: minecraft -> 7dtd (-19.031462534993487, 64, 26.53326177638475)
14:13:26 info: BridgeServer[0] Player position forwarded: minecraft -> 7dtd (-19.031462534993487, 64, 26.53326177638475)
14:13:27 info: BridgeServer[0] Player position forwarded: minecraft -> 7dtd (-19.031462534993487, 64, 26.53326177638475)
14:13:27 info: BridgeServer[0] Player position forwarded: minecraft -> 7dtd (-19.031462534993487, 64, 26.53326177638475)
14:13:28 info: BridgeServer[0] Player position forwarded: minecraft -> 7dtd (-19.031462534993487, 64, 26.53326177638475)
14:13:28 info: BridgeServer[0] Player position forwarded: minecraft -> 7dtd (-19.031462534993487, 64, 26.53326177638475)
14:13:29 info: BridgeServer[0] Player position forwarded: minecraft -> 7dtd (-19.031462534993487, 64, 26.53326177638475)
14:13:29 info: BridgeServer[0] Player position forwarded: minecraft -> 7dtd (-19.031462534993487, 64, 26.53326177638475)
14:13:30 info: BridgeServer[0] Player position forwarded: minecraft -> 7dtd (-19.031462534993487, 64, 26.53326177638475)
14:13:30 info: BridgeServer[0] Player position forwarded: minecraft -> 7dtd (-19.031462534993487, 64, 26.53326177638475)
14:13:31 info: BridgeServer[0] Player position forwarded: minecraft -> 7dtd (-19.031462534993487, 64, 26.53326177638475)
14:13:31 info: BridgeServer[0] Player position forwarded: minecraft -> 7dtd (-19.031462534993487, 64, 26.53326177638475)
14:13:32 info: BridgeServer[0] Player position forwarded: minecraft -> 7dtd (-19.031462534993487, 64, 26.53326177638475)
14:13:33 info: BridgeServer[0] Player position forwarded: minecraft -> 7dtd (-19.031462534993487, 64, 26.53326177638475)
14:13:33 info: BridgeServer[0] Player position forwarded: minecraft -> 7dtd (-19.031462534993487, 64, 26.53326177638475)
14:13:34 info: BridgeServer[0] Player position forwarded: minecraft -> 7dtd (-19.031462534993487, 64, 26.53326177638475)
14:13:34 info: BridgeServer[0] Player position forwarded: minecraft -> 7dtd (-19.031462534993487, 64, 26.53326177638475)
14:13:35 info: BridgeServer[0] Player position forwarded: minecraft -> 7dtd (-19.031462534993487, 64, 26.53326177638475)
14:13:35 info: BridgeServer[0] Player position forwarded: minecraft -> 7dtd (-19.031462534993487, 64, 26.53326177638475)
14:13:36 info: BridgeServer[0] Player position forwarded: minecraft -> 7dtd (-19.031462534993487, 64, 26.53326177638475)
14:13:36 info: BridgeServer[0] Player position forwarded: minecraft -> 7dtd (-19.031462534993487, 64, 26.53326177638475)
14:13:37 info: BridgeServer[0] Player position forwarded: minecraft -> 7dtd (-19.031462534993487, 64, 26.53326177638475)
14:13:37 info: BridgeServer[0] Player position forwarded: minecraft -> 7dtd (-19.031462534993487, 64, 26.53326177638475)
14:13:38 info: BridgeServer[0] Player position forwarded: minecraft -> 7dtd (-19.031462534993487, 64, 26.53326177638475)
14:13:38 info: BridgeServer[0] Player position forwarded: minecraft -> 7dtd (-19.031462534993487, 64, 26.53326177638475)
14:13:39 info: BridgeServer[0] Player position forwarded: minecraft -> 7dtd (-19.031462534993487, 64, 26.53326177638475)
14:13:39 info: BridgeServer[0] Player position forwarded: minecraft -> 7dtd (-19.031462534993487, 64, 26.53326177638475)
14:13:40 info: BridgeServer[0] Player position forwarded: minecraft -> 7dtd (-19.031462534993487, 64, 26.53326177638475)
14:13:40 info: BridgeServer[0] Player position forwarded: minecraft -> 7dtd (-19.031462534993487, 64, 26.53326177638475)
14:13:41 info: BridgeServer[0] Player position forwarded: minecraft -> 7dtd (-19.031462534993487, 64, 26.53326177638475)
14:13:42 info: BridgeServer[0] Player position forwarded: minecraft -> 7dtd (-19.031462534993487, 64, 26.53326177638475)
14:13:42 info: BridgeServer[0] Player position forwarded: minecraft -> 7dtd (-19.031462534993487, 64, 26.53326177638475)
14:13:43 info: BridgeServer[0] Player position forwarded: minecraft -> 7dtd (-19.031462534993487, 64, 26.53326177638475)
14:13:43 info: BridgeServer[0] Player position forwarded: minecraft -> 7dtd (-19.031462534993487, 64, 26.53326177638475)
14:13:44 info: BridgeServer[0] Player position forwarded: minecraft -> 7dtd (-19.031462534993487, 64, 26.53326177638475)
14:13:44 info: BridgeServer[0] Player position forwarded: minecraft -> 7dtd (-19.031462534993487, 64, 26.53326177638475)
14:13:45 info: BridgeServer[0] Player position forwarded: minecraft -> 7dtd (-19.031462534993487, 64, 26.53326177638475)
14:13:45 info: BridgeServer[0] Player position forwarded: minecraft -> 7dtd (-19.031462534993487, 64, 26.53326177638475)
14:13:46 info: BridgeServer[0] Player position forwarded: minecraft -> 7dtd (-19.031462534993487, 64, 26.53326177638475)
14:13:46 info: BridgeServer[0] Player position forwarded: minecraft -> 7dtd (-19.031462534993487, 64, 26.53326177638475)
14:13:47 info: BridgeServer[0] Player position forwarded: minecraft -> 7dtd (-19.031462534993487, 64, 26.53326177638475)
14:13:47 info: BridgeServer[0] Player position forwarded: minecraft -> 7dtd (-19.031462534993487, 64, 26.53326177638475)
14:13:48 info: BridgeServer[0] Player position forwarded: minecraft -> 7dtd (-19.031462534993487, 64, 26.53326177638475)
14:13:48 info: BridgeServer[0] Player position forwarded: minecraft -> 7dtd (-19.031462534993487, 64, 26.53326177638475)
14:13:49 info: BridgeServer[0] Player position forwarded: minecraft -> 7dtd (-19.031462534993487, 64, 26.53326177638475)
14:13:49 info: BridgeServer[0] Player position forwarded: minecraft -> 7dtd (-19.031462534993487, 64, 26.53326177638475)
14:13:50 info: BridgeServer[0] Player position forwarded: minecraft -> 7dtd (-19.031462534993487, 64, 26.53326177638475)
14:13:50 info: BridgeServer[0] Player position forwarded: minecraft -> 7dtd (-19.031462534993487, 64, 26.53326177638475)
14:13:51 info: BridgeServer[0] Player position forwarded: minecraft -> 7dtd (-19.031462534993487, 64, 26.53326177638475)
14:13:51 info: BridgeServer[0] Player position forwarded: minecraft -> 7dtd (-19.031462534993487, 64, 26.53326177638475)
14:13:52 info: BridgeServer[0] Player position forwarded: minecraft -> 7dtd (-19.031462534993487, 64, 26.53326177638475)
14:13:52 info: BridgeServer[0] Player position forwarded: minecraft -> 7dtd (-19.031462534993487, 64, 26.53326177638475)
14:13:53 info: BridgeServer[0] Player position forwarded: minecraft -> 7dtd (-19.031462534993487, 64, 26.53326177638475)
14:13:54 info: BridgeServer[0] Player position forwarded: minecraft -> 7dtd (-19.031462534993487, 64, 26.53326177638475)
14:13:54 info: BridgeServer[0] Player position forwarded: minecraft -> 7dtd (-19.031462534993487, 64, 26.53326177638475)
14:13:55 info: BridgeServer[0] Player position forwarded: minecraft -> 7dtd (-19.031462534993487, 64, 26.53326177638475)
14:13:55 info: BridgeServer[0] Player position forwarded: minecraft -> 7dtd (-19.031462534993487, 64, 26.53326177638475)
14:13:56 info: BridgeServer[0] Player position forwarded: minecraft -> 7dtd (-19.031462534993487, 64, 26.53326177638475)
14:13:56 info: BridgeServer[0] Player position forwarded: minecraft -> 7dtd (-19.031462534993487, 64, 26.53326177638475)
14:13:57 info: BridgeServer[0] Player position forwarded: minecraft -> 7dtd (-19.031462534993487, 64, 26.53326177638475)
14:13:57 info: BridgeServer[0] Player position forwarded: minecraft -> 7dtd (-19.031462534993487, 64, 26.53326177638475)
14:13:58 info: BridgeServer[0] Player position forwarded: minecraft -> 7dtd (-19.031462534993487, 64, 26.53326177638475)
14:13:58 info: BridgeServer[0] Player position forwarded: minecraft -> 7dtd (-19.031462534993487, 64, 26.53326177638475)
14:13:59 info: BridgeServer[0] Player position forwarded: minecraft -> 7dtd (-19.031462534993487, 64, 26.53326177638475)
14:13:59 info: BridgeServer[0] Player position forwarded: minecraft -> 7dtd (-19.031462534993487, 64, 26.53326177638475)
14:14:00 info: BridgeServer[0] Player position forwarded: minecraft -> 7dtd (-19.031462534993487, 64, 26.53326177638475)
14:14:00 info: BridgeServer[0] Player position forwarded: minecraft -> 7dtd (-19.031462534993487, 64, 26.53326177638475)
14:14:01 info: BridgeServer[0] Player position forwarded: minecraft -> 7dtd (-19.031462534993487, 64, 26.53326177638475)
14:14:01 info: BridgeServer[0] Player position forwarded: minecraft -> 7dtd (-19.031462534993487, 64, 26.53326177638475)
14:14:02 info: BridgeServer[0] Player position forwarded: minecraft -> 7dtd (-19.031462534993487, 64, 26.53326177638475)
14:14:02 info: BridgeServer[0] Player position forwarded: minecraft -> 7dtd (-19.031462534993487, 64, 26.53326177638475)
14:14:03 info: BridgeServer[0] Player position forwarded: minecraft -> 7dtd (-19.031462534993487, 64, 26.53326177638475)
14:14:04 info: BridgeServer[0] Player position forwarded: minecraft -> 7dtd (-19.031462534993487, 64, 26.53326177638475)
14:14:04 info: BridgeServer[0] Player position forwarded: minecraft -> 7dtd (-19.031462534993487, 64, 26.53326177638475)
14:14:05 info: BridgeServer[0] Player position forwarded: minecraft -> 7dtd (-19.031462534993487, 64, 26.53326177638475)
14:14:05 info: BridgeServer[0] Player position forwarded: minecraft -> 7dtd (-19.031462534993487, 64, 26.53326177638475)
14:14:06 info: BridgeServer[0] Player position forwarded: minecraft -> 7dtd (-19.031462534993487, 64, 26.53326177638475)
14:14:06 info: BridgeServer[0] Player position forwarded: minecraft -> 7dtd (-19.031462534993487, 64, 26.53326177638475)
14:14:07 info: BridgeServer[0] Player position forwarded: minecraft -> 7dtd (-19.031462534993487, 64, 26.53326177638475)
14:14:07 info: BridgeServer[0] Player position forwarded: minecraft -> 7dtd (-19.031462534993487, 64, 26.53326177638475)
14:14:08 info: BridgeServer[0] Player position forwarded: minecraft -> 7dtd (-19.031462534993487, 64, 26.53326177638475)
14:14:08 info: BridgeServer[0] Player position forwarded: minecraft -> 7dtd (-19.031462534993487, 64, 26.53326177638475)
14:14:09 info: BridgeServer[0] Player position forwarded: minecraft -> 7dtd (-19.031462534993487, 64, 26.53326177638475)
14:14:09 info: BridgeServer[0] Player position forwarded: minecraft -> 7dtd (-19.031462534993487, 64, 26.53326177638475)
14:14:10 info: BridgeServer[0] Player position forwarded: minecraft -> 7dtd (-19.031462534993487, 64, 26.53326177638475)
14:14:10 info: BridgeServer[0] Player position forwarded: minecraft -> 7dtd (-19.031462534993487, 64, 26.53326177638475)
14:14:11 info: BridgeServer[0] Player position forwarded: minecraft -> 7dtd (-19.031462534993487, 64, 26.53326177638475)
14:14:11 info: BridgeServer[0] Player position forwarded: minecraft -> 7dtd (-19.031462534993487, 64, 26.53326177638475)
14:14:12 info: BridgeServer[0] Player position forwarded: minecraft -> 7dtd (-19.031462534993487, 64, 26.53326177638475)
14:14:13 info: BridgeServer[0] Player position forwarded: minecraft -> 7dtd (-19.031462534993487, 64, 26.53326177638475)
14:14:13 info: BridgeServer[0] Player position forwarded: minecraft -> 7dtd (-19.031462534993487, 64, 26.53326177638475)
14:14:14 info: BridgeServer[0] Player position forwarded: minecraft -> 7dtd (-19.031462534993487, 64, 26.53326177638475)
14:14:14 info: BridgeServer[0] Player position forwarded: minecraft -> 7dtd (-19.031462534993487, 64, 26.53326177638475)
14:14:15 info: BridgeServer[0] Player position forwarded: minecraft -> 7dtd (-19.031462534993487, 64, 26.53326177638475)
14:14:15 info: BridgeServer[0] Player position forwarded: minecraft -> 7dtd (-19.031462534993487, 64, 26.53326177638475)
14:14:16 info: BridgeServer[0] Player position forwarded: minecraft -> 7dtd (-19.031462534993487, 64, 26.53326177638475)
14:14:16 info: BridgeServer[0] Player position forwarded: minecraft -> 7dtd (-19.031462534993487, 64, 26.53326177638475)
14:14:17 info: BridgeServer[0] Player position forwarded: minecraft -> 7dtd (-19.031462534993487, 64, 26.53326177638475)
14:14:17 info: BridgeServer[0] Player position forwarded: minecraft -> 7dtd (-19.031462534993487, 64, 26.53326177638475)
14:14:18 info: BridgeServer[0] Player position forwarded: minecraft -> 7dtd (-19.031462534993487, 64, 26.53326177638475)
14:14:18 info: BridgeServer[0] Player position forwarded: minecraft -> 7dtd (-19.031462534993487, 64, 26.53326177638475)
14:14:19 info: BridgeServer[0] Player position forwarded: minecraft -> 7dtd (-19.031462534993487, 64, 26.53326177638475)
14:14:19 info: BridgeServer[0] Player position forwarded: minecraft -> 7dtd (-19.031462534993487, 64, 26.53326177638475)
14:14:20 info: BridgeServer[0] Player position forwarded: minecraft -> 7dtd (-19.031462534993487, 64, 26.53326177638475)
14:14:20 info: BridgeServer[0] Player position forwarded: minecraft -> 7dtd (-19.031462534993487, 64, 26.53326177638475)
14:14:21 info: BridgeServer[0] Player position forwarded: minecraft -> 7dtd (-19.031462534993487, 64, 26.53326177638475)
14:14:21 info: BridgeServer[0] Player position forwarded: minecraft -> 7dtd (-19.031462534993487, 64, 26.53326177638475)
14:14:22 info: BridgeServer[0] Player position forwarded: minecraft -> 7dtd (-19.031462534993487, 64, 26.53326177638475)
14:14:22 info: BridgeServer[0] Player position forwarded: minecraft -> 7dtd (-19.031462534993487, 64, 26.53326177638475)
14:14:23 info: BridgeServer[0] Player position forwarded: minecraft -> 7dtd (-19.031462534993487, 64, 26.53326177638475)
14:14:23 info: BridgeServer[0] Player position forwarded: minecraft -> 7dtd (-19.031462534993487, 64, 26.53326177638475)
14:14:24 info: BridgeServer[0] Player position forwarded: minecraft -> 7dtd (-19.031462534993487, 64, 26.53326177638475)
14:14:25 info: BridgeServer[0] Player position forwarded: minecraft -> 7dtd (-19.031462534993487, 64, 26.53326177638475)
14:14:25 info: BridgeServer[0] Player position forwarded: minecraft -> 7dtd (-19.031462534993487, 64, 26.53326177638475)
14:14:26 info: BridgeServer[0] Player position forwarded: minecraft -> 7dtd (-19.031462534993487, 64, 26.53326177638475)
14:14:26 info: BridgeServer[0] Player position forwarded: minecraft -> 7dtd (-19.031462534993487, 64, 26.53326177638475)
14:14:27 info: BridgeServer[0] Player position forwarded: minecraft -> 7dtd (-19.031462534993487, 64, 26.53326177638475)
14:14:27 info: BridgeServer[0] Player position forwarded: minecraft -> 7dtd (-19.031462534993487, 64, 26.53326177638475)
14:14:28 info: BridgeServer[0] Player position forwarded: minecraft -> 7dtd (-19.031462534993487, 64, 26.53326177638475)
