13:42:11 info: Microsoft.Hosting.Lifetime[14] Now listening on: http://localhost:18771
13:42:11 info: Microsoft.Hosting.Lifetime[0] Application started. Press Ctrl+C to shut down.
13:42:11 info: Microsoft.Hosting.Lifetime[0] Hosting environment: Production
13:42:11 info: Microsoft.Hosting.Lifetime[0] Content root path: D:\wenjian\minecraft\7-M
13:42:11 info: BridgeServer[0] Coordinate mapping loaded: scale=2, offsets=(100, -10, 25); config D:\wenjian\minecraft\7-M\config\coordinate.json
13:42:11 info: BridgeServer[0] Bridge connected ¡ª listening ws://localhost:18771/ws; config D:\wenjian\minecraft\7-M\config\network.json
13:42:13 info: Microsoft.AspNetCore.Hosting.Diagnostics[1] Request starting HTTP/1.1 GET http://localhost:18771/ws - - -
13:42:13 info: Microsoft.AspNetCore.Hosting.Diagnostics[1] Request starting HTTP/1.1 GET http://localhost:18771/ws - - -
13:42:13 info: Microsoft.AspNetCore.Routing.EndpointMiddleware[0] Executing endpoint '/ws'
13:42:13 info: Microsoft.AspNetCore.Routing.EndpointMiddleware[0] Executing endpoint '/ws'
13:42:13 info: BridgeServer[0] Minecraft connected
13:42:13 info: BridgeServer[0] 7DTD connected
13:42:13 info: BridgeServer[0] Test forwarded: minecraft -> 7dtd
13:42:13 info: BridgeServer[0] Test forwarded: 7dtd -> minecraft
13:42:26 info: BridgeServer[0] Player position forwarded: minecraft -> 7dtd (31.695467439155152, 118, 99.60000002384186)
13:42:27 info: BridgeServer[0] Player position forwarded: minecraft -> 7dtd (31.695467439155152, 118, 99.60000002384186)
13:42:27 info: BridgeServer[0] Player position forwarded: minecraft -> 7dtd (31.695467439155152, 118, 99.60000002384186)
13:42:28 info: BridgeServer[0] Player position forwarded: minecraft -> 7dtd (31.695467439155152, 118, 99.60000002384186)
13:42:28 info: BridgeServer[0] Player position forwarded: minecraft -> 7dtd (31.695467439155152, 118, 99.60000002384186)
13:42:29 info: BridgeServer[0] Player position forwarded: minecraft -> 7dtd (31.695467439155152, 118, 99.60000002384186)
13:42:29 info: BridgeServer[0] Player position forwarded: minecraft -> 7dtd (31.695467439155152, 118, 99.60000002384186)
13:42:30 info: BridgeServer[0] Player position forwarded: minecraft -> 7dtd (31.695467439155152, 118, 99.60000002384186)
13:42:30 info: BridgeServer[0] Player position forwarded: minecraft -> 7dtd (31.695467439155152, 118, 99.60000002384186)
13:42:31 info: BridgeServer[0] Player position forwarded: minecraft -> 7dtd (31.695467439155152, 118, 99.60000002384186)
13:42:32 info: BridgeServer[0] Player position forwarded: minecraft -> 7dtd (31.695467439155152, 118, 99.60000002384186)
13:42:32 info: BridgeServer[0] Player position forwarded: minecraft -> 7dtd (31.695467439155152, 118, 99.60000002384186)
13:42:33 info: BridgeServer[0] Player position forwarded: minecraft -> 7dtd (31.695467439155152, 118, 99.60000002384186)
13:42:33 info: BridgeServer[0] Player position forwarded: minecraft -> 7dtd (31.695467439155152, 118, 99.60000002384186)
13:42:34 info: BridgeServer[0] Player position forwarded: minecraft -> 7dtd (31.695467439155152, 118, 99.60000002384186)
13:42:34 info: BridgeServer[0] Player position forwarded: minecraft -> 7dtd (31.695467439155152, 118, 99.60000002384186)
13:42:35 info: BridgeServer[0] Player position forwarded: minecraft -> 7dtd (31.695467439155152, 118, 99.60000002384186)
13:42:35 info: BridgeServer[0] Player position forwarded: minecraft -> 7dtd (31.695467439155152, 118, 99.60000002384186)
13:42:36 info: BridgeServer[0] Player position forwarded: minecraft -> 7dtd (31.695467439155152, 118, 99.60000002384186)
13:42:36 info: BridgeServer[0] Player position forwarded: minecraft -> 7dtd (31.695467439155152, 118, 99.60000002384186)
13:42:37 info: BridgeServer[0] Player position forwarded: minecraft -> 7dtd (31.695467439155152, 118, 99.60000002384186)
13:42:37 info: BridgeServer[0] Player position forwarded: minecraft -> 7dtd (31.695467439155152, 118, 99.60000002384186)
13:42:38 info: BridgeServer[0] Player position forwarded: minecraft -> 7dtd (31.695467439155152, 118, 99.60000002384186)
13:42:39 info: BridgeServer[0] Player position forwarded: minecraft -> 7dtd (31.695467439155152, 118, 99.60000002384186)
13:42:39 info: BridgeServer[0] Player position forwarded: minecraft -> 7dtd (31.695467439155152, 118, 99.60000002384186)
13:42:40 info: BridgeServer[0] Player position forwarded: minecraft -> 7dtd (31.695467439155152, 118, 99.60000002384186)
13:42:40 info: BridgeServer[0] Player position forwarded: minecraft -> 7dtd (31.695467439155152, 118, 99.60000002384186)
13:42:41 info: BridgeServer[0] Player position forwarded: minecraft -> 7dtd (31.695467439155152, 118, 99.60000002384186)
13:42:41 info: BridgeServer[0] Player position forwarded: minecraft -> 7dtd (31.425289046584766, 118, 100.77693082094363)
13:42:42 info: Microsoft.AspNetCore.Hosting.Diagnostics[1] Request starting HTTP/1.1 GET http://localhost:18771/health - - -
13:42:42 info: Microsoft.AspNetCore.Routing.EndpointMiddleware[0] Executing endpoint 'HTTP: GET /health'
13:42:42 info: Microsoft.AspNetCore.Http.Result.JsonResult[3] Writing value of type '<>f__AnonymousType0`3' as Json.
13:42:42 info: Microsoft.AspNetCore.Routing.EndpointMiddleware[1] Executed endpoint 'HTTP: GET /health'
13:42:42 info: Microsoft.AspNetCore.Hosting.Diagnostics[2] Request finished HTTP/1.1 GET http://localhost:18771/health - 200 - application/json;+charset=utf-8 8.5011ms
13:42:42 info: BridgeServer[0] Player position forwarded: minecraft -> 7dtd (32.956363797649956, 118, 103.19733941142383)
13:42:42 info: BridgeServer[0] Player position forwarded: minecraft -> 7dtd (32.60000002384186, 118, 106.39999997615814)
13:42:43 info: BridgeServer[0] Player position forwarded: minecraft -> 7dtd (33.327108065994835, 118, 106.39999997615814)
13:42:43 info: BridgeServer[0] Player position forwarded: minecraft -> 7dtd (35.20192212120162, 118, 106.39999997615814)
13:42:44 info: BridgeServer[0] Player position forwarded: minecraft -> 7dtd (37.27626882005913, 118, 106.39999997615814)
13:42:44 info: BridgeServer[0] Player position forwarded: minecraft -> 7dtd (36.46981835161008, 118, 106.11058488151373)
13:42:45 info: BridgeServer[0] Player position forwarded: minecraft -> 7dtd (34.6755080831164, 118, 103.19170285352122)
13:42:45 info: BridgeServer[0] Player position forwarded: minecraft -> 7dtd (36.233455153340024, 118, 98.72484738704897)
13:42:46 info: BridgeServer[0] Player position forwarded: minecraft -> 7dtd (37.685480713369856, 118, 94.65920177216158)
13:42:46 info: BridgeServer[0] Player position forwarded: minecraft -> 7dtd (39.28276428080758, 118, 90.18698403676602)
13:42:47 info: BridgeServer[0] Player position forwarded: minecraft -> 7dtd (42.879360328566726, 118, 88.38621642513638)
13:42:47 info: BridgeServer[0] Player position forwarded: minecraft -> 7dtd (46.42049016130397, 118, 88.70062153599292)
13:42:48 info: BridgeServer[0] Player position forwarded: minecraft -> 7dtd (45.70158908468938, 118, 84.57896315600271)
13:42:49 info: BridgeServer[0] Player position forwarded: minecraft -> 7dtd (43.79830957671976, 118, 83.61240931767114)
13:42:49 info: BridgeServer[0] Player position forwarded: minecraft -> 7dtd (41.03973481512493, 118, 84.16309975588467)
13:42:50 info: BridgeServer[0] Player position forwarded: minecraft -> 7dtd (41.0231406312065, 118, 84.18650304154374)
13:42:50 info: BridgeServer[0] Player position forwarded: minecraft -> 7dtd (41.0231406312065, 118, 84.18650304154374)
13:42:51 info: BridgeServer[0] Player position forwarded: minecraft -> 7dtd (41.0231406312065, 118, 84.18650304154374)
13:42:51 info: BridgeServer[0] Player position forwarded: minecraft -> 7dtd (41.0231406312065, 118, 84.18650304154374)
13:42:52 info: BridgeServer[0] Player position forwarded: minecraft -> 7dtd (41.0231406312065, 118, 84.18650304154374)
13:42:52 info: BridgeServer[0] Player position forwarded: minecraft -> 7dtd (41.0231406312065, 118, 84.18650304154374)
13:42:53 info: BridgeServer[0] Player position forwarded: minecraft -> 7dtd (41.0231406312065, 118, 84.18650304154374)
13:42:53 info: BridgeServer[0] Player position forwarded: minecraft -> 7dtd (41.0231406312065, 118, 84.18650304154374)
13:42:54 info: BridgeServer[0] Player position forwarded: minecraft -> 7dtd (41.0231406312065, 118, 84.18650304154374)
13:42:54 info: BridgeServer[0] Player position forwarded: minecraft -> 7dtd (41.0231406312065, 118, 84.18650304154374)
13:42:55 info: BridgeServer[0] Player position forwarded: minecraft -> 7dtd (41.0231406312065, 118, 84.18650304154374)
13:42:56 info: BridgeServer[0] Player position forwarded: minecraft -> 7dtd (41.0231406312065, 118, 84.18650304154374)
13:42:56 info: BridgeServer[0] Player position forwarded: minecraft -> 7dtd (41.0231406312065, 118, 84.18650304154374)
13:42:57 info: BridgeServer[0] Player position forwarded: minecraft -> 7dtd (41.0231406312065, 118, 84.18650304154374)
13:42:57 info: BridgeServer[0] Player position forwarded: minecraft -> 7dtd (41.0231406312065, 118, 84.18650304154374)
13:42:58 info: BridgeServer[0] Player position forwarded: minecraft -> 7dtd (41.0231406312065, 118, 84.18650304154374)
13:42:58 info: BridgeServer[0] Player position forwarded: minecraft -> 7dtd (41.0231406312065, 118, 84.18650304154374)
13:42:59 info: BridgeServer[0] Player position forwarded: minecraft -> 7dtd (41.0231406312065, 118, 84.18650304154374)
13:42:59 info: BridgeServer[0] Player position forwarded: minecraft -> 7dtd (41.0231406312065, 118, 84.18650304154374)
13:43:00 info: BridgeServer[0] Player position forwarded: minecraft -> 7dtd (41.0231406312065, 118, 84.18650304154374)
13:43:00 info: BridgeServer[0] Player position forwarded: minecraft -> 7dtd (41.0231406312065, 118, 84.18650304154374)
13:43:01 info: BridgeServer[0] Player position forwarded: minecraft -> 7dtd (41.0231406312065, 118, 84.18650304154374)
13:43:01 info: BridgeServer[0] Player position forwarded: minecraft -> 7dtd (41.0231406312065, 118, 84.18650304154374)
13:43:02 info: BridgeServer[0] Player position forwarded: minecraft -> 7dtd (41.0231406312065, 118, 84.18650304154374)
13:43:02 info: BridgeServer[0] Player position forwarded: minecraft -> 7dtd (41.0231406312065, 118, 84.18650304154374)
13:43:03 info: BridgeServer[0] Player position forwarded: minecraft -> 7dtd (41.0231406312065, 118, 84.18650304154374)
13:43:03 info: BridgeServer[0] Player position forwarded: minecraft -> 7dtd (41.0231406312065, 118, 84.18650304154374)
13:43:04 info: BridgeServer[0] Player position forwarded: minecraft -> 7dtd (41.0231406312065, 118, 84.18650304154374)
13:43:04 info: BridgeServer[0] Player position forwarded: minecraft -> 7dtd (41.0231406312065, 118, 84.18650304154374)
13:43:05 info: BridgeServer[0] Player position forwarded: minecraft -> 7dtd (41.0231406312065, 118, 84.18650304154374)
13:43:06 info: BridgeServer[0] Player position forwarded: minecraft -> 7dtd (41.0231406312065, 118, 84.18650304154374)
13:43:06 info: BridgeServer[0] Player position forwarded: minecraft -> 7dtd (41.0231406312065, 118, 84.18650304154374)
13:43:07 info: BridgeServer[0] Player position forwarded: minecraft -> 7dtd (41.0231406312065, 118, 84.18650304154374)
13:43:07 info: BridgeServer[0] Player position forwarded: minecraft -> 7dtd (41.0231406312065, 118, 84.18650304154374)
13:43:08 info: BridgeServer[0] Player position forwarded: minecraft -> 7dtd (41.0231406312065, 118, 84.18650304154374)
13:43:08 info: BridgeServer[0] Player position forwarded: minecraft -> 7dtd (41.0231406312065, 118, 84.18650304154374)
13:43:09 info: BridgeServer[0] Player position forwarded: minecraft -> 7dtd (41.0231406312065, 118, 84.18650304154374)
13:43:09 info: BridgeServer[0] Player position forwarded: minecraft -> 7dtd (41.0231406312065, 118, 84.18650304154374)
13:43:10 info: BridgeServer[0] Player position forwarded: minecraft -> 7dtd (41.0231406312065, 118, 84.18650304154374)
13:43:10 info: BridgeServer[0] Player position forwarded: minecraft -> 7dtd (41.0231406312065, 118, 84.18650304154374)
13:43:11 info: BridgeServer[0] Player position forwarded: minecraft -> 7dtd (41.0231406312065, 118, 84.18650304154374)
13:43:11 info: BridgeServer[0] Player position forwarded: minecraft -> 7dtd (41.0231406312065, 118, 84.18650304154374)
13:43:12 info: BridgeServer[0] Player position forwarded: minecraft -> 7dtd (41.0231406312065, 118, 84.18650304154374)
13:43:13 info: BridgeServer[0] Player position forwarded: minecraft -> 7dtd (41.0231406312065, 118, 84.18650304154374)
13:43:13 info: BridgeServer[0] Player position forwarded: minecraft -> 7dtd (41.0231406312065, 118, 84.18650304154374)
13:43:14 info: BridgeServer[0] Player position forwarded: minecraft -> 7dtd (41.0231406312065, 118, 84.18650304154374)
13:43:14 info: BridgeServer[0] Player position forwarded: minecraft -> 7dtd (41.0231406312065, 118, 84.18650304154374)
13:43:15 info: BridgeServer[0] Player position forwarded: minecraft -> 7dtd (41.0231406312065, 118, 84.18650304154374)
13:43:15 info: BridgeServer[0] Player position forwarded: minecraft -> 7dtd (41.0231406312065, 118, 84.18650304154374)
13:43:16 info: BridgeServer[0] Player position forwarded: minecraft -> 7dtd (41.0231406312065, 118, 84.18650304154374)
13:43:16 info: BridgeServer[0] Player position forwarded: minecraft -> 7dtd (41.0231406312065, 118, 84.18650304154374)
13:43:17 info: BridgeServer[0] Player position forwarded: minecraft -> 7dtd (41.0231406312065, 118, 84.18650304154374)
13:43:17 info: BridgeServer[0] Player position forwarded: minecraft -> 7dtd (41.0231406312065, 118, 84.18650304154374)
13:43:18 info: BridgeServer[0] Player position forwarded: minecraft -> 7dtd (41.0231406312065, 118, 84.18650304154374)
13:43:18 info: BridgeServer[0] Player position forwarded: minecraft -> 7dtd (41.0231406312065, 118, 84.18650304154374)
13:43:19 info: BridgeServer[0] Player position forwarded: minecraft -> 7dtd (41.0231406312065, 118, 84.18650304154374)
13:43:19 info: BridgeServer[0] Player position forwarded: minecraft -> 7dtd (41.0231406312065, 118, 84.18650304154374)
13:43:20 info: BridgeServer[0] Player position forwarded: minecraft -> 7dtd (41.0231406312065, 118, 84.18650304154374)
13:43:21 info: BridgeServer[0] Player position forwarded: minecraft -> 7dtd (41.0231406312065, 118, 84.18650304154374)
13:43:21 info: BridgeServer[0] Player position forwarded: minecraft -> 7dtd (41.0231406312065, 118, 84.18650304154374)
13:43:22 info: BridgeServer[0] Player position forwarded: minecraft -> 7dtd (41.0231406312065, 118, 84.18650304154374)
13:43:22 info: BridgeServer[0] Player position forwarded: minecraft -> 7dtd (41.0231406312065, 118, 84.18650304154374)
13:43:23 info: BridgeServer[0] Player position forwarded: minecraft -> 7dtd (41.0231406312065, 118, 84.18650304154374)
13:43:23 info: BridgeServer[0] Player position forwarded: minecraft -> 7dtd (41.0231406312065, 118, 84.18650304154374)
13:43:24 info: BridgeServer[0] Player position forwarded: minecraft -> 7dtd (41.0231406312065, 118, 84.18650304154374)
13:43:24 info: BridgeServer[0] Player position forwarded: minecraft -> 7dtd (41.0231406312065, 118, 84.18650304154374)
13:43:25 info: BridgeServer[0] Player position forwarded: minecraft -> 7dtd (41.0231406312065, 118, 84.18650304154374)
13:43:25 info: BridgeServer[0] Player position forwarded: minecraft -> 7dtd (41.0231406312065, 118, 84.18650304154374)
13:43:26 info: BridgeServer[0] Player position forwarded: minecraft -> 7dtd (41.0231406312065, 118, 84.18650304154374)
13:43:26 info: BridgeServer[0] Player position forwarded: minecraft -> 7dtd (41.0231406312065, 118, 84.18650304154374)
13:43:27 info: BridgeServer[0] Player position forwarded: minecraft -> 7dtd (41.0231406312065, 118, 84.18650304154374)
13:43:27 info: BridgeServer[0] Player position forwarded: minecraft -> 7dtd (41.0231406312065, 118, 84.18650304154374)
13:43:28 info: BridgeServer[0] Player position forwarded: minecraft -> 7dtd (41.0231406312065, 118, 84.18650304154374)
13:43:28 info: BridgeServer[0] Player position forwarded: minecraft -> 7dtd (41.0231406312065, 118, 84.18650304154374)
13:43:29 info: BridgeServer[0] Player position forwarded: minecraft -> 7dtd (41.0231406312065, 118, 84.18650304154374)
13:43:30 info: BridgeServer[0] Player position forwarded: minecraft -> 7dtd (41.0231406312065, 118, 84.18650304154374)
13:43:30 info: BridgeServer[0] Player position forwarded: minecraft -> 7dtd (41.0231406312065, 118, 84.18650304154374)
13:43:31 info: BridgeServer[0] Player position forwarded: minecraft -> 7dtd (41.0231406312065, 118, 84.18650304154374)
13:43:31 info: BridgeServer[0] Player position forwarded: minecraft -> 7dtd (41.0231406312065, 118, 84.18650304154374)
13:43:32 info: BridgeServer[0] Player position forwarded: minecraft -> 7dtd (41.0231406312065, 118, 84.18650304154374)
13:43:32 info: BridgeServer[0] Player position forwarded: minecraft -> 7dtd (41.0231406312065, 118, 84.18650304154374)
13:43:33 info: BridgeServer[0] Player position forwarded: minecraft -> 7dtd (41.0231406312065, 118, 84.18650304154374)
13:43:33 info: BridgeServer[0] Player position forwarded: minecraft -> 7dtd (41.0231406312065, 118, 84.18650304154374)
13:43:34 info: BridgeServer[0] Player position forwarded: minecraft -> 7dtd (41.0231406312065, 118, 84.18650304154374)
13:43:34 info: BridgeServer[0] Player position forwarded: minecraft -> 7dtd (41.0231406312065, 118, 84.18650304154374)
13:43:35 info: BridgeServer[0] Player position forwarded: minecraft -> 7dtd (41.0231406312065, 118, 84.18650304154374)
13:43:35 info: BridgeServer[0] Player position forwarded: minecraft -> 7dtd (41.0231406312065, 118, 84.18650304154374)
13:43:36 info: BridgeServer[0] Player position forwarded: minecraft -> 7dtd (41.0231406312065, 118, 84.18650304154374)
13:43:37 info: BridgeServer[0] Player position forwarded: minecraft -> 7dtd (41.0231406312065, 118, 84.18650304154374)
13:43:37 info: BridgeServer[0] Player position forwarded: minecraft -> 7dtd (41.0231406312065, 118, 84.18650304154374)
13:43:38 info: BridgeServer[0] Player position forwarded: minecraft -> 7dtd (41.0231406312065, 118, 84.18650304154374)
13:43:38 info: BridgeServer[0] Player position forwarded: minecraft -> 7dtd (41.0231406312065, 118, 84.18650304154374)
13:43:39 info: BridgeServer[0] Player position forwarded: minecraft -> 7dtd (41.0231406312065, 118, 84.18650304154374)
13:43:39 info: BridgeServer[0] Player position forwarded: minecraft -> 7dtd (41.0231406312065, 118, 84.18650304154374)
13:43:40 info: BridgeServer[0] Player position forwarded: minecraft -> 7dtd (41.0231406312065, 118, 84.18650304154374)
13:43:40 info: BridgeServer[0] Player position forwarded: minecraft -> 7dtd (41.0231406312065, 118, 84.18650304154374)
13:43:41 info: BridgeServer[0] Player position forwarded: minecraft -> 7dtd (41.0231406312065, 118, 84.18650304154374)
13:43:41 info: BridgeServer[0] Player position forwarded: minecraft -> 7dtd (41.0231406312065, 118, 84.18650304154374)
13:43:42 info: BridgeServer[0] Player position forwarded: minecraft -> 7dtd (41.0231406312065, 118, 84.18650304154374)
13:43:42 info: BridgeServer[0] Player position forwarded: minecraft -> 7dtd (41.0231406312065, 118, 84.18650304154374)
13:43:43 info: BridgeServer[0] Player position forwarded: minecraft -> 7dtd (41.0231406312065, 118, 84.18650304154374)
13:43:43 info: BridgeServer[0] Player position forwarded: minecraft -> 7dtd (41.0231406312065, 118, 84.18650304154374)
13:43:44 info: BridgeServer[0] Player position forwarded: minecraft -> 7dtd (41.0231406312065, 118, 84.18650304154374)
13:43:44 info: BridgeServer[0] Player position forwarded: minecraft -> 7dtd (41.0231406312065, 118, 84.18650304154374)
13:43:45 info: BridgeServer[0] Player position forwarded: minecraft -> 7dtd (41.0231406312065, 118, 84.18650304154374)
13:43:46 info: BridgeServer[0] Player position forwarded: minecraft -> 7dtd (41.0231406312065, 118, 84.18650304154374)
13:43:46 info: BridgeServer[0] Player position forwarded: minecraft -> 7dtd (41.0231406312065, 118, 84.18650304154374)
13:43:47 info: BridgeServer[0] Player position forwarded: minecraft -> 7dtd (41.0231406312065, 118, 84.18650304154374)
13:43:47 info: BridgeServer[0] Player position forwarded: minecraft -> 7dtd (41.0231406312065, 118, 84.18650304154374)
13:43:48 info: BridgeServer[0] Player position forwarded: minecraft -> 7dtd (41.0231406312065, 118, 84.18650304154374)
13:43:48 info: BridgeServer[0] Player position forwarded: minecraft -> 7dtd (41.0231406312065, 118, 84.18650304154374)
13:43:49 info: BridgeServer[0] Player position forwarded: minecraft -> 7dtd (41.0231406312065, 118, 84.18650304154374)
13:43:49 info: BridgeServer[0] Player position forwarded: minecraft -> 7dtd (41.0231406312065, 118, 84.18650304154374)
13:43:50 info: BridgeServer[0] Player position forwarded: minecraft -> 7dtd (41.0231406312065, 118, 84.18650304154374)
13:43:50 info: BridgeServer[0] Player position forwarded: minecraft -> 7dtd (41.0231406312065, 118, 84.18650304154374)
13:43:51 info: BridgeServer[0] Player position forwarded: minecraft -> 7dtd (41.0231406312065, 118, 84.18650304154374)
13:43:51 info: BridgeServer[0] Player position forwarded: minecraft -> 7dtd (41.0231406312065, 118, 84.18650304154374)
13:43:52 info: BridgeServer[0] Player position forwarded: minecraft -> 7dtd (41.0231406312065, 118, 84.18650304154374)
13:43:52 info: BridgeServer[0] Player position forwarded: minecraft -> 7dtd (41.0231406312065, 118, 84.18650304154374)
13:43:53 info: BridgeServer[0] Player position forwarded: minecraft -> 7dtd (41.0231406312065, 118, 84.18650304154374)
13:43:53 info: BridgeServer[0] Player position forwarded: minecraft -> 7dtd (41.0231406312065, 118, 84.18650304154374)
13:43:54 info: BridgeServer[0] Player position forwarded: minecraft -> 7dtd (41.0231406312065, 118, 84.18650304154374)
13:43:54 info: BridgeServer[0] Player position forwarded: minecraft -> 7dtd (41.0231406312065, 118, 84.18650304154374)
