[13:18:01] [main/INFO]: Loading Minecraft 1.21.11 with Fabric Loader 0.18.4
[13:18:01] [main/INFO]: Loading 49 mods:
	- fabric-api 0.140.2+1.21.11
	   |-- fabric-api-base 1.0.5+4ebb5c083e
	   |-- fabric-api-lookup-api-v1 1.6.113+1fb1cde93e
	   |-- fabric-biome-api-v1 17.1.1+4fc5413f3e
	   |-- fabric-block-api-v1 1.1.10+4ebb5c083e
	   |-- fabric-block-view-api-v2 1.0.39+4ebb5c083e
	   |-- fabric-command-api-v2 2.4.7+6b42a6003e
	   |-- fabric-content-registries-v0 10.2.14+4fc5413f3e
	   |-- fabric-convention-tags-v1 2.1.55+7f945d5b3e
	   |-- fabric-convention-tags-v2 2.17.3+8ef948ba3e
	   |-- fabric-crash-report-info-v1 0.3.23+4ebb5c083e
	   |-- fabric-data-attachment-api-v1 1.8.44+1fb1cde93e
	   |-- fabric-data-generation-api-v1 23.4.0+69974c4e3e
	   |-- fabric-dimensions-v1 4.0.28+4fc5413f3e
	   |-- fabric-entity-events-v1 3.0.5+4ebb5c083e
	   |-- fabric-events-interaction-v0 4.0.44+1fb1cde93e
	   |-- fabric-game-rule-api-v1 2.0.3+4fc5413f3e
	   |-- fabric-item-api-v1 11.5.20+d0c46b9e3e
	   |-- fabric-item-group-api-v1 4.2.36+4fc5413f3e
	   |-- fabric-key-binding-api-v1 1.1.7+4fc5413f3e
	   |-- fabric-lifecycle-events-v1 2.6.15+4ebb5c083e
	   |-- fabric-loot-api-v2 3.0.73+3f89f5a53e
	   |-- fabric-loot-api-v3 2.0.20+78c8b4663e
	   |-- fabric-message-api-v1 6.1.12+4ebb5c083e
	   |-- fabric-model-loading-api-v1 6.0.13+4fc5413f3e
	   |-- fabric-networking-api-v1 5.1.5+ae1e07683e
	   |-- fabric-object-builder-api-v1 21.1.39+4fc5413f3e
	   |-- fabric-particles-v1 4.2.11+4fc5413f3e
	   |-- fabric-recipe-api-v1 8.2.3+4ebb5c083e
	   |-- fabric-registry-sync-v0 6.2.5+1718722b3e
	   |-- fabric-renderer-api-v1 8.0.1+f4ffd2e53e
	   |-- fabric-renderer-indigo 5.0.1+f4ffd2e53e
	   |-- fabric-rendering-fluids-v1 3.1.43+4ebb5c083e
	   |-- fabric-rendering-v1 16.2.8+f4ffd2e53e
	   |-- fabric-resource-conditions-api-v1 5.0.35+4fc5413f3e
	   |-- fabric-resource-loader-v0 3.3.4+4fc5413f3e
	   |-- fabric-resource-loader-v1 1.0.10+78c8b4663e
	   |-- fabric-screen-api-v1 3.1.7+4ebb5c083e
	   |-- fabric-screen-handler-api-v1 1.3.161+4fc5413f3e
	   |-- fabric-serialization-api-v1 1.0.5+4ebb5c083e
	   |-- fabric-sound-api-v1 1.0.51+4fc5413f3e
	   |-- fabric-tag-api-v1 1.2.20+4fc5413f3e
	   |-- fabric-transfer-api-v1 6.0.24+4fc5413f3e
	   \-- fabric-transitive-access-wideners-v1 7.1.0+014c8cec3e
	- fabricloader 0.18.4
	   \-- mixinextras 0.5.0
	- java 21
	- mc7dtd_bridge 0.1.0
	- minecraft 1.21.11
[13:18:01] [main/INFO]: SpongePowered MIXIN Subsystem Version=0.8.7 Source=file:/D:/wenjian/minecraft/.minecraft/libraries/net/fabricmc/sponge-mixin/0.17.0+mixin.0.8.7/sponge-mixin-0.17.0+mixin.0.8.7.jar Service=Knot/Fabric Env=CLIENT
[13:18:01] [main/INFO]: Compatibility level set to JAVA_21
[13:18:02] [main/INFO]: Initializing MixinExtras via com.llamalad7.mixinextras.service.MixinExtrasServiceImpl(version=0.5.0).
[13:18:03] [Datafixer Bootstrap/INFO]: 287 Datafixer optimizations took 463 milliseconds
[13:18:07] [main/INFO]: Completely ignored arguments: []
[13:18:07] [Render thread/INFO]: Environment: Environment[sessionHost=https://sessionserver.mojang.com, servicesHost=https://api.minecraftservices.com, profilesHost=https://api.mojang.com, name=PROD]
[13:18:07] [Render thread/INFO]: Setting user: MC7DTD-Test
[13:18:08] [Render thread/INFO]: [Indigo] Registering Indigo renderer!
[13:18:08] [MC7DTD-websocket/INFO]: Bridge connected
[13:18:08] [MC7DTD-websocket/INFO]: Minecraft connected
[13:18:08] [MC7DTD-websocket/INFO]: Test received from 7dtd: Hello from 7DTD
[13:18:08] [Render thread/INFO]: Backend library: LWJGL version 3.3.3-snapshot
[13:18:08] [Download-2/ERROR]: Failed to fetch user properties
com.mojang.authlib.exceptions.InvalidCredentialsException: Status: 401
	at knot//com.mojang.authlib.exceptions.MinecraftClientHttpException.toAuthenticationException(MinecraftClientHttpException.java:59)
	at knot//com.mojang.authlib.yggdrasil.YggdrasilUserApiService.fetchProperties(YggdrasilUserApiService.java:150)
	at knot//net.minecraft.class_310.method_55608(class_310.java:457)
	at java.base/java.util.concurrent.CompletableFuture$AsyncSupply.run(CompletableFuture.java:1768)
	at java.base/java.util.concurrent.ThreadPoolExecutor.runWorker(ThreadPoolExecutor.java:1144)
	at java.base/java.util.concurrent.ThreadPoolExecutor$Worker.run(ThreadPoolExecutor.java:642)
	at java.base/java.lang.Thread.run(Thread.java:1583)
Caused by: com.mojang.authlib.exceptions.MinecraftClientHttpException: Status: 401
	at knot//com.mojang.authlib.minecraft.client.MinecraftClient.readInputStream(MinecraftClient.java:103)
	at knot//com.mojang.authlib.minecraft.client.MinecraftClient.get(MinecraftClient.java:56)
	at knot//com.mojang.authlib.yggdrasil.YggdrasilUserApiService.fetchProperties(YggdrasilUserApiService.java:121)
	... 5 more
[13:18:09] [Render thread/INFO]: Using optional rendering extensions: GL_ARB_buffer_storage, GL_KHR_debug, GL_ARB_vertex_attrib_binding, GL_ARB_direct_state_access, GL_EXT_texture_filter_anisotropic
[13:18:09] [Render thread/INFO]: Reloading ResourceManager: vanilla, fabric-api, fabric-api-base, fabric-api-lookup-api-v1, fabric-biome-api-v1, fabric-block-api-v1, fabric-block-view-api-v2, fabric-command-api-v2, fabric-content-registries-v0, fabric-convention-tags-v1, fabric-convention-tags-v2, fabric-crash-report-info-v1, fabric-data-attachment-api-v1, fabric-data-generation-api-v1, fabric-dimensions-v1, fabric-entity-events-v1, fabric-events-interaction-v0, fabric-game-rule-api-v1, fabric-item-api-v1, fabric-item-group-api-v1, fabric-key-binding-api-v1, fabric-lifecycle-events-v1, fabric-loot-api-v2, fabric-loot-api-v3, fabric-message-api-v1, fabric-model-loading-api-v1, fabric-networking-api-v1, fabric-object-builder-api-v1, fabric-particles-v1, fabric-recipe-api-v1, fabric-registry-sync-v0, fabric-renderer-api-v1, fabric-renderer-indigo, fabric-rendering-fluids-v1, fabric-rendering-v1, fabric-resource-conditions-api-v1, fabric-resource-loader-v0, fabric-resource-loader-v1, fabric-screen-api-v1, fabric-screen-handler-api-v1, fabric-serialization-api-v1, fabric-sound-api-v1, fabric-tag-api-v1, fabric-transfer-api-v1, fabric-transitive-access-wideners-v1, fabricloader
[13:18:10] [Worker-Main-8/INFO]: Found unifont_pua-17.0.01.hex, loading
[13:18:10] [Worker-Main-4/INFO]: Found unifont_all_no_pua-17.0.01.hex, loading
[13:18:10] [Worker-Main-11/INFO]: Found unifont_jp_patch-17.0.01.hex, loading
[13:18:10] [Download-1/INFO]: Could not authorize you against Realms server: java.lang.RuntimeException: Failed to parse into SignedJWT: 0
[13:18:10] [Download-1/ERROR]: Failed to fetch Realms feature flags
net.minecraft.class_4355: Realms authentication error with message 'java.lang.RuntimeException: Failed to parse into SignedJWT: 0'
	at knot//net.minecraft.class_4341.method_20998(class_4341.java:526)
	at knot//net.minecraft.class_4341.method_68466(class_4341.java:186)
	at java.base/java.util.concurrent.CompletableFuture$AsyncSupply.run(CompletableFuture.java:1768)
	at java.base/java.util.concurrent.ThreadPoolExecutor.runWorker(ThreadPoolExecutor.java:1144)
	at java.base/java.util.concurrent.ThreadPoolExecutor$Worker.run(ThreadPoolExecutor.java:642)
	at java.base/java.lang.Thread.run(Thread.java:1583)
[13:18:11] [Render thread/INFO]: OpenAL initialized on device OpenAL Soft on 扬声器 (Realtek(R) Audio)
[13:18:11] [Render thread/INFO]: Sound engine started
[13:18:11] [Render thread/INFO]: Created: 512x256x0 minecraft:textures/atlas/particles.png-atlas
[13:18:11] [Render thread/INFO]: Created: 128x128x0 minecraft:textures/atlas/decorated_pot.png-atlas
[13:18:11] [Render thread/INFO]: Created: 2048x1024x0 minecraft:textures/atlas/armor_trims.png-atlas
[13:18:11] [Render thread/INFO]: Created: 512x256x0 minecraft:textures/atlas/paintings.png-atlas
[13:18:11] [Render thread/INFO]: Created: 1024x512x0 minecraft:textures/atlas/shield_patterns.png-atlas
[13:18:11] [Render thread/INFO]: Created: 2048x2048x4 minecraft:textures/atlas/blocks.png-atlas
[13:18:11] [Render thread/INFO]: Created: 512x512x0 minecraft:textures/atlas/chest.png-atlas
[13:18:11] [Render thread/INFO]: Created: 256x128x0 minecraft:textures/atlas/celestials.png-atlas
[13:18:11] [Render thread/INFO]: Created: 1024x512x0 minecraft:textures/atlas/banner_patterns.png-atlas
[13:18:11] [Render thread/INFO]: Created: 512x512x0 minecraft:textures/atlas/beds.png-atlas
[13:18:11] [Render thread/INFO]: Created: 1024x512x0 minecraft:textures/atlas/items.png-atlas
[13:18:11] [Render thread/INFO]: Created: 1024x1024x0 minecraft:textures/atlas/gui.png-atlas
[13:18:11] [Render thread/INFO]: Created: 128x64x0 minecraft:textures/atlas/map_decorations.png-atlas
[13:18:11] [Render thread/INFO]: Created: 512x256x0 minecraft:textures/atlas/signs.png-atlas
[13:18:11] [Render thread/INFO]: Created: 512x512x0 minecraft:textures/atlas/shulker_boxes.png-atlas
[13:18:12] [IO-Worker-1/INFO]: Could not authorize you against Realms server: java.lang.RuntimeException: Failed to parse into SignedJWT: 0
[13:18:12] [IO-Worker-1/ERROR]: Couldn't connect to realms
net.minecraft.class_4355: Realms authentication error with message 'java.lang.RuntimeException: Failed to parse into SignedJWT: 0'
	at knot//net.minecraft.class_4341.method_20998(class_4341.java:526)
	at knot//net.minecraft.class_4341.method_21027(class_4341.java:307)
	at knot//net.minecraft.class_8647.method_52627(class_8647.java:48)
	at java.base/java.util.concurrent.CompletableFuture$AsyncSupply.run(CompletableFuture.java:1768)
	at java.base/java.util.concurrent.ThreadPoolExecutor.runWorker(ThreadPoolExecutor.java:1144)
	at java.base/java.util.concurrent.ThreadPoolExecutor$Worker.run(ThreadPoolExecutor.java:642)
	at java.base/java.lang.Thread.run(Thread.java:1583)
[13:19:13] [MC7DTD-websocket/INFO]: Test received from 7dtd: Hello from 7DTD
[13:19:26] [Render thread/INFO]: Found new data pack fabric-convention-tags-v2, loading it automatically
[13:19:27] [Render thread/INFO]: Loaded 1470 recipes
[13:19:27] [Render thread/INFO]: Loaded 1584 advancements
[13:19:27] [Render thread/INFO]: Applied 0 biome modifications to 0 of 65 new biomes in 1.012 ms
[13:19:27] [Server thread/INFO]: Starting integrated minecraft server version 1.21.11
[13:19:27] [Server thread/INFO]: Generating keypair
[13:19:28] [Server thread/INFO]: Loading 0 persistent chunks...
[13:19:28] [Server thread/INFO]: 准备生成区域中：16%
[13:19:28] [Server thread/INFO]: Loading 49 chunks for player spawn...
[13:19:28] [Server thread/INFO]: 准备生成区域中：16%
[13:19:29] [Server thread/INFO]: Time elapsed: 964 ms
[13:19:29] [Server thread/INFO]: MC7DTD-Test[local:E:d3559177] logged in with entity id 85 at (-48.327511150412406, 64.0, 52.27100178314343)
[13:19:29] [Server thread/INFO]: MC7DTD-Test加入了游戏
[13:19:29] [Server thread/INFO]: Changing view distance to 16, from 10
[13:19:29] [Server thread/INFO]: Changing simulation distance to 12, from 0
[13:19:29] [Render thread/INFO]: Loaded 5 advancements
[13:19:29] [Render thread/INFO]: Resizing Dynamic Transforms UBO, capacity limit of 2 reached during a single frame. New capacity will be 4.
[13:19:29] [Render thread/INFO]: Resizing Dynamic Transforms UBO, capacity limit of 4 reached during a single frame. New capacity will be 8.
[13:19:29] [Render thread/INFO]: Resizing Chunk Sections UBO, capacity limit of 2 reached during a single frame. New capacity will be 4.
[13:19:29] [Render thread/INFO]: Resizing Chunk Sections UBO, capacity limit of 4 reached during a single frame. New capacity will be 8.
[13:19:29] [Render thread/INFO]: Resizing Chunk Sections UBO, capacity limit of 8 reached during a single frame. New capacity will be 16.
[13:19:29] [Render thread/INFO]: Resizing Chunk Sections UBO, capacity limit of 16 reached during a single frame. New capacity will be 32.
[13:19:30] [Render thread/INFO]: Resizing Chunk Sections UBO, capacity limit of 32 reached during a single frame. New capacity will be 64.
[13:19:30] [Render thread/INFO]: Resizing Chunk Sections UBO, capacity limit of 64 reached during a single frame. New capacity will be 128.
[13:19:30] [Server thread/INFO]: Saving and pausing game...
[13:19:30] [Server thread/INFO]: Saving chunks for level 'ServerLevel[Demo World]'/minecraft:overworld
[13:19:30] [Server thread/INFO]: Saving chunks for level 'ServerLevel[Demo World]'/minecraft:the_nether
[13:19:30] [Server thread/INFO]: Saving chunks for level 'ServerLevel[Demo World]'/minecraft:the_end
[13:20:19] [Render thread/INFO]: Resizing Chunk Sections UBO, capacity limit of 128 reached during a single frame. New capacity will be 256.
[13:20:19] [Render thread/INFO]: Resizing Chunk Sections UBO, capacity limit of 256 reached during a single frame. New capacity will be 512.
[13:20:20] [Render thread/INFO]: Resizing Chunk Sections UBO, capacity limit of 512 reached during a single frame. New capacity will be 1024.
[13:20:21] [Render thread/INFO]: [System] [CHAT] 此试玩版会在5个游戏日后结束，尽力而为吧！
[13:20:23] [Server thread/INFO]: Saving and pausing game...
[13:20:23] [Server thread/INFO]: Saving chunks for level 'ServerLevel[Demo World]'/minecraft:overworld
[13:20:23] [Server thread/INFO]: Saving chunks for level 'ServerLevel[Demo World]'/minecraft:the_nether
[13:20:23] [Server thread/INFO]: Saving chunks for level 'ServerLevel[Demo World]'/minecraft:the_end
[13:20:30] [Server thread/INFO]: Saving and pausing game...
[13:20:30] [Server thread/INFO]: Saving chunks for level 'ServerLevel[Demo World]'/minecraft:overworld
[13:20:30] [Server thread/INFO]: Saving chunks for level 'ServerLevel[Demo World]'/minecraft:the_nether
[13:20:30] [Server thread/INFO]: Saving chunks for level 'ServerLevel[Demo World]'/minecraft:the_end
[13:22:02] [Server thread/INFO]: Saving and pausing game...
[13:22:02] [Server thread/INFO]: Saving chunks for level 'ServerLevel[Demo World]'/minecraft:overworld
[13:22:03] [Server thread/INFO]: Saving chunks for level 'ServerLevel[Demo World]'/minecraft:the_nether
[13:22:03] [Server thread/INFO]: Saving chunks for level 'ServerLevel[Demo World]'/minecraft:the_end
[13:26:10] [Server thread/INFO]: Saving and pausing game...
[13:26:10] [Server thread/INFO]: Saving chunks for level 'ServerLevel[Demo World]'/minecraft:overworld
[13:26:10] [Server thread/INFO]: Saving chunks for level 'ServerLevel[Demo World]'/minecraft:the_nether
[13:26:10] [Server thread/INFO]: Saving chunks for level 'ServerLevel[Demo World]'/minecraft:the_end
[13:27:03] [Render thread/INFO]: Resizing Dynamic Transforms UBO, capacity limit of 8 reached during a single frame. New capacity will be 16.
[13:27:15] [MC7DTD-websocket/INFO]: Bridge disconnected; retry in 3 seconds
[13:27:18] [MC7DTD-websocket/INFO]: Bridge unavailable: java.util.concurrent.ExecutionException: java.net.ConnectException; retry in 3 seconds
[13:27:21] [MC7DTD-websocket/INFO]: Bridge unavailable: java.util.concurrent.ExecutionException: java.net.ConnectException; retry in 3 seconds
[13:27:24] [MC7DTD-websocket/INFO]: Bridge unavailable: java.util.concurrent.ExecutionException: java.net.ConnectException; retry in 3 seconds
[13:27:27] [MC7DTD-websocket/INFO]: Bridge unavailable: java.util.concurrent.ExecutionException: java.net.ConnectException; retry in 3 seconds
[13:27:30] [MC7DTD-websocket/INFO]: Bridge connected
[13:27:30] [MC7DTD-websocket/INFO]: Minecraft connected
[13:27:30] [MC7DTD-websocket/INFO]: Test received from 7dtd: Hello from 7DTD
[13:27:59] [Server thread/INFO]: Saving and pausing game...
[13:27:59] [Server thread/INFO]: Saving chunks for level 'ServerLevel[Demo World]'/minecraft:overworld
[13:27:59] [Server thread/INFO]: Saving chunks for level 'ServerLevel[Demo World]'/minecraft:the_nether
[13:27:59] [Server thread/INFO]: Saving chunks for level 'ServerLevel[Demo World]'/minecraft:the_end
[13:36:23] [MC7DTD-websocket/INFO]: Bridge disconnected; retry in 3 seconds
[13:36:26] [MC7DTD-websocket/INFO]: Bridge unavailable: java.util.concurrent.ExecutionException: java.net.ConnectException; retry in 3 seconds
[13:36:29] [MC7DTD-websocket/INFO]: Bridge unavailable: java.util.concurrent.ExecutionException: java.net.ConnectException; retry in 3 seconds
[13:36:32] [MC7DTD-websocket/INFO]: Bridge unavailable: java.util.concurrent.ExecutionException: java.net.ConnectException; retry in 3 seconds
[13:36:35] [MC7DTD-websocket/INFO]: Bridge unavailable: java.util.concurrent.ExecutionException: java.net.ConnectException; retry in 3 seconds
[13:36:38] [MC7DTD-websocket/INFO]: Bridge unavailable: java.util.concurrent.ExecutionException: java.net.ConnectException; retry in 3 seconds
[13:36:41] [MC7DTD-websocket/INFO]: Bridge unavailable: java.util.concurrent.ExecutionException: java.net.ConnectException; retry in 3 seconds
[13:36:44] [MC7DTD-websocket/INFO]: Bridge unavailable: java.util.concurrent.ExecutionException: java.net.ConnectException; retry in 3 seconds
[13:36:47] [MC7DTD-websocket/INFO]: Bridge unavailable: java.util.concurrent.ExecutionException: java.net.ConnectException; retry in 3 seconds
[13:36:50] [MC7DTD-websocket/INFO]: Bridge unavailable: java.util.concurrent.ExecutionException: java.net.ConnectException; retry in 3 seconds
[13:36:53] [MC7DTD-websocket/INFO]: Bridge unavailable: java.util.concurrent.ExecutionException: java.net.ConnectException; retry in 3 seconds
[13:36:56] [MC7DTD-websocket/INFO]: Bridge unavailable: java.util.concurrent.ExecutionException: java.net.ConnectException; retry in 3 seconds
[13:36:59] [MC7DTD-websocket/INFO]: Bridge unavailable: java.util.concurrent.ExecutionException: java.net.ConnectException; retry in 3 seconds
[13:37:02] [MC7DTD-websocket/INFO]: Bridge unavailable: java.util.concurrent.ExecutionException: java.net.ConnectException; retry in 3 seconds
[13:37:05] [MC7DTD-websocket/INFO]: Bridge connected
[13:37:05] [MC7DTD-websocket/INFO]: Minecraft connected
[13:37:05] [MC7DTD-websocket/INFO]: Test received from 7dtd: Hello from 7DTD
[13:42:10] [MC7DTD-websocket/INFO]: Bridge disconnected; retry in 3 seconds
[13:42:13] [MC7DTD-websocket/INFO]: Bridge connected
[13:42:13] [MC7DTD-websocket/INFO]: Minecraft connected
[13:42:13] [MC7DTD-websocket/INFO]: Test received from 7dtd: Hello from 7DTD
[13:43:55] [Server thread/INFO]: Saving and pausing game...
[13:43:55] [Server thread/INFO]: Saving chunks for level 'ServerLevel[Demo World]'/minecraft:overworld
[13:43:55] [Server thread/INFO]: Saving chunks for level 'ServerLevel[Demo World]'/minecraft:the_nether
[13:43:55] [Server thread/INFO]: Saving chunks for level 'ServerLevel[Demo World]'/minecraft:the_end
