14:32:49 info: Microsoft.Hosting.Lifetime[14] Now listening on: http://localhost:18771
14:32:49 info: Microsoft.Hosting.Lifetime[0] Application started. Press Ctrl+C to shut down.
14:32:49 info: Microsoft.Hosting.Lifetime[0] Hosting environment: Production
14:32:49 info: Microsoft.Hosting.Lifetime[0] Content root path: D:\wenjian\minecraft\7-M
14:32:49 info: BridgeServer[0] Coordinate mapping loaded: scale=1, offsets=(0, 0, 0); config D:\wenjian\minecraft\7-M\config\coordinate.json
14:32:49 info: BridgeServer[0] Bridge connected ¡ª listening ws://localhost:18771/ws; config D:\wenjian\minecraft\7-M\config\network.json
14:32:52 info: Microsoft.AspNetCore.Hosting.Diagnostics[1] Request starting HTTP/1.1 GET http://localhost:18771/ws - - -
14:32:52 info: Microsoft.AspNetCore.Hosting.Diagnostics[1] Request starting HTTP/1.1 GET http://localhost:18771/ws - - -
14:32:52 info: Microsoft.AspNetCore.Routing.EndpointMiddleware[0] Executing endpoint '/ws'
14:32:52 info: Microsoft.AspNetCore.Routing.EndpointMiddleware[0] Executing endpoint '/ws'
14:32:52 info: BridgeServer[0] Minecraft connected
14:32:52 info: BridgeServer[0] 7DTD connected
14:32:52 info: BridgeServer[0] Test forwarded: minecraft -> 7dtd
14:32:52 info: BridgeServer[0] Test forwarded: 7dtd -> minecraft
14:32:52 info: BridgeServer[0] Player position forwarded: minecraft -> 7dtd (-12.811586817858418, 63, 23.391419418248603)
14:32:53 info: BridgeServer[0] Player position forwarded: minecraft -> 7dtd (-12.811586817858418, 63, 23.391419418248603)
14:32:53 info: BridgeServer[0] Player position forwarded: minecraft -> 7dtd (-12.811586817858418, 63, 23.391419418248603)
14:32:54 info: BridgeServer[0] Player position forwarded: minecraft -> 7dtd (-12.811586817858418, 63, 23.391419418248603)
14:32:54 info: BridgeServer[0] Player position forwarded: minecraft -> 7dtd (-12.811586817858418, 63, 23.391419418248603)
14:32:55 info: BridgeServer[0] Player position forwarded: minecraft -> 7dtd (-12.811586817858418, 63, 23.391419418248603)
14:32:55 info: BridgeServer[0] Player position forwarded: minecraft -> 7dtd (-12.811586817858418, 63, 23.391419418248603)
14:32:56 info: BridgeServer[0] Player position forwarded: minecraft -> 7dtd (-12.811586817858418, 63, 23.391419418248603)
14:32:56 info: BridgeServer[0] Player position forwarded: minecraft -> 7dtd (-12.811586817858418, 63, 23.391419418248603)
14:32:57 info: BridgeServer[0] Player position forwarded: minecraft -> 7dtd (-12.811586817858418, 63, 23.391419418248603)
14:32:57 info: BridgeServer[0] Player position forwarded: minecraft -> 7dtd (-12.811586817858418, 63, 23.391419418248603)
14:32:58 info: BridgeServer[0] Player position forwarded: minecraft -> 7dtd (-12.811586817858418, 63, 23.391419418248603)
14:32:58 info: BridgeServer[0] Player position forwarded: minecraft -> 7dtd (-12.811586817858418, 63, 23.391419418248603)
14:32:59 info: BridgeServer[0] Player position forwarded: minecraft -> 7dtd (-12.811586817858418, 63, 23.391419418248603)
14:33:00 info: BridgeServer[0] Player position forwarded: minecraft -> 7dtd (-12.811586817858418, 63, 23.391419418248603)
14:33:00 info: BridgeServer[0] Player position forwarded: minecraft -> 7dtd (-12.811586817858418, 63, 23.391419418248603)
14:33:01 info: BridgeServer[0] Player position forwarded: minecraft -> 7dtd (-12.811586817858418, 63, 23.391419418248603)
14:33:01 info: BridgeServer[0] Player position forwarded: minecraft -> 7dtd (-12.811586817858418, 63, 23.391419418248603)
14:33:02 info: BridgeServer[0] Player position forwarded: minecraft -> 7dtd (-12.811586817858418, 63, 23.391419418248603)
14:33:02 info: BridgeServer[0] Player position forwarded: minecraft -> 7dtd (-12.811586817858418, 63, 23.391419418248603)
14:33:03 info: BridgeServer[0] Player position forwarded: minecraft -> 7dtd (-12.811586817858418, 63, 23.391419418248603)
14:33:03 info: BridgeServer[0] Player position forwarded: minecraft -> 7dtd (-12.811586817858418, 63, 23.391419418248603)
14:33:04 info: BridgeServer[0] Player position forwarded: minecraft -> 7dtd (-12.811586817858418, 63, 23.391419418248603)
14:33:04 info: BridgeServer[0] Player position forwarded: minecraft -> 7dtd (-12.811586817858418, 63, 23.391419418248603)
14:33:05 info: BridgeServer[0] Player position forwarded: minecraft -> 7dtd (-12.811586817858418, 63, 23.391419418248603)
14:33:05 info: BridgeServer[0] Player position forwarded: minecraft -> 7dtd (-12.811586817858418, 63, 23.391419418248603)
14:33:06 info: BridgeServer[0] Player position forwarded: minecraft -> 7dtd (-12.811586817858418, 63, 23.391419418248603)
14:33:06 info: Microsoft.AspNetCore.Hosting.Diagnostics[1] Request starting HTTP/1.1 GET http://localhost:18771/health - - -
14:33:06 info: Microsoft.AspNetCore.Routing.EndpointMiddleware[0] Executing endpoint 'HTTP: GET /health'
14:33:06 info: Microsoft.AspNetCore.Http.Result.JsonResult[3] Writing value of type '<>f__AnonymousType0`3' as Json.
14:33:06 info: Microsoft.AspNetCore.Routing.EndpointMiddleware[1] Executed endpoint 'HTTP: GET /health'
14:33:06 info: Microsoft.AspNetCore.Hosting.Diagnostics[2] Request finished HTTP/1.1 GET http://localhost:18771/health - 200 - application/json;+charset=utf-8 8.0268ms
14:33:06 info: BridgeServer[0] Player position forwarded: minecraft -> 7dtd (-12.811586817858418, 63, 23.391419418248603)
14:33:07 info: BridgeServer[0] Player position forwarded: minecraft -> 7dtd (-12.811586817858418, 63, 23.391419418248603)
14:33:08 info: BridgeServer[0] Player position forwarded: minecraft -> 7dtd (-12.811586817858418, 63, 23.391419418248603)
14:33:08 info: BridgeServer[0] Player position forwarded: minecraft -> 7dtd (-12.811586817858418, 63, 23.391419418248603)
14:33:09 info: BridgeServer[0] Player position forwarded: minecraft -> 7dtd (-12.811586817858418, 63, 23.391419418248603)
14:33:09 info: BridgeServer[0] Player position forwarded: minecraft -> 7dtd (-12.811586817858418, 63, 23.391419418248603)
14:33:10 info: BridgeServer[0] Player position forwarded: minecraft -> 7dtd (-12.811586817858418, 63, 23.391419418248603)
14:33:10 info: BridgeServer[0] Player position forwarded: minecraft -> 7dtd (-12.811586817858418, 63, 23.391419418248603)
14:33:11 info: BridgeServer[0] Player position forwarded: minecraft -> 7dtd (-12.811586817858418, 63, 23.391419418248603)
14:33:11 info: BridgeServer[0] Player position forwarded: minecraft -> 7dtd (-12.811586817858418, 63, 23.391419418248603)
14:33:12 info: BridgeServer[0] Player position forwarded: minecraft -> 7dtd (-12.811586817858418, 63, 23.391419418248603)
14:33:12 info: BridgeServer[0] Player position forwarded: minecraft -> 7dtd (-12.811586817858418, 63, 23.391419418248603)
14:33:13 info: BridgeServer[0] Player position forwarded: minecraft -> 7dtd (-12.811586817858418, 63, 23.391419418248603)
14:33:13 info: BridgeServer[0] Player position forwarded: minecraft -> 7dtd (-12.811586817858418, 63, 23.391419418248603)
14:33:14 info: BridgeServer[0] Player position forwarded: minecraft -> 7dtd (-12.811586817858418, 63, 23.391419418248603)
14:33:14 info: BridgeServer[0] Player position forwarded: minecraft -> 7dtd (-12.811586817858418, 63, 23.391419418248603)
14:33:15 info: BridgeServer[0] Player position forwarded: minecraft -> 7dtd (-12.811586817858418, 63, 23.391419418248603)
14:33:15 info: BridgeServer[0] Player position forwarded: minecraft -> 7dtd (-12.811586817858418, 63, 23.391419418248603)
14:33:16 info: BridgeServer[0] Player position forwarded: minecraft -> 7dtd (-12.811586817858418, 63, 23.391419418248603)
14:33:17 info: BridgeServer[0] Player position forwarded: minecraft -> 7dtd (-12.811586817858418, 63, 23.391419418248603)
14:33:17 info: BridgeServer[0] Player position forwarded: minecraft -> 7dtd (-12.811586817858418, 63, 23.391419418248603)
14:33:18 info: BridgeServer[0] Player position forwarded: minecraft -> 7dtd (-12.811586817858418, 63, 23.391419418248603)
14:33:18 info: BridgeServer[0] Player position forwarded: minecraft -> 7dtd (-12.811586817858418, 63, 23.391419418248603)
14:33:19 info: BridgeServer[0] Player position forwarded: minecraft -> 7dtd (-12.811586817858418, 63, 23.391419418248603)
14:33:19 info: BridgeServer[0] Player position forwarded: minecraft -> 7dtd (-12.811586817858418, 63, 23.391419418248603)
14:33:20 info: BridgeServer[0] Player position forwarded: minecraft -> 7dtd (-12.811586817858418, 63, 23.391419418248603)
14:33:20 info: BridgeServer[0] Player position forwarded: minecraft -> 7dtd (-12.811586817858418, 63, 23.391419418248603)
14:33:21 info: BridgeServer[0] Player position forwarded: minecraft -> 7dtd (-12.811586817858418, 63, 23.391419418248603)
14:33:21 info: BridgeServer[0] Player position forwarded: minecraft -> 7dtd (-12.811586817858418, 63, 23.391419418248603)
14:33:22 info: BridgeServer[0] Player position forwarded: minecraft -> 7dtd (-12.811586817858418, 63, 23.391419418248603)
14:33:22 info: BridgeServer[0] Player position forwarded: minecraft -> 7dtd (-12.811586817858418, 63, 23.391419418248603)
14:33:23 info: BridgeServer[0] Player position forwarded: minecraft -> 7dtd (-12.811586817858418, 63, 23.391419418248603)
14:33:23 info: BridgeServer[0] Player position forwarded: minecraft -> 7dtd (-12.811586817858418, 63, 23.391419418248603)
14:33:24 info: BridgeServer[0] Player position forwarded: minecraft -> 7dtd (-12.811586817858418, 63, 23.391419418248603)
14:33:24 info: BridgeServer[0] Player position forwarded: minecraft -> 7dtd (-12.811586817858418, 63, 23.391419418248603)
14:33:25 info: BridgeServer[0] Player position forwarded: minecraft -> 7dtd (-12.811586817858418, 63, 23.391419418248603)
14:33:26 info: BridgeServer[0] Player position forwarded: minecraft -> 7dtd (-12.811586817858418, 63, 23.391419418248603)
14:33:26 info: BridgeServer[0] Player position forwarded: minecraft -> 7dtd (-12.811586817858418, 63, 23.391419418248603)
14:33:27 info: BridgeServer[0] Player position forwarded: minecraft -> 7dtd (-12.811586817858418, 63, 23.391419418248603)
14:33:27 info: BridgeServer[0] Player position forwarded: minecraft -> 7dtd (-12.811586817858418, 63, 23.391419418248603)
14:33:28 info: BridgeServer[0] Player position forwarded: minecraft -> 7dtd (-12.811586817858418, 63, 23.391419418248603)
14:33:28 info: BridgeServer[0] Player position forwarded: minecraft -> 7dtd (-12.811586817858418, 63, 23.391419418248603)
14:33:29 info: BridgeServer[0] Player position forwarded: minecraft -> 7dtd (-12.811586817858418, 63, 23.391419418248603)
14:33:29 info: BridgeServer[0] Player position forwarded: minecraft -> 7dtd (-12.811586817858418, 63, 23.391419418248603)
14:33:30 info: BridgeServer[0] Player position forwarded: minecraft -> 7dtd (-12.811586817858418, 63, 23.391419418248603)
14:33:30 info: BridgeServer[0] Player position forwarded: minecraft -> 7dtd (-12.811586817858418, 63, 23.391419418248603)
14:33:31 info: BridgeServer[0] Player position forwarded: minecraft -> 7dtd (-12.811586817858418, 63, 23.391419418248603)
14:33:31 info: BridgeServer[0] Player position forwarded: minecraft -> 7dtd (-12.811586817858418, 63, 23.391419418248603)
14:33:32 info: BridgeServer[0] Player position forwarded: minecraft -> 7dtd (-12.811586817858418, 63, 23.391419418248603)
14:33:32 info: BridgeServer[0] Player position forwarded: minecraft -> 7dtd (-12.811586817858418, 63, 23.391419418248603)
14:33:33 info: BridgeServer[0] Player position forwarded: minecraft -> 7dtd (-12.811586817858418, 63, 23.391419418248603)
14:33:33 info: BridgeServer[0] Player position forwarded: minecraft -> 7dtd (-12.811586817858418, 63, 23.391419418248603)
14:33:34 info: BridgeServer[0] Player position forwarded: minecraft -> 7dtd (-12.811586817858418, 63, 23.391419418248603)
14:33:34 info: BridgeServer[0] Player position forwarded: minecraft -> 7dtd (-12.811586817858418, 63, 23.391419418248603)
14:33:35 info: BridgeServer[0] Player position forwarded: minecraft -> 7dtd (-12.811586817858418, 63, 23.391419418248603)
14:33:35 info: BridgeServer[0] Player position forwarded: minecraft -> 7dtd (-12.811586817858418, 63, 23.391419418248603)
14:33:36 info: BridgeServer[0] Player position forwarded: minecraft -> 7dtd (-12.811586817858418, 63, 23.391419418248603)
14:33:36 info: BridgeServer[0] Player position forwarded: minecraft -> 7dtd (-12.811586817858418, 63, 23.391419418248603)
14:33:37 info: BridgeServer[0] Player position forwarded: minecraft -> 7dtd (-12.811586817858418, 63, 23.391419418248603)
14:33:38 info: BridgeServer[0] Player position forwarded: minecraft -> 7dtd (-12.811586817858418, 63, 23.391419418248603)
14:33:38 info: BridgeServer[0] Entity registry: entity_not_found, id=00000000-0000-0000-0000-000000000001, count=0
14:33:38 info: BridgeServer[0] Player position forwarded: minecraft -> 7dtd (-12.811586817858418, 63, 23.391419418248603)
14:33:39 info: BridgeServer[0] Player position forwarded: minecraft -> 7dtd (-12.811586817858418, 63, 23.391419418248603)
14:33:39 info: BridgeServer[0] Player position forwarded: minecraft -> 7dtd (-12.811586817858418, 63, 23.391419418248603)
14:33:40 info: BridgeServer[0] Player position forwarded: minecraft -> 7dtd (-12.811586817858418, 63, 23.391419418248603)
14:33:40 info: BridgeServer[0] Player position forwarded: minecraft -> 7dtd (-12.811586817858418, 63, 23.391419418248603)
14:33:41 info: BridgeServer[0] Player position forwarded: minecraft -> 7dtd (-12.811586817858418, 63, 23.391419418248603)
14:33:41 info: BridgeServer[0] Player position forwarded: minecraft -> 7dtd (-12.811586817858418, 63, 23.391419418248603)
14:33:42 info: BridgeServer[0] Player position forwarded: minecraft -> 7dtd (-12.811586817858418, 63, 23.391419418248603)
14:33:42 info: BridgeServer[0] Player position forwarded: minecraft -> 7dtd (-12.811586817858418, 63, 23.391419418248603)
14:33:43 info: BridgeServer[0] Player position forwarded: minecraft -> 7dtd (-12.811586817858418, 63, 23.391419418248603)
14:33:43 info: BridgeServer[0] Player position forwarded: minecraft -> 7dtd (-12.811586817858418, 63, 23.391419418248603)
14:33:43 info: BridgeServer[0] Entity registry: spawned, id=00000000-0000-0000-0000-000000000001, count=1
14:33:43 info: BridgeServer[0] Entity state forwarded: minecraft -> 7dtd (spawn, 00000000-0000-0000-0000-000000000001)
14:33:44 info: BridgeServer[0] Player position forwarded: minecraft -> 7dtd (-12.811586817858418, 63, 23.391419418248603)
14:33:44 info: BridgeServer[0] Player position forwarded: minecraft -> 7dtd (-12.811586817858418, 63, 23.391419418248603)
14:33:45 info: BridgeServer[0] Player position forwarded: minecraft -> 7dtd (-12.811586817858418, 63, 23.391419418248603)
14:33:45 info: BridgeServer[0] Player position forwarded: minecraft -> 7dtd (-12.811586817858418, 63, 23.391419418248603)
14:33:46 info: BridgeServer[0] Player position forwarded: minecraft -> 7dtd (-12.811586817858418, 63, 23.391419418248603)
14:33:46 info: BridgeServer[0] Player position forwarded: minecraft -> 7dtd (-12.811586817858418, 63, 23.391419418248603)
14:33:47 info: BridgeServer[0] Player position forwarded: minecraft -> 7dtd (-12.811586817858418, 63, 23.391419418248603)
14:33:47 info: BridgeServer[0] Player position forwarded: minecraft -> 7dtd (-12.811586817858418, 63, 23.391419418248603)
14:33:48 info: BridgeServer[0] Player position forwarded: minecraft -> 7dtd (-12.811586817858418, 63, 23.391419418248603)
14:33:49 info: BridgeServer[0] Player position forwarded: minecraft -> 7dtd (-12.811586817858418, 63, 23.391419418248603)
14:33:49 info: BridgeServer[0] Player position forwarded: minecraft -> 7dtd (-12.811586817858418, 63, 23.391419418248603)
14:33:50 info: BridgeServer[0] Player position forwarded: minecraft -> 7dtd (-12.811586817858418, 63, 23.391419418248603)
14:33:50 info: BridgeServer[0] Entity registry: despawned, id=00000000-0000-0000-0000-000000000001, count=0
14:33:50 info: BridgeServer[0] Entity state forwarded: minecraft -> 7dtd (despawn, 00000000-0000-0000-0000-000000000001)
14:33:50 info: BridgeServer[0] Player position forwarded: minecraft -> 7dtd (-12.811586817858418, 63, 23.391419418248603)
14:33:51 info: BridgeServer[0] Player position forwarded: minecraft -> 7dtd (-12.811586817858418, 63, 23.391419418248603)
14:33:51 info: BridgeServer[0] Player position forwarded: minecraft -> 7dtd (-12.811586817858418, 63, 23.391419418248603)
14:33:52 info: BridgeServer[0] Player position forwarded: minecraft -> 7dtd (-12.811586817858418, 63, 23.391419418248603)
14:33:52 info: BridgeServer[0] Player position forwarded: minecraft -> 7dtd (-12.811586817858418, 63, 23.391419418248603)
14:33:53 info: BridgeServer[0] Player position forwarded: minecraft -> 7dtd (-12.811586817858418, 63, 23.391419418248603)
14:33:53 info: BridgeServer[0] Player position forwarded: minecraft -> 7dtd (-12.811586817858418, 63, 23.391419418248603)
14:33:54 info: BridgeServer[0] Player position forwarded: minecraft -> 7dtd (-12.811586817858418, 63, 23.391419418248603)
14:33:54 info: BridgeServer[0] Player position forwarded: minecraft -> 7dtd (-12.811586817858418, 63, 23.391419418248603)
14:33:55 info: BridgeServer[0] Player position forwarded: minecraft -> 7dtd (-12.811586817858418, 63, 23.391419418248603)
14:33:55 info: BridgeServer[0] Player position forwarded: minecraft -> 7dtd (-12.811586817858418, 63, 23.391419418248603)
14:33:56 info: BridgeServer[0] Player position forwarded: minecraft -> 7dtd (-12.811586817858418, 63, 23.391419418248603)
14:33:57 info: BridgeServer[0] Player position forwarded: minecraft -> 7dtd (-12.811586817858418, 63, 23.391419418248603)
14:33:57 info: BridgeServer[0] Player position forwarded: minecraft -> 7dtd (-12.811586817858418, 63, 23.391419418248603)
14:33:58 info: BridgeServer[0] Player position forwarded: minecraft -> 7dtd (-12.811586817858418, 63, 23.391419418248603)
14:33:58 info: BridgeServer[0] Player position forwarded: minecraft -> 7dtd (-12.811586817858418, 63, 23.391419418248603)
14:33:59 info: BridgeServer[0] Player position forwarded: minecraft -> 7dtd (-12.811586817858418, 63, 23.391419418248603)
14:33:59 info: BridgeServer[0] Player position forwarded: minecraft -> 7dtd (-12.811586817858418, 63, 23.391419418248603)
14:34:00 info: BridgeServer[0] Player position forwarded: minecraft -> 7dtd (-12.811586817858418, 63, 23.391419418248603)
14:34:00 info: BridgeServer[0] Player position forwarded: minecraft -> 7dtd (-12.811586817858418, 63, 23.391419418248603)
14:34:01 info: BridgeServer[0] Player position forwarded: minecraft -> 7dtd (-12.811586817858418, 63, 23.391419418248603)
14:34:01 info: BridgeServer[0] Player position forwarded: minecraft -> 7dtd (-12.811586817858418, 63, 23.391419418248603)
14:34:02 info: BridgeServer[0] Player position forwarded: minecraft -> 7dtd (-12.811586817858418, 63, 23.391419418248603)
14:34:02 info: BridgeServer[0] Player position forwarded: minecraft -> 7dtd (-12.811586817858418, 63, 23.391419418248603)
14:34:03 info: BridgeServer[0] Player position forwarded: minecraft -> 7dtd (-12.811586817858418, 63, 23.391419418248603)
14:34:03 info: BridgeServer[0] Player position forwarded: minecraft -> 7dtd (-12.811586817858418, 63, 23.391419418248603)
14:34:04 info: BridgeServer[0] Player position forwarded: minecraft -> 7dtd (-12.811586817858418, 63, 23.391419418248603)
14:34:04 info: BridgeServer[0] Player position forwarded: minecraft -> 7dtd (-12.811586817858418, 63, 23.391419418248603)
14:34:05 info: BridgeServer[0] Player position forwarded: minecraft -> 7dtd (-12.811586817858418, 63, 23.391419418248603)
14:34:05 info: BridgeServer[0] Player position forwarded: minecraft -> 7dtd (-12.811586817858418, 63, 23.391419418248603)
14:34:06 info: BridgeServer[0] Player position forwarded: minecraft -> 7dtd (-12.811586817858418, 63, 23.391419418248603)
14:34:06 info: BridgeServer[0] Player position forwarded: minecraft -> 7dtd (-12.811586817858418, 63, 23.391419418248603)
14:34:07 info: BridgeServer[0] Player position forwarded: minecraft -> 7dtd (-12.811586817858418, 63, 23.391419418248603)
14:34:08 info: BridgeServer[0] Player position forwarded: minecraft -> 7dtd (-12.811586817858418, 63, 23.391419418248603)
14:34:08 info: BridgeServer[0] Player position forwarded: minecraft -> 7dtd (-12.811586817858418, 63, 23.391419418248603)
14:34:09 info: BridgeServer[0] Player position forwarded: minecraft -> 7dtd (-12.811586817858418, 63, 23.391419418248603)
14:34:09 info: BridgeServer[0] Player position forwarded: minecraft -> 7dtd (-12.811586817858418, 63, 23.391419418248603)
14:34:10 info: BridgeServer[0] Player position forwarded: minecraft -> 7dtd (-12.811586817858418, 63, 23.391419418248603)
14:34:10 info: BridgeServer[0] Player position forwarded: minecraft -> 7dtd (-12.811586817858418, 63, 23.391419418248603)
14:34:11 info: BridgeServer[0] Player position forwarded: minecraft -> 7dtd (-12.811586817858418, 63, 23.391419418248603)
14:34:11 info: BridgeServer[0] Player position forwarded: minecraft -> 7dtd (-12.811586817858418, 63, 23.391419418248603)
14:34:12 info: BridgeServer[0] Player position forwarded: minecraft -> 7dtd (-12.811586817858418, 63, 23.391419418248603)
14:34:12 info: BridgeServer[0] Player position forwarded: minecraft -> 7dtd (-12.811586817858418, 63, 23.391419418248603)
14:34:13 info: BridgeServer[0] Player position forwarded: minecraft -> 7dtd (-12.811586817858418, 63, 23.391419418248603)
14:34:13 info: BridgeServer[0] Player position forwarded: minecraft -> 7dtd (-12.811586817858418, 63, 23.391419418248603)
14:34:14 info: BridgeServer[0] Player position forwarded: minecraft -> 7dtd (-12.811586817858418, 63, 23.391419418248603)
14:34:14 info: BridgeServer[0] Player position forwarded: minecraft -> 7dtd (-12.811586817858418, 63, 23.391419418248603)
14:34:15 info: BridgeServer[0] Player position forwarded: minecraft -> 7dtd (-12.811586817858418, 63, 23.391419418248603)
14:34:16 info: BridgeServer[0] Player position forwarded: minecraft -> 7dtd (-12.811586817858418, 63, 23.391419418248603)
14:34:16 info: BridgeServer[0] Player position forwarded: minecraft -> 7dtd (-12.811586817858418, 63, 23.391419418248603)
14:34:17 info: BridgeServer[0] Player position forwarded: minecraft -> 7dtd (-12.811586817858418, 63, 23.391419418248603)
14:34:17 info: BridgeServer[0] Player position forwarded: minecraft -> 7dtd (-12.811586817858418, 63, 23.391419418248603)
14:34:18 info: BridgeServer[0] Player position forwarded: minecraft -> 7dtd (-12.811586817858418, 63, 23.391419418248603)
14:34:18 info: BridgeServer[0] Player position forwarded: minecraft -> 7dtd (-12.811586817858418, 63, 23.391419418248603)
14:34:19 info: BridgeServer[0] Player position forwarded: minecraft -> 7dtd (-12.811586817858418, 63, 23.391419418248603)
14:34:19 info: BridgeServer[0] Player position forwarded: minecraft -> 7dtd (-12.811586817858418, 63, 23.391419418248603)
14:34:20 info: BridgeServer[0] Player position forwarded: minecraft -> 7dtd (-12.811586817858418, 63, 23.391419418248603)
14:34:20 info: BridgeServer[0] Player position forwarded: minecraft -> 7dtd (-12.811586817858418, 63, 23.391419418248603)
14:34:21 info: BridgeServer[0] Player position forwarded: minecraft -> 7dtd (-12.811586817858418, 63, 23.391419418248603)
14:34:21 info: BridgeServer[0] Player position forwarded: minecraft -> 7dtd (-12.811586817858418, 63, 23.391419418248603)
14:34:22 info: BridgeServer[0] Player position forwarded: minecraft -> 7dtd (-12.811586817858418, 63, 23.391419418248603)
14:34:22 info: BridgeServer[0] Player position forwarded: minecraft -> 7dtd (-12.811586817858418, 63, 23.391419418248603)
14:34:23 info: BridgeServer[0] Player position forwarded: minecraft -> 7dtd (-12.811586817858418, 63, 23.391419418248603)
14:34:24 info: BridgeServer[0] Player position forwarded: minecraft -> 7dtd (-12.811586817858418, 63, 23.391419418248603)
14:34:24 info: BridgeServer[0] Player position forwarded: minecraft -> 7dtd (-12.811586817858418, 63, 23.391419418248603)
14:34:25 info: BridgeServer[0] Player position forwarded: minecraft -> 7dtd (-12.811586817858418, 63, 23.391419418248603)
14:34:25 info: BridgeServer[0] Player position forwarded: minecraft -> 7dtd (-12.811586817858418, 63, 23.391419418248603)
14:34:26 info: BridgeServer[0] Player position forwarded: minecraft -> 7dtd (-12.811586817858418, 63, 23.391419418248603)
14:34:26 info: BridgeServer[0] Player position forwarded: minecraft -> 7dtd (-12.811586817858418, 63, 23.391419418248603)
14:34:27 info: BridgeServer[0] Player position forwarded: minecraft -> 7dtd (-12.811586817858418, 63, 23.391419418248603)
14:34:27 info: BridgeServer[0] Player position forwarded: minecraft -> 7dtd (-12.811586817858418, 63, 23.391419418248603)
14:34:28 info: BridgeServer[0] Player position forwarded: minecraft -> 7dtd (-12.811586817858418, 63, 23.391419418248603)
14:34:28 info: BridgeServer[0] Player position forwarded: minecraft -> 7dtd (-12.811586817858418, 63, 23.391419418248603)
14:34:29 info: BridgeServer[0] Player position forwarded: minecraft -> 7dtd (-12.811586817858418, 63, 23.391419418248603)
14:34:29 info: BridgeServer[0] Player position forwarded: minecraft -> 7dtd (-12.811586817858418, 63, 23.391419418248603)
14:34:30 info: BridgeServer[0] Player position forwarded: minecraft -> 7dtd (-12.811586817858418, 63, 23.391419418248603)
14:34:30 info: BridgeServer[0] Player position forwarded: minecraft -> 7dtd (-12.811586817858418, 63, 23.391419418248603)
14:34:31 info: BridgeServer[0] Player position forwarded: minecraft -> 7dtd (-12.811586817858418, 63, 23.391419418248603)
14:34:31 info: BridgeServer[0] Player position forwarded: minecraft -> 7dtd (-12.811586817858418, 63, 23.391419418248603)
14:34:32 info: BridgeServer[0] Player position forwarded: minecraft -> 7dtd (-12.811586817858418, 63, 23.391419418248603)
14:34:32 info: BridgeServer[0] Player position forwarded: minecraft -> 7dtd (-12.811586817858418, 63, 23.391419418248603)
14:34:33 info: BridgeServer[0] Player position forwarded: minecraft -> 7dtd (-12.811586817858418, 63, 23.391419418248603)
14:34:34 info: BridgeServer[0] Player position forwarded: minecraft -> 7dtd (-12.811586817858418, 63, 23.391419418248603)
14:34:34 info: BridgeServer[0] Player position forwarded: minecraft -> 7dtd (-12.811586817858418, 63, 23.391419418248603)
14:34:35 info: BridgeServer[0] Player position forwarded: minecraft -> 7dtd (-12.811586817858418, 63, 23.391419418248603)
14:34:35 info: BridgeServer[0] Player position forwarded: minecraft -> 7dtd (-12.811586817858418, 63, 23.391419418248603)
14:34:36 info: BridgeServer[0] Player position forwarded: minecraft -> 7dtd (-12.811586817858418, 63, 23.391419418248603)
14:34:36 info: BridgeServer[0] Player position forwarded: minecraft -> 7dtd (-12.811586817858418, 63, 23.391419418248603)
14:34:37 info: BridgeServer[0] Player position forwarded: minecraft -> 7dtd (-12.811586817858418, 63, 23.391419418248603)
14:34:37 info: BridgeServer[0] Player position forwarded: minecraft -> 7dtd (-12.811586817858418, 63, 23.391419418248603)
14:34:38 info: BridgeServer[0] Player position forwarded: minecraft -> 7dtd (-12.811586817858418, 63, 23.391419418248603)
14:34:38 info: BridgeServer[0] Player position forwarded: minecraft -> 7dtd (-12.811586817858418, 63, 23.391419418248603)
14:34:39 info: BridgeServer[0] Player position forwarded: minecraft -> 7dtd (-12.811586817858418, 63, 23.391419418248603)
14:34:39 info: BridgeServer[0] Player position forwarded: minecraft -> 7dtd (-12.811586817858418, 63, 23.391419418248603)
14:34:40 info: BridgeServer[0] Player position forwarded: minecraft -> 7dtd (-12.811586817858418, 63, 23.391419418248603)
14:34:40 info: BridgeServer[0] Player position forwarded: minecraft -> 7dtd (-12.811586817858418, 63, 23.391419418248603)
14:34:41 info: BridgeServer[0] Player position forwarded: minecraft -> 7dtd (-12.811586817858418, 63, 23.391419418248603)
14:34:41 info: BridgeServer[0] Player position forwarded: minecraft -> 7dtd (-12.811586817858418, 63, 23.391419418248603)
14:34:42 info: BridgeServer[0] Player position forwarded: minecraft -> 7dtd (-12.811586817858418, 63, 23.391419418248603)
14:34:43 info: BridgeServer[0] Player position forwarded: minecraft -> 7dtd (-12.811586817858418, 63, 23.391419418248603)
14:34:43 info: BridgeServer[0] Player position forwarded: minecraft -> 7dtd (-12.811586817858418, 63, 23.391419418248603)
14:34:44 info: BridgeServer[0] Player position forwarded: minecraft -> 7dtd (-12.811586817858418, 63, 23.391419418248603)
14:34:44 info: BridgeServer[0] Player position forwarded: minecraft -> 7dtd (-12.811586817858418, 63, 23.391419418248603)
14:34:45 info: BridgeServer[0] Player position forwarded: minecraft -> 7dtd (-12.811586817858418, 63, 23.391419418248603)
14:34:45 info: BridgeServer[0] Player position forwarded: minecraft -> 7dtd (-12.811586817858418, 63, 23.391419418248603)
14:34:46 info: BridgeServer[0] Player position forwarded: minecraft -> 7dtd (-12.811586817858418, 63, 23.391419418248603)
14:34:46 info: BridgeServer[0] Player position forwarded: minecraft -> 7dtd (-12.811586817858418, 63, 23.391419418248603)
14:34:47 info: BridgeServer[0] Player position forwarded: minecraft -> 7dtd (-12.811586817858418, 63, 23.391419418248603)
14:34:47 info: BridgeServer[0] Player position forwarded: minecraft -> 7dtd (-12.811586817858418, 63, 23.391419418248603)
14:34:48 info: BridgeServer[0] Player position forwarded: minecraft -> 7dtd (-12.811586817858418, 63, 23.391419418248603)
14:34:48 info: BridgeServer[0] Player position forwarded: minecraft -> 7dtd (-12.811586817858418, 63, 23.391419418248603)
14:34:49 info: BridgeServer[0] Player position forwarded: minecraft -> 7dtd (-12.811586817858418, 63, 23.391419418248603)
14:34:49 info: BridgeServer[0] Player position forwarded: minecraft -> 7dtd (-12.811586817858418, 63, 23.391419418248603)
14:34:50 info: BridgeServer[0] Player position forwarded: minecraft -> 7dtd (-12.811586817858418, 63, 23.391419418248603)
14:34:51 info: BridgeServer[0] Player position forwarded: minecraft -> 7dtd (-12.811586817858418, 63, 23.391419418248603)
14:34:51 info: BridgeServer[0] Player position forwarded: minecraft -> 7dtd (-12.811586817858418, 63, 23.391419418248603)
14:34:52 info: BridgeServer[0] Player position forwarded: minecraft -> 7dtd (-12.811586817858418, 63, 23.391419418248603)
14:34:52 info: BridgeServer[0] Player position forwarded: minecraft -> 7dtd (-12.811586817858418, 63, 23.391419418248603)
14:34:53 info: BridgeServer[0] Player position forwarded: minecraft -> 7dtd (-12.811586817858418, 63, 23.391419418248603)
14:34:53 info: BridgeServer[0] Player position forwarded: minecraft -> 7dtd (-12.811586817858418, 63, 23.391419418248603)
14:34:54 info: BridgeServer[0] Player position forwarded: minecraft -> 7dtd (-12.811586817858418, 63, 23.391419418248603)
14:34:54 info: BridgeServer[0] Player position forwarded: minecraft -> 7dtd (-12.811586817858418, 63, 23.391419418248603)
14:34:55 info: BridgeServer[0] Player position forwarded: minecraft -> 7dtd (-12.811586817858418, 63, 23.391419418248603)
14:34:55 info: BridgeServer[0] Player position forwarded: minecraft -> 7dtd (-12.811586817858418, 63, 23.391419418248603)
14:34:56 info: BridgeServer[0] Player position forwarded: minecraft -> 7dtd (-12.811586817858418, 63, 23.391419418248603)
14:34:56 info: BridgeServer[0] Player position forwarded: minecraft -> 7dtd (-12.811586817858418, 63, 23.391419418248603)
14:34:57 info: BridgeServer[0] Player position forwarded: minecraft -> 7dtd (-12.811586817858418, 63, 23.391419418248603)
14:34:57 info: BridgeServer[0] Player position forwarded: minecraft -> 7dtd (-12.811586817858418, 63, 23.391419418248603)
14:34:58 info: BridgeServer[0] Player position forwarded: minecraft -> 7dtd (-12.811586817858418, 63, 23.391419418248603)
14:34:59 info: BridgeServer[0] Player position forwarded: minecraft -> 7dtd (-12.811586817858418, 63, 23.391419418248603)
14:34:59 info: BridgeServer[0] Player position forwarded: minecraft -> 7dtd (-12.811586817858418, 63, 23.391419418248603)
14:35:00 info: BridgeServer[0] Player position forwarded: minecraft -> 7dtd (-12.811586817858418, 63, 23.391419418248603)
14:35:00 info: BridgeServer[0] Player position forwarded: minecraft -> 7dtd (-12.811586817858418, 63, 23.391419418248603)
14:35:01 info: BridgeServer[0] Player position forwarded: minecraft -> 7dtd (-12.811586817858418, 63, 23.391419418248603)
14:35:01 info: BridgeServer[0] Player position forwarded: minecraft -> 7dtd (-12.811586817858418, 63, 23.391419418248603)
14:35:02 info: BridgeServer[0] Player position forwarded: minecraft -> 7dtd (-12.811586817858418, 63, 23.391419418248603)
14:35:02 info: BridgeServer[0] Player position forwarded: minecraft -> 7dtd (-12.811586817858418, 63, 23.391419418248603)
14:35:03 info: BridgeServer[0] Player position forwarded: minecraft -> 7dtd (-12.811586817858418, 63, 23.391419418248603)
14:35:03 info: BridgeServer[0] Player position forwarded: minecraft -> 7dtd (-12.811586817858418, 63, 23.391419418248603)
14:35:04 info: BridgeServer[0] Player position forwarded: minecraft -> 7dtd (-12.811586817858418, 63, 23.391419418248603)
14:35:04 info: BridgeServer[0] Player position forwarded: minecraft -> 7dtd (-12.811586817858418, 63, 23.391419418248603)
14:35:05 info: Microsoft.AspNetCore.Hosting.Diagnostics[1] Request starting HTTP/1.1 GET http://localhost:18771/health - - -
14:35:05 info: Microsoft.AspNetCore.Routing.EndpointMiddleware[0] Executing endpoint 'HTTP: GET /health'
14:35:05 info: Microsoft.AspNetCore.Http.Result.JsonResult[3] Writing value of type '<>f__AnonymousType0`3' as Json.
14:35:05 info: Microsoft.AspNetCore.Routing.EndpointMiddleware[1] Executed endpoint 'HTTP: GET /health'
14:35:05 info: Microsoft.AspNetCore.Hosting.Diagnostics[2] Request finished HTTP/1.1 GET http://localhost:18771/health - 200 - application/json;+charset=utf-8 2.1843ms
14:35:05 info: BridgeServer[0] Player position forwarded: minecraft -> 7dtd (-12.811586817858418, 63, 23.391419418248603)
14:35:05 info: BridgeServer[0] Player position forwarded: minecraft -> 7dtd (-12.811586817858418, 63, 23.391419418248603)
14:35:06 info: BridgeServer[0] Player position forwarded: minecraft -> 7dtd (-12.811586817858418, 63, 23.391419418248603)
14:35:06 info: BridgeServer[0] Player position forwarded: minecraft -> 7dtd (-12.811586817858418, 63, 23.391419418248603)
14:35:07 info: BridgeServer[0] Player position forwarded: minecraft -> 7dtd (-12.811586817858418, 63, 23.391419418248603)
14:35:07 info: BridgeServer[0] Player position forwarded: minecraft -> 7dtd (-12.811586817858418, 63, 23.391419418248603)
14:35:08 info: BridgeServer[0] Player position forwarded: minecraft -> 7dtd (-12.811586817858418, 63, 23.391419418248603)
14:35:08 info: BridgeServer[0] Player position forwarded: minecraft -> 7dtd (-12.811586817858418, 63, 23.391419418248603)
14:35:09 info: BridgeServer[0] Player position forwarded: minecraft -> 7dtd (-12.811586817858418, 63, 23.391419418248603)
14:35:09 info: BridgeServer[0] Player position forwarded: minecraft -> 7dtd (-12.811586817858418, 63, 23.391419418248603)
14:35:10 info: BridgeServer[0] Player position forwarded: minecraft -> 7dtd (-12.811586817858418, 63, 23.391419418248603)
14:35:10 info: BridgeServer[0] Player position forwarded: minecraft -> 7dtd (-12.811586817858418, 63, 23.391419418248603)
14:35:11 info: BridgeServer[0] Player position forwarded: minecraft -> 7dtd (-12.811586817858418, 63, 23.391419418248603)
14:35:11 info: BridgeServer[0] Player position forwarded: minecraft -> 7dtd (-12.811586817858418, 63, 23.391419418248603)
14:35:12 info: BridgeServer[0] Player position forwarded: minecraft -> 7dtd (-12.811586817858418, 63, 23.391419418248603)
14:35:12 info: BridgeServer[0] Player position forwarded: minecraft -> 7dtd (-12.811586817858418, 63, 23.391419418248603)
14:35:13 info: BridgeServer[0] Player position forwarded: minecraft -> 7dtd (-12.811586817858418, 63, 23.391419418248603)
14:35:13 info: BridgeServer[0] Player position forwarded: minecraft -> 7dtd (-12.811586817858418, 63, 23.391419418248603)
14:35:14 info: BridgeServer[0] Player position forwarded: minecraft -> 7dtd (-12.811586817858418, 63, 23.391419418248603)
14:35:14 info: BridgeServer[0] Player position forwarded: minecraft -> 7dtd (-12.811586817858418, 63, 23.391419418248603)
14:35:15 info: BridgeServer[0] Player position forwarded: minecraft -> 7dtd (-12.811586817858418, 63, 23.391419418248603)
14:35:15 info: BridgeServer[0] Player position forwarded: minecraft -> 7dtd (-12.811586817858418, 63, 23.391419418248603)
14:35:16 info: BridgeServer[0] Player position forwarded: minecraft -> 7dtd (-12.811586817858418, 63, 23.391419418248603)
14:35:16 info: BridgeServer[0] Player position forwarded: minecraft -> 7dtd (-12.811586817858418, 63, 23.391419418248603)
14:35:17 info: BridgeServer[0] Player position forwarded: minecraft -> 7dtd (-12.811586817858418, 63, 23.391419418248603)
14:35:17 info: BridgeServer[0] Player position forwarded: minecraft -> 7dtd (-12.811586817858418, 63, 23.391419418248603)
14:35:18 info: BridgeServer[0] Player position forwarded: minecraft -> 7dtd (-12.811586817858418, 63, 23.391419418248603)
14:35:18 info: BridgeServer[0] Player position forwarded: minecraft -> 7dtd (-12.811586817858418, 63, 23.391419418248603)
14:35:19 info: BridgeServer[0] Player position forwarded: minecraft -> 7dtd (-12.811586817858418, 63, 23.391419418248603)
14:35:19 info: BridgeServer[0] Player position forwarded: minecraft -> 7dtd (-12.811586817858418, 63, 23.391419418248603)
14:35:20 info: BridgeServer[0] Player position forwarded: minecraft -> 7dtd (-12.811586817858418, 63, 23.391419418248603)
14:35:20 info: BridgeServer[0] Player position forwarded: minecraft -> 7dtd (-12.811586817858418, 63, 23.391419418248603)
14:35:21 info: BridgeServer[0] Player position forwarded: minecraft -> 7dtd (-12.811586817858418, 63, 23.391419418248603)
14:35:21 info: BridgeServer[0] Player position forwarded: minecraft -> 7dtd (-12.811586817858418, 63, 23.391419418248603)
14:35:22 info: BridgeServer[0] Player position forwarded: minecraft -> 7dtd (-12.811586817858418, 63, 23.391419418248603)
14:35:22 info: BridgeServer[0] Player position forwarded: minecraft -> 7dtd (-12.811586817858418, 63, 23.391419418248603)
14:35:23 info: BridgeServer[0] Player position forwarded: minecraft -> 7dtd (-12.811586817858418, 63, 23.391419418248603)
14:35:23 info: BridgeServer[0] Player position forwarded: minecraft -> 7dtd (-12.811586817858418, 63, 23.391419418248603)
14:35:24 info: BridgeServer[0] Player position forwarded: minecraft -> 7dtd (-12.811586817858418, 63, 23.391419418248603)
14:35:24 info: BridgeServer[0] Player position forwarded: minecraft -> 7dtd (-12.811586817858418, 63, 23.391419418248603)
14:35:25 info: BridgeServer[0] Player position forwarded: minecraft -> 7dtd (-12.811586817858418, 63, 23.391419418248603)
14:35:25 info: BridgeServer[0] Player position forwarded: minecraft -> 7dtd (-12.811586817858418, 63, 23.391419418248603)
14:35:26 info: BridgeServer[0] Player position forwarded: minecraft -> 7dtd (-12.811586817858418, 63, 23.391419418248603)
14:35:26 info: BridgeServer[0] Player position forwarded: minecraft -> 7dtd (-12.811586817858418, 63, 23.391419418248603)
14:35:27 info: BridgeServer[0] Player position forwarded: minecraft -> 7dtd (-12.811586817858418, 63, 23.391419418248603)
14:35:27 info: BridgeServer[0] Player position forwarded: minecraft -> 7dtd (-12.811586817858418, 63, 23.391419418248603)
14:35:28 info: BridgeServer[0] Player position forwarded: minecraft -> 7dtd (-12.811586817858418, 63, 23.391419418248603)
14:35:29 info: BridgeServer[0] Player position forwarded: minecraft -> 7dtd (-12.811586817858418, 63, 23.391419418248603)
14:35:29 info: BridgeServer[0] Player position forwarded: minecraft -> 7dtd (-12.811586817858418, 63, 23.391419418248603)
14:35:30 info: BridgeServer[0] Player position forwarded: minecraft -> 7dtd (-12.811586817858418, 63, 23.391419418248603)
14:35:30 info: BridgeServer[0] Player position forwarded: minecraft -> 7dtd (-12.811586817858418, 63, 23.391419418248603)
14:35:31 info: BridgeServer[0] Player position forwarded: minecraft -> 7dtd (-12.811586817858418, 63, 23.391419418248603)
14:35:31 info: BridgeServer[0] Player position forwarded: minecraft -> 7dtd (-12.811586817858418, 63, 23.391419418248603)
14:35:32 info: BridgeServer[0] Player position forwarded: minecraft -> 7dtd (-12.811586817858418, 63, 23.391419418248603)
14:35:32 info: BridgeServer[0] Player position forwarded: minecraft -> 7dtd (-12.811586817858418, 63, 23.391419418248603)
14:35:33 info: BridgeServer[0] Player position forwarded: minecraft -> 7dtd (-12.811586817858418, 63, 23.391419418248603)
14:35:33 info: BridgeServer[0] Player position forwarded: minecraft -> 7dtd (-12.811586817858418, 63, 23.391419418248603)
14:35:34 info: BridgeServer[0] Player position forwarded: minecraft -> 7dtd (-12.811586817858418, 63, 23.391419418248603)
14:35:34 info: BridgeServer[0] Player position forwarded: minecraft -> 7dtd (-12.811586817858418, 63, 23.391419418248603)
14:35:35 info: BridgeServer[0] Player position forwarded: minecraft -> 7dtd (-12.811586817858418, 63, 23.391419418248603)
14:35:35 info: BridgeServer[0] Player position forwarded: minecraft -> 7dtd (-12.811586817858418, 63, 23.391419418248603)
14:35:36 info: BridgeServer[0] Player position forwarded: minecraft -> 7dtd (-12.811586817858418, 63, 23.391419418248603)
14:35:36 info: BridgeServer[0] Player position forwarded: minecraft -> 7dtd (-12.811586817858418, 63, 23.391419418248603)
14:35:37 info: BridgeServer[0] Player position forwarded: minecraft -> 7dtd (-12.811586817858418, 63, 23.391419418248603)
14:35:37 info: BridgeServer[0] Player position forwarded: minecraft -> 7dtd (-12.811586817858418, 63, 23.391419418248603)
14:35:38 info: BridgeServer[0] Player position forwarded: minecraft -> 7dtd (-12.811586817858418, 63, 23.391419418248603)
14:35:38 info: BridgeServer[0] Player position forwarded: minecraft -> 7dtd (-12.811586817858418, 63, 23.391419418248603)
14:35:39 info: BridgeServer[0] Player position forwarded: minecraft -> 7dtd (-12.811586817858418, 63, 23.391419418248603)
14:35:39 info: BridgeServer[0] Player position forwarded: minecraft -> 7dtd (-12.811586817858418, 63, 23.391419418248603)
14:35:40 info: BridgeServer[0] Player position forwarded: minecraft -> 7dtd (-12.811586817858418, 63, 23.391419418248603)
14:35:40 info: BridgeServer[0] Player position forwarded: minecraft -> 7dtd (-12.811586817858418, 63, 23.391419418248603)
14:35:41 info: BridgeServer[0] Player position forwarded: minecraft -> 7dtd (-12.811586817858418, 63, 23.391419418248603)
14:35:41 info: BridgeServer[0] Player position forwarded: minecraft -> 7dtd (-12.811586817858418, 63, 23.391419418248603)
14:35:42 info: BridgeServer[0] Player position forwarded: minecraft -> 7dtd (-12.811586817858418, 63, 23.391419418248603)
14:35:42 info: BridgeServer[0] Player position forwarded: minecraft -> 7dtd (-12.811586817858418, 63, 23.391419418248603)
14:35:43 info: BridgeServer[0] Player position forwarded: minecraft -> 7dtd (-12.811586817858418, 63, 23.391419418248603)
14:35:43 info: BridgeServer[0] Player position forwarded: minecraft -> 7dtd (-12.811586817858418, 63, 23.391419418248603)
14:35:44 info: BridgeServer[0] Player position forwarded: minecraft -> 7dtd (-12.811586817858418, 63, 23.391419418248603)
14:35:44 info: BridgeServer[0] Player position forwarded: minecraft -> 7dtd (-12.811586817858418, 63, 23.391419418248603)
14:35:45 info: BridgeServer[0] Player position forwarded: minecraft -> 7dtd (-12.811586817858418, 63, 23.391419418248603)
14:35:45 info: BridgeServer[0] Player position forwarded: minecraft -> 7dtd (-12.811586817858418, 63, 23.391419418248603)
14:35:46 info: BridgeServer[0] Player position forwarded: minecraft -> 7dtd (-12.811586817858418, 63, 23.391419418248603)
14:35:46 info: BridgeServer[0] Player position forwarded: minecraft -> 7dtd (-12.811586817858418, 63, 23.391419418248603)
14:35:47 info: BridgeServer[0] Player position forwarded: minecraft -> 7dtd (-12.811586817858418, 63, 23.391419418248603)
14:35:47 info: BridgeServer[0] Player position forwarded: minecraft -> 7dtd (-12.811586817858418, 63, 23.391419418248603)
14:35:48 info: BridgeServer[0] Player position forwarded: minecraft -> 7dtd (-12.811586817858418, 63, 23.391419418248603)
14:35:48 info: BridgeServer[0] Player position forwarded: minecraft -> 7dtd (-12.811586817858418, 63, 23.391419418248603)
14:35:49 info: BridgeServer[0] Player position forwarded: minecraft -> 7dtd (-12.811586817858418, 63, 23.391419418248603)
14:35:49 info: BridgeServer[0] Player position forwarded: minecraft -> 7dtd (-12.811586817858418, 63, 23.391419418248603)
14:35:50 info: BridgeServer[0] Player position forwarded: minecraft -> 7dtd (-12.811586817858418, 63, 23.391419418248603)
14:35:50 info: BridgeServer[0] Player position forwarded: minecraft -> 7dtd (-12.811586817858418, 63, 23.391419418248603)
14:35:51 info: BridgeServer[0] Player position forwarded: minecraft -> 7dtd (-12.811586817858418, 63, 23.391419418248603)
14:35:51 info: BridgeServer[0] Player position forwarded: minecraft -> 7dtd (-12.811586817858418, 63, 23.391419418248603)
14:35:52 info: BridgeServer[0] Player position forwarded: minecraft -> 7dtd (-12.811586817858418, 63, 23.391419418248603)
14:35:52 info: BridgeServer[0] Player position forwarded: minecraft -> 7dtd (-12.811586817858418, 63, 23.391419418248603)
14:35:53 info: BridgeServer[0] Player position forwarded: minecraft -> 7dtd (-12.811586817858418, 63, 23.391419418248603)
14:35:53 info: BridgeServer[0] Player position forwarded: minecraft -> 7dtd (-12.811586817858418, 63, 23.391419418248603)
14:35:54 info: BridgeServer[0] Player position forwarded: minecraft -> 7dtd (-12.811586817858418, 63, 23.391419418248603)
14:35:54 info: BridgeServer[0] Player position forwarded: minecraft -> 7dtd (-12.811586817858418, 63, 23.391419418248603)
14:35:55 info: BridgeServer[0] Player position forwarded: minecraft -> 7dtd (-12.811586817858418, 63, 23.391419418248603)
14:35:55 info: BridgeServer[0] Player position forwarded: minecraft -> 7dtd (-12.811586817858418, 63, 23.391419418248603)
14:35:56 info: BridgeServer[0] Player position forwarded: minecraft -> 7dtd (-12.811586817858418, 63, 23.391419418248603)
14:35:56 info: BridgeServer[0] Player position forwarded: minecraft -> 7dtd (-12.811586817858418, 63, 23.391419418248603)
14:35:57 info: BridgeServer[0] Player position forwarded: minecraft -> 7dtd (-12.811586817858418, 63, 23.391419418248603)
14:35:57 info: BridgeServer[0] Player position forwarded: minecraft -> 7dtd (-12.811586817858418, 63, 23.391419418248603)
14:35:58 info: BridgeServer[0] Player position forwarded: minecraft -> 7dtd (-12.811586817858418, 63, 23.391419418248603)
14:35:58 info: BridgeServer[0] Player position forwarded: minecraft -> 7dtd (-12.811586817858418, 63, 23.391419418248603)
14:35:59 info: BridgeServer[0] Player position forwarded: minecraft -> 7dtd (-12.811586817858418, 63, 23.391419418248603)
14:35:59 info: BridgeServer[0] Player position forwarded: minecraft -> 7dtd (-12.811586817858418, 63, 23.391419418248603)
14:36:00 info: BridgeServer[0] Player position forwarded: minecraft -> 7dtd (-12.811586817858418, 63, 23.391419418248603)
14:36:00 info: BridgeServer[0] Player position forwarded: minecraft -> 7dtd (-12.811586817858418, 63, 23.391419418248603)
14:36:01 info: BridgeServer[0] Player position forwarded: minecraft -> 7dtd (-12.811586817858418, 63, 23.391419418248603)
14:36:01 info: BridgeServer[0] Player position forwarded: minecraft -> 7dtd (-12.811586817858418, 63, 23.391419418248603)
14:36:02 info: BridgeServer[0] Player position forwarded: minecraft -> 7dtd (-12.811586817858418, 63, 23.391419418248603)
14:36:02 info: BridgeServer[0] Player position forwarded: minecraft -> 7dtd (-12.811586817858418, 63, 23.391419418248603)
14:36:03 info: BridgeServer[0] Player position forwarded: minecraft -> 7dtd (-12.811586817858418, 63, 23.391419418248603)
14:36:03 info: BridgeServer[0] Player position forwarded: minecraft -> 7dtd (-12.811586817858418, 63, 23.391419418248603)
14:36:04 info: BridgeServer[0] Player position forwarded: minecraft -> 7dtd (-12.811586817858418, 63, 23.391419418248603)
14:36:04 info: BridgeServer[0] Player position forwarded: minecraft -> 7dtd (-12.811586817858418, 63, 23.391419418248603)
14:36:05 info: BridgeServer[0] Player position forwarded: minecraft -> 7dtd (-12.811586817858418, 63, 23.391419418248603)
14:36:05 info: BridgeServer[0] Player position forwarded: minecraft -> 7dtd (-12.811586817858418, 63, 23.391419418248603)
14:36:06 info: BridgeServer[0] Player position forwarded: minecraft -> 7dtd (-12.811586817858418, 63, 23.391419418248603)
14:36:06 info: BridgeServer[0] Player position forwarded: minecraft -> 7dtd (-12.811586817858418, 63, 23.391419418248603)
14:36:07 info: BridgeServer[0] Player position forwarded: minecraft -> 7dtd (-12.811586817858418, 63, 23.391419418248603)
14:36:07 info: BridgeServer[0] Player position forwarded: minecraft -> 7dtd (-12.811586817858418, 63, 23.391419418248603)
14:36:08 info: BridgeServer[0] Player position forwarded: minecraft -> 7dtd (-12.811586817858418, 63, 23.391419418248603)
14:36:08 info: BridgeServer[0] Player position forwarded: minecraft -> 7dtd (-12.811586817858418, 63, 23.391419418248603)
14:36:09 info: BridgeServer[0] Player position forwarded: minecraft -> 7dtd (-12.811586817858418, 63, 23.391419418248603)
14:36:09 info: BridgeServer[0] Player position forwarded: minecraft -> 7dtd (-12.811586817858418, 63, 23.391419418248603)
14:36:10 info: BridgeServer[0] Player position forwarded: minecraft -> 7dtd (-12.811586817858418, 63, 23.391419418248603)
14:36:10 info: BridgeServer[0] Player position forwarded: minecraft -> 7dtd (-12.811586817858418, 63, 23.391419418248603)
14:36:11 info: BridgeServer[0] Player position forwarded: minecraft -> 7dtd (-12.811586817858418, 63, 23.391419418248603)
14:36:11 info: BridgeServer[0] Player position forwarded: minecraft -> 7dtd (-12.811586817858418, 63, 23.391419418248603)
14:36:12 info: BridgeServer[0] Player position forwarded: minecraft -> 7dtd (-12.811586817858418, 63, 23.391419418248603)
14:36:13 info: BridgeServer[0] Player position forwarded: minecraft -> 7dtd (-12.811586817858418, 63, 23.391419418248603)
14:36:13 info: BridgeServer[0] Player position forwarded: minecraft -> 7dtd (-12.811586817858418, 63, 23.391419418248603)
14:36:14 info: BridgeServer[0] Player position forwarded: minecraft -> 7dtd (-12.811586817858418, 63, 23.391419418248603)
14:36:14 info: BridgeServer[0] Player position forwarded: minecraft -> 7dtd (-12.811586817858418, 63, 23.391419418248603)
14:36:15 info: BridgeServer[0] Player position forwarded: minecraft -> 7dtd (-12.811586817858418, 63, 23.391419418248603)
14:36:15 info: BridgeServer[0] Player position forwarded: minecraft -> 7dtd (-12.811586817858418, 63, 23.391419418248603)
14:36:16 info: BridgeServer[0] Player position forwarded: minecraft -> 7dtd (-12.811586817858418, 63, 23.391419418248603)
14:36:16 info: BridgeServer[0] Player position forwarded: minecraft -> 7dtd (-12.811586817858418, 63, 23.391419418248603)
14:36:17 info: BridgeServer[0] Player position forwarded: minecraft -> 7dtd (-12.811586817858418, 63, 23.391419418248603)
14:36:17 info: BridgeServer[0] Player position forwarded: minecraft -> 7dtd (-12.811586817858418, 63, 23.391419418248603)
14:36:18 info: BridgeServer[0] Player position forwarded: minecraft -> 7dtd (-12.811586817858418, 63, 23.391419418248603)
14:36:18 info: BridgeServer[0] Player position forwarded: minecraft -> 7dtd (-12.811586817858418, 63, 23.391419418248603)
14:36:19 info: BridgeServer[0] Player position forwarded: minecraft -> 7dtd (-12.811586817858418, 63, 23.391419418248603)
14:36:19 info: BridgeServer[0] Player position forwarded: minecraft -> 7dtd (-12.811586817858418, 63, 23.391419418248603)
14:36:20 info: BridgeServer[0] Player position forwarded: minecraft -> 7dtd (-12.811586817858418, 63, 23.391419418248603)
14:36:20 info: BridgeServer[0] Player position forwarded: minecraft -> 7dtd (-12.811586817858418, 63, 23.391419418248603)
14:36:21 info: BridgeServer[0] Player position forwarded: minecraft -> 7dtd (-12.811586817858418, 63, 23.391419418248603)
14:36:21 info: BridgeServer[0] Player position forwarded: minecraft -> 7dtd (-12.811586817858418, 63, 23.391419418248603)
14:36:22 info: BridgeServer[0] Player position forwarded: minecraft -> 7dtd (-12.811586817858418, 63, 23.391419418248603)
14:36:22 info: BridgeServer[0] Player position forwarded: minecraft -> 7dtd (-12.811586817858418, 63, 23.391419418248603)
14:36:23 info: BridgeServer[0] Player position forwarded: minecraft -> 7dtd (-12.811586817858418, 63, 23.391419418248603)
14:36:23 info: BridgeServer[0] Player position forwarded: minecraft -> 7dtd (-12.811586817858418, 63, 23.391419418248603)
14:36:24 info: BridgeServer[0] Player position forwarded: minecraft -> 7dtd (-12.811586817858418, 63, 23.391419418248603)
14:36:24 info: BridgeServer[0] Player position forwarded: minecraft -> 7dtd (-12.811586817858418, 63, 23.391419418248603)
14:36:25 info: BridgeServer[0] Player position forwarded: minecraft -> 7dtd (-12.811586817858418, 63, 23.391419418248603)
14:36:25 info: BridgeServer[0] Player position forwarded: minecraft -> 7dtd (-12.811586817858418, 63, 23.391419418248603)
14:36:26 info: BridgeServer[0] Player position forwarded: minecraft -> 7dtd (-12.811586817858418, 63, 23.391419418248603)
14:36:26 info: BridgeServer[0] Player position forwarded: minecraft -> 7dtd (-12.811586817858418, 63, 23.391419418248603)
14:36:27 info: BridgeServer[0] Player position forwarded: minecraft -> 7dtd (-12.811586817858418, 63, 23.391419418248603)
14:36:27 info: BridgeServer[0] Player position forwarded: minecraft -> 7dtd (-12.811586817858418, 63, 23.391419418248603)
14:36:28 info: BridgeServer[0] Player position forwarded: minecraft -> 7dtd (-12.811586817858418, 63, 23.391419418248603)
14:36:28 info: BridgeServer[0] Player position forwarded: minecraft -> 7dtd (-12.811586817858418, 63, 23.391419418248603)
14:36:29 info: BridgeServer[0] Player position forwarded: minecraft -> 7dtd (-12.811586817858418, 63, 23.391419418248603)
14:36:29 info: BridgeServer[0] Player position forwarded: minecraft -> 7dtd (-12.811586817858418, 63, 23.391419418248603)
14:36:30 info: BridgeServer[0] Player position forwarded: minecraft -> 7dtd (-12.811586817858418, 63, 23.391419418248603)
14:36:30 info: BridgeServer[0] Player position forwarded: minecraft -> 7dtd (-12.811586817858418, 63, 23.391419418248603)
14:36:31 info: BridgeServer[0] Player position forwarded: minecraft -> 7dtd (-12.811586817858418, 63, 23.391419418248603)
14:36:31 info: BridgeServer[0] Player position forwarded: minecraft -> 7dtd (-12.811586817858418, 63, 23.391419418248603)
14:36:32 info: BridgeServer[0] Player position forwarded: minecraft -> 7dtd (-12.811586817858418, 63, 23.391419418248603)
14:36:32 info: BridgeServer[0] Player position forwarded: minecraft -> 7dtd (-12.811586817858418, 63, 23.391419418248603)
14:36:33 info: BridgeServer[0] Player position forwarded: minecraft -> 7dtd (-12.811586817858418, 63, 23.391419418248603)
14:36:33 info: BridgeServer[0] Player position forwarded: minecraft -> 7dtd (-12.811586817858418, 63, 23.391419418248603)
14:36:34 info: BridgeServer[0] Player position forwarded: minecraft -> 7dtd (-12.811586817858418, 63, 23.391419418248603)
14:36:34 info: BridgeServer[0] Player position forwarded: minecraft -> 7dtd (-12.811586817858418, 63, 23.391419418248603)
14:36:35 info: BridgeServer[0] Player position forwarded: minecraft -> 7dtd (-12.811586817858418, 63, 23.391419418248603)
14:36:35 info: BridgeServer[0] Player position forwarded: minecraft -> 7dtd (-12.811586817858418, 63, 23.391419418248603)
14:36:36 info: BridgeServer[0] Player position forwarded: minecraft -> 7dtd (-12.811586817858418, 63, 23.391419418248603)
14:36:36 info: BridgeServer[0] Player position forwarded: minecraft -> 7dtd (-12.811586817858418, 63, 23.391419418248603)
14:36:37 info: BridgeServer[0] Player position forwarded: minecraft -> 7dtd (-12.811586817858418, 63, 23.391419418248603)
14:36:37 info: BridgeServer[0] Player position forwarded: minecraft -> 7dtd (-12.811586817858418, 63, 23.391419418248603)
14:36:38 info: BridgeServer[0] Player position forwarded: minecraft -> 7dtd (-12.811586817858418, 63, 23.391419418248603)
14:36:38 info: BridgeServer[0] Player position forwarded: minecraft -> 7dtd (-12.811586817858418, 63, 23.391419418248603)
14:36:39 info: BridgeServer[0] Player position forwarded: minecraft -> 7dtd (-12.811586817858418, 63, 23.391419418248603)
14:36:39 info: BridgeServer[0] Player position forwarded: minecraft -> 7dtd (-12.811586817858418, 63, 23.391419418248603)
14:36:40 info: BridgeServer[0] Player position forwarded: minecraft -> 7dtd (-12.811586817858418, 63, 23.391419418248603)
14:36:40 info: BridgeServer[0] Player position forwarded: minecraft -> 7dtd (-12.811586817858418, 63, 23.391419418248603)
14:36:41 info: BridgeServer[0] Player position forwarded: minecraft -> 7dtd (-12.811586817858418, 63, 23.391419418248603)
14:36:41 info: BridgeServer[0] Player position forwarded: minecraft -> 7dtd (-12.811586817858418, 63, 23.391419418248603)
14:36:42 info: BridgeServer[0] Player position forwarded: minecraft -> 7dtd (-12.811586817858418, 63, 23.391419418248603)
14:36:42 info: BridgeServer[0] Player position forwarded: minecraft -> 7dtd (-12.811586817858418, 63, 23.391419418248603)
14:36:43 info: BridgeServer[0] Player position forwarded: minecraft -> 7dtd (-12.811586817858418, 63, 23.391419418248603)
14:36:43 info: BridgeServer[0] Player position forwarded: minecraft -> 7dtd (-12.811586817858418, 63, 23.391419418248603)
14:36:44 info: BridgeServer[0] Player position forwarded: minecraft -> 7dtd (-12.811586817858418, 63, 23.391419418248603)
14:36:44 info: BridgeServer[0] Player position forwarded: minecraft -> 7dtd (-12.811586817858418, 63, 23.391419418248603)
14:36:45 info: BridgeServer[0] Player position forwarded: minecraft -> 7dtd (-12.811586817858418, 63, 23.391419418248603)
14:36:45 info: BridgeServer[0] Player position forwarded: minecraft -> 7dtd (-12.811586817858418, 63, 23.391419418248603)
14:36:46 info: BridgeServer[0] Player position forwarded: minecraft -> 7dtd (-12.811586817858418, 63, 23.391419418248603)
14:36:46 info: BridgeServer[0] Player position forwarded: minecraft -> 7dtd (-12.811586817858418, 63, 23.391419418248603)
14:36:47 info: BridgeServer[0] Player position forwarded: minecraft -> 7dtd (-12.811586817858418, 63, 23.391419418248603)
14:36:47 info: BridgeServer[0] Player position forwarded: minecraft -> 7dtd (-12.811586817858418, 63, 23.391419418248603)
14:36:48 info: BridgeServer[0] Player position forwarded: minecraft -> 7dtd (-12.811586817858418, 63, 23.391419418248603)
14:36:48 info: BridgeServer[0] Player position forwarded: minecraft -> 7dtd (-12.811586817858418, 63, 23.391419418248603)
14:36:49 info: BridgeServer[0] Player position forwarded: minecraft -> 7dtd (-12.811586817858418, 63, 23.391419418248603)
14:36:49 info: BridgeServer[0] Player position forwarded: minecraft -> 7dtd (-12.811586817858418, 63, 23.391419418248603)
14:36:50 info: BridgeServer[0] Player position forwarded: minecraft -> 7dtd (-12.811586817858418, 63, 23.391419418248603)
14:36:50 info: BridgeServer[0] Player position forwarded: minecraft -> 7dtd (-12.811586817858418, 63, 23.391419418248603)
14:36:51 info: BridgeServer[0] Player position forwarded: minecraft -> 7dtd (-12.811586817858418, 63, 23.391419418248603)
14:36:51 info: BridgeServer[0] Player position forwarded: minecraft -> 7dtd (-12.811586817858418, 63, 23.391419418248603)
14:36:52 info: BridgeServer[0] Player position forwarded: minecraft -> 7dtd (-12.811586817858418, 63, 23.391419418248603)
14:36:52 info: BridgeServer[0] Player position forwarded: minecraft -> 7dtd (-12.811586817858418, 63, 23.391419418248603)
14:36:53 info: BridgeServer[0] Player position forwarded: minecraft -> 7dtd (-12.811586817858418, 63, 23.391419418248603)
14:36:54 info: BridgeServer[0] Player position forwarded: minecraft -> 7dtd (-12.811586817858418, 63, 23.391419418248603)
14:36:54 info: BridgeServer[0] Player position forwarded: minecraft -> 7dtd (-12.811586817858418, 63, 23.391419418248603)
14:36:55 info: BridgeServer[0] Player position forwarded: minecraft -> 7dtd (-12.811586817858418, 63, 23.391419418248603)
14:36:55 info: BridgeServer[0] Player position forwarded: minecraft -> 7dtd (-12.811586817858418, 63, 23.391419418248603)
14:36:56 info: BridgeServer[0] Player position forwarded: minecraft -> 7dtd (-12.811586817858418, 63, 23.391419418248603)
14:36:56 info: BridgeServer[0] Player position forwarded: minecraft -> 7dtd (-12.811586817858418, 63, 23.391419418248603)
14:36:57 info: BridgeServer[0] Player position forwarded: minecraft -> 7dtd (-12.811586817858418, 63, 23.391419418248603)
14:36:57 info: BridgeServer[0] Player position forwarded: minecraft -> 7dtd (-12.811586817858418, 63, 23.391419418248603)
14:36:58 info: BridgeServer[0] Player position forwarded: minecraft -> 7dtd (-12.811586817858418, 63, 23.391419418248603)
14:36:58 info: BridgeServer[0] Player position forwarded: minecraft -> 7dtd (-12.811586817858418, 63, 23.391419418248603)
14:36:59 info: BridgeServer[0] Player position forwarded: minecraft -> 7dtd (-12.811586817858418, 63, 23.391419418248603)
14:36:59 info: BridgeServer[0] Player position forwarded: minecraft -> 7dtd (-12.811586817858418, 63, 23.391419418248603)
14:37:00 info: BridgeServer[0] Player position forwarded: minecraft -> 7dtd (-12.811586817858418, 63, 23.391419418248603)
14:37:00 info: BridgeServer[0] Player position forwarded: minecraft -> 7dtd (-12.811586817858418, 63, 23.391419418248603)
14:37:01 info: BridgeServer[0] Player position forwarded: minecraft -> 7dtd (-12.811586817858418, 63, 23.391419418248603)
14:37:01 info: BridgeServer[0] Player position forwarded: minecraft -> 7dtd (-12.811586817858418, 63, 23.391419418248603)
14:37:02 info: BridgeServer[0] Player position forwarded: minecraft -> 7dtd (-12.811586817858418, 63, 23.391419418248603)
14:37:02 info: BridgeServer[0] Player position forwarded: minecraft -> 7dtd (-12.811586817858418, 63, 23.391419418248603)
14:37:03 info: BridgeServer[0] Player position forwarded: minecraft -> 7dtd (-12.811586817858418, 63, 23.391419418248603)
14:37:03 info: BridgeServer[0] Player position forwarded: minecraft -> 7dtd (-12.811586817858418, 63, 23.391419418248603)
14:37:04 info: BridgeServer[0] Player position forwarded: minecraft -> 7dtd (-12.811586817858418, 63, 23.391419418248603)
14:37:04 info: BridgeServer[0] Player position forwarded: minecraft -> 7dtd (-12.811586817858418, 63, 23.391419418248603)
14:37:05 info: BridgeServer[0] Player position forwarded: minecraft -> 7dtd (-12.811586817858418, 63, 23.391419418248603)
14:37:05 info: BridgeServer[0] Player position forwarded: minecraft -> 7dtd (-12.811586817858418, 63, 23.391419418248603)
14:37:06 info: BridgeServer[0] Player position forwarded: minecraft -> 7dtd (-12.811586817858418, 63, 23.391419418248603)
14:37:06 info: BridgeServer[0] Player position forwarded: minecraft -> 7dtd (-12.811586817858418, 63, 23.391419418248603)
14:37:07 info: BridgeServer[0] Player position forwarded: minecraft -> 7dtd (-12.811586817858418, 63, 23.391419418248603)
14:37:07 info: BridgeServer[0] Player position forwarded: minecraft -> 7dtd (-12.811586817858418, 63, 23.391419418248603)
14:37:08 info: BridgeServer[0] Player position forwarded: minecraft -> 7dtd (-12.682469525773687, 63, 24.30269942991433)
14:37:08 info: BridgeServer[0] Player position forwarded: minecraft -> 7dtd (-12.737600047927199, 63, 25.237918093984103)
14:37:09 info: BridgeServer[0] Player position forwarded: minecraft -> 7dtd (-12.74742325588001, 63, 25.37237786900736)
14:37:09 info: BridgeServer[0] Player position forwarded: minecraft -> 7dtd (-12.91637166986318, 63, 26.21424013641213)
14:37:10 info: BridgeServer[0] Player position forwarded: minecraft -> 7dtd (-12.941781598795018, 63, 26.340856657282703)
14:37:10 info: BridgeServer[0] Player position forwarded: minecraft -> 7dtd (-13.238662530749918, 63.221746039917015, 27.073885078997115)
14:37:11 info: BridgeServer[0] Player position forwarded: minecraft -> 7dtd (-13.31255326716839, 63, 27.25632862476305)
14:37:11 info: BridgeServer[0] Player position forwarded: minecraft -> 7dtd (-13.793354478636678, 63.221746039917015, 27.69999998807907)
14:37:12 info: BridgeServer[0] Player position forwarded: minecraft -> 7dtd (-13.913021158986771, 63, 27.69999998807907)
14:37:12 info: BridgeServer[0] Player position forwarded: minecraft -> 7dtd (-14.594094452856424, 63, 27.69999998807907)
14:37:13 info: BridgeServer[0] Player position forwarded: minecraft -> 7dtd (-14.696528228862892, 63, 27.69999998807907)
14:37:13 info: BridgeServer[0] Player position forwarded: minecraft -> 7dtd (-14.696528228862892, 63, 27.69999998807907)
14:37:14 info: BridgeServer[0] Player position forwarded: minecraft -> 7dtd (-14.696528228862892, 63.27516327900873, 27.69999998807907)
14:37:14 info: BridgeServer[0] Player position forwarded: minecraft -> 7dtd (-14.696528228862892, 63, 27.69999998807907)
14:37:15 info: BridgeServer[0] Player position forwarded: minecraft -> 7dtd (-14.696528228862892, 63, 27.69999998807907)
14:37:15 info: BridgeServer[0] Player position forwarded: minecraft -> 7dtd (-57.5, 66, 60.5)
14:37:16 info: BridgeServer[0] Player position forwarded: minecraft -> 7dtd (-57.5, 66, 60.5)
14:37:18 info: BridgeServer[0] Player position forwarded: minecraft -> 7dtd (-57.5, 66, 60.5)
14:37:19 info: BridgeServer[0] Player position forwarded: minecraft -> 7dtd (-57.5, 66, 60.5)
14:37:19 info: BridgeServer[0] Player position forwarded: minecraft -> 7dtd (-57.5, 66, 60.5)
14:37:20 info: BridgeServer[0] Player position forwarded: minecraft -> 7dtd (-57.5, 66, 60.5)
14:37:20 info: BridgeServer[0] Player position forwarded: minecraft -> 7dtd (-57.5, 66, 60.5)
14:37:21 info: BridgeServer[0] Player position forwarded: minecraft -> 7dtd (-57.5, 66, 60.5)
14:37:22 info: BridgeServer[0] Player position forwarded: minecraft -> 7dtd (-57.5, 66, 60.5)
14:37:22 info: BridgeServer[0] Player position forwarded: minecraft -> 7dtd (-57.5, 66, 60.5)
14:37:23 info: BridgeServer[0] Player position forwarded: minecraft -> 7dtd (-57.5, 66, 60.5)
14:37:23 info: BridgeServer[0] Player position forwarded: minecraft -> 7dtd (-57.5, 66, 60.5)
14:37:24 info: BridgeServer[0] Player position forwarded: minecraft -> 7dtd (-57.5, 66, 60.5)
14:37:24 info: BridgeServer[0] Player position forwarded: minecraft -> 7dtd (-57.5, 66, 60.5)
14:37:25 info: BridgeServer[0] Player position forwarded: minecraft -> 7dtd (-57.5, 66, 60.5)
14:37:25 info: BridgeServer[0] Player position forwarded: minecraft -> 7dtd (-57.5, 66, 60.5)
14:37:26 info: BridgeServer[0] Player position forwarded: minecraft -> 7dtd (-57.5, 66, 60.5)
14:37:26 info: BridgeServer[0] Player position forwarded: minecraft -> 7dtd (-57.5, 66, 60.5)
14:37:27 info: BridgeServer[0] Player position forwarded: minecraft -> 7dtd (-57.5, 66, 60.5)
14:37:27 info: BridgeServer[0] Player position forwarded: minecraft -> 7dtd (-57.5, 66, 60.5)
14:37:28 info: BridgeServer[0] Player position forwarded: minecraft -> 7dtd (-57.5, 66, 60.5)
14:37:28 info: BridgeServer[0] Player position forwarded: minecraft -> 7dtd (-57.5, 66, 60.5)
14:37:29 info: BridgeServer[0] Player position forwarded: minecraft -> 7dtd (-57.5, 66, 60.5)
14:37:29 info: BridgeServer[0] Player position forwarded: minecraft -> 7dtd (-57.5, 66, 60.5)
14:37:30 info: BridgeServer[0] Player position forwarded: minecraft -> 7dtd (-57.5, 66, 60.5)
14:37:31 info: BridgeServer[0] Player position forwarded: minecraft -> 7dtd (-57.5, 66, 60.5)
14:37:31 info: BridgeServer[0] Player position forwarded: minecraft -> 7dtd (-57.5, 66, 60.5)
14:48:20 info: Microsoft.AspNetCore.Server.Kestrel.Connections[34] Connection id "0HNP130JE5E56", Request id "0HNP130JE5E56:00000001": the application aborted the connection.
14:48:20 info: BridgeServer[0] Connection ended (7dtd): OperationCanceledException
14:48:20 info: BridgeServer[0] Entity registry reset: disconnected 7dtd, removed=0; fresh spawn required
14:48:20 info: BridgeServer[0] Disconnected: 7dtd
14:48:20 info: Microsoft.AspNetCore.Routing.EndpointMiddleware[1] Executed endpoint '/ws'
14:48:20 info: Microsoft.AspNetCore.Hosting.Diagnostics[2] Request finished HTTP/1.1 GET http://localhost:18771/ws - 101 - - 927674.7978ms
14:48:44 info: Microsoft.AspNetCore.Server.Kestrel.Connections[34] Connection id "0HNP130JE5E57", Request id "0HNP130JE5E57:00000001": the application aborted the connection.
14:48:44 info: BridgeServer[0] Connection ended (minecraft): OperationCanceledException
14:48:44 info: BridgeServer[0] Entity registry reset: disconnected minecraft, removed=0; fresh spawn required
14:48:44 info: BridgeServer[0] Disconnected: minecraft
14:48:44 info: Microsoft.AspNetCore.Routing.EndpointMiddleware[1] Executed endpoint '/ws'
14:48:44 info: Microsoft.AspNetCore.Hosting.Diagnostics[2] Request finished HTTP/1.1 GET http://localhost:18771/ws - 101 - - 951899.6786ms
14:51:21 info: Microsoft.AspNetCore.Hosting.Diagnostics[1] Request starting HTTP/1.1 GET http://localhost:18771/ws - - -
14:51:21 info: Microsoft.AspNetCore.Routing.EndpointMiddleware[0] Executing endpoint '/ws'
14:51:21 info: BridgeServer[0] Minecraft connected
14:51:23 info: Microsoft.AspNetCore.Hosting.Diagnostics[1] Request starting HTTP/1.1 GET http://localhost:18771/ws - - -
14:51:23 info: Microsoft.AspNetCore.Routing.EndpointMiddleware[0] Executing endpoint '/ws'
14:51:23 info: BridgeServer[0] 7DTD connected
14:51:23 info: BridgeServer[0] Test forwarded: minecraft -> 7dtd
14:51:23 info: BridgeServer[0] Test forwarded: 7dtd -> minecraft
14:53:09 info: BridgeServer[0] Player position forwarded: minecraft -> 7dtd (-57.5, 66, 60.5)
14:53:09 info: BridgeServer[0] Player position forwarded: minecraft -> 7dtd (-57.5, 66, 60.5)
