13:18:00 info: Microsoft.Hosting.Lifetime[14] Now listening on: http://localhost:18771
13:18:00 info: Microsoft.Hosting.Lifetime[0] Application started. Press Ctrl+C to shut down.
13:18:00 info: Microsoft.Hosting.Lifetime[0] Hosting environment: Production
13:18:00 info: Microsoft.Hosting.Lifetime[0] Content root path: D:\wenjian\minecraft\7-M
13:18:00 info: BridgeServer[0] Bridge connected ¡ª listening ws://localhost:18771/ws; config D:\wenjian\minecraft\7-M\config\network.json
13:18:02 info: Microsoft.AspNetCore.Hosting.Diagnostics[1] Request starting HTTP/1.1 GET http://localhost:18771/ws - - -
13:18:02 info: Microsoft.AspNetCore.Routing.EndpointMiddleware[0] Executing endpoint '/ws'
13:18:03 info: BridgeServer[0] 7DTD connected
13:18:08 info: Microsoft.AspNetCore.Hosting.Diagnostics[1] Request starting HTTP/1.1 GET http://localhost:18771/ws - - -
13:18:08 info: Microsoft.AspNetCore.Routing.EndpointMiddleware[0] Executing endpoint '/ws'
13:18:08 info: BridgeServer[0] Minecraft connected
13:18:08 info: BridgeServer[0] Test forwarded: minecraft -> 7dtd
13:18:08 info: BridgeServer[0] Test forwarded: 7dtd -> minecraft
13:18:12 info: Microsoft.AspNetCore.Hosting.Diagnostics[1] Request starting HTTP/1.1 GET http://localhost:18771/health - - -
13:18:12 info: Microsoft.AspNetCore.Routing.EndpointMiddleware[0] Executing endpoint 'HTTP: GET /health'
13:18:12 info: Microsoft.AspNetCore.Http.Result.JsonResult[3] Writing value of type '<>f__AnonymousType0`3' as Json.
13:18:12 info: Microsoft.AspNetCore.Routing.EndpointMiddleware[1] Executed endpoint 'HTTP: GET /health'
13:18:12 info: Microsoft.AspNetCore.Hosting.Diagnostics[2] Request finished HTTP/1.1 GET http://localhost:18771/health - 200 - application/json;+charset=utf-8 7.4349ms
13:19:00 info: Microsoft.AspNetCore.Server.Kestrel.Connections[34] Connection id "0HNP11MPDV405", Request id "0HNP11MPDV405:00000001": the application aborted the connection.
13:19:00 info: BridgeServer[0] Connection ended (7dtd): OperationCanceledException
13:19:00 info: BridgeServer[0] Disconnected: 7dtd
13:19:00 info: Microsoft.AspNetCore.Routing.EndpointMiddleware[1] Executed endpoint '/ws'
13:19:00 info: Microsoft.AspNetCore.Hosting.Diagnostics[2] Request finished HTTP/1.1 GET http://localhost:18771/ws - 101 - - 57292.6132ms
13:19:13 info: Microsoft.AspNetCore.Hosting.Diagnostics[1] Request starting HTTP/1.1 GET http://localhost:18771/ws - - -
13:19:13 info: Microsoft.AspNetCore.Routing.EndpointMiddleware[0] Executing endpoint '/ws'
13:19:13 info: BridgeServer[0] 7DTD connected
13:19:13 info: BridgeServer[0] Test forwarded: minecraft -> 7dtd
13:19:13 info: BridgeServer[0] Test forwarded: 7dtd -> minecraft
13:19:28 info: Microsoft.AspNetCore.Hosting.Diagnostics[1] Request starting HTTP/1.1 GET http://localhost:18771/health - - -
13:19:28 info: Microsoft.AspNetCore.Routing.EndpointMiddleware[0] Executing endpoint 'HTTP: GET /health'
13:19:28 info: Microsoft.AspNetCore.Http.Result.JsonResult[3] Writing value of type '<>f__AnonymousType0`3' as Json.
13:19:28 info: Microsoft.AspNetCore.Routing.EndpointMiddleware[1] Executed endpoint 'HTTP: GET /health'
13:19:28 info: Microsoft.AspNetCore.Hosting.Diagnostics[2] Request finished HTTP/1.1 GET http://localhost:18771/health - 200 - application/json;+charset=utf-8 1.6577ms
13:19:29 info: BridgeServer[0] Player position forwarded: minecraft -> 7dtd (-48.327511150412406, 64, 52.27100178314343)
13:19:30 info: BridgeServer[0] Player position forwarded: minecraft -> 7dtd (-48.327511150412406, 64, 52.27100178314343)
13:20:19 info: BridgeServer[0] Player position forwarded: minecraft -> 7dtd (-48.327511150412406, 64, 52.27100178314343)
13:20:19 info: BridgeServer[0] Player position forwarded: minecraft -> 7dtd (-48.327511150412406, 64, 52.27100178314343)
13:20:20 info: BridgeServer[0] Player position forwarded: minecraft -> 7dtd (-48.327511150412406, 64, 52.27100178314343)
13:20:20 info: BridgeServer[0] Player position forwarded: minecraft -> 7dtd (-48.327511150412406, 64, 52.27100178314343)
13:20:21 info: BridgeServer[0] Player position forwarded: minecraft -> 7dtd (-48.327511150412406, 64, 52.27100178314343)
13:20:21 info: BridgeServer[0] Player position forwarded: minecraft -> 7dtd (-48.327511150412406, 64, 52.27100178314343)
13:20:22 info: BridgeServer[0] Player position forwarded: minecraft -> 7dtd (-48.327511150412406, 64, 52.27100178314343)
13:20:22 info: BridgeServer[0] Player position forwarded: minecraft -> 7dtd (-48.327511150412406, 64, 52.27100178314343)
13:20:23 info: BridgeServer[0] Player position forwarded: minecraft -> 7dtd (-48.327511150412406, 64, 52.27100178314343)
13:20:27 info: BridgeServer[0] Player position forwarded: minecraft -> 7dtd (-48.327511150412406, 64, 52.27100178314343)
13:20:27 info: BridgeServer[0] Player position forwarded: minecraft -> 7dtd (-48.327511150412406, 64, 52.27100178314343)
13:20:28 info: BridgeServer[0] Player position forwarded: minecraft -> 7dtd (-48.327511150412406, 64, 52.27100178314343)
13:20:28 info: BridgeServer[0] Player position forwarded: minecraft -> 7dtd (-48.327511150412406, 64, 52.27100178314343)
13:20:29 info: BridgeServer[0] Player position forwarded: minecraft -> 7dtd (-48.327511150412406, 64, 52.27100178314343)
13:20:29 info: BridgeServer[0] Player position forwarded: minecraft -> 7dtd (-48.327511150412406, 64, 52.27100178314343)
13:21:51 info: BridgeServer[0] Player position forwarded: minecraft -> 7dtd (-48.327511150412406, 64, 52.27100178314343)
13:21:52 info: BridgeServer[0] Player position forwarded: minecraft -> 7dtd (-48.327511150412406, 64, 52.27100178314343)
13:21:52 info: BridgeServer[0] Player position forwarded: minecraft -> 7dtd (-48.327511150412406, 64, 52.27100178314343)
13:21:53 info: BridgeServer[0] Player position forwarded: minecraft -> 7dtd (-48.327511150412406, 64, 52.27100178314343)
13:21:54 info: BridgeServer[0] Player position forwarded: minecraft -> 7dtd (-48.327511150412406, 64, 52.27100178314343)
13:21:54 info: BridgeServer[0] Player position forwarded: minecraft -> 7dtd (-47.70895217054024, 64, 51.714141819635245)
13:21:55 info: BridgeServer[0] Player position forwarded: minecraft -> 7dtd (-47.07568262613664, 64, 50.59066361911734)
13:21:55 info: BridgeServer[0] Player position forwarded: minecraft -> 7dtd (-47.69979781607734, 64, 50.42643648050581)
13:21:56 info: BridgeServer[0] Player position forwarded: minecraft -> 7dtd (-46.83436828564035, 64, 51.89445092953699)
13:21:56 info: BridgeServer[0] Player position forwarded: minecraft -> 7dtd (-45.79866585504024, 64, 52.03740902816579)
13:21:57 info: BridgeServer[0] Player position forwarded: minecraft -> 7dtd (-46.243627760902754, 64, 51.39744586205283)
13:21:57 info: BridgeServer[0] Player position forwarded: minecraft -> 7dtd (-45.8863832475238, 64, 50.42759456851179)
13:21:58 info: BridgeServer[0] Player position forwarded: minecraft -> 7dtd (-45.8863832475238, 64, 50.42759456851179)
13:21:58 info: BridgeServer[0] Player position forwarded: minecraft -> 7dtd (-45.8863832475238, 64, 50.42759456851179)
13:21:59 info: BridgeServer[0] Player position forwarded: minecraft -> 7dtd (-45.8863832475238, 64, 50.42759456851179)
13:21:59 info: BridgeServer[0] Player position forwarded: minecraft -> 7dtd (-45.8863832475238, 64, 50.42759456851179)
13:22:00 info: BridgeServer[0] Player position forwarded: minecraft -> 7dtd (-45.8863832475238, 64, 50.42759456851179)
13:22:00 info: BridgeServer[0] Player position forwarded: minecraft -> 7dtd (-45.8863832475238, 64, 50.42759456851179)
13:22:01 info: BridgeServer[0] Player position forwarded: minecraft -> 7dtd (-45.8863832475238, 64, 50.42759456851179)
13:22:01 info: BridgeServer[0] Player position forwarded: minecraft -> 7dtd (-45.8863832475238, 64, 50.42759456851179)
13:22:02 info: BridgeServer[0] Player position forwarded: minecraft -> 7dtd (-45.8863832475238, 64, 50.42759456851179)
13:22:02 info: BridgeServer[0] Player position forwarded: minecraft -> 7dtd (-45.8863832475238, 64, 50.42759456851179)
13:24:15 info: BridgeServer[0] Player position forwarded: minecraft -> 7dtd (-45.8863832475238, 64, 50.42759456851179)
13:24:16 info: BridgeServer[0] Player position forwarded: minecraft -> 7dtd (-45.8863832475238, 64, 50.42759456851179)
13:24:16 info: BridgeServer[0] Player position forwarded: minecraft -> 7dtd (-45.8863832475238, 64, 50.42759456851179)
13:24:17 info: BridgeServer[0] Player position forwarded: minecraft -> 7dtd (-45.8863832475238, 64, 50.42759456851179)
13:24:17 info: BridgeServer[0] Player position forwarded: minecraft -> 7dtd (-45.8863832475238, 64, 50.42759456851179)
13:24:18 info: BridgeServer[0] Player position forwarded: minecraft -> 7dtd (-45.8863832475238, 64, 50.42759456851179)
13:24:18 info: BridgeServer[0] Player position forwarded: minecraft -> 7dtd (-45.8863832475238, 64, 50.42759456851179)
13:24:19 info: BridgeServer[0] Player position forwarded: minecraft -> 7dtd (-45.8863832475238, 64, 50.42759456851179)
13:24:20 info: BridgeServer[0] Player position forwarded: minecraft -> 7dtd (-45.8863832475238, 64, 50.42759456851179)
13:24:20 info: BridgeServer[0] Player position forwarded: minecraft -> 7dtd (-45.8863832475238, 64, 50.42759456851179)
13:24:21 info: BridgeServer[0] Player position forwarded: minecraft -> 7dtd (-45.8863832475238, 64, 50.42759456851179)
13:24:21 info: BridgeServer[0] Player position forwarded: minecraft -> 7dtd (-45.8863832475238, 64, 50.42759456851179)
13:24:22 info: BridgeServer[0] Player position forwarded: minecraft -> 7dtd (-45.8863832475238, 64, 50.42759456851179)
13:24:22 info: BridgeServer[0] Player position forwarded: minecraft -> 7dtd (-45.8863832475238, 64, 50.42759456851179)
13:24:23 info: BridgeServer[0] Player position forwarded: minecraft -> 7dtd (-45.8863832475238, 64, 50.42759456851179)
13:24:23 info: BridgeServer[0] Player position forwarded: minecraft -> 7dtd (-45.8863832475238, 64, 50.42759456851179)
13:24:24 info: BridgeServer[0] Player position forwarded: minecraft -> 7dtd (-45.8863832475238, 64, 50.42759456851179)
13:24:24 info: BridgeServer[0] Player position forwarded: minecraft -> 7dtd (-45.8863832475238, 64, 50.42759456851179)
13:24:25 info: BridgeServer[0] Player position forwarded: minecraft -> 7dtd (-45.8863832475238, 64, 50.42759456851179)
13:24:25 info: BridgeServer[0] Player position forwarded: minecraft -> 7dtd (-45.8863832475238, 64, 50.42759456851179)
13:24:26 info: BridgeServer[0] Player position forwarded: minecraft -> 7dtd (-45.8863832475238, 64, 50.42759456851179)
13:24:26 info: BridgeServer[0] Player position forwarded: minecraft -> 7dtd (-45.8863832475238, 64, 50.42759456851179)
13:24:27 info: BridgeServer[0] Player position forwarded: minecraft -> 7dtd (-45.8863832475238, 64, 50.42759456851179)
13:24:28 info: BridgeServer[0] Player position forwarded: minecraft -> 7dtd (-45.8863832475238, 64, 50.42759456851179)
13:24:28 info: BridgeServer[0] Player position forwarded: minecraft -> 7dtd (-45.8863832475238, 64, 50.42759456851179)
13:24:29 info: BridgeServer[0] Player position forwarded: minecraft -> 7dtd (-45.8863832475238, 64, 50.42759456851179)
13:24:29 info: BridgeServer[0] Player position forwarded: minecraft -> 7dtd (-45.8863832475238, 64, 50.42759456851179)
13:24:30 info: BridgeServer[0] Player position forwarded: minecraft -> 7dtd (-45.8863832475238, 64, 50.42759456851179)
13:24:30 info: BridgeServer[0] Player position forwarded: minecraft -> 7dtd (-45.8863832475238, 64, 50.42759456851179)
13:24:31 info: BridgeServer[0] Player position forwarded: minecraft -> 7dtd (-45.8863832475238, 64, 50.42759456851179)
13:24:31 info: BridgeServer[0] Player position forwarded: minecraft -> 7dtd (-45.8863832475238, 64, 50.42759456851179)
13:24:32 info: BridgeServer[0] Player position forwarded: minecraft -> 7dtd (-45.8863832475238, 64, 50.42759456851179)
13:24:32 info: BridgeServer[0] Player position forwarded: minecraft -> 7dtd (-45.8863832475238, 64, 50.42759456851179)
13:24:33 info: BridgeServer[0] Player position forwarded: minecraft -> 7dtd (-45.8863832475238, 64, 50.42759456851179)
13:24:33 info: BridgeServer[0] Player position forwarded: minecraft -> 7dtd (-45.8863832475238, 64, 50.42759456851179)
13:24:34 info: BridgeServer[0] Player position forwarded: minecraft -> 7dtd (-45.8863832475238, 64, 50.42759456851179)
13:24:35 info: BridgeServer[0] Player position forwarded: minecraft -> 7dtd (-45.8863832475238, 64, 50.42759456851179)
13:24:35 info: BridgeServer[0] Player position forwarded: minecraft -> 7dtd (-45.8863832475238, 64, 50.42759456851179)
13:24:36 info: BridgeServer[0] Player position forwarded: minecraft -> 7dtd (-45.8863832475238, 64, 50.42759456851179)
13:24:36 info: BridgeServer[0] Player position forwarded: minecraft -> 7dtd (-45.8863832475238, 64, 50.42759456851179)
13:24:37 info: BridgeServer[0] Player position forwarded: minecraft -> 7dtd (-45.8863832475238, 64, 50.42759456851179)
13:24:37 info: BridgeServer[0] Player position forwarded: minecraft -> 7dtd (-45.8863832475238, 64, 50.42759456851179)
13:24:38 info: BridgeServer[0] Player position forwarded: minecraft -> 7dtd (-45.8863832475238, 64, 50.42759456851179)
13:24:38 info: BridgeServer[0] Player position forwarded: minecraft -> 7dtd (-45.8863832475238, 64, 50.42759456851179)
13:24:39 info: BridgeServer[0] Player position forwarded: minecraft -> 7dtd (-45.8863832475238, 64, 50.42759456851179)
13:24:39 info: BridgeServer[0] Player position forwarded: minecraft -> 7dtd (-45.8863832475238, 64, 50.42759456851179)
13:24:40 info: BridgeServer[0] Player position forwarded: minecraft -> 7dtd (-45.8863832475238, 64, 50.42759456851179)
13:24:40 info: BridgeServer[0] Player position forwarded: minecraft -> 7dtd (-45.8863832475238, 64, 50.42759456851179)
13:24:41 info: BridgeServer[0] Player position forwarded: minecraft -> 7dtd (-45.8863832475238, 64, 50.42759456851179)
13:24:41 info: BridgeServer[0] Player position forwarded: minecraft -> 7dtd (-45.8863832475238, 64, 50.42759456851179)
13:24:42 info: BridgeServer[0] Player position forwarded: minecraft -> 7dtd (-45.8863832475238, 64, 50.42759456851179)
13:24:42 info: BridgeServer[0] Player position forwarded: minecraft -> 7dtd (-45.8863832475238, 64, 50.42759456851179)
13:24:43 info: BridgeServer[0] Player position forwarded: minecraft -> 7dtd (-45.8863832475238, 64, 50.42759456851179)
13:24:44 info: BridgeServer[0] Player position forwarded: minecraft -> 7dtd (-45.8863832475238, 64, 50.42759456851179)
13:24:44 info: BridgeServer[0] Player position forwarded: minecraft -> 7dtd (-45.8863832475238, 64, 50.42759456851179)
13:24:45 info: BridgeServer[0] Player position forwarded: minecraft -> 7dtd (-45.8863832475238, 64, 50.42759456851179)
13:24:45 info: BridgeServer[0] Player position forwarded: minecraft -> 7dtd (-45.8863832475238, 64, 50.42759456851179)
13:24:46 info: BridgeServer[0] Player position forwarded: minecraft -> 7dtd (-45.8863832475238, 64, 50.42759456851179)
13:24:46 info: BridgeServer[0] Player position forwarded: minecraft -> 7dtd (-45.8863832475238, 64, 50.42759456851179)
13:24:47 info: BridgeServer[0] Player position forwarded: minecraft -> 7dtd (-45.8863832475238, 64, 50.42759456851179)
13:24:47 info: BridgeServer[0] Player position forwarded: minecraft -> 7dtd (-45.8863832475238, 64, 50.42759456851179)
13:24:48 info: BridgeServer[0] Player position forwarded: minecraft -> 7dtd (-45.8863832475238, 64, 50.42759456851179)
13:24:48 info: BridgeServer[0] Player position forwarded: minecraft -> 7dtd (-45.8863832475238, 64, 50.42759456851179)
13:24:49 info: BridgeServer[0] Player position forwarded: minecraft -> 7dtd (-45.8863832475238, 64, 50.42759456851179)
13:24:49 info: BridgeServer[0] Player position forwarded: minecraft -> 7dtd (-45.8863832475238, 64, 50.42759456851179)
13:24:50 info: BridgeServer[0] Player position forwarded: minecraft -> 7dtd (-45.8863832475238, 64, 50.42759456851179)
13:24:51 info: BridgeServer[0] Player position forwarded: minecraft -> 7dtd (-45.8863832475238, 64, 50.42759456851179)
13:24:51 info: BridgeServer[0] Player position forwarded: minecraft -> 7dtd (-45.8863832475238, 64, 50.42759456851179)
13:24:52 info: BridgeServer[0] Player position forwarded: minecraft -> 7dtd (-45.8863832475238, 64, 50.42759456851179)
13:24:52 info: BridgeServer[0] Player position forwarded: minecraft -> 7dtd (-45.8863832475238, 64, 50.42759456851179)
13:24:53 info: BridgeServer[0] Player position forwarded: minecraft -> 7dtd (-45.8863832475238, 64, 50.42759456851179)
13:24:53 info: BridgeServer[0] Player position forwarded: minecraft -> 7dtd (-45.8863832475238, 64, 50.42759456851179)
13:24:54 info: BridgeServer[0] Player position forwarded: minecraft -> 7dtd (-45.8863832475238, 64, 50.42759456851179)
13:24:54 info: BridgeServer[0] Player position forwarded: minecraft -> 7dtd (-45.8863832475238, 64, 50.42759456851179)
13:24:55 info: BridgeServer[0] Player position forwarded: minecraft -> 7dtd (-45.8863832475238, 64, 50.42759456851179)
13:24:55 info: BridgeServer[0] Player position forwarded: minecraft -> 7dtd (-45.8863832475238, 64, 50.42759456851179)
13:24:56 info: BridgeServer[0] Player position forwarded: minecraft -> 7dtd (-45.8863832475238, 64, 50.42759456851179)
13:24:56 info: BridgeServer[0] Player position forwarded: minecraft -> 7dtd (-45.8863832475238, 64, 50.42759456851179)
13:24:57 info: BridgeServer[0] Player position forwarded: minecraft -> 7dtd (-45.8863832475238, 64, 50.42759456851179)
13:24:58 info: BridgeServer[0] Player position forwarded: minecraft -> 7dtd (-45.8863832475238, 64, 50.42759456851179)
13:24:58 info: BridgeServer[0] Player position forwarded: minecraft -> 7dtd (-45.8863832475238, 64, 50.42759456851179)
13:24:59 info: BridgeServer[0] Player position forwarded: minecraft -> 7dtd (-45.8863832475238, 64, 50.42759456851179)
13:24:59 info: BridgeServer[0] Player position forwarded: minecraft -> 7dtd (-45.8863832475238, 64, 50.42759456851179)
13:25:00 info: BridgeServer[0] Player position forwarded: minecraft -> 7dtd (-45.8863832475238, 64, 50.42759456851179)
13:25:00 info: BridgeServer[0] Player position forwarded: minecraft -> 7dtd (-45.8863832475238, 64, 50.42759456851179)
13:25:01 info: BridgeServer[0] Player position forwarded: minecraft -> 7dtd (-45.8863832475238, 64, 50.42759456851179)
13:25:01 info: BridgeServer[0] Player position forwarded: minecraft -> 7dtd (-45.8863832475238, 64, 50.42759456851179)
13:25:02 info: BridgeServer[0] Player position forwarded: minecraft -> 7dtd (-45.8863832475238, 64, 50.42759456851179)
13:25:02 info: BridgeServer[0] Player position forwarded: minecraft -> 7dtd (-45.8863832475238, 64, 50.42759456851179)
13:25:03 info: BridgeServer[0] Player position forwarded: minecraft -> 7dtd (-45.8863832475238, 64, 50.42759456851179)
13:25:03 info: BridgeServer[0] Player position forwarded: minecraft -> 7dtd (-45.8863832475238, 64, 50.42759456851179)
13:25:04 info: BridgeServer[0] Player position forwarded: minecraft -> 7dtd (-45.8863832475238, 64, 50.42759456851179)
13:25:04 info: BridgeServer[0] Player position forwarded: minecraft -> 7dtd (-45.8863832475238, 64, 50.42759456851179)
13:25:05 info: BridgeServer[0] Player position forwarded: minecraft -> 7dtd (-45.8863832475238, 64, 50.42759456851179)
13:25:06 info: BridgeServer[0] Player position forwarded: minecraft -> 7dtd (-45.8863832475238, 64, 50.42759456851179)
13:25:06 info: BridgeServer[0] Player position forwarded: minecraft -> 7dtd (-45.8863832475238, 64, 50.42759456851179)
13:25:07 info: BridgeServer[0] Player position forwarded: minecraft -> 7dtd (-45.8863832475238, 64, 50.42759456851179)
13:25:07 info: BridgeServer[0] Player position forwarded: minecraft -> 7dtd (-45.8863832475238, 64, 50.42759456851179)
13:25:08 info: BridgeServer[0] Player position forwarded: minecraft -> 7dtd (-45.8863832475238, 64, 50.42759456851179)
13:25:08 info: BridgeServer[0] Player position forwarded: minecraft -> 7dtd (-45.8863832475238, 64, 50.42759456851179)
13:25:09 info: BridgeServer[0] Player position forwarded: minecraft -> 7dtd (-45.8863832475238, 64, 50.42759456851179)
13:25:09 info: BridgeServer[0] Player position forwarded: minecraft -> 7dtd (-45.8863832475238, 64, 50.42759456851179)
13:25:10 info: BridgeServer[0] Player position forwarded: minecraft -> 7dtd (-45.8863832475238, 64, 50.42759456851179)
13:25:10 info: BridgeServer[0] Player position forwarded: minecraft -> 7dtd (-45.8863832475238, 64, 50.42759456851179)
13:25:11 info: BridgeServer[0] Player position forwarded: minecraft -> 7dtd (-45.8863832475238, 64, 50.42759456851179)
13:25:11 info: BridgeServer[0] Player position forwarded: minecraft -> 7dtd (-45.8863832475238, 64, 50.42759456851179)
13:25:12 info: BridgeServer[0] Player position forwarded: minecraft -> 7dtd (-45.8863832475238, 64, 50.42759456851179)
13:25:12 info: BridgeServer[0] Player position forwarded: minecraft -> 7dtd (-45.8863832475238, 64, 50.42759456851179)
13:25:13 info: BridgeServer[0] Player position forwarded: minecraft -> 7dtd (-45.8863832475238, 64, 50.42759456851179)
13:25:13 info: BridgeServer[0] Player position forwarded: minecraft -> 7dtd (-45.8863832475238, 64, 50.42759456851179)
13:25:14 info: BridgeServer[0] Player position forwarded: minecraft -> 7dtd (-45.8863832475238, 64, 50.42759456851179)
13:25:15 info: BridgeServer[0] Player position forwarded: minecraft -> 7dtd (-45.8863832475238, 64, 50.42759456851179)
13:25:15 info: BridgeServer[0] Player position forwarded: minecraft -> 7dtd (-45.8863832475238, 64, 50.42759456851179)
13:25:16 info: BridgeServer[0] Player position forwarded: minecraft -> 7dtd (-45.8863832475238, 64, 50.42759456851179)
13:25:16 info: BridgeServer[0] Player position forwarded: minecraft -> 7dtd (-45.8863832475238, 64, 50.42759456851179)
13:25:17 info: BridgeServer[0] Player position forwarded: minecraft -> 7dtd (-45.8863832475238, 64, 50.42759456851179)
13:25:17 info: BridgeServer[0] Player position forwarded: minecraft -> 7dtd (-45.8863832475238, 64, 50.42759456851179)
13:25:18 info: BridgeServer[0] Player position forwarded: minecraft -> 7dtd (-45.48487828426751, 64, 49.46558835370287)
13:25:18 info: BridgeServer[0] Player position forwarded: minecraft -> 7dtd (-44.65611371693723, 64, 47.47986778397675)
13:25:19 info: BridgeServer[0] Player position forwarded: minecraft -> 7dtd (-43.74157171636431, 64, 45.288624415228355)
13:25:19 info: BridgeServer[0] Player position forwarded: minecraft -> 7dtd (-42.82702349398479, 64, 43.09736613902632)
13:25:20 info: BridgeServer[0] Player position forwarded: minecraft -> 7dtd (-41.91247526360627, 64, 41.30000001192093)
13:25:20 info: BridgeServer[0] Player position forwarded: minecraft -> 7dtd (-41.081067781434605, 64, 40.141670203990934)
13:25:21 info: BridgeServer[0] Player position forwarded: minecraft -> 7dtd (-40.16651955104575, 64, 37.95387311848187)
13:25:21 info: BridgeServer[0] Player position forwarded: minecraft -> 7dtd (-38.71080461537214, 64, 38.28079578216349)
13:25:22 info: BridgeServer[0] Player position forwarded: minecraft -> 7dtd (-36.63876221219007, 64, 38.2546055031296)
13:25:22 info: BridgeServer[0] Player position forwarded: minecraft -> 7dtd (-35.681183339533575, 64, 37.30000001192093)
13:25:23 info: BridgeServer[0] Player position forwarded: minecraft -> 7dtd (-34.20810867993858, 64, 37.30000001192093)
13:25:24 info: BridgeServer[0] Player position forwarded: minecraft -> 7dtd (-34.152266280422424, 64, 37.30000001192093)
13:25:24 info: BridgeServer[0] Player position forwarded: minecraft -> 7dtd (-34.152266280422424, 64, 37.30000001192093)
13:25:25 info: BridgeServer[0] Player position forwarded: minecraft -> 7dtd (-34.152266280422424, 64, 37.30000001192093)
13:25:25 info: BridgeServer[0] Player position forwarded: minecraft -> 7dtd (-34.152266280422424, 64, 37.30000001192093)
13:25:26 info: BridgeServer[0] Player position forwarded: minecraft -> 7dtd (-34.152266280422424, 64, 37.30000001192093)
13:25:26 info: BridgeServer[0] Player position forwarded: minecraft -> 7dtd (-34.152266280422424, 64, 37.30000001192093)
13:25:27 info: BridgeServer[0] Player position forwarded: minecraft -> 7dtd (-34.152266280422424, 64, 37.30000001192093)
13:25:27 info: BridgeServer[0] Player position forwarded: minecraft -> 7dtd (-34.152266280422424, 64, 37.30000001192093)
13:25:28 info: BridgeServer[0] Player position forwarded: minecraft -> 7dtd (-34.152266280422424, 64, 37.30000001192093)
13:25:28 info: BridgeServer[0] Player position forwarded: minecraft -> 7dtd (-34.152266280422424, 64, 37.30000001192093)
13:25:29 info: BridgeServer[0] Player position forwarded: minecraft -> 7dtd (-34.152266280422424, 64, 37.30000001192093)
13:25:29 info: BridgeServer[0] Player position forwarded: minecraft -> 7dtd (-34.152266280422424, 64, 37.30000001192093)
13:25:30 info: BridgeServer[0] Player position forwarded: minecraft -> 7dtd (-34.152266280422424, 64, 37.30000001192093)
13:25:30 info: BridgeServer[0] Player position forwarded: minecraft -> 7dtd (-34.152266280422424, 64, 37.30000001192093)
13:25:31 info: BridgeServer[0] Player position forwarded: minecraft -> 7dtd (-34.152266280422424, 64, 37.30000001192093)
13:25:31 info: BridgeServer[0] Player position forwarded: minecraft -> 7dtd (-34.152266280422424, 64, 37.30000001192093)
13:25:32 info: BridgeServer[0] Player position forwarded: minecraft -> 7dtd (-34.152266280422424, 64, 37.30000001192093)
13:25:32 info: BridgeServer[0] Player position forwarded: minecraft -> 7dtd (-34.152266280422424, 64, 37.30000001192093)
13:25:33 info: BridgeServer[0] Player position forwarded: minecraft -> 7dtd (-34.152266280422424, 64, 37.30000001192093)
13:25:34 info: BridgeServer[0] Player position forwarded: minecraft -> 7dtd (-34.152266280422424, 64, 37.30000001192093)
13:25:34 info: BridgeServer[0] Player position forwarded: minecraft -> 7dtd (-34.152266280422424, 64, 37.30000001192093)
13:25:35 info: BridgeServer[0] Player position forwarded: minecraft -> 7dtd (-34.152266280422424, 64, 37.30000001192093)
13:25:35 info: BridgeServer[0] Player position forwarded: minecraft -> 7dtd (-34.152266280422424, 64, 37.30000001192093)
13:25:36 info: BridgeServer[0] Player position forwarded: minecraft -> 7dtd (-34.152266280422424, 64, 37.30000001192093)
13:25:36 info: BridgeServer[0] Player position forwarded: minecraft -> 7dtd (-34.152266280422424, 64, 37.30000001192093)
13:25:37 info: BridgeServer[0] Player position forwarded: minecraft -> 7dtd (-34.152266280422424, 64, 37.30000001192093)
13:25:37 info: BridgeServer[0] Player position forwarded: minecraft -> 7dtd (-34.152266280422424, 64, 37.30000001192093)
13:25:38 info: BridgeServer[0] Player position forwarded: minecraft -> 7dtd (-34.152266280422424, 64, 37.30000001192093)
13:25:38 info: BridgeServer[0] Player position forwarded: minecraft -> 7dtd (-34.152266280422424, 64, 37.30000001192093)
13:25:39 info: BridgeServer[0] Player position forwarded: minecraft -> 7dtd (-34.152266280422424, 64, 37.30000001192093)
13:25:39 info: BridgeServer[0] Player position forwarded: minecraft -> 7dtd (-34.152266280422424, 64, 37.30000001192093)
13:25:40 info: BridgeServer[0] Player position forwarded: minecraft -> 7dtd (-34.152266280422424, 64, 37.30000001192093)
13:25:40 info: BridgeServer[0] Player position forwarded: minecraft -> 7dtd (-34.152266280422424, 64, 37.30000001192093)
13:25:41 info: BridgeServer[0] Player position forwarded: minecraft -> 7dtd (-34.152266280422424, 64, 37.30000001192093)
13:25:41 info: BridgeServer[0] Player position forwarded: minecraft -> 7dtd (-34.152266280422424, 64, 37.30000001192093)
13:25:42 info: BridgeServer[0] Player position forwarded: minecraft -> 7dtd (-34.152266280422424, 64, 37.30000001192093)
13:25:42 info: BridgeServer[0] Player position forwarded: minecraft -> 7dtd (-34.152266280422424, 64, 37.30000001192093)
13:25:43 info: BridgeServer[0] Player position forwarded: minecraft -> 7dtd (-34.152266280422424, 64, 37.30000001192093)
13:25:43 info: BridgeServer[0] Player position forwarded: minecraft -> 7dtd (-34.152266280422424, 64, 37.30000001192093)
13:25:44 info: BridgeServer[0] Player position forwarded: minecraft -> 7dtd (-34.152266280422424, 64, 37.30000001192093)
13:25:45 info: BridgeServer[0] Player position forwarded: minecraft -> 7dtd (-34.152266280422424, 64, 37.30000001192093)
13:25:45 info: BridgeServer[0] Player position forwarded: minecraft -> 7dtd (-34.152266280422424, 64, 37.30000001192093)
13:25:46 info: BridgeServer[0] Player position forwarded: minecraft -> 7dtd (-34.152266280422424, 64, 37.30000001192093)
13:25:46 info: BridgeServer[0] Player position forwarded: minecraft -> 7dtd (-34.152266280422424, 64, 37.30000001192093)
13:25:47 info: BridgeServer[0] Player position forwarded: minecraft -> 7dtd (-34.152266280422424, 64, 37.30000001192093)
13:25:47 info: BridgeServer[0] Player position forwarded: minecraft -> 7dtd (-34.152266280422424, 64, 37.30000001192093)
13:25:48 info: BridgeServer[0] Player position forwarded: minecraft -> 7dtd (-34.152266280422424, 64, 37.30000001192093)
13:25:48 info: BridgeServer[0] Player position forwarded: minecraft -> 7dtd (-34.152266280422424, 64, 37.30000001192093)
13:25:49 info: BridgeServer[0] Player position forwarded: minecraft -> 7dtd (-34.152266280422424, 64, 37.30000001192093)
13:25:49 info: BridgeServer[0] Player position forwarded: minecraft -> 7dtd (-34.152266280422424, 64, 37.30000001192093)
13:25:50 info: BridgeServer[0] Player position forwarded: minecraft -> 7dtd (-34.152266280422424, 64, 37.30000001192093)
13:25:50 info: BridgeServer[0] Player position forwarded: minecraft -> 7dtd (-34.152266280422424, 64, 37.30000001192093)
13:25:51 info: BridgeServer[0] Player position forwarded: minecraft -> 7dtd (-34.152266280422424, 64, 37.30000001192093)
13:25:51 info: BridgeServer[0] Player position forwarded: minecraft -> 7dtd (-34.152266280422424, 64, 37.30000001192093)
13:25:52 info: BridgeServer[0] Player position forwarded: minecraft -> 7dtd (-34.152266280422424, 64, 37.30000001192093)
13:25:52 info: BridgeServer[0] Player position forwarded: minecraft -> 7dtd (-34.152266280422424, 64, 37.30000001192093)
13:25:53 info: BridgeServer[0] Player position forwarded: minecraft -> 7dtd (-34.152266280422424, 64, 37.30000001192093)
13:25:53 info: BridgeServer[0] Player position forwarded: minecraft -> 7dtd (-34.152266280422424, 64, 37.30000001192093)
13:25:54 info: BridgeServer[0] Player position forwarded: minecraft -> 7dtd (-34.152266280422424, 64, 37.30000001192093)
13:25:55 info: BridgeServer[0] Player position forwarded: minecraft -> 7dtd (-34.152266280422424, 64, 37.30000001192093)
13:25:55 info: BridgeServer[0] Player position forwarded: minecraft -> 7dtd (-34.152266280422424, 64, 37.30000001192093)
13:25:56 info: BridgeServer[0] Player position forwarded: minecraft -> 7dtd (-34.152266280422424, 64, 37.30000001192093)
13:25:56 info: BridgeServer[0] Player position forwarded: minecraft -> 7dtd (-34.152266280422424, 64, 37.30000001192093)
13:25:57 info: BridgeServer[0] Player position forwarded: minecraft -> 7dtd (-34.152266280422424, 64, 37.30000001192093)
13:25:57 info: BridgeServer[0] Player position forwarded: minecraft -> 7dtd (-34.152266280422424, 64, 37.30000001192093)
13:25:58 info: BridgeServer[0] Player position forwarded: minecraft -> 7dtd (-34.152266280422424, 64, 37.30000001192093)
13:25:58 info: BridgeServer[0] Player position forwarded: minecraft -> 7dtd (-34.152266280422424, 64, 37.30000001192093)
13:25:59 info: BridgeServer[0] Player position forwarded: minecraft -> 7dtd (-34.152266280422424, 64, 37.30000001192093)
13:25:59 info: BridgeServer[0] Player position forwarded: minecraft -> 7dtd (-34.152266280422424, 64, 37.30000001192093)
13:26:00 info: BridgeServer[0] Player position forwarded: minecraft -> 7dtd (-34.152266280422424, 64, 37.30000001192093)
13:26:00 info: BridgeServer[0] Player position forwarded: minecraft -> 7dtd (-34.152266280422424, 64, 37.30000001192093)
13:26:01 info: BridgeServer[0] Player position forwarded: minecraft -> 7dtd (-34.152266280422424, 64, 37.30000001192093)
13:26:02 info: BridgeServer[0] Player position forwarded: minecraft -> 7dtd (-34.152266280422424, 64, 37.30000001192093)
13:26:02 info: BridgeServer[0] Player position forwarded: minecraft -> 7dtd (-34.152266280422424, 64, 37.30000001192093)
13:26:03 info: BridgeServer[0] Player position forwarded: minecraft -> 7dtd (-34.152266280422424, 64, 37.30000001192093)
13:26:03 info: BridgeServer[0] Player position forwarded: minecraft -> 7dtd (-34.152266280422424, 64, 37.30000001192093)
13:26:04 info: BridgeServer[0] Player position forwarded: minecraft -> 7dtd (-34.152266280422424, 64, 37.30000001192093)
13:26:04 info: BridgeServer[0] Player position forwarded: minecraft -> 7dtd (-34.152266280422424, 64, 37.30000001192093)
13:26:05 info: BridgeServer[0] Player position forwarded: minecraft -> 7dtd (-34.152266280422424, 64, 37.30000001192093)
13:26:05 info: BridgeServer[0] Player position forwarded: minecraft -> 7dtd (-34.152266280422424, 64, 37.30000001192093)
13:26:06 info: BridgeServer[0] Player position forwarded: minecraft -> 7dtd (-34.152266280422424, 64, 37.30000001192093)
13:26:06 info: BridgeServer[0] Player position forwarded: minecraft -> 7dtd (-34.152266280422424, 64, 37.30000001192093)
13:26:07 info: BridgeServer[0] Player position forwarded: minecraft -> 7dtd (-34.152266280422424, 64, 37.30000001192093)
13:26:07 info: BridgeServer[0] Player position forwarded: minecraft -> 7dtd (-34.152266280422424, 64, 37.30000001192093)
13:26:08 info: BridgeServer[0] Player position forwarded: minecraft -> 7dtd (-34.152266280422424, 64, 37.30000001192093)
13:26:08 info: BridgeServer[0] Player position forwarded: minecraft -> 7dtd (-34.152266280422424, 64, 37.30000001192093)
13:26:09 info: BridgeServer[0] Player position forwarded: minecraft -> 7dtd (-34.152266280422424, 64, 37.30000001192093)
13:26:10 info: BridgeServer[0] Player position forwarded: minecraft -> 7dtd (-34.152266280422424, 64, 37.30000001192093)
13:26:10 info: BridgeServer[0] Player position forwarded: minecraft -> 7dtd (-34.152266280422424, 64, 37.30000001192093)
13:26:17 info: Microsoft.AspNetCore.Hosting.Diagnostics[1] Request starting HTTP/1.1 GET http://localhost:18771/health - - -
13:26:17 info: Microsoft.AspNetCore.Routing.EndpointMiddleware[0] Executing endpoint 'HTTP: GET /health'
13:26:17 info: Microsoft.AspNetCore.Http.Result.JsonResult[3] Writing value of type '<>f__AnonymousType0`3' as Json.
13:26:17 info: Microsoft.AspNetCore.Routing.EndpointMiddleware[1] Executed endpoint 'HTTP: GET /health'
13:26:17 info: Microsoft.AspNetCore.Hosting.Diagnostics[2] Request finished HTTP/1.1 GET http://localhost:18771/health - 200 - application/json;+charset=utf-8 0.2641ms
13:26:44 info: Microsoft.AspNetCore.Hosting.Diagnostics[1] Request starting HTTP/1.1 GET http://localhost:18771/health - - -
13:26:44 info: Microsoft.AspNetCore.Routing.EndpointMiddleware[0] Executing endpoint 'HTTP: GET /health'
13:26:44 info: Microsoft.AspNetCore.Http.Result.JsonResult[3] Writing value of type '<>f__AnonymousType0`3' as Json.
13:26:44 info: Microsoft.AspNetCore.Routing.EndpointMiddleware[1] Executed endpoint 'HTTP: GET /health'
13:26:44 info: Microsoft.AspNetCore.Hosting.Diagnostics[2] Request finished HTTP/1.1 GET http://localhost:18771/health - 200 - application/json;+charset=utf-8 0.1728ms
13:26:49 info: BridgeServer[0] Player position forwarded: minecraft -> 7dtd (-34.152266280422424, 64, 37.30000001192093)
13:26:50 info: BridgeServer[0] Player position forwarded: minecraft -> 7dtd (-34.152266280422424, 64, 37.30000001192093)
13:26:50 info: BridgeServer[0] Player position forwarded: minecraft -> 7dtd (-34.152266280422424, 64, 37.30000001192093)
13:26:51 info: BridgeServer[0] Player position forwarded: minecraft -> 7dtd (-34.152266280422424, 64, 37.30000001192093)
13:26:51 info: BridgeServer[0] Player position forwarded: minecraft -> 7dtd (-34.152266280422424, 64, 37.30000001192093)
13:26:52 info: BridgeServer[0] Player position forwarded: minecraft -> 7dtd (-34.152266280422424, 64, 37.30000001192093)
13:26:53 info: BridgeServer[0] Player position forwarded: minecraft -> 7dtd (-34.152266280422424, 64, 37.30000001192093)
13:26:53 info: BridgeServer[0] Player position forwarded: minecraft -> 7dtd (-34.152266280422424, 64, 37.30000001192093)
13:26:54 info: BridgeServer[0] Player position forwarded: minecraft -> 7dtd (-34.152266280422424, 64, 37.30000001192093)
13:26:54 info: BridgeServer[0] Player position forwarded: minecraft -> 7dtd (-34.152266280422424, 64, 37.30000001192093)
13:26:55 info: BridgeServer[0] Player position forwarded: minecraft -> 7dtd (-34.152266280422424, 64, 37.30000001192093)
13:26:55 info: BridgeServer[0] Player position forwarded: minecraft -> 7dtd (-34.152266280422424, 64, 37.30000001192093)
13:26:56 info: BridgeServer[0] Player position forwarded: minecraft -> 7dtd (-34.152266280422424, 64, 37.30000001192093)
13:26:56 info: BridgeServer[0] Player position forwarded: minecraft -> 7dtd (-34.152266280422424, 64, 37.30000001192093)
13:26:57 info: BridgeServer[0] Player position forwarded: minecraft -> 7dtd (-34.152266280422424, 64, 37.30000001192093)
13:26:57 info: BridgeServer[0] Player position forwarded: minecraft -> 7dtd (-34.152266280422424, 64, 37.30000001192093)
13:26:58 info: BridgeServer[0] Player position forwarded: minecraft -> 7dtd (-34.152266280422424, 64, 37.30000001192093)
13:26:58 info: BridgeServer[0] Player position forwarded: minecraft -> 7dtd (-34.152266280422424, 64, 37.30000001192093)
13:26:59 info: BridgeServer[0] Player position forwarded: minecraft -> 7dtd (-34.152266280422424, 64, 37.30000001192093)
13:26:59 info: BridgeServer[0] Player position forwarded: minecraft -> 7dtd (-34.152266280422424, 64, 37.30000001192093)
13:27:00 info: BridgeServer[0] Player position forwarded: minecraft -> 7dtd (-34.152266280422424, 64, 37.30000001192093)
13:27:00 info: BridgeServer[0] Player position forwarded: minecraft -> 7dtd (-34.152266280422424, 64, 37.30000001192093)
13:27:01 info: BridgeServer[0] Player position forwarded: minecraft -> 7dtd (-34.152266280422424, 64, 37.30000001192093)
13:27:01 info: BridgeServer[0] Player position forwarded: minecraft -> 7dtd (-34.152266280422424, 64, 37.30000001192093)
13:27:02 info: BridgeServer[0] Player position forwarded: minecraft -> 7dtd (-34.152266280422424, 64, 37.30000001192093)
13:27:03 info: BridgeServer[0] Player position forwarded: minecraft -> 7dtd (-34.152266280422424, 64, 37.30000001192093)
13:27:03 info: BridgeServer[0] Player position forwarded: minecraft -> 7dtd (-34.152266280422424, 64, 37.30000001192093)
13:27:04 info: BridgeServer[0] Player position forwarded: minecraft -> 7dtd (-34.152266280422424, 64, 37.30000001192093)
13:27:04 info: BridgeServer[0] Player position forwarded: minecraft -> 7dtd (-34.152266280422424, 64, 37.30000001192093)
13:27:05 info: BridgeServer[0] Player position forwarded: minecraft -> 7dtd (-34.152266280422424, 64, 37.30000001192093)
13:27:05 info: BridgeServer[0] Player position forwarded: minecraft -> 7dtd (-34.152266280422424, 64, 37.30000001192093)
13:27:06 info: BridgeServer[0] Player position forwarded: minecraft -> 7dtd (-34.152266280422424, 64, 37.30000001192093)
13:27:06 info: BridgeServer[0] Player position forwarded: minecraft -> 7dtd (-34.152266280422424, 64, 37.30000001192093)
13:27:07 info: BridgeServer[0] Player position forwarded: minecraft -> 7dtd (-34.152266280422424, 64, 37.30000001192093)
13:27:07 info: BridgeServer[0] Player position forwarded: minecraft -> 7dtd (-34.152266280422424, 64, 37.30000001192093)
13:27:08 info: BridgeServer[0] Player position forwarded: minecraft -> 7dtd (-34.152266280422424, 64, 37.30000001192093)
13:27:08 info: BridgeServer[0] Player position forwarded: minecraft -> 7dtd (-34.152266280422424, 64, 37.30000001192093)
13:27:09 info: BridgeServer[0] Player position forwarded: minecraft -> 7dtd (-34.152266280422424, 64, 37.30000001192093)
13:27:09 info: BridgeServer[0] Player position forwarded: minecraft -> 7dtd (-34.152266280422424, 64, 37.30000001192093)
13:27:10 info: BridgeServer[0] Player position forwarded: minecraft -> 7dtd (-34.152266280422424, 64, 37.30000001192093)
13:27:11 info: BridgeServer[0] Player position forwarded: minecraft -> 7dtd (-34.152266280422424, 64, 37.30000001192093)
13:27:11 info: BridgeServer[0] Player position forwarded: minecraft -> 7dtd (-34.152266280422424, 64, 37.30000001192093)
13:27:12 info: BridgeServer[0] Player position forwarded: minecraft -> 7dtd (-34.152266280422424, 64, 37.30000001192093)
13:27:12 info: BridgeServer[0] Player position forwarded: minecraft -> 7dtd (-34.152266280422424, 64, 37.30000001192093)
13:27:13 info: BridgeServer[0] Player position forwarded: minecraft -> 7dtd (-34.152266280422424, 64, 37.30000001192093)
13:27:13 info: BridgeServer[0] Player position forwarded: minecraft -> 7dtd (-34.152266280422424, 64, 37.30000001192093)
13:27:14 info: BridgeServer[0] Player position forwarded: minecraft -> 7dtd (-34.152266280422424, 64, 37.30000001192093)
13:27:14 info: BridgeServer[0] Player position forwarded: minecraft -> 7dtd (-34.152266280422424, 64, 37.30000001192093)
